Archive member included because of file (symbol)

.\CortexM0\ARM_GCC_473\Debug\MPU-6050-PSoC-GettingStarted.a(cyfitter_cfg.o)
                              .\CortexM0\ARM_GCC_473\Debug\Cm0Start.o (cyfitter_cfg)
.\CortexM0\ARM_GCC_473\Debug\MPU-6050-PSoC-GettingStarted.a(I2C_MPU6050.o)
                              .\CortexM0\ARM_GCC_473\Debug\main.o (I2C_MPU6050_Start)
.\CortexM0\ARM_GCC_473\Debug\MPU-6050-PSoC-GettingStarted.a(I2C_MPU6050_I2C.o)
                              .\CortexM0\ARM_GCC_473\Debug\MPU-6050-PSoC-GettingStarted.a(I2C_MPU6050.o) (I2C_MPU6050_I2CInit)
.\CortexM0\ARM_GCC_473\Debug\MPU-6050-PSoC-GettingStarted.a(I2C_MPU6050_I2C_MASTER.o)
                              .\CortexM0\ARM_GCC_473\Debug\MPU-6050-PSoC-GettingStarted.a(I2C_MPU6050_I2C.o) (I2C_MPU6050_mstrStatus)
.\CortexM0\ARM_GCC_473\Debug\MPU-6050-PSoC-GettingStarted.a(SERIAL.o)
                              .\CortexM0\ARM_GCC_473\Debug\main.o (SERIAL_Start)
.\CortexM0\ARM_GCC_473\Debug\MPU-6050-PSoC-GettingStarted.a(SERIAL_UART.o)
                              .\CortexM0\ARM_GCC_473\Debug\MPU-6050-PSoC-GettingStarted.a(SERIAL.o) (SERIAL_UartInit)
.\CortexM0\ARM_GCC_473\Debug\MPU-6050-PSoC-GettingStarted.a(I2C_MPU6050_sda.o)
                              .\CortexM0\ARM_GCC_473\Debug\MPU-6050-PSoC-GettingStarted.a(I2C_MPU6050_I2C_MASTER.o) (I2C_MPU6050_sda_Read)
.\CortexM0\ARM_GCC_473\Debug\MPU-6050-PSoC-GettingStarted.a(I2C_MPU6050_scl.o)
                              .\CortexM0\ARM_GCC_473\Debug\MPU-6050-PSoC-GettingStarted.a(I2C_MPU6050_I2C_MASTER.o) (I2C_MPU6050_scl_Write)
.\CortexM0\ARM_GCC_473\Debug\MPU-6050-PSoC-GettingStarted.a(CyBootAsmGnu.o)
                              .\CortexM0\ARM_GCC_473\Debug\MPU-6050-PSoC-GettingStarted.a(cyfitter_cfg.o) (CyDelayCycles)
.\CortexM0\ARM_GCC_473\Debug\MPU-6050-PSoC-GettingStarted.a(CyLib.o)
                              .\CortexM0\ARM_GCC_473\Debug\MPU-6050-PSoC-GettingStarted.a(cyfitter_cfg.o) (CyDelayUs)
.\CortexM0\ARM_GCC_473\Debug\MPU-6050-PSoC-GettingStarted.a(I2C_MPU6050_I2C_INT.o)
                              .\CortexM0\ARM_GCC_473\Debug\MPU-6050-PSoC-GettingStarted.a(I2C_MPU6050_I2C.o) (I2C_MPU6050_I2C_ISR)
.\CortexM0\ARM_GCC_473\Debug\MPU-6050-PSoC-GettingStarted.a(SERIAL_SPI_UART.o)
                              .\CortexM0\ARM_GCC_473\Debug\MPU-6050-PSoC-GettingStarted.a(SERIAL_UART.o) (SERIAL_SpiUartReadRxData)
c:/program files (x86)/cypress/psoc creator/3.0/psoc creator/import/gnu_cs/arm/4.7.3/bin/../lib/gcc/arm-none-eabi/4.7.3/armv6-m\libgcc.a(_udivsi3.o)
                              .\CortexM0\ARM_GCC_473\Debug\MPU-6050-PSoC-GettingStarted.a(CyLib.o) (__aeabi_uidiv)
c:/program files (x86)/cypress/psoc creator/3.0/psoc creator/import/gnu_cs/arm/4.7.3/bin/../lib/gcc/arm-none-eabi/4.7.3/armv6-m\libgcc.a(_divsi3.o)
                              .\CortexM0\ARM_GCC_473\Debug\Cm0Start.o (__aeabi_idiv)
c:/program files (x86)/cypress/psoc creator/3.0/psoc creator/import/gnu_cs/arm/4.7.3/bin/../lib/gcc/arm-none-eabi/4.7.3/armv6-m\libgcc.a(_dvmd_tls.o)
                              c:/program files (x86)/cypress/psoc creator/3.0/psoc creator/import/gnu_cs/arm/4.7.3/bin/../lib/gcc/arm-none-eabi/4.7.3/armv6-m\libgcc.a(_udivsi3.o) (__aeabi_idiv0)
c:/program files (x86)/cypress/psoc creator/3.0/psoc creator/import/gnu_cs/arm/4.7.3/bin/../lib/gcc/arm-none-eabi/4.7.3/../../../../arm-none-eabi/lib/armv6-m\libc_s.a(lib_a-__atexit2.o)
                              c:/program files (x86)/cypress/psoc creator/3.0/psoc creator/import/gnu_cs/arm/4.7.3/bin/../lib/gcc/arm-none-eabi/4.7.3/../../../../arm-none-eabi/lib/armv6-m/crt0.o (__register_exitproc)
c:/program files (x86)/cypress/psoc creator/3.0/psoc creator/import/gnu_cs/arm/4.7.3/bin/../lib/gcc/arm-none-eabi/4.7.3/../../../../arm-none-eabi/lib/armv6-m\libc_s.a(lib_a-exit.o)
                              c:/program files (x86)/cypress/psoc creator/3.0/psoc creator/import/gnu_cs/arm/4.7.3/bin/../lib/gcc/arm-none-eabi/4.7.3/../../../../arm-none-eabi/lib/armv6-m/crt0.o (exit)
c:/program files (x86)/cypress/psoc creator/3.0/psoc creator/import/gnu_cs/arm/4.7.3/bin/../lib/gcc/arm-none-eabi/4.7.3/../../../../arm-none-eabi/lib/armv6-m\libc_s.a(lib_a-fini.o)
                              c:/program files (x86)/cypress/psoc creator/3.0/psoc creator/import/gnu_cs/arm/4.7.3/bin/../lib/gcc/arm-none-eabi/4.7.3/../../../../arm-none-eabi/lib/armv6-m/crt0.o (__libc_fini_array)
c:/program files (x86)/cypress/psoc creator/3.0/psoc creator/import/gnu_cs/arm/4.7.3/bin/../lib/gcc/arm-none-eabi/4.7.3/../../../../arm-none-eabi/lib/armv6-m\libc_s.a(lib_a-impure.o)
                              c:/program files (x86)/cypress/psoc creator/3.0/psoc creator/import/gnu_cs/arm/4.7.3/bin/../lib/gcc/arm-none-eabi/4.7.3/../../../../arm-none-eabi/lib/armv6-m\libc_s.a(lib_a-exit.o) (_global_impure_ptr)
[...]
Memory Configuration

Name             Origin             Length             Attributes
rom              0x00000000         0x00008000         xr
ram              0x20000000         0x00001000         xrw
*default*        0x00000000         0xffffffff

Linker script and memory map

LOAD c:/program files (x86)/cypress/psoc creator/3.0/psoc creator/import/gnu_cs/arm/4.7.3/bin/../lib/gcc/arm-none-eabi/4.7.3/armv6-m/crti.o
LOAD c:/program files (x86)/cypress/psoc creator/3.0/psoc creator/import/gnu_cs/arm/4.7.3/bin/../lib/gcc/arm-none-eabi/4.7.3/armv6-m/crtbegin.o
LOAD c:/program files (x86)/cypress/psoc creator/3.0/psoc creator/import/gnu_cs/arm/4.7.3/bin/../lib/gcc/arm-none-eabi/4.7.3/../../../../arm-none-eabi/lib/armv6-m/crt0.o
START GROUP
LOAD .\CortexM0\ARM_GCC_473\Debug\main.o
LOAD .\CortexM0\ARM_GCC_473\Debug\mpu6050.o
LOAD .\CortexM0\ARM_GCC_473\Debug\i2cFunctions.o
LOAD .\CortexM0\ARM_GCC_473\Debug\cymetadata.o
LOAD .\CortexM0\ARM_GCC_473\Debug\Cm0Start.o
LOAD .\CortexM0\ARM_GCC_473\Debug\MPU-6050-PSoC-GettingStarted.a
LOAD C:\Program Files (x86)\Cypress\PSoC Creator\3.0\PSoC Creator\psoc\content\cycomponentlibrary\CyComponentLibrary.cylib\CortexM0\ARM_GCC_473\Debug\CyComponentLibrary.a
END GROUP
START GROUP
LOAD c:/program files (x86)/cypress/psoc creator/3.0/psoc creator/import/gnu_cs/arm/4.7.3/bin/../lib/gcc/arm-none-eabi/4.7.3/armv6-m\libgcc.a
LOAD c:/program files (x86)/cypress/psoc creator/3.0/psoc creator/import/gnu_cs/arm/4.7.3/bin/../lib/gcc/arm-none-eabi/4.7.3/../../../../arm-none-eabi/lib/armv6-m\libc_s.a
END GROUP
LOAD c:/program files (x86)/cypress/psoc creator/3.0/psoc creator/import/gnu_cs/arm/4.7.3/bin/../lib/gcc/arm-none-eabi/4.7.3/armv6-m/crtend.o
LOAD c:/program files (x86)/cypress/psoc creator/3.0/psoc creator/import/gnu_cs/arm/4.7.3/bin/../lib/gcc/arm-none-eabi/4.7.3/armv6-m/crtn.o
START GROUP
LOAD c:/program files (x86)/cypress/psoc creator/3.0/psoc creator/import/gnu_cs/arm/4.7.3/bin/../lib/gcc/arm-none-eabi/4.7.3/armv6-m\libgcc.a
LOAD c:/program files (x86)/cypress/psoc creator/3.0/psoc creator/import/gnu_cs/arm/4.7.3/bin/../lib/gcc/arm-none-eabi/4.7.3/../../../../arm-none-eabi/lib/armv6-m\libc.a
LOAD c:/program files (x86)/cypress/psoc creator/3.0/psoc creator/import/gnu_cs/arm/4.7.3/bin/../lib/gcc/arm-none-eabi/4.7.3/../../../../arm-none-eabi/lib/armv6-m\libnosys.a
END GROUP
                0x00000000                CY_APPL_ORIGIN = 0x0
                0x00000080                CY_FLASH_ROW_SIZE = 0x80
                0x00000001                CY_APPL_NUM = 0x1
                0x00000040                CY_METADATA_SIZE = 0x40
                0x200001c0                PROVIDE (__cy_heap_start, _end)
                0x00000001                PROVIDE (__cy_region_num, ((__cy_regions_end - __cy_regions) / 0x10))
                0x20001000                PROVIDE (__cy_stack, (ORIGIN (ram) + 0x1000))
                0x20000c00                PROVIDE (__cy_heap_end, (__cy_stack - 0x400))

.cybootloader   0x00000000        0x0
 *(.cybootloader)
                0x00000000                appl1_start = CY_APPL_ORIGIN?CY_APPL_ORIGIN:ALIGN (CY_FLASH_ROW_SIZE)
                0x00003f80                appl2_start = (appl1_start + ALIGN ((((0x8000 - appl1_start) - (0x2 * CY_FLASH_ROW_SIZE)) / 0x2), CY_FLASH_ROW_SIZE))
                0x00000000                appl_start = (CY_APPL_NUM == 0x1)?appl1_start:appl2_start

.text           0x00000000     0x223c
 CREATE_OBJECT_SYMBOLS
                0x00000000                PROVIDE (__cy_interrupt_vector, RomVectors)
 *(.romvectors)
 .romvectors    0x00000000       0x10 .\CortexM0\ARM_GCC_473\Debug\Cm0Start.o
                0x00000000                RomVectors
                0x00000001                ASSERT ((. != __cy_interrupt_vector), No interrupt vector)
                0x00000001                ASSERT (CY_APPL_ORIGIN?(SIZEOF (.cybootloader) <= CY_APPL_ORIGIN):0x1, Wrong image location)
                0x00000010                PROVIDE (__cy_reset, Reset)
 *(.text.Reset)
 .text.Reset    0x00000010        0x8 .\CortexM0\ARM_GCC_473\Debug\Cm0Start.o
                0x00000010                Reset
                0x00000001                ASSERT ((. != __cy_reset), No reset code)
 *(.psocinit)
 .psocinit      0x00000018      0x260 .\CortexM0\ARM_GCC_473\Debug\MPU-6050-PSoC-GettingStarted.a(cyfitter_cfg.o)
                0x00000168                cyfitter_cfg
                0x00000278                . = MAX (., 0x100)
 *(.text .text.* .gnu.linkonce.t.*)
 .text          0x00000278       0x60 c:/program files (x86)/cypress/psoc creator/3.0/psoc creator/import/gnu_cs/arm/4.7.3/bin/../lib/gcc/arm-none-eabi/4.7.3/armv6-m/crtbegin.o
 .text.main     0x000002d8       0xd4 .\CortexM0\ARM_GCC_473\Debug\main.o
                0x000002d8                main
 .text.MPU6050_init
                0x000003ac       0x14 .\CortexM0\ARM_GCC_473\Debug\mpu6050.o
                0x000003ac                MPU6050_init
 .text.MPU6050_initialize
                0x000003c0       0x20 .\CortexM0\ARM_GCC_473\Debug\mpu6050.o
                0x000003c0                MPU6050_initialize
 .text.MPU6050_testConnection
                0x000003e0       0x18 .\CortexM0\ARM_GCC_473\Debug\mpu6050.o
                0x000003e0                MPU6050_testConnection
 .text.MPU6050_setFullScaleGyroRange
                0x000003f8       0x2c .\CortexM0\ARM_GCC_473\Debug\mpu6050.o
                0x000003f8                MPU6050_setFullScaleGyroRange
 .text.MPU6050_setFullScaleAccelRange
                0x00000424       0x2c .\CortexM0\ARM_GCC_473\Debug\mpu6050.o
                0x00000424                MPU6050_setFullScaleAccelRange
 .text.MPU6050_getMotion6
                0x00000450       0xa4 .\CortexM0\ARM_GCC_473\Debug\mpu6050.o
                0x00000450                MPU6050_getMotion6
 .text.MPU6050_setSleepEnabled
                0x000004f4       0x28 .\CortexM0\ARM_GCC_473\Debug\mpu6050.o
                0x000004f4                MPU6050_setSleepEnabled
 .text.MPU6050_setClockSource
                0x0000051c       0x2c .\CortexM0\ARM_GCC_473\Debug\mpu6050.o
                0x0000051c                MPU6050_setClockSource
 .text.MPU6050_getDeviceID
                0x00000548       0x2c .\CortexM0\ARM_GCC_473\Debug\mpu6050.o
                0x00000548                MPU6050_getDeviceID
 .text.I2CReadBytes
                0x00000574       0x94 .\CortexM0\ARM_GCC_473\Debug\i2cFunctions.o
                0x00000574                I2CReadBytes
 .text.I2CReadByte
                0x00000608       0x30 .\CortexM0\ARM_GCC_473\Debug\i2cFunctions.o
                0x00000608                I2CReadByte
 .text.I2CReadBits
                0x00000638       0x8c .\CortexM0\ARM_GCC_473\Debug\i2cFunctions.o
                0x00000638                I2CReadBits
 .text.I2CWriteBytes
                0x000006c4       0x74 .\CortexM0\ARM_GCC_473\Debug\i2cFunctions.o
                0x000006c4                I2CWriteBytes
 .text.I2CWriteByte
                0x00000738       0x2c .\CortexM0\ARM_GCC_473\Debug\i2cFunctions.o
                0x00000738                I2CWriteByte
 .text.I2CWriteBits
                0x00000764       0xd8 .\CortexM0\ARM_GCC_473\Debug\i2cFunctions.o
                0x00000764                I2CWriteBits
 .text.I2CWriteBit
                0x0000083c       0xa0 .\CortexM0\ARM_GCC_473\Debug\i2cFunctions.o
                0x0000083c                I2CWriteBit
 .text.IntDefaultHandler
                0x000008dc        0x8 .\CortexM0\ARM_GCC_473\Debug\Cm0Start.o
                0x000008dc                IntDefaultHandler
 .text.Start_c  0x000008e4       0xa4 .\CortexM0\ARM_GCC_473\Debug\Cm0Start.o
                0x000008e4                Start_c
 .text.initialize_psoc
                0x00000988       0x64 .\CortexM0\ARM_GCC_473\Debug\Cm0Start.o
                0x00000988                initialize_psoc
 .text.CYMEMZERO
                0x000009ec       0x20 .\CortexM0\ARM_GCC_473\Debug\MPU-6050-PSoC-GettingStarted.a(cyfitter_cfg.o)
 .text.AnalogSetDefault
                0x00000a0c        0x8 .\CortexM0\ARM_GCC_473\Debug\MPU-6050-PSoC-GettingStarted.a(cyfitter_cfg.o)
 .text.I2C_MPU6050_Init
                0x00000a14        0xc .\CortexM0\ARM_GCC_473\Debug\MPU-6050-PSoC-GettingStarted.a(I2C_MPU6050.o)
                0x00000a14                I2C_MPU6050_Init
 .text.I2C_MPU6050_Enable
                0x00000a20       0x20 .\CortexM0\ARM_GCC_473\Debug\MPU-6050-PSoC-GettingStarted.a(I2C_MPU6050.o)
                0x00000a20                I2C_MPU6050_Enable
 .text.I2C_MPU6050_Start
                0x00000a40       0x24 .\CortexM0\ARM_GCC_473\Debug\MPU-6050-PSoC-GettingStarted.a(I2C_MPU6050.o)
                0x00000a40                I2C_MPU6050_Start
 .text.I2C_MPU6050_ScbEnableIntr
                0x00000a64       0x10 .\CortexM0\ARM_GCC_473\Debug\MPU-6050-PSoC-GettingStarted.a(I2C_MPU6050.o)
 .text.I2C_MPU6050_I2CInit
                0x00000a74       0xf0 .\CortexM0\ARM_GCC_473\Debug\MPU-6050-PSoC-GettingStarted.a(I2C_MPU6050_I2C.o)
                0x00000a74                I2C_MPU6050_I2CInit
 .text.I2C_MPU6050_I2CMasterSendStart
                0x00000b64      0x110 .\CortexM0\ARM_GCC_473\Debug\MPU-6050-PSoC-GettingStarted.a(I2C_MPU6050_I2C_MASTER.o)
                0x00000b64                I2C_MPU6050_I2CMasterSendStart
 .text.I2C_MPU6050_I2CMasterSendRestart
                0x00000c74      0x108 .\CortexM0\ARM_GCC_473\Debug\MPU-6050-PSoC-GettingStarted.a(I2C_MPU6050_I2C_MASTER.o)
                0x00000c74                I2C_MPU6050_I2CMasterSendRestart
 .text.I2C_MPU6050_I2CMasterSendStop
                0x00000d7c       0xbc .\CortexM0\ARM_GCC_473\Debug\MPU-6050-PSoC-GettingStarted.a(I2C_MPU6050_I2C_MASTER.o)
                0x00000d7c                I2C_MPU6050_I2CMasterSendStop
 .text.I2C_MPU6050_I2CMasterWriteByte
                0x00000e38       0xcc .\CortexM0\ARM_GCC_473\Debug\MPU-6050-PSoC-GettingStarted.a(I2C_MPU6050_I2C_MASTER.o)
                0x00000e38                I2C_MPU6050_I2CMasterWriteByte
 .text.I2C_MPU6050_I2CMasterReadByte
                0x00000f04       0xac .\CortexM0\ARM_GCC_473\Debug\MPU-6050-PSoC-GettingStarted.a(I2C_MPU6050_I2C_MASTER.o)
                0x00000f04                I2C_MPU6050_I2CMasterReadByte
 .text.I2C_MPU6050_I2CReStartGeneration
                0x00000fb0       0xb4 .\CortexM0\ARM_GCC_473\Debug\MPU-6050-PSoC-GettingStarted.a(I2C_MPU6050_I2C_MASTER.o)
                0x00000fb0                I2C_MPU6050_I2CReStartGeneration
 .text.SERIAL_Init
                0x00001064        0xc .\CortexM0\ARM_GCC_473\Debug\MPU-6050-PSoC-GettingStarted.a(SERIAL.o)
                0x00001064                SERIAL_Init
 .text.SERIAL_Enable
                0x00001070       0x20 .\CortexM0\ARM_GCC_473\Debug\MPU-6050-PSoC-GettingStarted.a(SERIAL.o)
                0x00001070                SERIAL_Enable
 .text.SERIAL_Start
                0x00001090       0x24 .\CortexM0\ARM_GCC_473\Debug\MPU-6050-PSoC-GettingStarted.a(SERIAL.o)
                0x00001090                SERIAL_Start
 .text.SERIAL_ScbEnableIntr
                0x000010b4        0x8 .\CortexM0\ARM_GCC_473\Debug\MPU-6050-PSoC-GettingStarted.a(SERIAL.o)
 .text.SERIAL_UartInit
                0x000010bc       0xa8 .\CortexM0\ARM_GCC_473\Debug\MPU-6050-PSoC-GettingStarted.a(SERIAL_UART.o)
                0x000010bc                SERIAL_UartInit
 .text.SERIAL_UartPutString
                0x00001164       0x34 .\CortexM0\ARM_GCC_473\Debug\MPU-6050-PSoC-GettingStarted.a(SERIAL_UART.o)
                0x00001164                SERIAL_UartPutString
 .text.I2C_MPU6050_sda_Read
                0x00001198       0x1c .\CortexM0\ARM_GCC_473\Debug\MPU-6050-PSoC-GettingStarted.a(I2C_MPU6050_sda.o)
                0x00001198                I2C_MPU6050_sda_Read
 .text.I2C_MPU6050_scl_Write
                0x000011b4       0x4c .\CortexM0\ARM_GCC_473\Debug\MPU-6050-PSoC-GettingStarted.a(I2C_MPU6050_scl.o)
                0x000011b4                I2C_MPU6050_scl_Write
 .text.I2C_MPU6050_scl_Read
                0x00001200       0x1c .\CortexM0\ARM_GCC_473\Debug\MPU-6050-PSoC-GettingStarted.a(I2C_MPU6050_scl.o)
                0x00001200                I2C_MPU6050_scl_Read
 *fill*         0x0000121c        0x4 00
 .text          0x00001220       0x20 .\CortexM0\ARM_GCC_473\Debug\MPU-6050-PSoC-GettingStarted.a(CyBootAsmGnu.o)
                0x00001220                CyDelayCycles
                0x00001232                CyEnterCriticalSection
                0x0000123a                CyExitCriticalSection
 .text.CyIntSetVector
                0x00001240       0x4c .\CortexM0\ARM_GCC_473\Debug\MPU-6050-PSoC-GettingStarted.a(CyLib.o)
                0x00001240                CyIntSetVector
 .text.CyIntSetPriority
                0x0000128c       0xa8 .\CortexM0\ARM_GCC_473\Debug\MPU-6050-PSoC-GettingStarted.a(CyLib.o)
                0x0000128c                CyIntSetPriority
 .text.CyIntEnable
                0x00001334       0x2c .\CortexM0\ARM_GCC_473\Debug\MPU-6050-PSoC-GettingStarted.a(CyLib.o)
                0x00001334                CyIntEnable
 .text.CyIntDisable
                0x00001360       0x2c .\CortexM0\ARM_GCC_473\Debug\MPU-6050-PSoC-GettingStarted.a(CyLib.o)
                0x00001360                CyIntDisable
 .text.CyHalt   0x0000138c       0x14 .\CortexM0\ARM_GCC_473\Debug\MPU-6050-PSoC-GettingStarted.a(CyLib.o)
                0x0000138c                CyHalt
 .text.CyDelay  0x000013a0       0x48 .\CortexM0\ARM_GCC_473\Debug\MPU-6050-PSoC-GettingStarted.a(CyLib.o)
                0x000013a0                CyDelay
 .text.CyDelayUs
                0x000013e8       0x28 .\CortexM0\ARM_GCC_473\Debug\MPU-6050-PSoC-GettingStarted.a(CyLib.o)
                0x000013e8                CyDelayUs
 .text.I2C_MPU6050_I2C_ISR
                0x00001410      0x4e8 .\CortexM0\ARM_GCC_473\Debug\MPU-6050-PSoC-GettingStarted.a(I2C_MPU6050_I2C_INT.o)
                0x00001410                I2C_MPU6050_I2C_ISR
 .text.SERIAL_SpiUartWriteTxData
                0x000018f8       0x2c .\CortexM0\ARM_GCC_473\Debug\MPU-6050-PSoC-GettingStarted.a(SERIAL_SPI_UART.o)
                0x000018f8                SERIAL_SpiUartWriteTxData
 .text          0x00001924       0x9c c:/program files (x86)/cypress/psoc creator/3.0/psoc creator/import/gnu_cs/arm/4.7.3/bin/../lib/gcc/arm-none-eabi/4.7.3/armv6-m\libgcc.a(_udivsi3.o)
                0x00001924                __aeabi_uidiv
                0x00001924                __udivsi3
                0x000019ac                __aeabi_uidivmod
 .text          0x000019c0        0x4 c:/program files (x86)/cypress/psoc creator/3.0/psoc creator/import/gnu_cs/arm/4.7.3/bin/../lib/gcc/arm-none-eabi/4.7.3/armv6-m\libgcc.a(_dvmd_tls.o)
                0x000019c0                __aeabi_idiv0
                0x000019c0                __aeabi_ldiv0
 .text.__libc_init_array
                0x000019c4       0x4c c:/program files (x86)/cypress/psoc creator/3.0/psoc creator/import/gnu_cs/arm/4.7.3/bin/../lib/gcc/arm-none-eabi/4.7.3/../../../../arm-none-eabi/lib/armv6-m\libc_s.a(lib_a-init.o)
                0x000019c4                __libc_init_array
 .text.memcpy   0x00001a10       0x12 c:/program files (x86)/cypress/psoc creator/3.0/psoc creator/import/gnu_cs/arm/4.7.3/bin/../lib/gcc/arm-none-eabi/4.7.3/../../../../arm-none-eabi/lib/armv6-m\libc_s.a(lib_a-memcpy.o)
                0x00001a10                memcpy
 .text.memset   0x00001a22       0x12 c:/program files (x86)/cypress/psoc creator/3.0/psoc creator/import/gnu_cs/arm/4.7.3/bin/../lib/gcc/arm-none-eabi/4.7.3/../../../../arm-none-eabi/lib/armv6-m\libc_s.a(lib_a-memset.o)
                0x00001a22                memset
 .text.sprintf  0x00001a34       0x44 c:/program files (x86)/cypress/psoc creator/3.0/psoc creator/import/gnu_cs/arm/4.7.3/bin/../lib/gcc/arm-none-eabi/4.7.3/../../../../arm-none-eabi/lib/armv6-m\libc_s.a(lib_a-sprintf.o)
                0x00001a34                siprintf
                0x00001a34                sprintf
 .text.__ssputc_r
                0x00001a78       0xb0 c:/program files (x86)/cypress/psoc creator/3.0/psoc creator/import/gnu_cs/arm/4.7.3/bin/../lib/gcc/arm-none-eabi/4.7.3/../../../../arm-none-eabi/lib/armv6-m\libc_s.a(lib_a-svfprintf.o)
                0x00001a78                __ssputc_r
 .text._svfprintf_r
                0x00001b28      0x1f8 c:/program files (x86)/cypress/psoc creator/3.0/psoc creator/import/gnu_cs/arm/4.7.3/bin/../lib/gcc/arm-none-eabi/4.7.3/../../../../arm-none-eabi/lib/armv6-m\libc_s.a(lib_a-svfprintf.o)
                0x00001b28                _svfiprintf_r
                0x00001b28                _svfprintf_r
 .text._printf_common
                0x00001d20       0xe0 c:/program files (x86)/cypress/psoc creator/3.0/psoc creator/import/gnu_cs/arm/4.7.3/bin/../lib/gcc/arm-none-eabi/4.7.3/../../../../arm-none-eabi/lib/armv6-m\libc_s.a(lib_a-vfprintf_i.o)
                0x00001d20                _printf_common
 .text._printf_i
                0x00001e00      0x234 c:/program files (x86)/cypress/psoc creator/3.0/psoc creator/import/gnu_cs/arm/4.7.3/bin/../lib/gcc/arm-none-eabi/4.7.3/../../../../arm-none-eabi/lib/armv6-m\libc_s.a(lib_a-vfprintf_i.o)
                0x00001e00                _printf_i
 .text._free_r  0x00002034       0x90 c:/program files (x86)/cypress/psoc creator/3.0/psoc creator/import/gnu_cs/arm/4.7.3/bin/../lib/gcc/arm-none-eabi/4.7.3/../../../../arm-none-eabi/lib/armv6-m\libc_s.a(lib_a-freer.o)
                0x00002034                _free_r
 .text._malloc_r
                0x000020c4       0x94 c:/program files (x86)/cypress/psoc creator/3.0/psoc creator/import/gnu_cs/arm/4.7.3/bin/../lib/gcc/arm-none-eabi/4.7.3/../../../../arm-none-eabi/lib/armv6-m\libc_s.a(lib_a-mallocr.o)
                0x000020c4                _malloc_r
 .text.memchr   0x00002158       0x18 c:/program files (x86)/cypress/psoc creator/3.0/psoc creator/import/gnu_cs/arm/4.7.3/bin/../lib/gcc/arm-none-eabi/4.7.3/../../../../arm-none-eabi/lib/armv6-m\libc_s.a(lib_a-memchr.o)
                0x00002158                memchr
 .text._realloc_r
                0x00002170       0x4c c:/program files (x86)/cypress/psoc creator/3.0/psoc creator/import/gnu_cs/arm/4.7.3/bin/../lib/gcc/arm-none-eabi/4.7.3/../../../../arm-none-eabi/lib/armv6-m\libc_s.a(lib_a-reallocr.o)
                0x00002170                _realloc_r
 .text._sbrk_r  0x000021bc       0x24 c:/program files (x86)/cypress/psoc creator/3.0/psoc creator/import/gnu_cs/arm/4.7.3/bin/../lib/gcc/arm-none-eabi/4.7.3/../../../../arm-none-eabi/lib/armv6-m\libc_s.a(lib_a-sbrkr.o)
                0x000021bc                _sbrk_r
 .text.strlen   0x000021e0        0xe c:/program files (x86)/cypress/psoc creator/3.0/psoc creator/import/gnu_cs/arm/4.7.3/bin/../lib/gcc/arm-none-eabi/4.7.3/../../../../arm-none-eabi/lib/armv6-m\libc_s.a(lib_a-strlen.o)
                0x000021e0                strlen
 .text._malloc_usable_size_r
                0x000021ee       0x14 c:/program files (x86)/cypress/psoc creator/3.0/psoc creator/import/gnu_cs/arm/4.7.3/bin/../lib/gcc/arm-none-eabi/4.7.3/../../../../arm-none-eabi/lib/armv6-m\libc_s.a(lib_a-msizer.o)
                0x000021ee                _malloc_usable_size_r
 *fill*         0x00002202        0x2 00
 .text._sbrk    0x00002204       0x38 c:/program files (x86)/cypress/psoc creator/3.0/psoc creator/import/gnu_cs/arm/4.7.3/bin/../lib/gcc/arm-none-eabi/4.7.3/../../../../arm-none-eabi/lib/armv6-m\libnosys.a(sbrk.o)
                0x00002204                _sbrk
 *(.plt)
 *(.gnu.warning)
 *(.glue_7t)
 .glue_7t       0x00000000        0x0 linker stubs
 *(.glue_7)
 .glue_7        0x00000000        0x0 linker stubs
 *(.vfp11_veneer)
 .vfp11_veneer  0x00000000        0x0 linker stubs
 *(.bootloader)
 *(.ARM.extab* .gnu.linkonce.armextab.*)
 *(.gcc_except_table)

.v4_bx          0x0000223c        0x0
 .v4_bx         0x00000000        0x0 linker stubs

.iplt           0x0000223c        0x0
 .iplt          0x00000000        0x0 c:/program files (x86)/cypress/psoc creator/3.0/psoc creator/import/gnu_cs/arm/4.7.3/bin/../lib/gcc/arm-none-eabi/4.7.3/armv6-m/crtbegin.o

.eh_frame_hdr
 *(.eh_frame_hdr)

.eh_frame       0x0000223c        0x4
 *(.eh_frame)
 .eh_frame      0x0000223c        0x0 c:/program files (x86)/cypress/psoc creator/3.0/psoc creator/import/gnu_cs/arm/4.7.3/bin/../lib/gcc/arm-none-eabi/4.7.3/armv6-m/crtbegin.o
 .eh_frame      0x0000223c        0x4 c:/program files (x86)/cypress/psoc creator/3.0/psoc creator/import/gnu_cs/arm/4.7.3/bin/../lib/gcc/arm-none-eabi/4.7.3/armv6-m/crtend.o
                0x00002240                PROVIDE (__exidx_start, .)

.ARM.exidx
 *(.ARM.exidx* .gnu.linkonce.armexidx.*)
                0x00002240                __exidx_end = .

.rodata         0x00002240      0x110
 *(.rodata .rodata.* .gnu.linkonce.r.*)
 .rodata        0x00002240       0x94 .\CortexM0\ARM_GCC_473\Debug\main.o
 .rodata        0x000022d4       0x10 .\CortexM0\ARM_GCC_473\Debug\MPU-6050-PSoC-GettingStarted.a(cyfitter_cfg.o)
 .rodata.str1.1
                0x000022e4        0x2 c:/program files (x86)/cypress/psoc creator/3.0/psoc creator/import/gnu_cs/arm/4.7.3/bin/../lib/gcc/arm-none-eabi/4.7.3/../../../../arm-none-eabi/lib/armv6-m\libc_s.a(lib_a-impure.o)
 .rodata.str1.1
                0x000022e6       0x11 c:/program files (x86)/cypress/psoc creator/3.0/psoc creator/import/gnu_cs/arm/4.7.3/bin/../lib/gcc/arm-none-eabi/4.7.3/../../../../arm-none-eabi/lib/armv6-m\libc_s.a(lib_a-svfprintf.o)
 .rodata.str1.1
                0x000022f7       0x22 c:/program files (x86)/cypress/psoc creator/3.0/psoc creator/import/gnu_cs/arm/4.7.3/bin/../lib/gcc/arm-none-eabi/4.7.3/../../../../arm-none-eabi/lib/armv6-m\libc_s.a(lib_a-vfprintf_i.o)
                0x0000231c                . = ALIGN (0x4)
 *fill*         0x00002319        0x3 00
 *(.init)
 .init          0x0000231c        0x4 c:/program files (x86)/cypress/psoc creator/3.0/psoc creator/import/gnu_cs/arm/4.7.3/bin/../lib/gcc/arm-none-eabi/4.7.3/armv6-m/crti.o
                0x0000231c                _init
 .init          0x00002320        0x8 c:/program files (x86)/cypress/psoc creator/3.0/psoc creator/import/gnu_cs/arm/4.7.3/bin/../lib/gcc/arm-none-eabi/4.7.3/armv6-m/crtn.o
                0x00002328                . = ALIGN (0x4)
                0x00002328                __preinit_array_start = .
 *(.preinit_array)
                0x00002328                __preinit_array_end = .
                0x00002328                . = ALIGN (0x4)
                0x00002328                __init_array_start = .
 *(SORT(.init_array.*))
 *(.init_array)
 .init_array    0x00002328        0x4 c:/program files (x86)/cypress/psoc creator/3.0/psoc creator/import/gnu_cs/arm/4.7.3/bin/../lib/gcc/arm-none-eabi/4.7.3/armv6-m/crtbegin.o
 .init_array    0x0000232c        0x4 .\CortexM0\ARM_GCC_473\Debug\Cm0Start.o
                0x00002330                __init_array_end = .
                0x00002330                . = ALIGN (0x4)
 *(.fini)
 .fini          0x00002330        0x4 c:/program files (x86)/cypress/psoc creator/3.0/psoc creator/import/gnu_cs/arm/4.7.3/bin/../lib/gcc/arm-none-eabi/4.7.3/armv6-m/crti.o
                0x00002330                _fini
 .fini          0x00002334        0x8 c:/program files (x86)/cypress/psoc creator/3.0/psoc creator/import/gnu_cs/arm/4.7.3/bin/../lib/gcc/arm-none-eabi/4.7.3/armv6-m/crtn.o
                0x0000233c                . = ALIGN (0x4)
                0x0000233c                __fini_array_start = .
 *(.fini_array)
 .fini_array    0x0000233c        0x4 c:/program files (x86)/cypress/psoc creator/3.0/psoc creator/import/gnu_cs/arm/4.7.3/bin/../lib/gcc/arm-none-eabi/4.7.3/armv6-m/crtbegin.o
 *(SORT(.fini_array.*))
                0x00002340                __fini_array_end = .
                0x00002340                . = ALIGN (0x4)
 *crtbegin.o(.ctors)
 *(EXCLUDE_FILE(*crtend.o) .ctors)
 *(SORT(.ctors.*))
 *crtend.o(.ctors)
                0x00002340                . = ALIGN (0x4)
 *crtbegin.o(.dtors)
 *(EXCLUDE_FILE(*crtend.o) .dtors)
 *(SORT(.dtors.*))
 *crtend.o(.dtors)
                0x00002340                . = ALIGN (0x4)
                0x00002340                __cy_regions = .
                0x00002340        0x4 LONG 0x2350 __cy_region_init_ram
                0x00002344        0x4 LONG 0x200000c8 __cy_region_start_data
                0x00002348        0x4 LONG 0x80 __cy_region_init_size_ram
                0x0000234c        0x4 LONG 0x78 __cy_region_zero_size_ram
                0x00002350                __cy_regions_end = .
                0x00002350                . = ALIGN (0x8)
                0x00002350                _etext = .

.ramvectors     0x20000000       0xc0
                0x20000000                __cy_region_start_ram = .
 *(.ramvectors)
 .ramvectors    0x20000000       0xc0 .\CortexM0\ARM_GCC_473\Debug\Cm0Start.o
                0x20000000                CyRamVectors

.noinit         0x200000c0        0x4
 *(.noinit)
 .noinit        0x200000c0        0x4 .\CortexM0\ARM_GCC_473\Debug\Cm0Start.o

.data           0x200000c8       0x80 load address 0x00002350
                0x200000c8                __cy_region_start_data = .
 *(.jcr)
 .jcr           0x200000c8        0x0 c:/program files (x86)/cypress/psoc creator/3.0/psoc creator/import/gnu_cs/arm/4.7.3/bin/../lib/gcc/arm-none-eabi/4.7.3/armv6-m/crtbegin.o
 .jcr           0x200000c8        0x4 c:/program files (x86)/cypress/psoc creator/3.0/psoc creator/import/gnu_cs/arm/4.7.3/bin/../lib/gcc/arm-none-eabi/4.7.3/armv6-m/crtend.o
 *(.got.plt)
 *(.got)
 *(.shdata)
 *(.data .data.* .gnu.linkonce.d.*)
 .data          0x200000cc        0x4 .\CortexM0\ARM_GCC_473\Debug\MPU-6050-PSoC-GettingStarted.a(cyfitter_cfg.o)
 .data          0x200000d0       0x10 .\CortexM0\ARM_GCC_473\Debug\MPU-6050-PSoC-GettingStarted.a(CyLib.o)
                0x200000d0                cydelayFreqHz
                0x200000d4                cydelayFreqKhz
                0x200000d8                cydelayFreqMhz
                0x200000dc                cydelay32kMs
 .data.impure_data
                0x200000e0       0x64 c:/program files (x86)/cypress/psoc creator/3.0/psoc creator/import/gnu_cs/arm/4.7.3/bin/../lib/gcc/arm-none-eabi/4.7.3/../../../../arm-none-eabi/lib/armv6-m\libc_s.a(lib_a-impure.o)
 .data._impure_ptr
                0x20000144        0x4 c:/program files (x86)/cypress/psoc creator/3.0/psoc creator/import/gnu_cs/arm/4.7.3/bin/../lib/gcc/arm-none-eabi/4.7.3/../../../../arm-none-eabi/lib/armv6-m\libc_s.a(lib_a-impure.o)
                0x20000144                _impure_ptr
                0x20000148                . = ALIGN (0x8)
 *(.ram)
                0x20000148                _edata = .

.igot.plt       0x20000148        0x0 load address 0x000023d0
 .igot.plt      0x00000000        0x0 c:/program files (x86)/cypress/psoc creator/3.0/psoc creator/import/gnu_cs/arm/4.7.3/bin/../lib/gcc/arm-none-eabi/4.7.3/armv6-m/crtbegin.o

.bss            0x20000148       0x78 load address 0x000023d0
                0x20000148                PROVIDE (__bss_start__, .)
 *(.shbss)
 *(.bss .bss.* .gnu.linkonce.b.*)
 .bss           0x20000148       0x1c c:/program files (x86)/cypress/psoc creator/3.0/psoc creator/import/gnu_cs/arm/4.7.3/bin/../lib/gcc/arm-none-eabi/4.7.3/armv6-m/crtbegin.o
 .bss           0x20000164        0x8 .\CortexM0\ARM_GCC_473\Debug\MPU-6050-PSoC-GettingStarted.a(I2C_MPU6050.o)
                0x20000164                I2C_MPU6050_initVar
                0x20000168                I2C_MPU6050_customIntrHandler
 .bss           0x2000016c        0x8 .\CortexM0\ARM_GCC_473\Debug\MPU-6050-PSoC-GettingStarted.a(SERIAL.o)
                0x2000016c                SERIAL_initVar
                0x20000170                SERIAL_customIntrHandler
 .bss.__malloc_free_list
                0x20000174        0x4 c:/program files (x86)/cypress/psoc creator/3.0/psoc creator/import/gnu_cs/arm/4.7.3/bin/../lib/gcc/arm-none-eabi/4.7.3/../../../../arm-none-eabi/lib/armv6-m\libc_s.a(lib_a-mallocr.o)
                0x20000174                __malloc_free_list
 .bss.heap_end.4231
                0x20000178        0x4 c:/program files (x86)/cypress/psoc creator/3.0/psoc creator/import/gnu_cs/arm/4.7.3/bin/../lib/gcc/arm-none-eabi/4.7.3/../../../../arm-none-eabi/lib/armv6-m\libnosys.a(sbrk.o)
 *(COMMON)
 COMMON         0x2000017c       0x17 .\CortexM0\ARM_GCC_473\Debug\main.o
                0x2000017c                buffer
                0x20000192                devAddr
 COMMON         0x20000193        0x1 .\CortexM0\ARM_GCC_473\Debug\MPU-6050-PSoC-GettingStarted.a(I2C_MPU6050_I2C.o)
                0x20000193                I2C_MPU6050_state
 COMMON         0x20000194       0x24 .\CortexM0\ARM_GCC_473\Debug\MPU-6050-PSoC-GettingStarted.a(I2C_MPU6050_I2C_MASTER.o)
                0x20000194                I2C_MPU6050_mstrWrBufIndexTmp
                0x20000198                I2C_MPU6050_mstrRdBufIndex
                0x2000019c                I2C_MPU6050_mstrWrBufSize
                0x200001a0                I2C_MPU6050_mstrControl
                0x200001a4                I2C_MPU6050_mstrWrBufIndex
                0x200001a8                I2C_MPU6050_mstrWrBufPtr
                0x200001ac                I2C_MPU6050_mstrRdBufSize
                0x200001b0                I2C_MPU6050_mstrStatus
                0x200001b4                I2C_MPU6050_mstrRdBufPtr
 COMMON         0x200001b8        0x4 c:/program files (x86)/cypress/psoc creator/3.0/psoc creator/import/gnu_cs/arm/4.7.3/bin/../lib/gcc/arm-none-eabi/4.7.3/../../../../arm-none-eabi/lib/armv6-m\libc_s.a(lib_a-reent.o)
                0x200001b8                errno
                0x200001c0                . = ALIGN (0x8)
 *fill*         0x200001bc        0x4 00
 *(.ram.b)
                0x200001c0                _end = .
                0x200001c0                __end = .
                0x200001c0                PROVIDE (end, .)
                0x200001c0                PROVIDE (__bss_end__, .)
                0x00002350                __cy_region_init_ram = LOADADDR (.data)
                0x00000080                __cy_region_init_size_ram = (_edata - ADDR (.data))
                0x00000078                __cy_region_zero_size_ram = (_end - _edata)

.heap           0x200001c0      0x100 load address 0x000023d0
                0x200001c0                . = _end
                0x200002c0                . = (. + 0x100)
 *fill*         0x200001c0      0x100 00
                0x200002c0                __cy_heap_limit = .

.stack          0x20000c00      0x400
                0x20000c00                __cy_stack_limit = .
                0x20001000                . = (. + 0x400)
 *fill*         0x20000c00      0x400 00
                0x00000001                ASSERT ((__cy_stack_limit >= __cy_heap_limit), region RAM overflowed with stack)

.cyloadermeta
 *(.cyloadermeta)

.cyloadablemeta
 *(.cyloadablemeta)

.cyflashprotect
                0x90400000       0x20
 *(.cyflashprotect)
 .cyflashprotect
                0x90400000       0x20 .\CortexM0\ARM_GCC_473\Debug\cymetadata.o
                0x90400000                cy_meta_flashprotect

.cymeta         0x90500000        0xc
 *(.cymeta)
 .cymeta        0x90500000        0xc .\CortexM0\ARM_GCC_473\Debug\cymetadata.o
                0x90500000                cy_metadata

.cychipprotect  0x90600000        0x4
 *(.cychipprotect)
 .cychipprotect
                0x90600000        0x4 .\CortexM0\ARM_GCC_473\Debug\cymetadata.o
                0x90600000                cy_meta_chipprotect

.rel.dyn        0x000023d0        0x0 load address 0x90600004
 .rel.iplt      0x00000000        0x0 c:/program files (x86)/cypress/psoc creator/3.0/psoc creator/import/gnu_cs/arm/4.7.3/bin/../lib/gcc/arm-none-eabi/4.7.3/armv6-m/crtbegin.o

.stab
 *(.stab)

.stabstr
 *(.stabstr)

.debug
 *(.debug)

.line
 *(.line)

.debug_srcinfo
 *(.debug_srcinfo)

.debug_sfnames
 *(.debug_sfnames)

.debug_aranges  0x00000000      0xdc8
 *(.debug_aranges)
 .debug_aranges
                0x00000000       0x20 .\CortexM0\ARM_GCC_473\Debug\main.o
 .debug_aranges
                0x00000020      0x838 .\CortexM0\ARM_GCC_473\Debug\mpu6050.o
 .debug_aranges
                0x00000858       0x68 .\CortexM0\ARM_GCC_473\Debug\i2cFunctions.o
 .debug_aranges
                0x000008c0       0x18 .\CortexM0\ARM_GCC_473\Debug\cymetadata.o
 .debug_aranges
                0x000008d8       0x40 .\CortexM0\ARM_GCC_473\Debug\Cm0Start.o
 .debug_aranges
                0x00000918       0x50 .\CortexM0\ARM_GCC_473\Debug\MPU-6050-PSoC-GettingStarted.a(cyfitter_cfg.o)
 .debug_aranges
                0x00000968       0x50 .\CortexM0\ARM_GCC_473\Debug\MPU-6050-PSoC-GettingStarted.a(I2C_MPU6050.o)
 .debug_aranges
                0x000009b8       0x28 .\CortexM0\ARM_GCC_473\Debug\MPU-6050-PSoC-GettingStarted.a(I2C_MPU6050_I2C.o)
 .debug_aranges
                0x000009e0       0x88 .\CortexM0\ARM_GCC_473\Debug\MPU-6050-PSoC-GettingStarted.a(I2C_MPU6050_I2C_MASTER.o)
 .debug_aranges
                0x00000a68       0x50 .\CortexM0\ARM_GCC_473\Debug\MPU-6050-PSoC-GettingStarted.a(SERIAL.o)
 .debug_aranges
                0x00000ab8       0x50 .\CortexM0\ARM_GCC_473\Debug\MPU-6050-PSoC-GettingStarted.a(SERIAL_UART.o)
 .debug_aranges
                0x00000b08       0x40 .\CortexM0\ARM_GCC_473\Debug\MPU-6050-PSoC-GettingStarted.a(I2C_MPU6050_sda.o)
 .debug_aranges
                0x00000b48       0x40 .\CortexM0\ARM_GCC_473\Debug\MPU-6050-PSoC-GettingStarted.a(I2C_MPU6050_scl.o)
 .debug_aranges
                0x00000b88       0x20 .\CortexM0\ARM_GCC_473\Debug\MPU-6050-PSoC-GettingStarted.a(CyBootAsmGnu.o)
 .debug_aranges
                0x00000ba8      0x1a0 .\CortexM0\ARM_GCC_473\Debug\MPU-6050-PSoC-GettingStarted.a(CyLib.o)
 .debug_aranges
                0x00000d48       0x20 .\CortexM0\ARM_GCC_473\Debug\MPU-6050-PSoC-GettingStarted.a(I2C_MPU6050_I2C_INT.o)
 .debug_aranges
                0x00000d68       0x60 .\CortexM0\ARM_GCC_473\Debug\MPU-6050-PSoC-GettingStarted.a(SERIAL_SPI_UART.o)

.debug_pubnames
 *(.debug_pubnames)

.debug_info     0x00000000     0x501f
 *(.debug_info .gnu.linkonce.wi.*)
 .debug_info    0x00000000      0x172 .\CortexM0\ARM_GCC_473\Debug\main.o
 .debug_info    0x00000172     0x2602 .\CortexM0\ARM_GCC_473\Debug\mpu6050.o
 .debug_info    0x00002774      0x432 .\CortexM0\ARM_GCC_473\Debug\i2cFunctions.o
 .debug_info    0x00002ba6      0x100 .\CortexM0\ARM_GCC_473\Debug\cymetadata.o
 .debug_info    0x00002ca6      0x2c0 .\CortexM0\ARM_GCC_473\Debug\Cm0Start.o
 .debug_info    0x00002f66      0x36d .\CortexM0\ARM_GCC_473\Debug\MPU-6050-PSoC-GettingStarted.a(cyfitter_cfg.o)
 .debug_info    0x000032d3      0x197 .\CortexM0\ARM_GCC_473\Debug\MPU-6050-PSoC-GettingStarted.a(I2C_MPU6050.o)
 .debug_info    0x0000346a      0x12c .\CortexM0\ARM_GCC_473\Debug\MPU-6050-PSoC-GettingStarted.a(I2C_MPU6050_I2C.o)
 .debug_info    0x00003596      0x4ba .\CortexM0\ARM_GCC_473\Debug\MPU-6050-PSoC-GettingStarted.a(I2C_MPU6050_I2C_MASTER.o)
 .debug_info    0x00003a50      0x197 .\CortexM0\ARM_GCC_473\Debug\MPU-6050-PSoC-GettingStarted.a(SERIAL.o)
 .debug_info    0x00003be7      0x224 .\CortexM0\ARM_GCC_473\Debug\MPU-6050-PSoC-GettingStarted.a(SERIAL_UART.o)
 .debug_info    0x00003e0b      0x168 .\CortexM0\ARM_GCC_473\Debug\MPU-6050-PSoC-GettingStarted.a(I2C_MPU6050_sda.o)
 .debug_info    0x00003f73      0x168 .\CortexM0\ARM_GCC_473\Debug\MPU-6050-PSoC-GettingStarted.a(I2C_MPU6050_scl.o)
 .debug_info    0x000040db       0x9b .\CortexM0\ARM_GCC_473\Debug\MPU-6050-PSoC-GettingStarted.a(CyBootAsmGnu.o)
 .debug_info    0x00004176      0xac5 .\CortexM0\ARM_GCC_473\Debug\MPU-6050-PSoC-GettingStarted.a(CyLib.o)
 .debug_info    0x00004c3b      0x1a7 .\CortexM0\ARM_GCC_473\Debug\MPU-6050-PSoC-GettingStarted.a(I2C_MPU6050_I2C_INT.o)
 .debug_info    0x00004de2      0x23d .\CortexM0\ARM_GCC_473\Debug\MPU-6050-PSoC-GettingStarted.a(SERIAL_SPI_UART.o)

.debug_abbrev   0x00000000      0xf39
 *(.debug_abbrev)
 .debug_abbrev  0x00000000       0x92 .\CortexM0\ARM_GCC_473\Debug\main.o
 .debug_abbrev  0x00000092      0x18c .\CortexM0\ARM_GCC_473\Debug\mpu6050.o
 .debug_abbrev  0x0000021e       0xa1 .\CortexM0\ARM_GCC_473\Debug\i2cFunctions.o
 .debug_abbrev  0x000002bf       0x5d .\CortexM0\ARM_GCC_473\Debug\cymetadata.o
 .debug_abbrev  0x0000031c      0x164 .\CortexM0\ARM_GCC_473\Debug\Cm0Start.o
 .debug_abbrev  0x00000480      0x17b .\CortexM0\ARM_GCC_473\Debug\MPU-6050-PSoC-GettingStarted.a(cyfitter_cfg.o)
 .debug_abbrev  0x000005fb       0xc5 .\CortexM0\ARM_GCC_473\Debug\MPU-6050-PSoC-GettingStarted.a(I2C_MPU6050.o)
 .debug_abbrev  0x000006c0       0x7a .\CortexM0\ARM_GCC_473\Debug\MPU-6050-PSoC-GettingStarted.a(I2C_MPU6050_I2C.o)
 .debug_abbrev  0x0000073a      0x156 .\CortexM0\ARM_GCC_473\Debug\MPU-6050-PSoC-GettingStarted.a(I2C_MPU6050_I2C_MASTER.o)
 .debug_abbrev  0x00000890       0xc5 .\CortexM0\ARM_GCC_473\Debug\MPU-6050-PSoC-GettingStarted.a(SERIAL.o)
 .debug_abbrev  0x00000955       0xee .\CortexM0\ARM_GCC_473\Debug\MPU-6050-PSoC-GettingStarted.a(SERIAL_UART.o)
 .debug_abbrev  0x00000a43       0xac .\CortexM0\ARM_GCC_473\Debug\MPU-6050-PSoC-GettingStarted.a(I2C_MPU6050_sda.o)
 .debug_abbrev  0x00000aef       0xac .\CortexM0\ARM_GCC_473\Debug\MPU-6050-PSoC-GettingStarted.a(I2C_MPU6050_scl.o)
 .debug_abbrev  0x00000b9b       0x14 .\CortexM0\ARM_GCC_473\Debug\MPU-6050-PSoC-GettingStarted.a(CyBootAsmGnu.o)
 .debug_abbrev  0x00000baf      0x1a2 .\CortexM0\ARM_GCC_473\Debug\MPU-6050-PSoC-GettingStarted.a(CyLib.o)
 .debug_abbrev  0x00000d51       0x97 .\CortexM0\ARM_GCC_473\Debug\MPU-6050-PSoC-GettingStarted.a(I2C_MPU6050_I2C_INT.o)
 .debug_abbrev  0x00000de8      0x151 .\CortexM0\ARM_GCC_473\Debug\MPU-6050-PSoC-GettingStarted.a(SERIAL_SPI_UART.o)

.debug_line     0x00000000     0x2ae6
 *(.debug_line)
 .debug_line    0x00000000      0x129 .\CortexM0\ARM_GCC_473\Debug\main.o
 .debug_line    0x00000129     0x1478 .\CortexM0\ARM_GCC_473\Debug\mpu6050.o
 .debug_line    0x000015a1      0x1cf .\CortexM0\ARM_GCC_473\Debug\i2cFunctions.o
 .debug_line    0x00001770       0x53 .\CortexM0\ARM_GCC_473\Debug\cymetadata.o
 .debug_line    0x000017c3      0x19b .\CortexM0\ARM_GCC_473\Debug\Cm0Start.o
 .debug_line    0x0000195e      0x188 .\CortexM0\ARM_GCC_473\Debug\MPU-6050-PSoC-GettingStarted.a(cyfitter_cfg.o)
 .debug_line    0x00001ae6       0xe3 .\CortexM0\ARM_GCC_473\Debug\MPU-6050-PSoC-GettingStarted.a(I2C_MPU6050.o)
 .debug_line    0x00001bc9       0xad .\CortexM0\ARM_GCC_473\Debug\MPU-6050-PSoC-GettingStarted.a(I2C_MPU6050_I2C.o)
 .debug_line    0x00001c76      0x2a8 .\CortexM0\ARM_GCC_473\Debug\MPU-6050-PSoC-GettingStarted.a(I2C_MPU6050_I2C_MASTER.o)
 .debug_line    0x00001f1e       0xd8 .\CortexM0\ARM_GCC_473\Debug\MPU-6050-PSoC-GettingStarted.a(SERIAL.o)
 .debug_line    0x00001ff6      0x103 .\CortexM0\ARM_GCC_473\Debug\MPU-6050-PSoC-GettingStarted.a(SERIAL_UART.o)
 .debug_line    0x000020f9       0xb5 .\CortexM0\ARM_GCC_473\Debug\MPU-6050-PSoC-GettingStarted.a(I2C_MPU6050_sda.o)
 .debug_line    0x000021ae       0xb5 .\CortexM0\ARM_GCC_473\Debug\MPU-6050-PSoC-GettingStarted.a(I2C_MPU6050_scl.o)
 .debug_line    0x00002263       0x68 .\CortexM0\ARM_GCC_473\Debug\MPU-6050-PSoC-GettingStarted.a(CyBootAsmGnu.o)
 .debug_line    0x000022cb      0x541 .\CortexM0\ARM_GCC_473\Debug\MPU-6050-PSoC-GettingStarted.a(CyLib.o)
 .debug_line    0x0000280c      0x1b3 .\CortexM0\ARM_GCC_473\Debug\MPU-6050-PSoC-GettingStarted.a(I2C_MPU6050_I2C_INT.o)
 .debug_line    0x000029bf      0x127 .\CortexM0\ARM_GCC_473\Debug\MPU-6050-PSoC-GettingStarted.a(SERIAL_SPI_UART.o)

.debug_frame    0x00000000     0x336c
 *(.debug_frame)
 .debug_frame   0x00000000       0x3c .\CortexM0\ARM_GCC_473\Debug\main.o
 .debug_frame   0x0000003c     0x1ea4 .\CortexM0\ARM_GCC_473\Debug\mpu6050.o
 .debug_frame   0x00001ee0      0x15c .\CortexM0\ARM_GCC_473\Debug\i2cFunctions.o
 .debug_frame   0x0000203c       0xa8 .\CortexM0\ARM_GCC_473\Debug\Cm0Start.o
 .debug_frame   0x000020e4       0xe8 .\CortexM0\ARM_GCC_473\Debug\MPU-6050-PSoC-GettingStarted.a(cyfitter_cfg.o)
 .debug_frame   0x000021cc       0xd8 .\CortexM0\ARM_GCC_473\Debug\MPU-6050-PSoC-GettingStarted.a(I2C_MPU6050.o)
 .debug_frame   0x000022a4       0x48 .\CortexM0\ARM_GCC_473\Debug\MPU-6050-PSoC-GettingStarted.a(I2C_MPU6050_I2C.o)
 .debug_frame   0x000022ec      0x1c0 .\CortexM0\ARM_GCC_473\Debug\MPU-6050-PSoC-GettingStarted.a(I2C_MPU6050_I2C_MASTER.o)
 .debug_frame   0x000024ac       0xd8 .\CortexM0\ARM_GCC_473\Debug\MPU-6050-PSoC-GettingStarted.a(SERIAL.o)
 .debug_frame   0x00002584       0xec .\CortexM0\ARM_GCC_473\Debug\MPU-6050-PSoC-GettingStarted.a(SERIAL_UART.o)
 .debug_frame   0x00002670       0xa8 .\CortexM0\ARM_GCC_473\Debug\MPU-6050-PSoC-GettingStarted.a(I2C_MPU6050_sda.o)
 .debug_frame   0x00002718       0xa8 .\CortexM0\ARM_GCC_473\Debug\MPU-6050-PSoC-GettingStarted.a(I2C_MPU6050_scl.o)
 .debug_frame   0x000027c0      0x628 .\CortexM0\ARM_GCC_473\Debug\MPU-6050-PSoC-GettingStarted.a(CyLib.o)
 .debug_frame   0x00002de8       0x30 .\CortexM0\ARM_GCC_473\Debug\MPU-6050-PSoC-GettingStarted.a(I2C_MPU6050_I2C_INT.o)
 .debug_frame   0x00002e18      0x128 .\CortexM0\ARM_GCC_473\Debug\MPU-6050-PSoC-GettingStarted.a(SERIAL_SPI_UART.o)
 .debug_frame   0x00002f40       0x20 c:/program files (x86)/cypress/psoc creator/3.0/psoc creator/import/gnu_cs/arm/4.7.3/bin/../lib/gcc/arm-none-eabi/4.7.3/armv6-m\libgcc.a(_udivsi3.o)
 .debug_frame   0x00002f60       0x20 c:/program files (x86)/cypress/psoc creator/3.0/psoc creator/import/gnu_cs/arm/4.7.3/bin/../lib/gcc/arm-none-eabi/4.7.3/armv6-m\libgcc.a(_divsi3.o)
 .debug_frame   0x00002f80       0x28 c:/program files (x86)/cypress/psoc creator/3.0/psoc creator/import/gnu_cs/arm/4.7.3/bin/../lib/gcc/arm-none-eabi/4.7.3/../../../../arm-none-eabi/lib/armv6-m\libc_s.a(lib_a-__atexit2.o)
 .debug_frame   0x00002fa8       0x28 c:/program files (x86)/cypress/psoc creator/3.0/psoc creator/import/gnu_cs/arm/4.7.3/bin/../lib/gcc/arm-none-eabi/4.7.3/../../../../arm-none-eabi/lib/armv6-m\libc_s.a(lib_a-exit.o)
 .debug_frame   0x00002fd0       0x2c c:/program files (x86)/cypress/psoc creator/3.0/psoc creator/import/gnu_cs/arm/4.7.3/bin/../lib/gcc/arm-none-eabi/4.7.3/../../../../arm-none-eabi/lib/armv6-m\libc_s.a(lib_a-fini.o)
 .debug_frame   0x00002ffc       0x2c c:/program files (x86)/cypress/psoc creator/3.0/psoc creator/import/gnu_cs/arm/4.7.3/bin/../lib/gcc/arm-none-eabi/4.7.3/../../../../arm-none-eabi/lib/armv6-m\libc_s.a(lib_a-init.o)
 .debug_frame   0x00003028       0x28 c:/program files (x86)/cypress/psoc creator/3.0/psoc creator/import/gnu_cs/arm/4.7.3/bin/../lib/gcc/arm-none-eabi/4.7.3/../../../../arm-none-eabi/lib/armv6-m\libc_s.a(lib_a-memcpy.o)
 .debug_frame   0x00003050       0x28 c:/program files (x86)/cypress/psoc creator/3.0/psoc creator/import/gnu_cs/arm/4.7.3/bin/../lib/gcc/arm-none-eabi/4.7.3/../../../../arm-none-eabi/lib/armv6-m\libc_s.a(lib_a-memset.o)
 .debug_frame   0x00003078       0x4c c:/program files (x86)/cypress/psoc creator/3.0/psoc creator/import/gnu_cs/arm/4.7.3/bin/../lib/gcc/arm-none-eabi/4.7.3/../../../../arm-none-eabi/lib/armv6-m\libc_s.a(lib_a-sprintf.o)
 .debug_frame   0x000030c4       0x78 c:/program files (x86)/cypress/psoc creator/3.0/psoc creator/import/gnu_cs/arm/4.7.3/bin/../lib/gcc/arm-none-eabi/4.7.3/../../../../arm-none-eabi/lib/armv6-m\libc_s.a(lib_a-svfprintf.o)
 .debug_frame   0x0000313c       0x54 c:/program files (x86)/cypress/psoc creator/3.0/psoc creator/import/gnu_cs/arm/4.7.3/bin/../lib/gcc/arm-none-eabi/4.7.3/../../../../arm-none-eabi/lib/armv6-m\libc_s.a(lib_a-vfprintf_i.o)
 .debug_frame   0x00003190       0x2c c:/program files (x86)/cypress/psoc creator/3.0/psoc creator/import/gnu_cs/arm/4.7.3/bin/../lib/gcc/arm-none-eabi/4.7.3/../../../../arm-none-eabi/lib/armv6-m\libc_s.a(lib_a-freer.o)
 .debug_frame   0x000031bc       0x2c c:/program files (x86)/cypress/psoc creator/3.0/psoc creator/import/gnu_cs/arm/4.7.3/bin/../lib/gcc/arm-none-eabi/4.7.3/../../../../arm-none-eabi/lib/armv6-m\libc_s.a(lib_a-mallocr.o)
 .debug_frame   0x000031e8       0x28 c:/program files (x86)/cypress/psoc creator/3.0/psoc creator/import/gnu_cs/arm/4.7.3/bin/../lib/gcc/arm-none-eabi/4.7.3/../../../../arm-none-eabi/lib/armv6-m\libc_s.a(lib_a-memchr.o)
 .debug_frame   0x00003210       0x2c c:/program files (x86)/cypress/psoc creator/3.0/psoc creator/import/gnu_cs/arm/4.7.3/bin/../lib/gcc/arm-none-eabi/4.7.3/../../../../arm-none-eabi/lib/armv6-m\libc_s.a(lib_a-memmove.o)
 .debug_frame   0x0000323c       0x30 c:/program files (x86)/cypress/psoc creator/3.0/psoc creator/import/gnu_cs/arm/4.7.3/bin/../lib/gcc/arm-none-eabi/4.7.3/../../../../arm-none-eabi/lib/armv6-m\libc_s.a(lib_a-reallocr.o)
 .debug_frame   0x0000326c       0x2c c:/program files (x86)/cypress/psoc creator/3.0/psoc creator/import/gnu_cs/arm/4.7.3/bin/../lib/gcc/arm-none-eabi/4.7.3/../../../../arm-none-eabi/lib/armv6-m\libc_s.a(lib_a-sbrkr.o)
 .debug_frame   0x00003298       0x20 c:/program files (x86)/cypress/psoc creator/3.0/psoc creator/import/gnu_cs/arm/4.7.3/bin/../lib/gcc/arm-none-eabi/4.7.3/../../../../arm-none-eabi/lib/armv6-m\libc_s.a(lib_a-strlen.o)
 .debug_frame   0x000032b8       0x28 c:/program files (x86)/cypress/psoc creator/3.0/psoc creator/import/gnu_cs/arm/4.7.3/bin/../lib/gcc/arm-none-eabi/4.7.3/../../../../arm-none-eabi/lib/armv6-m\libc_s.a(lib_a-msizer.o)
 .debug_frame   0x000032e0       0x64 c:/program files (x86)/cypress/psoc creator/3.0/psoc creator/import/gnu_cs/arm/4.7.3/bin/../lib/gcc/arm-none-eabi/4.7.3/../../../../arm-none-eabi/lib/armv6-m\libc_s.a(lib_a-reent.o)
 .debug_frame   0x00003344       0x28 c:/program files (x86)/cypress/psoc creator/3.0/psoc creator/import/gnu_cs/arm/4.7.3/bin/../lib/gcc/arm-none-eabi/4.7.3/../../../../arm-none-eabi/lib/armv6-m\libnosys.a(sbrk.o)

.debug_str      0x00000000     0x2f93
 *(.debug_str)
 .debug_str     0x00000000      0x11f .\CortexM0\ARM_GCC_473\Debug\main.o
                                0x160 (size before relaxing)
 .debug_str     0x0000011f     0x1cd5 .\CortexM0\ARM_GCC_473\Debug\mpu6050.o
                               0x1e29 (size before relaxing)
 .debug_str     0x00001df4       0xb3 .\CortexM0\ARM_GCC_473\Debug\i2cFunctions.o
                                0x206 (size before relaxing)
 .debug_str     0x00001ea7       0x61 .\CortexM0\ARM_GCC_473\Debug\cymetadata.o
                                0x194 (size before relaxing)
 .debug_str     0x00001f08      0x112 .\CortexM0\ARM_GCC_473\Debug\Cm0Start.o
                                0x25d (size before relaxing)
 .debug_str     0x0000201a      0x141 .\CortexM0\ARM_GCC_473\Debug\MPU-6050-PSoC-GettingStarted.a(cyfitter_cfg.o)
                                0x2a1 (size before relaxing)
 .debug_str     0x0000215b       0xfd .\CortexM0\ARM_GCC_473\Debug\MPU-6050-PSoC-GettingStarted.a(I2C_MPU6050.o)
                                0x250 (size before relaxing)
 .debug_str     0x00002258       0xb2 .\CortexM0\ARM_GCC_473\Debug\MPU-6050-PSoC-GettingStarted.a(I2C_MPU6050_I2C.o)
                                0x1ff (size before relaxing)
 .debug_str     0x0000230a      0x2d4 .\CortexM0\ARM_GCC_473\Debug\MPU-6050-PSoC-GettingStarted.a(I2C_MPU6050_I2C_MASTER.o)
                                0x48c (size before relaxing)
 .debug_str     0x000025de       0xc6 .\CortexM0\ARM_GCC_473\Debug\MPU-6050-PSoC-GettingStarted.a(SERIAL.o)
                                0x21e (size before relaxing)
 .debug_str     0x000026a4      0x10e .\CortexM0\ARM_GCC_473\Debug\MPU-6050-PSoC-GettingStarted.a(SERIAL_UART.o)
                                0x256 (size before relaxing)
 .debug_str     0x000027b2       0xc1 .\CortexM0\ARM_GCC_473\Debug\MPU-6050-PSoC-GettingStarted.a(I2C_MPU6050_sda.o)
                                0x209 (size before relaxing)
 .debug_str     0x00002873       0xae .\CortexM0\ARM_GCC_473\Debug\MPU-6050-PSoC-GettingStarted.a(I2C_MPU6050_scl.o)
                                0x209 (size before relaxing)
 .debug_str     0x00002921      0x4e3 .\CortexM0\ARM_GCC_473\Debug\MPU-6050-PSoC-GettingStarted.a(CyLib.o)
                                0x670 (size before relaxing)
 .debug_str     0x00002e04       0x59 .\CortexM0\ARM_GCC_473\Debug\MPU-6050-PSoC-GettingStarted.a(I2C_MPU6050_I2C_INT.o)
                                0x2cc (size before relaxing)
 .debug_str     0x00002e5d      0x136 .\CortexM0\ARM_GCC_473\Debug\MPU-6050-PSoC-GettingStarted.a(SERIAL_SPI_UART.o)
                                0x29c (size before relaxing)

.debug_loc      0x00000000     0x4d76
 *(.debug_loc)
 .debug_loc     0x00000000       0x3a .\CortexM0\ARM_GCC_473\Debug\main.o
 .debug_loc     0x0000003a     0x331c .\CortexM0\ARM_GCC_473\Debug\mpu6050.o
 .debug_loc     0x00003356      0x230 .\CortexM0\ARM_GCC_473\Debug\i2cFunctions.o
 .debug_loc     0x00003586      0x100 .\CortexM0\ARM_GCC_473\Debug\Cm0Start.o
 .debug_loc     0x00003686      0x170 .\CortexM0\ARM_GCC_473\Debug\MPU-6050-PSoC-GettingStarted.a(cyfitter_cfg.o)
 .debug_loc     0x000037f6      0x140 .\CortexM0\ARM_GCC_473\Debug\MPU-6050-PSoC-GettingStarted.a(I2C_MPU6050.o)
 .debug_loc     0x00003936       0x58 .\CortexM0\ARM_GCC_473\Debug\MPU-6050-PSoC-GettingStarted.a(I2C_MPU6050_I2C.o)
 .debug_loc     0x0000398e      0x2e0 .\CortexM0\ARM_GCC_473\Debug\MPU-6050-PSoC-GettingStarted.a(I2C_MPU6050_I2C_MASTER.o)
 .debug_loc     0x00003c6e      0x140 .\CortexM0\ARM_GCC_473\Debug\MPU-6050-PSoC-GettingStarted.a(SERIAL.o)
 .debug_loc     0x00003dae      0x17c .\CortexM0\ARM_GCC_473\Debug\MPU-6050-PSoC-GettingStarted.a(SERIAL_UART.o)
 .debug_loc     0x00003f2a      0x100 .\CortexM0\ARM_GCC_473\Debug\MPU-6050-PSoC-GettingStarted.a(I2C_MPU6050_sda.o)
 .debug_loc     0x0000402a      0x100 .\CortexM0\ARM_GCC_473\Debug\MPU-6050-PSoC-GettingStarted.a(I2C_MPU6050_scl.o)
 .debug_loc     0x0000412a      0xa34 .\CortexM0\ARM_GCC_473\Debug\MPU-6050-PSoC-GettingStarted.a(CyLib.o)
 .debug_loc     0x00004b5e       0x38 .\CortexM0\ARM_GCC_473\Debug\MPU-6050-PSoC-GettingStarted.a(I2C_MPU6050_I2C_INT.o)
 .debug_loc     0x00004b96      0x1e0 .\CortexM0\ARM_GCC_473\Debug\MPU-6050-PSoC-GettingStarted.a(SERIAL_SPI_UART.o)

.debug_macinfo
 *(.debug_macinfo)

.debug_ranges   0x00000000      0xca0
 *(.debug_ranges)
 .debug_ranges  0x00000000       0x10 .\CortexM0\ARM_GCC_473\Debug\main.o
 .debug_ranges  0x00000010      0x828 .\CortexM0\ARM_GCC_473\Debug\mpu6050.o
 .debug_ranges  0x00000838       0x58 .\CortexM0\ARM_GCC_473\Debug\i2cFunctions.o
 .debug_ranges  0x00000890       0x30 .\CortexM0\ARM_GCC_473\Debug\Cm0Start.o
 .debug_ranges  0x000008c0       0x40 .\CortexM0\ARM_GCC_473\Debug\MPU-6050-PSoC-GettingStarted.a(cyfitter_cfg.o)
 .debug_ranges  0x00000900       0x40 .\CortexM0\ARM_GCC_473\Debug\MPU-6050-PSoC-GettingStarted.a(I2C_MPU6050.o)
 .debug_ranges  0x00000940       0x18 .\CortexM0\ARM_GCC_473\Debug\MPU-6050-PSoC-GettingStarted.a(I2C_MPU6050_I2C.o)
 .debug_ranges  0x00000958       0x78 .\CortexM0\ARM_GCC_473\Debug\MPU-6050-PSoC-GettingStarted.a(I2C_MPU6050_I2C_MASTER.o)
 .debug_ranges  0x000009d0       0x40 .\CortexM0\ARM_GCC_473\Debug\MPU-6050-PSoC-GettingStarted.a(SERIAL.o)
 .debug_ranges  0x00000a10       0x40 .\CortexM0\ARM_GCC_473\Debug\MPU-6050-PSoC-GettingStarted.a(SERIAL_UART.o)
 .debug_ranges  0x00000a50       0x30 .\CortexM0\ARM_GCC_473\Debug\MPU-6050-PSoC-GettingStarted.a(I2C_MPU6050_sda.o)
 .debug_ranges  0x00000a80       0x30 .\CortexM0\ARM_GCC_473\Debug\MPU-6050-PSoC-GettingStarted.a(I2C_MPU6050_scl.o)
 .debug_ranges  0x00000ab0      0x190 .\CortexM0\ARM_GCC_473\Debug\MPU-6050-PSoC-GettingStarted.a(CyLib.o)
 .debug_ranges  0x00000c40       0x10 .\CortexM0\ARM_GCC_473\Debug\MPU-6050-PSoC-GettingStarted.a(I2C_MPU6050_I2C_INT.o)
 .debug_ranges  0x00000c50       0x50 .\CortexM0\ARM_GCC_473\Debug\MPU-6050-PSoC-GettingStarted.a(SERIAL_SPI_UART.o)

.comment        0x00000000       0x70
 .comment       0x00000000       0x70 .\CortexM0\ARM_GCC_473\Debug\main.o
                                 0x71 (size before relaxing)
 .comment       0x00000000       0x71 .\CortexM0\ARM_GCC_473\Debug\mpu6050.o
 .comment       0x00000000       0x71 .\CortexM0\ARM_GCC_473\Debug\i2cFunctions.o
 .comment       0x00000000       0x71 .\CortexM0\ARM_GCC_473\Debug\cymetadata.o
 .comment       0x00000000       0x71 .\CortexM0\ARM_GCC_473\Debug\Cm0Start.o
 .comment       0x00000000       0x71 .\CortexM0\ARM_GCC_473\Debug\MPU-6050-PSoC-GettingStarted.a(cyfitter_cfg.o)
 .comment       0x00000000       0x71 .\CortexM0\ARM_GCC_473\Debug\MPU-6050-PSoC-GettingStarted.a(I2C_MPU6050.o)
 .comment       0x00000000       0x71 .\CortexM0\ARM_GCC_473\Debug\MPU-6050-PSoC-GettingStarted.a(I2C_MPU6050_I2C.o)
 .comment       0x00000000       0x71 .\CortexM0\ARM_GCC_473\Debug\MPU-6050-PSoC-GettingStarted.a(I2C_MPU6050_I2C_MASTER.o)
 .comment       0x00000000       0x71 .\CortexM0\ARM_GCC_473\Debug\MPU-6050-PSoC-GettingStarted.a(SERIAL.o)
 .comment       0x00000000       0x71 .\CortexM0\ARM_GCC_473\Debug\MPU-6050-PSoC-GettingStarted.a(SERIAL_UART.o)
 .comment       0x00000000       0x71 .\CortexM0\ARM_GCC_473\Debug\MPU-6050-PSoC-GettingStarted.a(I2C_MPU6050_sda.o)
 .comment       0x00000000       0x71 .\CortexM0\ARM_GCC_473\Debug\MPU-6050-PSoC-GettingStarted.a(I2C_MPU6050_scl.o)
 .comment       0x00000000       0x71 .\CortexM0\ARM_GCC_473\Debug\MPU-6050-PSoC-GettingStarted.a(CyLib.o)
 .comment       0x00000000       0x71 .\CortexM0\ARM_GCC_473\Debug\MPU-6050-PSoC-GettingStarted.a(I2C_MPU6050_I2C_INT.o)
 .comment       0x00000000       0x71 .\CortexM0\ARM_GCC_473\Debug\MPU-6050-PSoC-GettingStarted.a(SERIAL_SPI_UART.o)

.debug_weaknames
 *(.debug_weaknames)

.debug_funcnames
 *(.debug_funcnames)

.debug_typenames
 *(.debug_typenames)

.debug_varnames
 *(.debug_varnames)

.note.gnu.arm.ident
 *(.note.gnu.arm.ident)

.ARM.attributes
                0x00000000       0x28
 *(.ARM.attributes)
 .ARM.attributes
                0x00000000       0x1e c:/program files (x86)/cypress/psoc creator/3.0/psoc creator/import/gnu_cs/arm/4.7.3/bin/../lib/gcc/arm-none-eabi/4.7.3/armv6-m/crti.o
 .ARM.attributes
                0x0000001e       0x2c c:/program files (x86)/cypress/psoc creator/3.0/psoc creator/import/gnu_cs/arm/4.7.3/bin/../lib/gcc/arm-none-eabi/4.7.3/armv6-m/crtbegin.o
 .ARM.attributes
                0x0000004a       0x1c c:/program files (x86)/cypress/psoc creator/3.0/psoc creator/import/gnu_cs/arm/4.7.3/bin/../lib/gcc/arm-none-eabi/4.7.3/../../../../arm-none-eabi/lib/armv6-m/crt0.o
 .ARM.attributes
                0x00000066       0x31 .\CortexM0\ARM_GCC_473\Debug\main.o
 .ARM.attributes
                0x00000097       0x31 .\CortexM0\ARM_GCC_473\Debug\mpu6050.o
 .ARM.attributes
                0x000000c8       0x31 .\CortexM0\ARM_GCC_473\Debug\i2cFunctions.o
 .ARM.attributes
                0x000000f9       0x31 .\CortexM0\ARM_GCC_473\Debug\cymetadata.o
 .ARM.attributes
                0x0000012a       0x31 .\CortexM0\ARM_GCC_473\Debug\Cm0Start.o
 .ARM.attributes
                0x0000015b       0x31 .\CortexM0\ARM_GCC_473\Debug\MPU-6050-PSoC-GettingStarted.a(cyfitter_cfg.o)
 .ARM.attributes
                0x0000018c       0x31 .\CortexM0\ARM_GCC_473\Debug\MPU-6050-PSoC-GettingStarted.a(I2C_MPU6050.o)
 .ARM.attributes
                0x000001bd       0x31 .\CortexM0\ARM_GCC_473\Debug\MPU-6050-PSoC-GettingStarted.a(I2C_MPU6050_I2C.o)
 .ARM.attributes
                0x000001ee       0x31 .\CortexM0\ARM_GCC_473\Debug\MPU-6050-PSoC-GettingStarted.a(I2C_MPU6050_I2C_MASTER.o)
 .ARM.attributes
                0x0000021f       0x31 .\CortexM0\ARM_GCC_473\Debug\MPU-6050-PSoC-GettingStarted.a(SERIAL.o)
 .ARM.attributes
                0x00000250       0x31 .\CortexM0\ARM_GCC_473\Debug\MPU-6050-PSoC-GettingStarted.a(SERIAL_UART.o)
 .ARM.attributes
                0x00000281       0x31 .\CortexM0\ARM_GCC_473\Debug\MPU-6050-PSoC-GettingStarted.a(I2C_MPU6050_sda.o)
 .ARM.attributes
                0x000002b2       0x31 .\CortexM0\ARM_GCC_473\Debug\MPU-6050-PSoC-GettingStarted.a(I2C_MPU6050_scl.o)
 .ARM.attributes
                0x000002e3       0x21 .\CortexM0\ARM_GCC_473\Debug\MPU-6050-PSoC-GettingStarted.a(CyBootAsmGnu.o)
 .ARM.attributes
                0x00000304       0x31 .\CortexM0\ARM_GCC_473\Debug\MPU-6050-PSoC-GettingStarted.a(CyLib.o)
 .ARM.attributes
                0x00000335       0x31 .\CortexM0\ARM_GCC_473\Debug\MPU-6050-PSoC-GettingStarted.a(I2C_MPU6050_I2C_INT.o)
 .ARM.attributes
                0x00000366       0x31 .\CortexM0\ARM_GCC_473\Debug\MPU-6050-PSoC-GettingStarted.a(SERIAL_SPI_UART.o)
 .ARM.attributes
                0x00000397       0x1e c:/program files (x86)/cypress/psoc creator/3.0/psoc creator/import/gnu_cs/arm/4.7.3/bin/../lib/gcc/arm-none-eabi/4.7.3/armv6-m\libgcc.a(_udivsi3.o)
 .ARM.attributes
                0x000003b5       0x1e c:/program files (x86)/cypress/psoc creator/3.0/psoc creator/import/gnu_cs/arm/4.7.3/bin/../lib/gcc/arm-none-eabi/4.7.3/armv6-m\libgcc.a(_divsi3.o)
 .ARM.attributes
                0x000003d3       0x1e c:/program files (x86)/cypress/psoc creator/3.0/psoc creator/import/gnu_cs/arm/4.7.3/bin/../lib/gcc/arm-none-eabi/4.7.3/armv6-m\libgcc.a(_dvmd_tls.o)
 .ARM.attributes
                0x000003f1       0x2c c:/program files (x86)/cypress/psoc creator/3.0/psoc creator/import/gnu_cs/arm/4.7.3/bin/../lib/gcc/arm-none-eabi/4.7.3/../../../../arm-none-eabi/lib/armv6-m\libc_s.a(lib_a-__atexit2.o)
 .ARM.attributes
                0x0000041d       0x2c c:/program files (x86)/cypress/psoc creator/3.0/psoc creator/import/gnu_cs/arm/4.7.3/bin/../lib/gcc/arm-none-eabi/4.7.3/../../../../arm-none-eabi/lib/armv6-m\libc_s.a(lib_a-exit.o)
 .ARM.attributes
                0x00000449       0x2c c:/program files (x86)/cypress/psoc creator/3.0/psoc creator/import/gnu_cs/arm/4.7.3/bin/../lib/gcc/arm-none-eabi/4.7.3/../../../../arm-none-eabi/lib/armv6-m\libc_s.a(lib_a-fini.o)
 .ARM.attributes
                0x00000475       0x2c c:/program files (x86)/cypress/psoc creator/3.0/psoc creator/import/gnu_cs/arm/4.7.3/bin/../lib/gcc/arm-none-eabi/4.7.3/../../../../arm-none-eabi/lib/armv6-m\libc_s.a(lib_a-impure.o)
 .ARM.attributes
                0x000004a1       0x2c c:/program files (x86)/cypress/psoc creator/3.0/psoc creator/import/gnu_cs/arm/4.7.3/bin/../lib/gcc/arm-none-eabi/4.7.3/../../../../arm-none-eabi/lib/armv6-m\libc_s.a(lib_a-init.o)
 .ARM.attributes
                0x000004cd       0x2c c:/program files (x86)/cypress/psoc creator/3.0/psoc creator/import/gnu_cs/arm/4.7.3/bin/../lib/gcc/arm-none-eabi/4.7.3/../../../../arm-none-eabi/lib/armv6-m\libc_s.a(lib_a-memcpy.o)
 .ARM.attributes
                0x000004f9       0x2c c:/program files (x86)/cypress/psoc creator/3.0/psoc creator/import/gnu_cs/arm/4.7.3/bin/../lib/gcc/arm-none-eabi/4.7.3/../../../../arm-none-eabi/lib/armv6-m\libc_s.a(lib_a-memset.o)
 .ARM.attributes
                0x00000525       0x2c c:/program files (x86)/cypress/psoc creator/3.0/psoc creator/import/gnu_cs/arm/4.7.3/bin/../lib/gcc/arm-none-eabi/4.7.3/../../../../arm-none-eabi/lib/armv6-m\libc_s.a(lib_a-sprintf.o)
 .ARM.attributes
                0x00000551       0x2c c:/program files (x86)/cypress/psoc creator/3.0/psoc creator/import/gnu_cs/arm/4.7.3/bin/../lib/gcc/arm-none-eabi/4.7.3/../../../../arm-none-eabi/lib/armv6-m\libc_s.a(lib_a-svfprintf.o)
 .ARM.attributes
                0x0000057d       0x2c c:/program files (x86)/cypress/psoc creator/3.0/psoc creator/import/gnu_cs/arm/4.7.3/bin/../lib/gcc/arm-none-eabi/4.7.3/../../../../arm-none-eabi/lib/armv6-m\libc_s.a(lib_a-vfprintf_i.o)
 .ARM.attributes
                0x000005a9       0x2c c:/program files (x86)/cypress/psoc creator/3.0/psoc creator/import/gnu_cs/arm/4.7.3/bin/../lib/gcc/arm-none-eabi/4.7.3/../../../../arm-none-eabi/lib/armv6-m\libc_s.a(lib_a-freer.o)
 .ARM.attributes
                0x000005d5       0x2c c:/program files (x86)/cypress/psoc creator/3.0/psoc creator/import/gnu_cs/arm/4.7.3/bin/../lib/gcc/arm-none-eabi/4.7.3/../../../../arm-none-eabi/lib/armv6-m\libc_s.a(lib_a-mallocr.o)
 .ARM.attributes
                0x00000601       0x2c c:/program files (x86)/cypress/psoc creator/3.0/psoc creator/import/gnu_cs/arm/4.7.3/bin/../lib/gcc/arm-none-eabi/4.7.3/../../../../arm-none-eabi/lib/armv6-m\libc_s.a(lib_a-memchr.o)
 .ARM.attributes
                0x0000062d       0x2c c:/program files (x86)/cypress/psoc creator/3.0/psoc creator/import/gnu_cs/arm/4.7.3/bin/../lib/gcc/arm-none-eabi/4.7.3/../../../../arm-none-eabi/lib/armv6-m\libc_s.a(lib_a-memmove.o)
 .ARM.attributes
                0x00000659       0x2c c:/program files (x86)/cypress/psoc creator/3.0/psoc creator/import/gnu_cs/arm/4.7.3/bin/../lib/gcc/arm-none-eabi/4.7.3/../../../../arm-none-eabi/lib/armv6-m\libc_s.a(lib_a-reallocr.o)
 .ARM.attributes
                0x00000685       0x2c c:/program files (x86)/cypress/psoc creator/3.0/psoc creator/import/gnu_cs/arm/4.7.3/bin/../lib/gcc/arm-none-eabi/4.7.3/../../../../arm-none-eabi/lib/armv6-m\libc_s.a(lib_a-sbrkr.o)
 .ARM.attributes
                0x000006b1       0x2c c:/program files (x86)/cypress/psoc creator/3.0/psoc creator/import/gnu_cs/arm/4.7.3/bin/../lib/gcc/arm-none-eabi/4.7.3/../../../../arm-none-eabi/lib/armv6-m\libc_s.a(lib_a-strlen.o)
 .ARM.attributes
                0x000006dd       0x2c c:/program files (x86)/cypress/psoc creator/3.0/psoc creator/import/gnu_cs/arm/4.7.3/bin/../lib/gcc/arm-none-eabi/4.7.3/../../../../arm-none-eabi/lib/armv6-m\libc_s.a(lib_a-msizer.o)
 .ARM.attributes
                0x00000709       0x2c c:/program files (x86)/cypress/psoc creator/3.0/psoc creator/import/gnu_cs/arm/4.7.3/bin/../lib/gcc/arm-none-eabi/4.7.3/../../../../arm-none-eabi/lib/armv6-m\libc_s.a(lib_a-reent.o)
 .ARM.attributes
                0x00000735       0x2c c:/program files (x86)/cypress/psoc creator/3.0/psoc creator/import/gnu_cs/arm/4.7.3/bin/../lib/gcc/arm-none-eabi/4.7.3/armv6-m/crtend.o
 .ARM.attributes
                0x00000761       0x1e c:/program files (x86)/cypress/psoc creator/3.0/psoc creator/import/gnu_cs/arm/4.7.3/bin/../lib/gcc/arm-none-eabi/4.7.3/armv6-m/crtn.o
 .ARM.attributes
                0x0000077f       0x2c c:/program files (x86)/cypress/psoc creator/3.0/psoc creator/import/gnu_cs/arm/4.7.3/bin/../lib/gcc/arm-none-eabi/4.7.3/../../../../arm-none-eabi/lib/armv6-m\libnosys.a(sbrk.o)

/DISCARD/
 *(.note.GNU-stack)
OUTPUT(.\CortexM0\ARM_GCC_473\Debug\MPU-6050-PSoC-GettingStarted.elf elf32-littlearm)
