Archive member included because of file (symbol)

.\ARM_GCC_473\Debug\Simple UART Receive Interrupt.a(cyfitter_cfg.o)
                              .\ARM_GCC_473\Debug\Cm0Start.o (cyfitter_cfg)
.\ARM_GCC_473\Debug\Simple UART Receive Interrupt.a(UART.o)
                              .\ARM_GCC_473\Debug\main.o (UART_Start)
.\ARM_GCC_473\Debug\Simple UART Receive Interrupt.a(UART_UART.o)
                              .\ARM_GCC_473\Debug\Simple UART Receive Interrupt.a(UART.o) (UART_UartInit)
.\ARM_GCC_473\Debug\Simple UART Receive Interrupt.a(CyBootAsmGnu.o)
                              .\ARM_GCC_473\Debug\Simple UART Receive Interrupt.a(cyfitter_cfg.o) (CyDelayCycles)
.\ARM_GCC_473\Debug\Simple UART Receive Interrupt.a(CyLib.o)
                              .\ARM_GCC_473\Debug\Simple UART Receive Interrupt.a(cyfitter_cfg.o) (CyDelayUs)
.\ARM_GCC_473\Debug\Simple UART Receive Interrupt.a(TX_LED.o)
                              .\ARM_GCC_473\Debug\main.o (TX_LED_Write)
.\ARM_GCC_473\Debug\Simple UART Receive Interrupt.a(UART_RX_ISR.o)
                              .\ARM_GCC_473\Debug\main.o (UART_RX_ISR_StartEx)
.\ARM_GCC_473\Debug\Simple UART Receive Interrupt.a(I2C_MPU6050.o)
                              .\ARM_GCC_473\Debug\main.o (I2C_MPU6050_Start)
.\ARM_GCC_473\Debug\Simple UART Receive Interrupt.a(I2C_MPU6050_I2C.o)
                              .\ARM_GCC_473\Debug\Simple UART Receive Interrupt.a(I2C_MPU6050.o) (I2C_MPU6050_I2CInit)
.\ARM_GCC_473\Debug\Simple UART Receive Interrupt.a(I2C_MPU6050_I2C_MASTER.o)
                              .\ARM_GCC_473\Debug\Simple UART Receive Interrupt.a(I2C_MPU6050_I2C.o) (I2C_MPU6050_mstrStatus)
.\ARM_GCC_473\Debug\Simple UART Receive Interrupt.a(I2C_MPU6050_sda.o)
                              .\ARM_GCC_473\Debug\Simple UART Receive Interrupt.a(I2C_MPU6050_I2C_MASTER.o) (I2C_MPU6050_sda_Read)
.\ARM_GCC_473\Debug\Simple UART Receive Interrupt.a(I2C_MPU6050_scl.o)
                              .\ARM_GCC_473\Debug\Simple UART Receive Interrupt.a(I2C_MPU6050_I2C_MASTER.o) (I2C_MPU6050_scl_Write)
.\ARM_GCC_473\Debug\Simple UART Receive Interrupt.a(UART_SPI_UART.o)
                              .\ARM_GCC_473\Debug\Simple UART Receive Interrupt.a(UART_UART.o) (UART_SpiUartReadRxData)
.\ARM_GCC_473\Debug\Simple UART Receive Interrupt.a(I2C_MPU6050_I2C_INT.o)
                              .\ARM_GCC_473\Debug\Simple UART Receive Interrupt.a(I2C_MPU6050_I2C.o) (I2C_MPU6050_I2C_ISR)
c:/program files (x86)/cypress/psoc creator/3.0/psoc creator/import/gnu_cs/arm/4.7.3/bin/../lib/gcc/arm-none-eabi/4.7.3/../../../../arm-none-eabi/lib/armv6-m\libm.a(lib_a-w_sqrt.o)
                              .\ARM_GCC_473\Debug\main.o (sqrt)
c:/program files (x86)/cypress/psoc creator/3.0/psoc creator/import/gnu_cs/arm/4.7.3/bin/../lib/gcc/arm-none-eabi/4.7.3/../../../../arm-none-eabi/lib/armv6-m\libm.a(lib_a-wf_atan2.o)
                              .\ARM_GCC_473\Debug\main.o (atan2f)
c:/program files (x86)/cypress/psoc creator/3.0/psoc creator/import/gnu_cs/arm/4.7.3/bin/../lib/gcc/arm-none-eabi/4.7.3/../../../../arm-none-eabi/lib/armv6-m\libm.a(lib_a-e_sqrt.o)
                              c:/program files (x86)/cypress/psoc creator/3.0/psoc creator/import/gnu_cs/arm/4.7.3/bin/../lib/gcc/arm-none-eabi/4.7.3/../../../../arm-none-eabi/lib/armv6-m\libm.a(lib_a-w_sqrt.o) (__ieee754_sqrt)
c:/program files (x86)/cypress/psoc creator/3.0/psoc creator/import/gnu_cs/arm/4.7.3/bin/../lib/gcc/arm-none-eabi/4.7.3/../../../../arm-none-eabi/lib/armv6-m\libm.a(lib_a-ef_atan2.o)
                              c:/program files (x86)/cypress/psoc creator/3.0/psoc creator/import/gnu_cs/arm/4.7.3/bin/../lib/gcc/arm-none-eabi/4.7.3/../../../../arm-none-eabi/lib/armv6-m\libm.a(lib_a-wf_atan2.o) (__ieee754_atan2f)
c:/program files (x86)/cypress/psoc creator/3.0/psoc creator/import/gnu_cs/arm/4.7.3/bin/../lib/gcc/arm-none-eabi/4.7.3/../../../../arm-none-eabi/lib/armv6-m\libm.a(lib_a-s_fpclassify.o)
                              c:/program files (x86)/cypress/psoc creator/3.0/psoc creator/import/gnu_cs/arm/4.7.3/bin/../lib/gcc/arm-none-eabi/4.7.3/../../../../arm-none-eabi/lib/armv6-m\libm.a(lib_a-w_sqrt.o) (__fpclassifyd)
c:/program files (x86)/cypress/psoc creator/3.0/psoc creator/import/gnu_cs/arm/4.7.3/bin/../lib/gcc/arm-none-eabi/4.7.3/../../../../arm-none-eabi/lib/armv6-m\libm.a(lib_a-s_lib_ver.o)
                              c:/program files (x86)/cypress/psoc creator/3.0/psoc creator/import/gnu_cs/arm/4.7.3/bin/../lib/gcc/arm-none-eabi/4.7.3/../../../../arm-none-eabi/lib/armv6-m\libm.a(lib_a-w_sqrt.o) (__fdlib_version)
c:/program files (x86)/cypress/psoc creator/3.0/psoc creator/import/gnu_cs/arm/4.7.3/bin/../lib/gcc/arm-none-eabi/4.7.3/../../../../arm-none-eabi/lib/armv6-m\libm.a(lib_a-s_matherr.o)
[...]
Memory Configuration

Name             Origin             Length             Attributes
rom              0x00000000         0x00008000         xr
ram              0x20000000         0x00001000         xrw
*default*        0x00000000         0xffffffff

Linker script and memory map

LOAD c:/program files (x86)/cypress/psoc creator/3.0/psoc creator/import/gnu_cs/arm/4.7.3/bin/../lib/gcc/arm-none-eabi/4.7.3/armv6-m/crti.o
LOAD c:/program files (x86)/cypress/psoc creator/3.0/psoc creator/import/gnu_cs/arm/4.7.3/bin/../lib/gcc/arm-none-eabi/4.7.3/armv6-m/crtbegin.o
LOAD c:/program files (x86)/cypress/psoc creator/3.0/psoc creator/import/gnu_cs/arm/4.7.3/bin/../lib/gcc/arm-none-eabi/4.7.3/../../../../arm-none-eabi/lib/armv6-m/crt0.o
START GROUP
LOAD .\ARM_GCC_473\Debug\main.o
LOAD .\ARM_GCC_473\Debug\interrupts.o
LOAD .\ARM_GCC_473\Debug\mpu6050.o
LOAD .\ARM_GCC_473\Debug\i2cFunctions.o
LOAD .\ARM_GCC_473\Debug\cymetadata.o
LOAD .\ARM_GCC_473\Debug\Cm0Start.o
LOAD .\ARM_GCC_473\Debug\Simple UART Receive Interrupt.a
LOAD C:\Program Files (x86)\Cypress\PSoC Creator\3.0\PSoC Creator\psoc\content\cycomponentlibrary\CyComponentLibrary.cylib\CortexM0\ARM_GCC_473\Debug\CyComponentLibrary.a
LOAD c:/program files (x86)/cypress/psoc creator/3.0/psoc creator/import/gnu_cs/arm/4.7.3/bin/../lib/gcc/arm-none-eabi/4.7.3/../../../../arm-none-eabi/lib/armv6-m\libm.a
END GROUP
START GROUP
LOAD c:/program files (x86)/cypress/psoc creator/3.0/psoc creator/import/gnu_cs/arm/4.7.3/bin/../lib/gcc/arm-none-eabi/4.7.3/armv6-m\libgcc.a
LOAD c:/program files (x86)/cypress/psoc creator/3.0/psoc creator/import/gnu_cs/arm/4.7.3/bin/../lib/gcc/arm-none-eabi/4.7.3/../../../../arm-none-eabi/lib/armv6-m\libc_s.a
END GROUP
LOAD c:/program files (x86)/cypress/psoc creator/3.0/psoc creator/import/gnu_cs/arm/4.7.3/bin/../lib/gcc/arm-none-eabi/4.7.3/armv6-m/crtend.o
LOAD c:/program files (x86)/cypress/psoc creator/3.0/psoc creator/import/gnu_cs/arm/4.7.3/bin/../lib/gcc/arm-none-eabi/4.7.3/armv6-m/crtn.o
START GROUP
LOAD c:/program files (x86)/cypress/psoc creator/3.0/psoc creator/import/gnu_cs/arm/4.7.3/bin/../lib/gcc/arm-none-eabi/4.7.3/armv6-m\libgcc.a
LOAD c:/program files (x86)/cypress/psoc creator/3.0/psoc creator/import/gnu_cs/arm/4.7.3/bin/../lib/gcc/arm-none-eabi/4.7.3/../../../../arm-none-eabi/lib/armv6-m\libc.a
LOAD c:/program files (x86)/cypress/psoc creator/3.0/psoc creator/import/gnu_cs/arm/4.7.3/bin/../lib/gcc/arm-none-eabi/4.7.3/../../../../arm-none-eabi/lib/armv6-m\libnosys.a
END GROUP
                0x00000000                CY_APPL_ORIGIN = 0x0
                0x00000080                CY_FLASH_ROW_SIZE = 0x80
                0x00000001                CY_APPL_NUM = 0x1
                0x00000040                CY_METADATA_SIZE = 0x40
                0x20000580                PROVIDE (__cy_heap_start, _end)
                0x00000001                PROVIDE (__cy_region_num, ((__cy_regions_end - __cy_regions) / 0x10))
                0x20001000                PROVIDE (__cy_stack, (ORIGIN (ram) + 0x1000))
                0x20000c00                PROVIDE (__cy_heap_end, (__cy_stack - 0x400))

.cybootloader   0x00000000        0x0
 *(.cybootloader)
                0x00000000                appl1_start = CY_APPL_ORIGIN?CY_APPL_ORIGIN:ALIGN (CY_FLASH_ROW_SIZE)
                0x00003f80                appl2_start = (appl1_start + ALIGN ((((0x8000 - appl1_start) - (0x2 * CY_FLASH_ROW_SIZE)) / 0x2), CY_FLASH_ROW_SIZE))
                0x00000000                appl_start = (CY_APPL_NUM == 0x1)?appl1_start:appl2_start

.text           0x00000000     0x78c4
 CREATE_OBJECT_SYMBOLS
                0x00000000                PROVIDE (__cy_interrupt_vector, RomVectors)
 *(.romvectors)
 .romvectors    0x00000000       0x10 .\ARM_GCC_473\Debug\Cm0Start.o
                0x00000000                RomVectors
                0x00000001                ASSERT ((. != __cy_interrupt_vector), No interrupt vector)
                0x00000001                ASSERT (CY_APPL_ORIGIN?(SIZEOF (.cybootloader) <= CY_APPL_ORIGIN):0x1, Wrong image location)
                0x00000010                PROVIDE (__cy_reset, Reset)
 *(.text.Reset)
 .text.Reset    0x00000010        0x8 .\ARM_GCC_473\Debug\Cm0Start.o
                0x00000010                Reset
                0x00000001                ASSERT ((. != __cy_reset), No reset code)
 *(.psocinit)
 .psocinit      0x00000018      0x264 .\ARM_GCC_473\Debug\Simple UART Receive Interrupt.a(cyfitter_cfg.o)
                0x00000168                cyfitter_cfg
                0x0000027c                . = MAX (., 0x100)
 *(.text .text.* .gnu.linkonce.t.*)
 .text          0x0000027c       0x60 c:/program files (x86)/cypress/psoc creator/3.0/psoc creator/import/gnu_cs/arm/4.7.3/bin/../lib/gcc/arm-none-eabi/4.7.3/armv6-m/crtbegin.o
 *fill*         0x000002dc        0x4 00
 .text.main     0x000002e0      0x468 .\ARM_GCC_473\Debug\main.o
                0x000002e0                main
 .text.calibrateOffsets
                0x00000748      0x254 .\ARM_GCC_473\Debug\main.o
                0x00000748                calibrateOffsets
 .text.uartInterrupt
                0x0000099c       0x30 .\ARM_GCC_473\Debug\interrupts.o
                0x0000099c                uartInterrupt
 .text.MPU6050_init
                0x000009cc       0x14 .\ARM_GCC_473\Debug\mpu6050.o
                0x000009cc                MPU6050_init
 .text.MPU6050_initialize
                0x000009e0       0x20 .\ARM_GCC_473\Debug\mpu6050.o
                0x000009e0                MPU6050_initialize
 .text.MPU6050_testConnection
                0x00000a00       0x18 .\ARM_GCC_473\Debug\mpu6050.o
                0x00000a00                MPU6050_testConnection
 .text.MPU6050_setFullScaleGyroRange
                0x00000a18       0x2c .\ARM_GCC_473\Debug\mpu6050.o
                0x00000a18                MPU6050_setFullScaleGyroRange
 .text.MPU6050_setFullScaleAccelRange
                0x00000a44       0x2c .\ARM_GCC_473\Debug\mpu6050.o
                0x00000a44                MPU6050_setFullScaleAccelRange
 .text.MPU6050_getMotion6t
                0x00000a70       0xb8 .\ARM_GCC_473\Debug\mpu6050.o
                0x00000a70                MPU6050_getMotion6t
 .text.MPU6050_setSleepEnabled
                0x00000b28       0x28 .\ARM_GCC_473\Debug\mpu6050.o
                0x00000b28                MPU6050_setSleepEnabled
 .text.MPU6050_setClockSource
                0x00000b50       0x2c .\ARM_GCC_473\Debug\mpu6050.o
                0x00000b50                MPU6050_setClockSource
 .text.MPU6050_getDeviceID
                0x00000b7c       0x2c .\ARM_GCC_473\Debug\mpu6050.o
                0x00000b7c                MPU6050_getDeviceID
 .text.I2CReadBytes
                0x00000ba8       0x94 .\ARM_GCC_473\Debug\i2cFunctions.o
                0x00000ba8                I2CReadBytes
 .text.I2CReadByte
                0x00000c3c       0x30 .\ARM_GCC_473\Debug\i2cFunctions.o
                0x00000c3c                I2CReadByte
 .text.I2CReadBits
                0x00000c6c       0x8c .\ARM_GCC_473\Debug\i2cFunctions.o
                0x00000c6c                I2CReadBits
 .text.I2CWriteBytes
                0x00000cf8       0x74 .\ARM_GCC_473\Debug\i2cFunctions.o
                0x00000cf8                I2CWriteBytes
 .text.I2CWriteByte
                0x00000d6c       0x2c .\ARM_GCC_473\Debug\i2cFunctions.o
                0x00000d6c                I2CWriteByte
 .text.I2CWriteBits
                0x00000d98       0xd8 .\ARM_GCC_473\Debug\i2cFunctions.o
                0x00000d98                I2CWriteBits
 .text.I2CWriteBit
                0x00000e70       0xa0 .\ARM_GCC_473\Debug\i2cFunctions.o
                0x00000e70                I2CWriteBit
 .text.IntDefaultHandler
                0x00000f10        0x8 .\ARM_GCC_473\Debug\Cm0Start.o
                0x00000f10                IntDefaultHandler
 .text.Start_c  0x00000f18       0xa4 .\ARM_GCC_473\Debug\Cm0Start.o
                0x00000f18                Start_c
 .text.initialize_psoc
                0x00000fbc       0x64 .\ARM_GCC_473\Debug\Cm0Start.o
                0x00000fbc                initialize_psoc
 .text.CYMEMZERO
                0x00001020       0x20 .\ARM_GCC_473\Debug\Simple UART Receive Interrupt.a(cyfitter_cfg.o)
 .text.AnalogSetDefault
                0x00001040        0x8 .\ARM_GCC_473\Debug\Simple UART Receive Interrupt.a(cyfitter_cfg.o)
 .text.UART_Init
                0x00001048        0xc .\ARM_GCC_473\Debug\Simple UART Receive Interrupt.a(UART.o)
                0x00001048                UART_Init
 .text.UART_Enable
                0x00001054       0x20 .\ARM_GCC_473\Debug\Simple UART Receive Interrupt.a(UART.o)
                0x00001054                UART_Enable
 .text.UART_Start
                0x00001074       0x24 .\ARM_GCC_473\Debug\Simple UART Receive Interrupt.a(UART.o)
                0x00001074                UART_Start
 .text.UART_ScbEnableIntr
                0x00001098        0x8 .\ARM_GCC_473\Debug\Simple UART Receive Interrupt.a(UART.o)
 .text.UART_UartInit
                0x000010a0       0xa8 .\ARM_GCC_473\Debug\Simple UART Receive Interrupt.a(UART_UART.o)
                0x000010a0                UART_UartInit
 .text.UART_UartGetChar
                0x00001148       0x44 .\ARM_GCC_473\Debug\Simple UART Receive Interrupt.a(UART_UART.o)
                0x00001148                UART_UartGetChar
 .text.UART_UartPutString
                0x0000118c       0x34 .\ARM_GCC_473\Debug\Simple UART Receive Interrupt.a(UART_UART.o)
                0x0000118c                UART_UartPutString
 .text          0x000011c0       0x20 .\ARM_GCC_473\Debug\Simple UART Receive Interrupt.a(CyBootAsmGnu.o)
                0x000011c0                CyDelayCycles
                0x000011d2                CyEnterCriticalSection
                0x000011da                CyExitCriticalSection
 .text.CyIntSetVector
                0x000011e0       0x4c .\ARM_GCC_473\Debug\Simple UART Receive Interrupt.a(CyLib.o)
                0x000011e0                CyIntSetVector
 .text.CyIntSetPriority
                0x0000122c       0xa8 .\ARM_GCC_473\Debug\Simple UART Receive Interrupt.a(CyLib.o)
                0x0000122c                CyIntSetPriority
 .text.CyIntEnable
                0x000012d4       0x2c .\ARM_GCC_473\Debug\Simple UART Receive Interrupt.a(CyLib.o)
                0x000012d4                CyIntEnable
 .text.CyIntDisable
                0x00001300       0x2c .\ARM_GCC_473\Debug\Simple UART Receive Interrupt.a(CyLib.o)
                0x00001300                CyIntDisable
 .text.CyHalt   0x0000132c       0x14 .\ARM_GCC_473\Debug\Simple UART Receive Interrupt.a(CyLib.o)
                0x0000132c                CyHalt
 .text.CyDelay  0x00001340       0x48 .\ARM_GCC_473\Debug\Simple UART Receive Interrupt.a(CyLib.o)
                0x00001340                CyDelay
 .text.CyDelayUs
                0x00001388       0x28 .\ARM_GCC_473\Debug\Simple UART Receive Interrupt.a(CyLib.o)
                0x00001388                CyDelayUs
 .text.TX_LED_Write
                0x000013b0       0x4c .\ARM_GCC_473\Debug\Simple UART Receive Interrupt.a(TX_LED.o)
                0x000013b0                TX_LED_Write
 .text.TX_LED_Read
                0x000013fc       0x1c .\ARM_GCC_473\Debug\Simple UART Receive Interrupt.a(TX_LED.o)
                0x000013fc                TX_LED_Read
 .text.UART_RX_ISR_StartEx
                0x00001418       0x24 .\ARM_GCC_473\Debug\Simple UART Receive Interrupt.a(UART_RX_ISR.o)
                0x00001418                UART_RX_ISR_StartEx
 .text.UART_RX_ISR_SetVector
                0x0000143c       0x18 .\ARM_GCC_473\Debug\Simple UART Receive Interrupt.a(UART_RX_ISR.o)
                0x0000143c                UART_RX_ISR_SetVector
 .text.UART_RX_ISR_SetPriority
                0x00001454       0x50 .\ARM_GCC_473\Debug\Simple UART Receive Interrupt.a(UART_RX_ISR.o)
                0x00001454                UART_RX_ISR_SetPriority
 .text.UART_RX_ISR_Enable
                0x000014a4       0x14 .\ARM_GCC_473\Debug\Simple UART Receive Interrupt.a(UART_RX_ISR.o)
                0x000014a4                UART_RX_ISR_Enable
 .text.UART_RX_ISR_Disable
                0x000014b8       0x14 .\ARM_GCC_473\Debug\Simple UART Receive Interrupt.a(UART_RX_ISR.o)
                0x000014b8                UART_RX_ISR_Disable
 .text.I2C_MPU6050_Init
                0x000014cc        0xc .\ARM_GCC_473\Debug\Simple UART Receive Interrupt.a(I2C_MPU6050.o)
                0x000014cc                I2C_MPU6050_Init
 .text.I2C_MPU6050_Enable
                0x000014d8       0x20 .\ARM_GCC_473\Debug\Simple UART Receive Interrupt.a(I2C_MPU6050.o)
                0x000014d8                I2C_MPU6050_Enable
 .text.I2C_MPU6050_Start
                0x000014f8       0x24 .\ARM_GCC_473\Debug\Simple UART Receive Interrupt.a(I2C_MPU6050.o)
                0x000014f8                I2C_MPU6050_Start
 .text.I2C_MPU6050_ScbEnableIntr
                0x0000151c       0x10 .\ARM_GCC_473\Debug\Simple UART Receive Interrupt.a(I2C_MPU6050.o)
 .text.I2C_MPU6050_I2CInit
                0x0000152c       0xf0 .\ARM_GCC_473\Debug\Simple UART Receive Interrupt.a(I2C_MPU6050_I2C.o)
                0x0000152c                I2C_MPU6050_I2CInit
 .text.I2C_MPU6050_I2CMasterSendStart
                0x0000161c      0x110 .\ARM_GCC_473\Debug\Simple UART Receive Interrupt.a(I2C_MPU6050_I2C_MASTER.o)
                0x0000161c                I2C_MPU6050_I2CMasterSendStart
 .text.I2C_MPU6050_I2CMasterSendRestart
                0x0000172c      0x108 .\ARM_GCC_473\Debug\Simple UART Receive Interrupt.a(I2C_MPU6050_I2C_MASTER.o)
                0x0000172c                I2C_MPU6050_I2CMasterSendRestart
 .text.I2C_MPU6050_I2CMasterSendStop
                0x00001834       0xbc .\ARM_GCC_473\Debug\Simple UART Receive Interrupt.a(I2C_MPU6050_I2C_MASTER.o)
                0x00001834                I2C_MPU6050_I2CMasterSendStop
 .text.I2C_MPU6050_I2CMasterWriteByte
                0x000018f0       0xcc .\ARM_GCC_473\Debug\Simple UART Receive Interrupt.a(I2C_MPU6050_I2C_MASTER.o)
                0x000018f0                I2C_MPU6050_I2CMasterWriteByte
 .text.I2C_MPU6050_I2CMasterReadByte
                0x000019bc       0xac .\ARM_GCC_473\Debug\Simple UART Receive Interrupt.a(I2C_MPU6050_I2C_MASTER.o)
                0x000019bc                I2C_MPU6050_I2CMasterReadByte
 .text.I2C_MPU6050_I2CReStartGeneration
                0x00001a68       0xb4 .\ARM_GCC_473\Debug\Simple UART Receive Interrupt.a(I2C_MPU6050_I2C_MASTER.o)
                0x00001a68                I2C_MPU6050_I2CReStartGeneration
 .text.I2C_MPU6050_sda_Read
                0x00001b1c       0x1c .\ARM_GCC_473\Debug\Simple UART Receive Interrupt.a(I2C_MPU6050_sda.o)
                0x00001b1c                I2C_MPU6050_sda_Read
 .text.I2C_MPU6050_scl_Write
                0x00001b38       0x4c .\ARM_GCC_473\Debug\Simple UART Receive Interrupt.a(I2C_MPU6050_scl.o)
                0x00001b38                I2C_MPU6050_scl_Write
 .text.I2C_MPU6050_scl_Read
                0x00001b84       0x1c .\ARM_GCC_473\Debug\Simple UART Receive Interrupt.a(I2C_MPU6050_scl.o)
                0x00001b84                I2C_MPU6050_scl_Read
 .text.UART_SpiUartReadRxData
                0x00001ba0       0x20 .\ARM_GCC_473\Debug\Simple UART Receive Interrupt.a(UART_SPI_UART.o)
                0x00001ba0                UART_SpiUartReadRxData
 .text.UART_SpiUartGetRxBufferSize
                0x00001bc0       0x20 .\ARM_GCC_473\Debug\Simple UART Receive Interrupt.a(UART_SPI_UART.o)
                0x00001bc0                UART_SpiUartGetRxBufferSize
 .text.UART_SpiUartWriteTxData
                0x00001be0       0x2c .\ARM_GCC_473\Debug\Simple UART Receive Interrupt.a(UART_SPI_UART.o)
                0x00001be0                UART_SpiUartWriteTxData
 .text.I2C_MPU6050_I2C_ISR
                0x00001c0c      0x4e8 .\ARM_GCC_473\Debug\Simple UART Receive Interrupt.a(I2C_MPU6050_I2C_INT.o)
                0x00001c0c                I2C_MPU6050_I2C_ISR
 *fill*         0x000020f4        0x4 00
 .text.sqrt     0x000020f8       0xc0 c:/program files (x86)/cypress/psoc creator/3.0/psoc creator/import/gnu_cs/arm/4.7.3/bin/../lib/gcc/arm-none-eabi/4.7.3/../../../../arm-none-eabi/lib/armv6-m\libm.a(lib_a-w_sqrt.o)
                0x000020f8                sqrt
 .text.atan2f   0x000021b8        0x8 c:/program files (x86)/cypress/psoc creator/3.0/psoc creator/import/gnu_cs/arm/4.7.3/bin/../lib/gcc/arm-none-eabi/4.7.3/../../../../arm-none-eabi/lib/armv6-m\libm.a(lib_a-wf_atan2.o)
                0x000021b8                atan2f
 .text.__ieee754_sqrt
                0x000021c0      0x230 c:/program files (x86)/cypress/psoc creator/3.0/psoc creator/import/gnu_cs/arm/4.7.3/bin/../lib/gcc/arm-none-eabi/4.7.3/../../../../arm-none-eabi/lib/armv6-m\libm.a(lib_a-e_sqrt.o)
                0x000021c0                __ieee754_sqrt
 .text.__ieee754_atan2f
                0x000023f0      0x124 c:/program files (x86)/cypress/psoc creator/3.0/psoc creator/import/gnu_cs/arm/4.7.3/bin/../lib/gcc/arm-none-eabi/4.7.3/../../../../arm-none-eabi/lib/armv6-m\libm.a(lib_a-ef_atan2.o)
                0x000023f0                __ieee754_atan2f
 .text.__fpclassifyd
                0x00002514       0x70 c:/program files (x86)/cypress/psoc creator/3.0/psoc creator/import/gnu_cs/arm/4.7.3/bin/../lib/gcc/arm-none-eabi/4.7.3/../../../../arm-none-eabi/lib/armv6-m\libm.a(lib_a-s_fpclassify.o)
                0x00002514                __fpclassifyd
 .text.matherr  0x00002584        0x4 c:/program files (x86)/cypress/psoc creator/3.0/psoc creator/import/gnu_cs/arm/4.7.3/bin/../lib/gcc/arm-none-eabi/4.7.3/../../../../arm-none-eabi/lib/armv6-m\libm.a(lib_a-s_matherr.o)
                0x00002584                matherr
 .text.atanf    0x00002588      0x24c c:/program files (x86)/cypress/psoc creator/3.0/psoc creator/import/gnu_cs/arm/4.7.3/bin/../lib/gcc/arm-none-eabi/4.7.3/../../../../arm-none-eabi/lib/armv6-m\libm.a(lib_a-sf_atan.o)
                0x00002588                atanf
 .text.fabsf    0x000027d4        0x8 c:/program files (x86)/cypress/psoc creator/3.0/psoc creator/import/gnu_cs/arm/4.7.3/bin/../lib/gcc/arm-none-eabi/4.7.3/../../../../arm-none-eabi/lib/armv6-m\libm.a(lib_a-sf_fabs.o)
                0x000027d4                fabsf
 .text          0x000027dc       0x9c c:/program files (x86)/cypress/psoc creator/3.0/psoc creator/import/gnu_cs/arm/4.7.3/bin/../lib/gcc/arm-none-eabi/4.7.3/armv6-m\libgcc.a(_udivsi3.o)
                0x000027dc                __aeabi_uidiv
                0x000027dc                __udivsi3
                0x00002864                __aeabi_uidivmod
 .text          0x00002878       0xc0 c:/program files (x86)/cypress/psoc creator/3.0/psoc creator/import/gnu_cs/arm/4.7.3/bin/../lib/gcc/arm-none-eabi/4.7.3/armv6-m\libgcc.a(_divsi3.o)
                0x00002878                __divsi3
                0x00002878                __aeabi_idiv
                0x00002924                __aeabi_idivmod
 .text          0x00002938        0x4 c:/program files (x86)/cypress/psoc creator/3.0/psoc creator/import/gnu_cs/arm/4.7.3/bin/../lib/gcc/arm-none-eabi/4.7.3/armv6-m\libgcc.a(_dvmd_tls.o)
                0x00002938                __aeabi_idiv0
                0x00002938                __aeabi_ldiv0
 .text          0x0000293c       0x7c c:/program files (x86)/cypress/psoc creator/3.0/psoc creator/import/gnu_cs/arm/4.7.3/bin/../lib/gcc/arm-none-eabi/4.7.3/armv6-m\libgcc.a(_arm_cmpdf2.o)
                0x0000293c                __aeabi_cdrcmple
                0x0000294c                __aeabi_cdcmple
                0x0000294c                __aeabi_cdcmpeq
                0x0000295c                __aeabi_dcmpeq
                0x00002968                __aeabi_dcmplt
                0x0000297c                __aeabi_dcmple
                0x00002990                __aeabi_dcmpgt
                0x000029a4                __aeabi_dcmpge
 .text          0x000029b8       0x74 c:/program files (x86)/cypress/psoc creator/3.0/psoc creator/import/gnu_cs/arm/4.7.3/bin/../lib/gcc/arm-none-eabi/4.7.3/armv6-m\libgcc.a(_arm_cmpsf2.o)
                0x000029b8                __aeabi_cfrcmple
                0x000029c0                __aeabi_cfcmpeq
                0x000029c0                __aeabi_cfcmple
                0x000029d0                __aeabi_fcmpeq
                0x000029dc                __aeabi_fcmplt
                0x000029f0                __aeabi_fcmple
                0x00002a04                __aeabi_fcmpgt
                0x00002a18                __aeabi_fcmpge
 .text          0x00002a2c      0x3ac c:/program files (x86)/cypress/psoc creator/3.0/psoc creator/import/gnu_cs/arm/4.7.3/bin/../lib/gcc/arm-none-eabi/4.7.3/armv6-m\libgcc.a(addsf3.o)
                0x00002a2c                __aeabi_fadd
 .text          0x00002dd8      0x274 c:/program files (x86)/cypress/psoc creator/3.0/psoc creator/import/gnu_cs/arm/4.7.3/bin/../lib/gcc/arm-none-eabi/4.7.3/armv6-m\libgcc.a(divsf3.o)
                0x00002dd8                __aeabi_fdiv
 .text          0x0000304c       0x50 c:/program files (x86)/cypress/psoc creator/3.0/psoc creator/import/gnu_cs/arm/4.7.3/bin/../lib/gcc/arm-none-eabi/4.7.3/armv6-m\libgcc.a(eqsf2.o)
                0x0000304c                __eqsf2
                0x0000304c                __nesf2
 .text          0x0000309c       0x90 c:/program files (x86)/cypress/psoc creator/3.0/psoc creator/import/gnu_cs/arm/4.7.3/bin/../lib/gcc/arm-none-eabi/4.7.3/armv6-m\libgcc.a(gesf2.o)
                0x0000309c                __gesf2
                0x0000309c                __gtsf2
 .text          0x0000312c       0x90 c:/program files (x86)/cypress/psoc creator/3.0/psoc creator/import/gnu_cs/arm/4.7.3/bin/../lib/gcc/arm-none-eabi/4.7.3/armv6-m\libgcc.a(lesf2.o)
                0x0000312c                __ltsf2
                0x0000312c                __lesf2
 .text          0x000031bc      0x260 c:/program files (x86)/cypress/psoc creator/3.0/psoc creator/import/gnu_cs/arm/4.7.3/bin/../lib/gcc/arm-none-eabi/4.7.3/armv6-m\libgcc.a(mulsf3.o)
                0x000031bc                __aeabi_fmul
 .text          0x0000341c      0x3b4 c:/program files (x86)/cypress/psoc creator/3.0/psoc creator/import/gnu_cs/arm/4.7.3/bin/../lib/gcc/arm-none-eabi/4.7.3/armv6-m\libgcc.a(subsf3.o)
                0x0000341c                __aeabi_fsub
 .text          0x000037d0       0x40 c:/program files (x86)/cypress/psoc creator/3.0/psoc creator/import/gnu_cs/arm/4.7.3/bin/../lib/gcc/arm-none-eabi/4.7.3/armv6-m\libgcc.a(fixsfsi.o)
                0x000037d0                __aeabi_f2iz
 .text          0x00003810       0xa8 c:/program files (x86)/cypress/psoc creator/3.0/psoc creator/import/gnu_cs/arm/4.7.3/bin/../lib/gcc/arm-none-eabi/4.7.3/armv6-m\libgcc.a(floatsisf.o)
                0x00003810                __aeabi_i2f
 .text          0x000038b8      0x760 c:/program files (x86)/cypress/psoc creator/3.0/psoc creator/import/gnu_cs/arm/4.7.3/bin/../lib/gcc/arm-none-eabi/4.7.3/armv6-m\libgcc.a(adddf3.o)
                0x000038b8                __aeabi_dadd
 .text          0x00004018      0x5b8 c:/program files (x86)/cypress/psoc creator/3.0/psoc creator/import/gnu_cs/arm/4.7.3/bin/../lib/gcc/arm-none-eabi/4.7.3/armv6-m\libgcc.a(divdf3.o)
                0x00004018                __aeabi_ddiv
 .text          0x000045d0       0x7c c:/program files (x86)/cypress/psoc creator/3.0/psoc creator/import/gnu_cs/arm/4.7.3/bin/../lib/gcc/arm-none-eabi/4.7.3/armv6-m\libgcc.a(eqdf2.o)
                0x000045d0                __nedf2
                0x000045d0                __eqdf2
 .text          0x0000464c       0xe8 c:/program files (x86)/cypress/psoc creator/3.0/psoc creator/import/gnu_cs/arm/4.7.3/bin/../lib/gcc/arm-none-eabi/4.7.3/armv6-m\libgcc.a(gedf2.o)
                0x0000464c                __gedf2
                0x0000464c                __gtdf2
 .text          0x00004734       0xd8 c:/program files (x86)/cypress/psoc creator/3.0/psoc creator/import/gnu_cs/arm/4.7.3/bin/../lib/gcc/arm-none-eabi/4.7.3/armv6-m\libgcc.a(ledf2.o)
                0x00004734                __ledf2
                0x00004734                __ltdf2
 .text          0x0000480c      0x4e4 c:/program files (x86)/cypress/psoc creator/3.0/psoc creator/import/gnu_cs/arm/4.7.3/bin/../lib/gcc/arm-none-eabi/4.7.3/armv6-m\libgcc.a(muldf3.o)
                0x0000480c                __aeabi_dmul
 .text          0x00004cf0      0x704 c:/program files (x86)/cypress/psoc creator/3.0/psoc creator/import/gnu_cs/arm/4.7.3/bin/../lib/gcc/arm-none-eabi/4.7.3/armv6-m\libgcc.a(subdf3.o)
                0x00004cf0                __aeabi_dsub
 .text          0x000053f4       0xa8 c:/program files (x86)/cypress/psoc creator/3.0/psoc creator/import/gnu_cs/arm/4.7.3/bin/../lib/gcc/arm-none-eabi/4.7.3/armv6-m\libgcc.a(extendsfdf2.o)
                0x000053f4                __aeabi_f2d
 .text          0x0000549c      0x144 c:/program files (x86)/cypress/psoc creator/3.0/psoc creator/import/gnu_cs/arm/4.7.3/bin/../lib/gcc/arm-none-eabi/4.7.3/armv6-m\libgcc.a(truncdfsf2.o)
                0x0000549c                __aeabi_d2f
 .text          0x000055e0       0x3c c:/program files (x86)/cypress/psoc creator/3.0/psoc creator/import/gnu_cs/arm/4.7.3/bin/../lib/gcc/arm-none-eabi/4.7.3/armv6-m\libgcc.a(_clzsi2.o)
                0x000055e0                __clzsi2
 .text.__errno  0x0000561c        0xc c:/program files (x86)/cypress/psoc creator/3.0/psoc creator/import/gnu_cs/arm/4.7.3/bin/../lib/gcc/arm-none-eabi/4.7.3/../../../../arm-none-eabi/lib/armv6-m\libc_s.a(lib_a-errno.o)
                0x0000561c                __errno
 .text.__libc_init_array
                0x00005628       0x4c c:/program files (x86)/cypress/psoc creator/3.0/psoc creator/import/gnu_cs/arm/4.7.3/bin/../lib/gcc/arm-none-eabi/4.7.3/../../../../arm-none-eabi/lib/armv6-m\libc_s.a(lib_a-init.o)
                0x00005628                __libc_init_array
 .text.memcpy   0x00005674       0x12 c:/program files (x86)/cypress/psoc creator/3.0/psoc creator/import/gnu_cs/arm/4.7.3/bin/../lib/gcc/arm-none-eabi/4.7.3/../../../../arm-none-eabi/lib/armv6-m\libc_s.a(lib_a-memcpy.o)
                0x00005674                memcpy
 .text.memset   0x00005686       0x12 c:/program files (x86)/cypress/psoc creator/3.0/psoc creator/import/gnu_cs/arm/4.7.3/bin/../lib/gcc/arm-none-eabi/4.7.3/../../../../arm-none-eabi/lib/armv6-m\libc_s.a(lib_a-memset.o)
                0x00005686                memset
 .text.sprintf  0x00005698       0x44 c:/program files (x86)/cypress/psoc creator/3.0/psoc creator/import/gnu_cs/arm/4.7.3/bin/../lib/gcc/arm-none-eabi/4.7.3/../../../../arm-none-eabi/lib/armv6-m\libc_s.a(lib_a-sprintf.o)
                0x00005698                siprintf
                0x00005698                sprintf
 .text.__ssputc_r
                0x000056dc       0xb0 c:/program files (x86)/cypress/psoc creator/3.0/psoc creator/import/gnu_cs/arm/4.7.3/bin/../lib/gcc/arm-none-eabi/4.7.3/../../../../arm-none-eabi/lib/armv6-m\libc_s.a(lib_a-svfprintf.o)
                0x000056dc                __ssputc_r
 .text._svfprintf_r
                0x0000578c      0x1f8 c:/program files (x86)/cypress/psoc creator/3.0/psoc creator/import/gnu_cs/arm/4.7.3/bin/../lib/gcc/arm-none-eabi/4.7.3/../../../../arm-none-eabi/lib/armv6-m\libc_s.a(lib_a-svfprintf.o)
                0x0000578c                _svfiprintf_r
                0x0000578c                _svfprintf_r
 *fill*         0x00005984        0x4 00
 .text.__cvt    0x00005988       0xd8 c:/program files (x86)/cypress/psoc creator/3.0/psoc creator/import/gnu_cs/arm/4.7.3/bin/../lib/gcc/arm-none-eabi/4.7.3/../../../../arm-none-eabi/lib/armv6-m\libc_s.a(lib_a-vfprintf_float.o)
                0x00005988                __cvt
 .text.__exponent
                0x00005a60       0x6a c:/program files (x86)/cypress/psoc creator/3.0/psoc creator/import/gnu_cs/arm/4.7.3/bin/../lib/gcc/arm-none-eabi/4.7.3/../../../../arm-none-eabi/lib/armv6-m\libc_s.a(lib_a-vfprintf_float.o)
                0x00005a60                __exponent
 *fill*         0x00005aca        0x6 00
 .text._printf_float
                0x00005ad0      0x4c8 c:/program files (x86)/cypress/psoc creator/3.0/psoc creator/import/gnu_cs/arm/4.7.3/bin/../lib/gcc/arm-none-eabi/4.7.3/../../../../arm-none-eabi/lib/armv6-m\libc_s.a(lib_a-vfprintf_float.o)
                0x00005ad0                _printf_float
 .text._printf_common
                0x00005f98       0xe0 c:/program files (x86)/cypress/psoc creator/3.0/psoc creator/import/gnu_cs/arm/4.7.3/bin/../lib/gcc/arm-none-eabi/4.7.3/../../../../arm-none-eabi/lib/armv6-m\libc_s.a(lib_a-vfprintf_i.o)
                0x00005f98                _printf_common
 .text._printf_i
                0x00006078      0x234 c:/program files (x86)/cypress/psoc creator/3.0/psoc creator/import/gnu_cs/arm/4.7.3/bin/../lib/gcc/arm-none-eabi/4.7.3/../../../../arm-none-eabi/lib/armv6-m\libc_s.a(lib_a-vfprintf_i.o)
                0x00006078                _printf_i
 .text.quorem   0x000062ac      0x126 c:/program files (x86)/cypress/psoc creator/3.0/psoc creator/import/gnu_cs/arm/4.7.3/bin/../lib/gcc/arm-none-eabi/4.7.3/../../../../arm-none-eabi/lib/armv6-m\libc_s.a(lib_a-dtoa.o)
 *fill*         0x000063d2        0x6 00
 .text._dtoa_r  0x000063d8      0xb78 c:/program files (x86)/cypress/psoc creator/3.0/psoc creator/import/gnu_cs/arm/4.7.3/bin/../lib/gcc/arm-none-eabi/4.7.3/../../../../arm-none-eabi/lib/armv6-m\libc_s.a(lib_a-dtoa.o)
                0x000063d8                _dtoa_r
 .text._free_r  0x00006f50       0x90 c:/program files (x86)/cypress/psoc creator/3.0/psoc creator/import/gnu_cs/arm/4.7.3/bin/../lib/gcc/arm-none-eabi/4.7.3/../../../../arm-none-eabi/lib/armv6-m\libc_s.a(lib_a-freer.o)
                0x00006f50                _free_r
 .text._localeconv_r
                0x00006fe0        0x8 c:/program files (x86)/cypress/psoc creator/3.0/psoc creator/import/gnu_cs/arm/4.7.3/bin/../lib/gcc/arm-none-eabi/4.7.3/../../../../arm-none-eabi/lib/armv6-m\libc_s.a(lib_a-locale.o)
                0x00006fe0                _localeconv_r
 .text.malloc   0x00006fe8       0x14 c:/program files (x86)/cypress/psoc creator/3.0/psoc creator/import/gnu_cs/arm/4.7.3/bin/../lib/gcc/arm-none-eabi/4.7.3/../../../../arm-none-eabi/lib/armv6-m\libc_s.a(lib_a-malloc.o)
                0x00006fe8                malloc
 .text._malloc_r
                0x00006ffc       0x94 c:/program files (x86)/cypress/psoc creator/3.0/psoc creator/import/gnu_cs/arm/4.7.3/bin/../lib/gcc/arm-none-eabi/4.7.3/../../../../arm-none-eabi/lib/armv6-m\libc_s.a(lib_a-mallocr.o)
                0x00006ffc                _malloc_r
 .text.memchr   0x00007090       0x18 c:/program files (x86)/cypress/psoc creator/3.0/psoc creator/import/gnu_cs/arm/4.7.3/bin/../lib/gcc/arm-none-eabi/4.7.3/../../../../arm-none-eabi/lib/armv6-m\libc_s.a(lib_a-memchr.o)
                0x00007090                memchr
 .text._Balloc  0x000070a8       0x70 c:/program files (x86)/cypress/psoc creator/3.0/psoc creator/import/gnu_cs/arm/4.7.3/bin/../lib/gcc/arm-none-eabi/4.7.3/../../../../arm-none-eabi/lib/armv6-m\libc_s.a(lib_a-mprec.o)
                0x000070a8                _Balloc
 .text._Bfree   0x00007118       0x32 c:/program files (x86)/cypress/psoc creator/3.0/psoc creator/import/gnu_cs/arm/4.7.3/bin/../lib/gcc/arm-none-eabi/4.7.3/../../../../arm-none-eabi/lib/armv6-m\libc_s.a(lib_a-mprec.o)
                0x00007118                _Bfree
 .text.__multadd
                0x0000714a       0x7c c:/program files (x86)/cypress/psoc creator/3.0/psoc creator/import/gnu_cs/arm/4.7.3/bin/../lib/gcc/arm-none-eabi/4.7.3/../../../../arm-none-eabi/lib/armv6-m\libc_s.a(lib_a-mprec.o)
                0x0000714a                __multadd
 .text.__hi0bits
                0x000071c6       0x36 c:/program files (x86)/cypress/psoc creator/3.0/psoc creator/import/gnu_cs/arm/4.7.3/bin/../lib/gcc/arm-none-eabi/4.7.3/../../../../arm-none-eabi/lib/armv6-m\libc_s.a(lib_a-mprec.o)
                0x000071c6                __hi0bits
 .text.__lo0bits
                0x000071fc       0x5c c:/program files (x86)/cypress/psoc creator/3.0/psoc creator/import/gnu_cs/arm/4.7.3/bin/../lib/gcc/arm-none-eabi/4.7.3/../../../../arm-none-eabi/lib/armv6-m\libc_s.a(lib_a-mprec.o)
                0x000071fc                __lo0bits
 .text.__i2b    0x00007258       0x12 c:/program files (x86)/cypress/psoc creator/3.0/psoc creator/import/gnu_cs/arm/4.7.3/bin/../lib/gcc/arm-none-eabi/4.7.3/../../../../arm-none-eabi/lib/armv6-m\libc_s.a(lib_a-mprec.o)
                0x00007258                __i2b
 .text.__multiply
                0x0000726a      0x122 c:/program files (x86)/cypress/psoc creator/3.0/psoc creator/import/gnu_cs/arm/4.7.3/bin/../lib/gcc/arm-none-eabi/4.7.3/../../../../arm-none-eabi/lib/armv6-m\libc_s.a(lib_a-mprec.o)
                0x0000726a                __multiply
 .text.__pow5mult
                0x0000738c       0xa4 c:/program files (x86)/cypress/psoc creator/3.0/psoc creator/import/gnu_cs/arm/4.7.3/bin/../lib/gcc/arm-none-eabi/4.7.3/../../../../arm-none-eabi/lib/armv6-m\libc_s.a(lib_a-mprec.o)
                0x0000738c                __pow5mult
 .text.__lshift
                0x00007430       0xa4 c:/program files (x86)/cypress/psoc creator/3.0/psoc creator/import/gnu_cs/arm/4.7.3/bin/../lib/gcc/arm-none-eabi/4.7.3/../../../../arm-none-eabi/lib/armv6-m\libc_s.a(lib_a-mprec.o)
                0x00007430                __lshift
 .text.__mcmp   0x000074d4       0x38 c:/program files (x86)/cypress/psoc creator/3.0/psoc creator/import/gnu_cs/arm/4.7.3/bin/../lib/gcc/arm-none-eabi/4.7.3/../../../../arm-none-eabi/lib/armv6-m\libc_s.a(lib_a-mprec.o)
                0x000074d4                __mcmp
 .text.__mdiff  0x0000750c       0xce c:/program files (x86)/cypress/psoc creator/3.0/psoc creator/import/gnu_cs/arm/4.7.3/bin/../lib/gcc/arm-none-eabi/4.7.3/../../../../arm-none-eabi/lib/armv6-m\libc_s.a(lib_a-mprec.o)
                0x0000750c                __mdiff
 *fill*         0x000075da        0x2 00
 .text.__d2b    0x000075dc       0xac c:/program files (x86)/cypress/psoc creator/3.0/psoc creator/import/gnu_cs/arm/4.7.3/bin/../lib/gcc/arm-none-eabi/4.7.3/../../../../arm-none-eabi/lib/armv6-m\libc_s.a(lib_a-mprec.o)
                0x000075dc                __d2b
 .text._realloc_r
                0x00007688       0x4c c:/program files (x86)/cypress/psoc creator/3.0/psoc creator/import/gnu_cs/arm/4.7.3/bin/../lib/gcc/arm-none-eabi/4.7.3/../../../../arm-none-eabi/lib/armv6-m\libc_s.a(lib_a-reallocr.o)
                0x00007688                _realloc_r
 .text._sbrk_r  0x000076d4       0x24 c:/program files (x86)/cypress/psoc creator/3.0/psoc creator/import/gnu_cs/arm/4.7.3/bin/../lib/gcc/arm-none-eabi/4.7.3/../../../../arm-none-eabi/lib/armv6-m\libc_s.a(lib_a-sbrkr.o)
                0x000076d4                _sbrk_r
 .text.strlen   0x000076f8        0xe c:/program files (x86)/cypress/psoc creator/3.0/psoc creator/import/gnu_cs/arm/4.7.3/bin/../lib/gcc/arm-none-eabi/4.7.3/../../../../arm-none-eabi/lib/armv6-m\libc_s.a(lib_a-strlen.o)
                0x000076f8                strlen
 .text._calloc_r
                0x00007706       0x1c c:/program files (x86)/cypress/psoc creator/3.0/psoc creator/import/gnu_cs/arm/4.7.3/bin/../lib/gcc/arm-none-eabi/4.7.3/../../../../arm-none-eabi/lib/armv6-m\libc_s.a(lib_a-callocr.o)
                0x00007706                _calloc_r
 .text._malloc_usable_size_r
                0x00007722       0x14 c:/program files (x86)/cypress/psoc creator/3.0/psoc creator/import/gnu_cs/arm/4.7.3/bin/../lib/gcc/arm-none-eabi/4.7.3/../../../../arm-none-eabi/lib/armv6-m\libc_s.a(lib_a-msizer.o)
                0x00007722                _malloc_usable_size_r
 *fill*         0x00007736        0x2 00
 .text          0x00007738       0x14 c:/program files (x86)/cypress/psoc creator/3.0/psoc creator/import/gnu_cs/arm/4.7.3/bin/../lib/gcc/arm-none-eabi/4.7.3/armv6-m\libgcc.a(_thumb1_case_uqi.o)
                0x00007738                __gnu_thumb1_case_uqi
 .text          0x0000774c       0x68 c:/program files (x86)/cypress/psoc creator/3.0/psoc creator/import/gnu_cs/arm/4.7.3/bin/../lib/gcc/arm-none-eabi/4.7.3/armv6-m\libgcc.a(fixdfsi.o)
                0x0000774c                __aeabi_d2iz
 .text          0x000077b4       0x74 c:/program files (x86)/cypress/psoc creator/3.0/psoc creator/import/gnu_cs/arm/4.7.3/bin/../lib/gcc/arm-none-eabi/4.7.3/armv6-m\libgcc.a(floatsidf.o)
                0x000077b4                __aeabi_i2d
 .text          0x00007828       0x64 c:/program files (x86)/cypress/psoc creator/3.0/psoc creator/import/gnu_cs/arm/4.7.3/bin/../lib/gcc/arm-none-eabi/4.7.3/armv6-m\libgcc.a(floatunsidf.o)
                0x00007828                __aeabi_ui2d
 .text._sbrk    0x0000788c       0x38 c:/program files (x86)/cypress/psoc creator/3.0/psoc creator/import/gnu_cs/arm/4.7.3/bin/../lib/gcc/arm-none-eabi/4.7.3/../../../../arm-none-eabi/lib/armv6-m\libnosys.a(sbrk.o)
                0x0000788c                _sbrk
 *(.plt)
 *(.gnu.warning)
 *(.glue_7t)
 .glue_7t       0x00000000        0x0 linker stubs
 *(.glue_7)
 .glue_7        0x00000000        0x0 linker stubs
 *(.vfp11_veneer)
 .vfp11_veneer  0x00000000        0x0 linker stubs
 *(.bootloader)
 *(.ARM.extab* .gnu.linkonce.armextab.*)
 *(.gcc_except_table)

.v4_bx          0x000078c4        0x0
 .v4_bx         0x00000000        0x0 linker stubs

.iplt           0x000078c4        0x0
 .iplt          0x00000000        0x0 c:/program files (x86)/cypress/psoc creator/3.0/psoc creator/import/gnu_cs/arm/4.7.3/bin/../lib/gcc/arm-none-eabi/4.7.3/armv6-m/crtbegin.o

.eh_frame_hdr
 *(.eh_frame_hdr)

.eh_frame       0x000078c4        0x4
 *(.eh_frame)
 .eh_frame      0x000078c4        0x0 c:/program files (x86)/cypress/psoc creator/3.0/psoc creator/import/gnu_cs/arm/4.7.3/bin/../lib/gcc/arm-none-eabi/4.7.3/armv6-m/crtbegin.o
 .eh_frame      0x000078c4        0x4 c:/program files (x86)/cypress/psoc creator/3.0/psoc creator/import/gnu_cs/arm/4.7.3/bin/../lib/gcc/arm-none-eabi/4.7.3/armv6-m/crtend.o
                0x000078c8                PROVIDE (__exidx_start, .)

.ARM.exidx
 *(.ARM.exidx* .gnu.linkonce.armexidx.*)
                0x000078c8                __exidx_end = .

.rodata         0x000078c8      0x3e0
 *(.rodata .rodata.* .gnu.linkonce.r.*)
 .rodata        0x000078c8      0x114 .\ARM_GCC_473\Debug\main.o
 .rodata        0x000079dc       0x10 .\ARM_GCC_473\Debug\Simple UART Receive Interrupt.a(cyfitter_cfg.o)
 .rodata.str1.4
                0x000079ec        0x8 c:/program files (x86)/cypress/psoc creator/3.0/psoc creator/import/gnu_cs/arm/4.7.3/bin/../lib/gcc/arm-none-eabi/4.7.3/../../../../arm-none-eabi/lib/armv6-m\libm.a(lib_a-w_sqrt.o)
 .rodata.atanlo
                0x000079f4       0x10 c:/program files (x86)/cypress/psoc creator/3.0/psoc creator/import/gnu_cs/arm/4.7.3/bin/../lib/gcc/arm-none-eabi/4.7.3/../../../../arm-none-eabi/lib/armv6-m\libm.a(lib_a-sf_atan.o)
 .rodata.atanhi
                0x00007a04       0x10 c:/program files (x86)/cypress/psoc creator/3.0/psoc creator/import/gnu_cs/arm/4.7.3/bin/../lib/gcc/arm-none-eabi/4.7.3/../../../../arm-none-eabi/lib/armv6-m\libm.a(lib_a-sf_atan.o)
 .rodata        0x00007a14       0x40 c:/program files (x86)/cypress/psoc creator/3.0/psoc creator/import/gnu_cs/arm/4.7.3/bin/../lib/gcc/arm-none-eabi/4.7.3/armv6-m\libgcc.a(divsf3.o)
 .rodata        0x00007a54       0x40 c:/program files (x86)/cypress/psoc creator/3.0/psoc creator/import/gnu_cs/arm/4.7.3/bin/../lib/gcc/arm-none-eabi/4.7.3/armv6-m\libgcc.a(mulsf3.o)
 .rodata        0x00007a94       0x40 c:/program files (x86)/cypress/psoc creator/3.0/psoc creator/import/gnu_cs/arm/4.7.3/bin/../lib/gcc/arm-none-eabi/4.7.3/armv6-m\libgcc.a(divdf3.o)
 .rodata        0x00007ad4       0x40 c:/program files (x86)/cypress/psoc creator/3.0/psoc creator/import/gnu_cs/arm/4.7.3/bin/../lib/gcc/arm-none-eabi/4.7.3/armv6-m\libgcc.a(muldf3.o)
 .rodata.str1.1
                0x00007b14        0x2 c:/program files (x86)/cypress/psoc creator/3.0/psoc creator/import/gnu_cs/arm/4.7.3/bin/../lib/gcc/arm-none-eabi/4.7.3/../../../../arm-none-eabi/lib/armv6-m\libc_s.a(lib_a-impure.o)
 .rodata.str1.1
                0x00007b16       0x11 c:/program files (x86)/cypress/psoc creator/3.0/psoc creator/import/gnu_cs/arm/4.7.3/bin/../lib/gcc/arm-none-eabi/4.7.3/../../../../arm-none-eabi/lib/armv6-m\libc_s.a(lib_a-svfprintf.o)
 .rodata.str1.1
                0x00007b27       0x10 c:/program files (x86)/cypress/psoc creator/3.0/psoc creator/import/gnu_cs/arm/4.7.3/bin/../lib/gcc/arm-none-eabi/4.7.3/../../../../arm-none-eabi/lib/armv6-m\libc_s.a(lib_a-vfprintf_float.o)
 .rodata.str1.1
                0x00007b37       0x22 c:/program files (x86)/cypress/psoc creator/3.0/psoc creator/import/gnu_cs/arm/4.7.3/bin/../lib/gcc/arm-none-eabi/4.7.3/../../../../arm-none-eabi/lib/armv6-m\libc_s.a(lib_a-vfprintf_i.o)
 .rodata.str1.1
                0x00007b59        0xf c:/program files (x86)/cypress/psoc creator/3.0/psoc creator/import/gnu_cs/arm/4.7.3/bin/../lib/gcc/arm-none-eabi/4.7.3/../../../../arm-none-eabi/lib/armv6-m\libc_s.a(lib_a-dtoa.o)
 .rodata.str1.1
                0x00007b68        0x8 c:/program files (x86)/cypress/psoc creator/3.0/psoc creator/import/gnu_cs/arm/4.7.3/bin/../lib/gcc/arm-none-eabi/4.7.3/../../../../arm-none-eabi/lib/armv6-m\libc_s.a(lib_a-locale.o)
                                  0xb (size before relaxing)
 .rodata.__mprec_tens
                0x00007b70       0xc8 c:/program files (x86)/cypress/psoc creator/3.0/psoc creator/import/gnu_cs/arm/4.7.3/bin/../lib/gcc/arm-none-eabi/4.7.3/../../../../arm-none-eabi/lib/armv6-m\libc_s.a(lib_a-mprec.o)
                0x00007b70                __mprec_tens
 .rodata.p05.5252
                0x00007c38        0xc c:/program files (x86)/cypress/psoc creator/3.0/psoc creator/import/gnu_cs/arm/4.7.3/bin/../lib/gcc/arm-none-eabi/4.7.3/../../../../arm-none-eabi/lib/armv6-m\libc_s.a(lib_a-mprec.o)
 *fill*         0x00007c44        0x4 00
 .rodata.__mprec_bigtens
                0x00007c48       0x28 c:/program files (x86)/cypress/psoc creator/3.0/psoc creator/import/gnu_cs/arm/4.7.3/bin/../lib/gcc/arm-none-eabi/4.7.3/../../../../arm-none-eabi/lib/armv6-m\libc_s.a(lib_a-mprec.o)
                0x00007c48                __mprec_bigtens
                0x00007c70                . = ALIGN (0x4)
 *(.init)
 .init          0x00007c70        0x4 c:/program files (x86)/cypress/psoc creator/3.0/psoc creator/import/gnu_cs/arm/4.7.3/bin/../lib/gcc/arm-none-eabi/4.7.3/armv6-m/crti.o
                0x00007c70                _init
 .init          0x00007c74        0x8 c:/program files (x86)/cypress/psoc creator/3.0/psoc creator/import/gnu_cs/arm/4.7.3/bin/../lib/gcc/arm-none-eabi/4.7.3/armv6-m/crtn.o
                0x00007c7c                . = ALIGN (0x4)
                0x00007c7c                __preinit_array_start = .
 *(.preinit_array)
                0x00007c7c                __preinit_array_end = .
                0x00007c7c                . = ALIGN (0x4)
                0x00007c7c                __init_array_start = .
 *(SORT(.init_array.*))
 *(.init_array)
 .init_array    0x00007c7c        0x4 c:/program files (x86)/cypress/psoc creator/3.0/psoc creator/import/gnu_cs/arm/4.7.3/bin/../lib/gcc/arm-none-eabi/4.7.3/armv6-m/crtbegin.o
 .init_array    0x00007c80        0x4 .\ARM_GCC_473\Debug\Cm0Start.o
                0x00007c84                __init_array_end = .
                0x00007c84                . = ALIGN (0x4)
 *(.fini)
 .fini          0x00007c84        0x4 c:/program files (x86)/cypress/psoc creator/3.0/psoc creator/import/gnu_cs/arm/4.7.3/bin/../lib/gcc/arm-none-eabi/4.7.3/armv6-m/crti.o
                0x00007c84                _fini
 .fini          0x00007c88        0x8 c:/program files (x86)/cypress/psoc creator/3.0/psoc creator/import/gnu_cs/arm/4.7.3/bin/../lib/gcc/arm-none-eabi/4.7.3/armv6-m/crtn.o
                0x00007c90                . = ALIGN (0x4)
                0x00007c90                __fini_array_start = .
 *(.fini_array)
 .fini_array    0x00007c90        0x4 c:/program files (x86)/cypress/psoc creator/3.0/psoc creator/import/gnu_cs/arm/4.7.3/bin/../lib/gcc/arm-none-eabi/4.7.3/armv6-m/crtbegin.o
 *(SORT(.fini_array.*))
                0x00007c94                __fini_array_end = .
                0x00007c94                . = ALIGN (0x4)
 *crtbegin.o(.ctors)
 *(EXCLUDE_FILE(*crtend.o) .ctors)
 *(SORT(.ctors.*))
 *crtend.o(.ctors)
                0x00007c94                . = ALIGN (0x4)
 *crtbegin.o(.dtors)
 *(EXCLUDE_FILE(*crtend.o) .dtors)
 *(SORT(.dtors.*))
 *crtend.o(.dtors)
                0x00007c94                . = ALIGN (0x4)
                0x00007c94                __cy_regions = .
                0x00007c94        0x4 LONG 0x7ca8 __cy_region_init_ram
                0x00007c98        0x4 LONG 0x200000c8 __cy_region_start_data
                0x00007c9c        0x4 LONG 0xc0 __cy_region_init_size_ram
                0x00007ca0        0x4 LONG 0x3f8 __cy_region_zero_size_ram
                0x00007ca4                __cy_regions_end = .
                0x00007ca8                . = ALIGN (0x8)
 *fill*         0x00007ca4        0x4 00
                0x00007ca8                _etext = .

.ramvectors     0x20000000       0xc0
                0x20000000                __cy_region_start_ram = .
 *(.ramvectors)
 .ramvectors    0x20000000       0xc0 .\ARM_GCC_473\Debug\Cm0Start.o
                0x20000000                CyRamVectors

.noinit         0x200000c0        0x4
 *(.noinit)
 .noinit        0x200000c0        0x4 .\ARM_GCC_473\Debug\Cm0Start.o

.data           0x200000c8       0xc0 load address 0x00007ca8
                0x200000c8                __cy_region_start_data = .
 *(.jcr)
 .jcr           0x200000c8        0x0 c:/program files (x86)/cypress/psoc creator/3.0/psoc creator/import/gnu_cs/arm/4.7.3/bin/../lib/gcc/arm-none-eabi/4.7.3/armv6-m/crtbegin.o
 .jcr           0x200000c8        0x4 c:/program files (x86)/cypress/psoc creator/3.0/psoc creator/import/gnu_cs/arm/4.7.3/bin/../lib/gcc/arm-none-eabi/4.7.3/armv6-m/crtend.o
 *(.got.plt)
 *(.got)
 *(.shdata)
 *(.data .data.* .gnu.linkonce.d.*)
 .data          0x200000cc        0x4 .\ARM_GCC_473\Debug\Simple UART Receive Interrupt.a(cyfitter_cfg.o)
 .data          0x200000d0       0x10 .\ARM_GCC_473\Debug\Simple UART Receive Interrupt.a(CyLib.o)
                0x200000d0                cydelayFreqHz
                0x200000d4                cydelayFreqKhz
                0x200000d8                cydelayFreqMhz
                0x200000dc                cydelay32kMs
 .data.__fdlib_version
                0x200000e0        0x1 c:/program files (x86)/cypress/psoc creator/3.0/psoc creator/import/gnu_cs/arm/4.7.3/bin/../lib/gcc/arm-none-eabi/4.7.3/../../../../arm-none-eabi/lib/armv6-m\libm.a(lib_a-s_lib_ver.o)
                0x200000e0                __fdlib_version
 *fill*         0x200000e1        0x3 00
 .data.impure_data
                0x200000e4       0x64 c:/program files (x86)/cypress/psoc creator/3.0/psoc creator/import/gnu_cs/arm/4.7.3/bin/../lib/gcc/arm-none-eabi/4.7.3/../../../../arm-none-eabi/lib/armv6-m\libc_s.a(lib_a-impure.o)
 .data._impure_ptr
                0x20000148        0x4 c:/program files (x86)/cypress/psoc creator/3.0/psoc creator/import/gnu_cs/arm/4.7.3/bin/../lib/gcc/arm-none-eabi/4.7.3/../../../../arm-none-eabi/lib/armv6-m\libc_s.a(lib_a-impure.o)
                0x20000148                _impure_ptr
 .data.lconv    0x2000014c       0x38 c:/program files (x86)/cypress/psoc creator/3.0/psoc creator/import/gnu_cs/arm/4.7.3/bin/../lib/gcc/arm-none-eabi/4.7.3/../../../../arm-none-eabi/lib/armv6-m\libc_s.a(lib_a-locale.o)
                0x20000188                . = ALIGN (0x8)
 *fill*         0x20000184        0x4 00
 *(.ram)
                0x20000188                _edata = .

.igot.plt       0x20000188        0x0 load address 0x00007d68
 .igot.plt      0x00000000        0x0 c:/program files (x86)/cypress/psoc creator/3.0/psoc creator/import/gnu_cs/arm/4.7.3/bin/../lib/gcc/arm-none-eabi/4.7.3/armv6-m/crtbegin.o

.bss            0x20000188      0x3f8 load address 0x00007d68
                0x20000188                PROVIDE (__bss_start__, .)
 *(.shbss)
 *(.bss .bss.* .gnu.linkonce.b.*)
 .bss           0x20000188       0x1c c:/program files (x86)/cypress/psoc creator/3.0/psoc creator/import/gnu_cs/arm/4.7.3/bin/../lib/gcc/arm-none-eabi/4.7.3/armv6-m/crtbegin.o
 .bss           0x200001a4        0x8 .\ARM_GCC_473\Debug\main.o
                0x200001a4                flag
                0x200001a8                i
 .bss           0x200001ac        0x8 .\ARM_GCC_473\Debug\Simple UART Receive Interrupt.a(UART.o)
                0x200001ac                UART_initVar
                0x200001b0                UART_customIntrHandler
 .bss           0x200001b4        0x8 .\ARM_GCC_473\Debug\Simple UART Receive Interrupt.a(I2C_MPU6050.o)
                0x200001b4                I2C_MPU6050_initVar
                0x200001b8                I2C_MPU6050_customIntrHandler
 .bss.__malloc_free_list
                0x200001bc        0x4 c:/program files (x86)/cypress/psoc creator/3.0/psoc creator/import/gnu_cs/arm/4.7.3/bin/../lib/gcc/arm-none-eabi/4.7.3/../../../../arm-none-eabi/lib/armv6-m\libc_s.a(lib_a-mallocr.o)
                0x200001bc                __malloc_free_list
 .bss.heap_end.4231
                0x200001c0        0x4 c:/program files (x86)/cypress/psoc creator/3.0/psoc creator/import/gnu_cs/arm/4.7.3/bin/../lib/gcc/arm-none-eabi/4.7.3/../../../../arm-none-eabi/lib/armv6-m\libnosys.a(sbrk.o)
 *(COMMON)
 COMMON         0x200001c4      0x392 .\ARM_GCC_473\Debug\main.o
                0x200001c4                Yaw
                0x200001c8                CAY
                0x200001cc                AZoff
                0x200001d0                CGZ
                0x200001d4                GY
                0x200001d8                AY
                0x200001dc                Abuf
                0x200002a4                CAX
                0x200002a8                Roll
                0x200002ac                GXoff
                0x200002b0                GZ
                0x200002b4                CGX
                0x200002b8                RPbuf
                0x20000380                buffer
                0x20000398                AYoff
                0x2000039c                CT
                0x200003a0                AZ
                0x200003a4                GYoff
                0x200003a8                CGY
                0x200003ac                buf
                0x20000474                AXoff
                0x20000478                devAddr
                0x2000047c                GX
                0x20000480                AX
                0x20000484                Pitch
                0x20000488                Gbuf
                0x20000550                GZoff
                0x20000554                CAZ
 COMMON         0x20000556        0x1 .\ARM_GCC_473\Debug\Simple UART Receive Interrupt.a(I2C_MPU6050_I2C.o)
                0x20000556                I2C_MPU6050_state
 *fill*         0x20000557        0x1 00
 COMMON         0x20000558       0x24 .\ARM_GCC_473\Debug\Simple UART Receive Interrupt.a(I2C_MPU6050_I2C_MASTER.o)
                0x20000558                I2C_MPU6050_mstrWrBufIndexTmp
                0x2000055c                I2C_MPU6050_mstrRdBufIndex
                0x20000560                I2C_MPU6050_mstrWrBufSize
                0x20000564                I2C_MPU6050_mstrControl
                0x20000568                I2C_MPU6050_mstrWrBufIndex
                0x2000056c                I2C_MPU6050_mstrWrBufPtr
                0x20000570                I2C_MPU6050_mstrRdBufSize
                0x20000574                I2C_MPU6050_mstrStatus
                0x20000578                I2C_MPU6050_mstrRdBufPtr
 COMMON         0x2000057c        0x4 c:/program files (x86)/cypress/psoc creator/3.0/psoc creator/import/gnu_cs/arm/4.7.3/bin/../lib/gcc/arm-none-eabi/4.7.3/../../../../arm-none-eabi/lib/armv6-m\libc_s.a(lib_a-reent.o)
                0x2000057c                errno
                0x20000580                . = ALIGN (0x8)
 *(.ram.b)
                0x20000580                _end = .
                0x20000580                __end = .
                0x20000580                PROVIDE (end, .)
                0x20000580                PROVIDE (__bss_end__, .)
                0x00007ca8                __cy_region_init_ram = LOADADDR (.data)
                0x000000c0                __cy_region_init_size_ram = (_edata - ADDR (.data))
                0x000003f8                __cy_region_zero_size_ram = (_end - _edata)

.heap           0x20000580      0x100 load address 0x00007d68
                0x20000580                . = _end
                0x20000680                . = (. + 0x100)
 *fill*         0x20000580      0x100 00
                0x20000680                __cy_heap_limit = .

.stack          0x20000c00      0x400
                0x20000c00                __cy_stack_limit = .
                0x20001000                . = (. + 0x400)
 *fill*         0x20000c00      0x400 00
                0x00000001                ASSERT ((__cy_stack_limit >= __cy_heap_limit), region RAM overflowed with stack)

.cyloadermeta
 *(.cyloadermeta)

.cyloadablemeta
 *(.cyloadablemeta)

.cyflashprotect
                0x90400000       0x20
 *(.cyflashprotect)
 .cyflashprotect
                0x90400000       0x20 .\ARM_GCC_473\Debug\cymetadata.o
                0x90400000                cy_meta_flashprotect

.cymeta         0x90500000        0xc
 *(.cymeta)
 .cymeta        0x90500000        0xc .\ARM_GCC_473\Debug\cymetadata.o
                0x90500000                cy_metadata

.cychipprotect  0x90600000        0x4
 *(.cychipprotect)
 .cychipprotect
                0x90600000        0x4 .\ARM_GCC_473\Debug\cymetadata.o
                0x90600000                cy_meta_chipprotect

.rel.dyn        0x00007d68        0x0 load address 0x90600004
 .rel.iplt      0x00000000        0x0 c:/program files (x86)/cypress/psoc creator/3.0/psoc creator/import/gnu_cs/arm/4.7.3/bin/../lib/gcc/arm-none-eabi/4.7.3/armv6-m/crtbegin.o

.stab
 *(.stab)

.stabstr
 *(.stabstr)

.debug
 *(.debug)

.line
 *(.line)

.debug_srcinfo
 *(.debug_srcinfo)

.debug_sfnames
 *(.debug_sfnames)

.debug_aranges  0x00000000      0xeb0
 *(.debug_aranges)
 .debug_aranges
                0x00000000       0x28 .\ARM_GCC_473\Debug\main.o
 .debug_aranges
                0x00000028       0x20 .\ARM_GCC_473\Debug\interrupts.o
 .debug_aranges
                0x00000048      0x838 .\ARM_GCC_473\Debug\mpu6050.o
 .debug_aranges
                0x00000880       0x68 .\ARM_GCC_473\Debug\i2cFunctions.o
 .debug_aranges
                0x000008e8       0x18 .\ARM_GCC_473\Debug\cymetadata.o
 .debug_aranges
                0x00000900       0x40 .\ARM_GCC_473\Debug\Cm0Start.o
 .debug_aranges
                0x00000940       0x50 .\ARM_GCC_473\Debug\Simple UART Receive Interrupt.a(cyfitter_cfg.o)
 .debug_aranges
                0x00000990       0x50 .\ARM_GCC_473\Debug\Simple UART Receive Interrupt.a(UART.o)
 .debug_aranges
                0x000009e0       0x50 .\ARM_GCC_473\Debug\Simple UART Receive Interrupt.a(UART_UART.o)
 .debug_aranges
                0x00000a30       0x20 .\ARM_GCC_473\Debug\Simple UART Receive Interrupt.a(CyBootAsmGnu.o)
 .debug_aranges
                0x00000a50      0x1a0 .\ARM_GCC_473\Debug\Simple UART Receive Interrupt.a(CyLib.o)
 .debug_aranges
                0x00000bf0       0x40 .\ARM_GCC_473\Debug\Simple UART Receive Interrupt.a(TX_LED.o)
 .debug_aranges
                0x00000c30       0x80 .\ARM_GCC_473\Debug\Simple UART Receive Interrupt.a(UART_RX_ISR.o)
 .debug_aranges
                0x00000cb0       0x50 .\ARM_GCC_473\Debug\Simple UART Receive Interrupt.a(I2C_MPU6050.o)
 .debug_aranges
                0x00000d00       0x28 .\ARM_GCC_473\Debug\Simple UART Receive Interrupt.a(I2C_MPU6050_I2C.o)
 .debug_aranges
                0x00000d28       0x88 .\ARM_GCC_473\Debug\Simple UART Receive Interrupt.a(I2C_MPU6050_I2C_MASTER.o)
 .debug_aranges
                0x00000db0       0x40 .\ARM_GCC_473\Debug\Simple UART Receive Interrupt.a(I2C_MPU6050_sda.o)
 .debug_aranges
                0x00000df0       0x40 .\ARM_GCC_473\Debug\Simple UART Receive Interrupt.a(I2C_MPU6050_scl.o)
 .debug_aranges
                0x00000e30       0x60 .\ARM_GCC_473\Debug\Simple UART Receive Interrupt.a(UART_SPI_UART.o)
 .debug_aranges
                0x00000e90       0x20 .\ARM_GCC_473\Debug\Simple UART Receive Interrupt.a(I2C_MPU6050_I2C_INT.o)

.debug_pubnames
 *(.debug_pubnames)

.debug_info     0x00000000     0x56c5
 *(.debug_info .gnu.linkonce.wi.*)
 .debug_info    0x00000000      0x32f .\ARM_GCC_473\Debug\main.o
 .debug_info    0x0000032f       0xe8 .\ARM_GCC_473\Debug\interrupts.o
 .debug_info    0x00000417     0x2602 .\ARM_GCC_473\Debug\mpu6050.o
 .debug_info    0x00002a19      0x432 .\ARM_GCC_473\Debug\i2cFunctions.o
 .debug_info    0x00002e4b      0x100 .\ARM_GCC_473\Debug\cymetadata.o
 .debug_info    0x00002f4b      0x2c0 .\ARM_GCC_473\Debug\Cm0Start.o
 .debug_info    0x0000320b      0x36d .\ARM_GCC_473\Debug\Simple UART Receive Interrupt.a(cyfitter_cfg.o)
 .debug_info    0x00003578      0x197 .\ARM_GCC_473\Debug\Simple UART Receive Interrupt.a(UART.o)
 .debug_info    0x0000370f      0x224 .\ARM_GCC_473\Debug\Simple UART Receive Interrupt.a(UART_UART.o)
 .debug_info    0x00003933       0xac .\ARM_GCC_473\Debug\Simple UART Receive Interrupt.a(CyBootAsmGnu.o)
 .debug_info    0x000039df      0xac5 .\ARM_GCC_473\Debug\Simple UART Receive Interrupt.a(CyLib.o)
 .debug_info    0x000044a4      0x168 .\ARM_GCC_473\Debug\Simple UART Receive Interrupt.a(TX_LED.o)
 .debug_info    0x0000460c      0x288 .\ARM_GCC_473\Debug\Simple UART Receive Interrupt.a(UART_RX_ISR.o)
 .debug_info    0x00004894      0x197 .\ARM_GCC_473\Debug\Simple UART Receive Interrupt.a(I2C_MPU6050.o)
 .debug_info    0x00004a2b      0x12c .\ARM_GCC_473\Debug\Simple UART Receive Interrupt.a(I2C_MPU6050_I2C.o)
 .debug_info    0x00004b57      0x4ba .\ARM_GCC_473\Debug\Simple UART Receive Interrupt.a(I2C_MPU6050_I2C_MASTER.o)
 .debug_info    0x00005011      0x168 .\ARM_GCC_473\Debug\Simple UART Receive Interrupt.a(I2C_MPU6050_sda.o)
 .debug_info    0x00005179      0x168 .\ARM_GCC_473\Debug\Simple UART Receive Interrupt.a(I2C_MPU6050_scl.o)
 .debug_info    0x000052e1      0x23d .\ARM_GCC_473\Debug\Simple UART Receive Interrupt.a(UART_SPI_UART.o)
 .debug_info    0x0000551e      0x1a7 .\ARM_GCC_473\Debug\Simple UART Receive Interrupt.a(I2C_MPU6050_I2C_INT.o)

.debug_abbrev   0x00000000     0x11fd
 *(.debug_abbrev)
 .debug_abbrev  0x00000000       0xc6 .\ARM_GCC_473\Debug\main.o
 .debug_abbrev  0x000000c6       0x7a .\ARM_GCC_473\Debug\interrupts.o
 .debug_abbrev  0x00000140      0x18c .\ARM_GCC_473\Debug\mpu6050.o
 .debug_abbrev  0x000002cc       0xa1 .\ARM_GCC_473\Debug\i2cFunctions.o
 .debug_abbrev  0x0000036d       0x5d .\ARM_GCC_473\Debug\cymetadata.o
 .debug_abbrev  0x000003ca      0x164 .\ARM_GCC_473\Debug\Cm0Start.o
 .debug_abbrev  0x0000052e      0x17b .\ARM_GCC_473\Debug\Simple UART Receive Interrupt.a(cyfitter_cfg.o)
 .debug_abbrev  0x000006a9       0xc5 .\ARM_GCC_473\Debug\Simple UART Receive Interrupt.a(UART.o)
 .debug_abbrev  0x0000076e       0xee .\ARM_GCC_473\Debug\Simple UART Receive Interrupt.a(UART_UART.o)
 .debug_abbrev  0x0000085c       0x14 .\ARM_GCC_473\Debug\Simple UART Receive Interrupt.a(CyBootAsmGnu.o)
 .debug_abbrev  0x00000870      0x1a2 .\ARM_GCC_473\Debug\Simple UART Receive Interrupt.a(CyLib.o)
 .debug_abbrev  0x00000a12       0xac .\ARM_GCC_473\Debug\Simple UART Receive Interrupt.a(TX_LED.o)
 .debug_abbrev  0x00000abe      0x16a .\ARM_GCC_473\Debug\Simple UART Receive Interrupt.a(UART_RX_ISR.o)
 .debug_abbrev  0x00000c28       0xc5 .\ARM_GCC_473\Debug\Simple UART Receive Interrupt.a(I2C_MPU6050.o)
 .debug_abbrev  0x00000ced       0x7a .\ARM_GCC_473\Debug\Simple UART Receive Interrupt.a(I2C_MPU6050_I2C.o)
 .debug_abbrev  0x00000d67      0x156 .\ARM_GCC_473\Debug\Simple UART Receive Interrupt.a(I2C_MPU6050_I2C_MASTER.o)
 .debug_abbrev  0x00000ebd       0xac .\ARM_GCC_473\Debug\Simple UART Receive Interrupt.a(I2C_MPU6050_sda.o)
 .debug_abbrev  0x00000f69       0xac .\ARM_GCC_473\Debug\Simple UART Receive Interrupt.a(I2C_MPU6050_scl.o)
 .debug_abbrev  0x00001015      0x151 .\ARM_GCC_473\Debug\Simple UART Receive Interrupt.a(UART_SPI_UART.o)
 .debug_abbrev  0x00001166       0x97 .\ARM_GCC_473\Debug\Simple UART Receive Interrupt.a(I2C_MPU6050_I2C_INT.o)

.debug_line     0x00000000     0x2de9
 *(.debug_line)
 .debug_line    0x00000000      0x1c1 .\ARM_GCC_473\Debug\main.o
 .debug_line    0x000001c1       0x69 .\ARM_GCC_473\Debug\interrupts.o
 .debug_line    0x0000022a     0x1478 .\ARM_GCC_473\Debug\mpu6050.o
 .debug_line    0x000016a2      0x1cf .\ARM_GCC_473\Debug\i2cFunctions.o
 .debug_line    0x00001871       0x53 .\ARM_GCC_473\Debug\cymetadata.o
 .debug_line    0x000018c4      0x19b .\ARM_GCC_473\Debug\Cm0Start.o
 .debug_line    0x00001a5f      0x188 .\ARM_GCC_473\Debug\Simple UART Receive Interrupt.a(cyfitter_cfg.o)
 .debug_line    0x00001be7       0xd6 .\ARM_GCC_473\Debug\Simple UART Receive Interrupt.a(UART.o)
 .debug_line    0x00001cbd      0x101 .\ARM_GCC_473\Debug\Simple UART Receive Interrupt.a(UART_UART.o)
 .debug_line    0x00001dbe       0x68 .\ARM_GCC_473\Debug\Simple UART Receive Interrupt.a(CyBootAsmGnu.o)
 .debug_line    0x00001e26      0x541 .\ARM_GCC_473\Debug\Simple UART Receive Interrupt.a(CyLib.o)
 .debug_line    0x00002367       0xac .\ARM_GCC_473\Debug\Simple UART Receive Interrupt.a(TX_LED.o)
 .debug_line    0x00002413      0x15c .\ARM_GCC_473\Debug\Simple UART Receive Interrupt.a(UART_RX_ISR.o)
 .debug_line    0x0000256f       0xe3 .\ARM_GCC_473\Debug\Simple UART Receive Interrupt.a(I2C_MPU6050.o)
 .debug_line    0x00002652       0xad .\ARM_GCC_473\Debug\Simple UART Receive Interrupt.a(I2C_MPU6050_I2C.o)
 .debug_line    0x000026ff      0x2a8 .\ARM_GCC_473\Debug\Simple UART Receive Interrupt.a(I2C_MPU6050_I2C_MASTER.o)
 .debug_line    0x000029a7       0xb5 .\ARM_GCC_473\Debug\Simple UART Receive Interrupt.a(I2C_MPU6050_sda.o)
 .debug_line    0x00002a5c       0xb5 .\ARM_GCC_473\Debug\Simple UART Receive Interrupt.a(I2C_MPU6050_scl.o)
 .debug_line    0x00002b11      0x125 .\ARM_GCC_473\Debug\Simple UART Receive Interrupt.a(UART_SPI_UART.o)
 .debug_line    0x00002c36      0x1b3 .\ARM_GCC_473\Debug\Simple UART Receive Interrupt.a(I2C_MPU6050_I2C_INT.o)

.debug_frame    0x00000000     0x3ffc
 *(.debug_frame)
 .debug_frame   0x00000000       0x6c .\ARM_GCC_473\Debug\main.o
 .debug_frame   0x0000006c       0x30 .\ARM_GCC_473\Debug\interrupts.o
 .debug_frame   0x0000009c     0x1ea4 .\ARM_GCC_473\Debug\mpu6050.o
 .debug_frame   0x00001f40      0x15c .\ARM_GCC_473\Debug\i2cFunctions.o
 .debug_frame   0x0000209c       0xa8 .\ARM_GCC_473\Debug\Cm0Start.o
 .debug_frame   0x00002144       0xe8 .\ARM_GCC_473\Debug\Simple UART Receive Interrupt.a(cyfitter_cfg.o)
 .debug_frame   0x0000222c       0xd8 .\ARM_GCC_473\Debug\Simple UART Receive Interrupt.a(UART.o)
 .debug_frame   0x00002304       0xec .\ARM_GCC_473\Debug\Simple UART Receive Interrupt.a(UART_UART.o)
 .debug_frame   0x000023f0      0x628 .\ARM_GCC_473\Debug\Simple UART Receive Interrupt.a(CyLib.o)
 .debug_frame   0x00002a18       0xa8 .\ARM_GCC_473\Debug\Simple UART Receive Interrupt.a(TX_LED.o)
 .debug_frame   0x00002ac0      0x190 .\ARM_GCC_473\Debug\Simple UART Receive Interrupt.a(UART_RX_ISR.o)
 .debug_frame   0x00002c50       0xd8 .\ARM_GCC_473\Debug\Simple UART Receive Interrupt.a(I2C_MPU6050.o)
 .debug_frame   0x00002d28       0x48 .\ARM_GCC_473\Debug\Simple UART Receive Interrupt.a(I2C_MPU6050_I2C.o)
 .debug_frame   0x00002d70      0x1c0 .\ARM_GCC_473\Debug\Simple UART Receive Interrupt.a(I2C_MPU6050_I2C_MASTER.o)
 .debug_frame   0x00002f30       0xa8 .\ARM_GCC_473\Debug\Simple UART Receive Interrupt.a(I2C_MPU6050_sda.o)
 .debug_frame   0x00002fd8       0xa8 .\ARM_GCC_473\Debug\Simple UART Receive Interrupt.a(I2C_MPU6050_scl.o)
 .debug_frame   0x00003080      0x128 .\ARM_GCC_473\Debug\Simple UART Receive Interrupt.a(UART_SPI_UART.o)
 .debug_frame   0x000031a8       0x30 .\ARM_GCC_473\Debug\Simple UART Receive Interrupt.a(I2C_MPU6050_I2C_INT.o)
 .debug_frame   0x000031d8       0x38 c:/program files (x86)/cypress/psoc creator/3.0/psoc creator/import/gnu_cs/arm/4.7.3/bin/../lib/gcc/arm-none-eabi/4.7.3/../../../../arm-none-eabi/lib/armv6-m\libm.a(lib_a-w_sqrt.o)
 .debug_frame   0x00003210       0x28 c:/program files (x86)/cypress/psoc creator/3.0/psoc creator/import/gnu_cs/arm/4.7.3/bin/../lib/gcc/arm-none-eabi/4.7.3/../../../../arm-none-eabi/lib/armv6-m\libm.a(lib_a-wf_atan2.o)
 .debug_frame   0x00003238       0x3c c:/program files (x86)/cypress/psoc creator/3.0/psoc creator/import/gnu_cs/arm/4.7.3/bin/../lib/gcc/arm-none-eabi/4.7.3/../../../../arm-none-eabi/lib/armv6-m\libm.a(lib_a-e_sqrt.o)
 .debug_frame   0x00003274       0x38 c:/program files (x86)/cypress/psoc creator/3.0/psoc creator/import/gnu_cs/arm/4.7.3/bin/../lib/gcc/arm-none-eabi/4.7.3/../../../../arm-none-eabi/lib/armv6-m\libm.a(lib_a-ef_atan2.o)
 .debug_frame   0x000032ac       0x2c c:/program files (x86)/cypress/psoc creator/3.0/psoc creator/import/gnu_cs/arm/4.7.3/bin/../lib/gcc/arm-none-eabi/4.7.3/../../../../arm-none-eabi/lib/armv6-m\libm.a(lib_a-s_fpclassify.o)
 .debug_frame   0x000032d8       0x20 c:/program files (x86)/cypress/psoc creator/3.0/psoc creator/import/gnu_cs/arm/4.7.3/bin/../lib/gcc/arm-none-eabi/4.7.3/../../../../arm-none-eabi/lib/armv6-m\libm.a(lib_a-s_matherr.o)
 .debug_frame   0x000032f8       0x34 c:/program files (x86)/cypress/psoc creator/3.0/psoc creator/import/gnu_cs/arm/4.7.3/bin/../lib/gcc/arm-none-eabi/4.7.3/../../../../arm-none-eabi/lib/armv6-m\libm.a(lib_a-sf_atan.o)
 .debug_frame   0x0000332c       0x20 c:/program files (x86)/cypress/psoc creator/3.0/psoc creator/import/gnu_cs/arm/4.7.3/bin/../lib/gcc/arm-none-eabi/4.7.3/../../../../arm-none-eabi/lib/armv6-m\libm.a(lib_a-sf_fabs.o)
 .debug_frame   0x0000334c       0x20 c:/program files (x86)/cypress/psoc creator/3.0/psoc creator/import/gnu_cs/arm/4.7.3/bin/../lib/gcc/arm-none-eabi/4.7.3/armv6-m\libgcc.a(_udivsi3.o)
 .debug_frame   0x0000336c       0x20 c:/program files (x86)/cypress/psoc creator/3.0/psoc creator/import/gnu_cs/arm/4.7.3/bin/../lib/gcc/arm-none-eabi/4.7.3/armv6-m\libgcc.a(_divsi3.o)
 .debug_frame   0x0000338c       0x30 c:/program files (x86)/cypress/psoc creator/3.0/psoc creator/import/gnu_cs/arm/4.7.3/bin/../lib/gcc/arm-none-eabi/4.7.3/armv6-m\libgcc.a(addsf3.o)
 .debug_frame   0x000033bc       0x3c c:/program files (x86)/cypress/psoc creator/3.0/psoc creator/import/gnu_cs/arm/4.7.3/bin/../lib/gcc/arm-none-eabi/4.7.3/armv6-m\libgcc.a(divsf3.o)
 .debug_frame   0x000033f8       0x2c c:/program files (x86)/cypress/psoc creator/3.0/psoc creator/import/gnu_cs/arm/4.7.3/bin/../lib/gcc/arm-none-eabi/4.7.3/armv6-m\libgcc.a(eqsf2.o)
 .debug_frame   0x00003424       0x30 c:/program files (x86)/cypress/psoc creator/3.0/psoc creator/import/gnu_cs/arm/4.7.3/bin/../lib/gcc/arm-none-eabi/4.7.3/armv6-m\libgcc.a(gesf2.o)
 .debug_frame   0x00003454       0x30 c:/program files (x86)/cypress/psoc creator/3.0/psoc creator/import/gnu_cs/arm/4.7.3/bin/../lib/gcc/arm-none-eabi/4.7.3/armv6-m\libgcc.a(lesf2.o)
 .debug_frame   0x00003484       0x3c c:/program files (x86)/cypress/psoc creator/3.0/psoc creator/import/gnu_cs/arm/4.7.3/bin/../lib/gcc/arm-none-eabi/4.7.3/armv6-m\libgcc.a(mulsf3.o)
 .debug_frame   0x000034c0       0x30 c:/program files (x86)/cypress/psoc creator/3.0/psoc creator/import/gnu_cs/arm/4.7.3/bin/../lib/gcc/arm-none-eabi/4.7.3/armv6-m\libgcc.a(subsf3.o)
 .debug_frame   0x000034f0       0x28 c:/program files (x86)/cypress/psoc creator/3.0/psoc creator/import/gnu_cs/arm/4.7.3/bin/../lib/gcc/arm-none-eabi/4.7.3/armv6-m\libgcc.a(fixsfsi.o)
 .debug_frame   0x00003518       0x2c c:/program files (x86)/cypress/psoc creator/3.0/psoc creator/import/gnu_cs/arm/4.7.3/bin/../lib/gcc/arm-none-eabi/4.7.3/armv6-m\libgcc.a(floatsisf.o)
 .debug_frame   0x00003544       0x3c c:/program files (x86)/cypress/psoc creator/3.0/psoc creator/import/gnu_cs/arm/4.7.3/bin/../lib/gcc/arm-none-eabi/4.7.3/armv6-m\libgcc.a(adddf3.o)
 .debug_frame   0x00003580       0x3c c:/program files (x86)/cypress/psoc creator/3.0/psoc creator/import/gnu_cs/arm/4.7.3/bin/../lib/gcc/arm-none-eabi/4.7.3/armv6-m\libgcc.a(divdf3.o)
 .debug_frame   0x000035bc       0x34 c:/program files (x86)/cypress/psoc creator/3.0/psoc creator/import/gnu_cs/arm/4.7.3/bin/../lib/gcc/arm-none-eabi/4.7.3/armv6-m\libgcc.a(eqdf2.o)
 .debug_frame   0x000035f0       0x38 c:/program files (x86)/cypress/psoc creator/3.0/psoc creator/import/gnu_cs/arm/4.7.3/bin/../lib/gcc/arm-none-eabi/4.7.3/armv6-m\libgcc.a(gedf2.o)
 .debug_frame   0x00003628       0x38 c:/program files (x86)/cypress/psoc creator/3.0/psoc creator/import/gnu_cs/arm/4.7.3/bin/../lib/gcc/arm-none-eabi/4.7.3/armv6-m\libgcc.a(ledf2.o)
 .debug_frame   0x00003660       0x3c c:/program files (x86)/cypress/psoc creator/3.0/psoc creator/import/gnu_cs/arm/4.7.3/bin/../lib/gcc/arm-none-eabi/4.7.3/armv6-m\libgcc.a(muldf3.o)
 .debug_frame   0x0000369c       0x38 c:/program files (x86)/cypress/psoc creator/3.0/psoc creator/import/gnu_cs/arm/4.7.3/bin/../lib/gcc/arm-none-eabi/4.7.3/armv6-m\libgcc.a(subdf3.o)
 .debug_frame   0x000036d4       0x2c c:/program files (x86)/cypress/psoc creator/3.0/psoc creator/import/gnu_cs/arm/4.7.3/bin/../lib/gcc/arm-none-eabi/4.7.3/armv6-m\libgcc.a(extendsfdf2.o)
 .debug_frame   0x00003700       0x30 c:/program files (x86)/cypress/psoc creator/3.0/psoc creator/import/gnu_cs/arm/4.7.3/bin/../lib/gcc/arm-none-eabi/4.7.3/armv6-m\libgcc.a(truncdfsf2.o)
 .debug_frame   0x00003730       0x28 c:/program files (x86)/cypress/psoc creator/3.0/psoc creator/import/gnu_cs/arm/4.7.3/bin/../lib/gcc/arm-none-eabi/4.7.3/../../../../arm-none-eabi/lib/armv6-m\libc_s.a(lib_a-__atexit2.o)
 .debug_frame   0x00003758       0x20 c:/program files (x86)/cypress/psoc creator/3.0/psoc creator/import/gnu_cs/arm/4.7.3/bin/../lib/gcc/arm-none-eabi/4.7.3/../../../../arm-none-eabi/lib/armv6-m\libc_s.a(lib_a-errno.o)
 .debug_frame   0x00003778       0x28 c:/program files (x86)/cypress/psoc creator/3.0/psoc creator/import/gnu_cs/arm/4.7.3/bin/../lib/gcc/arm-none-eabi/4.7.3/../../../../arm-none-eabi/lib/armv6-m\libc_s.a(lib_a-exit.o)
 .debug_frame   0x000037a0       0x2c c:/program files (x86)/cypress/psoc creator/3.0/psoc creator/import/gnu_cs/arm/4.7.3/bin/../lib/gcc/arm-none-eabi/4.7.3/../../../../arm-none-eabi/lib/armv6-m\libc_s.a(lib_a-fini.o)
 .debug_frame   0x000037cc       0x2c c:/program files (x86)/cypress/psoc creator/3.0/psoc creator/import/gnu_cs/arm/4.7.3/bin/../lib/gcc/arm-none-eabi/4.7.3/../../../../arm-none-eabi/lib/armv6-m\libc_s.a(lib_a-init.o)
 .debug_frame   0x000037f8       0x28 c:/program files (x86)/cypress/psoc creator/3.0/psoc creator/import/gnu_cs/arm/4.7.3/bin/../lib/gcc/arm-none-eabi/4.7.3/../../../../arm-none-eabi/lib/armv6-m\libc_s.a(lib_a-memcpy.o)
 .debug_frame   0x00003820       0x28 c:/program files (x86)/cypress/psoc creator/3.0/psoc creator/import/gnu_cs/arm/4.7.3/bin/../lib/gcc/arm-none-eabi/4.7.3/../../../../arm-none-eabi/lib/armv6-m\libc_s.a(lib_a-memset.o)
 .debug_frame   0x00003848       0x4c c:/program files (x86)/cypress/psoc creator/3.0/psoc creator/import/gnu_cs/arm/4.7.3/bin/../lib/gcc/arm-none-eabi/4.7.3/../../../../arm-none-eabi/lib/armv6-m\libc_s.a(lib_a-sprintf.o)
 .debug_frame   0x00003894       0x78 c:/program files (x86)/cypress/psoc creator/3.0/psoc creator/import/gnu_cs/arm/4.7.3/bin/../lib/gcc/arm-none-eabi/4.7.3/../../../../arm-none-eabi/lib/armv6-m\libc_s.a(lib_a-svfprintf.o)
 .debug_frame   0x0000390c       0x70 c:/program files (x86)/cypress/psoc creator/3.0/psoc creator/import/gnu_cs/arm/4.7.3/bin/../lib/gcc/arm-none-eabi/4.7.3/../../../../arm-none-eabi/lib/armv6-m\libc_s.a(lib_a-vfprintf_float.o)
 .debug_frame   0x0000397c       0x54 c:/program files (x86)/cypress/psoc creator/3.0/psoc creator/import/gnu_cs/arm/4.7.3/bin/../lib/gcc/arm-none-eabi/4.7.3/../../../../arm-none-eabi/lib/armv6-m\libc_s.a(lib_a-vfprintf_i.o)
 .debug_frame   0x000039d0       0x54 c:/program files (x86)/cypress/psoc creator/3.0/psoc creator/import/gnu_cs/arm/4.7.3/bin/../lib/gcc/arm-none-eabi/4.7.3/../../../../arm-none-eabi/lib/armv6-m\libc_s.a(lib_a-dtoa.o)
 .debug_frame   0x00003a24       0x2c c:/program files (x86)/cypress/psoc creator/3.0/psoc creator/import/gnu_cs/arm/4.7.3/bin/../lib/gcc/arm-none-eabi/4.7.3/../../../../arm-none-eabi/lib/armv6-m\libc_s.a(lib_a-freer.o)
 .debug_frame   0x00003a50       0xa4 c:/program files (x86)/cypress/psoc creator/3.0/psoc creator/import/gnu_cs/arm/4.7.3/bin/../lib/gcc/arm-none-eabi/4.7.3/../../../../arm-none-eabi/lib/armv6-m\libc_s.a(lib_a-locale.o)
 .debug_frame   0x00003af4       0x40 c:/program files (x86)/cypress/psoc creator/3.0/psoc creator/import/gnu_cs/arm/4.7.3/bin/../lib/gcc/arm-none-eabi/4.7.3/../../../../arm-none-eabi/lib/armv6-m\libc_s.a(lib_a-malloc.o)
 .debug_frame   0x00003b34       0x2c c:/program files (x86)/cypress/psoc creator/3.0/psoc creator/import/gnu_cs/arm/4.7.3/bin/../lib/gcc/arm-none-eabi/4.7.3/../../../../arm-none-eabi/lib/armv6-m\libc_s.a(lib_a-mallocr.o)
 .debug_frame   0x00003b60       0x28 c:/program files (x86)/cypress/psoc creator/3.0/psoc creator/import/gnu_cs/arm/4.7.3/bin/../lib/gcc/arm-none-eabi/4.7.3/../../../../arm-none-eabi/lib/armv6-m\libc_s.a(lib_a-memchr.o)
 .debug_frame   0x00003b88       0x2c c:/program files (x86)/cypress/psoc creator/3.0/psoc creator/import/gnu_cs/arm/4.7.3/bin/../lib/gcc/arm-none-eabi/4.7.3/../../../../arm-none-eabi/lib/armv6-m\libc_s.a(lib_a-memmove.o)
 .debug_frame   0x00003bb4      0x244 c:/program files (x86)/cypress/psoc creator/3.0/psoc creator/import/gnu_cs/arm/4.7.3/bin/../lib/gcc/arm-none-eabi/4.7.3/../../../../arm-none-eabi/lib/armv6-m\libc_s.a(lib_a-mprec.o)
 .debug_frame   0x00003df8       0x30 c:/program files (x86)/cypress/psoc creator/3.0/psoc creator/import/gnu_cs/arm/4.7.3/bin/../lib/gcc/arm-none-eabi/4.7.3/../../../../arm-none-eabi/lib/armv6-m\libc_s.a(lib_a-reallocr.o)
 .debug_frame   0x00003e28       0x2c c:/program files (x86)/cypress/psoc creator/3.0/psoc creator/import/gnu_cs/arm/4.7.3/bin/../lib/gcc/arm-none-eabi/4.7.3/../../../../arm-none-eabi/lib/armv6-m\libc_s.a(lib_a-sbrkr.o)
 .debug_frame   0x00003e54       0x20 c:/program files (x86)/cypress/psoc creator/3.0/psoc creator/import/gnu_cs/arm/4.7.3/bin/../lib/gcc/arm-none-eabi/4.7.3/../../../../arm-none-eabi/lib/armv6-m\libc_s.a(lib_a-strcmp.o)
 .debug_frame   0x00003e74       0x20 c:/program files (x86)/cypress/psoc creator/3.0/psoc creator/import/gnu_cs/arm/4.7.3/bin/../lib/gcc/arm-none-eabi/4.7.3/../../../../arm-none-eabi/lib/armv6-m\libc_s.a(lib_a-strlen.o)
 .debug_frame   0x00003e94       0x2c c:/program files (x86)/cypress/psoc creator/3.0/psoc creator/import/gnu_cs/arm/4.7.3/bin/../lib/gcc/arm-none-eabi/4.7.3/../../../../arm-none-eabi/lib/armv6-m\libc_s.a(lib_a-callocr.o)
 .debug_frame   0x00003ec0       0x28 c:/program files (x86)/cypress/psoc creator/3.0/psoc creator/import/gnu_cs/arm/4.7.3/bin/../lib/gcc/arm-none-eabi/4.7.3/../../../../arm-none-eabi/lib/armv6-m\libc_s.a(lib_a-msizer.o)
 .debug_frame   0x00003ee8       0x64 c:/program files (x86)/cypress/psoc creator/3.0/psoc creator/import/gnu_cs/arm/4.7.3/bin/../lib/gcc/arm-none-eabi/4.7.3/../../../../arm-none-eabi/lib/armv6-m\libc_s.a(lib_a-reent.o)
 .debug_frame   0x00003f4c       0x2c c:/program files (x86)/cypress/psoc creator/3.0/psoc creator/import/gnu_cs/arm/4.7.3/bin/../lib/gcc/arm-none-eabi/4.7.3/armv6-m\libgcc.a(fixdfsi.o)
 .debug_frame   0x00003f78       0x30 c:/program files (x86)/cypress/psoc creator/3.0/psoc creator/import/gnu_cs/arm/4.7.3/bin/../lib/gcc/arm-none-eabi/4.7.3/armv6-m\libgcc.a(floatsidf.o)
 .debug_frame   0x00003fa8       0x2c c:/program files (x86)/cypress/psoc creator/3.0/psoc creator/import/gnu_cs/arm/4.7.3/bin/../lib/gcc/arm-none-eabi/4.7.3/armv6-m\libgcc.a(floatunsidf.o)
 .debug_frame   0x00003fd4       0x28 c:/program files (x86)/cypress/psoc creator/3.0/psoc creator/import/gnu_cs/arm/4.7.3/bin/../lib/gcc/arm-none-eabi/4.7.3/../../../../arm-none-eabi/lib/armv6-m\libnosys.a(sbrk.o)

.debug_str      0x00000000     0x31a6
 *(.debug_str)
 .debug_str     0x00000000      0x190 .\ARM_GCC_473\Debug\main.o
                                0x1d8 (size before relaxing)
 .debug_str     0x00000190       0x31 .\ARM_GCC_473\Debug\interrupts.o
                                0x180 (size before relaxing)
 .debug_str     0x000001c1     0x1cce .\ARM_GCC_473\Debug\mpu6050.o
                               0x1e3a (size before relaxing)
 .debug_str     0x00001e8f       0xb3 .\ARM_GCC_473\Debug\i2cFunctions.o
                                0x217 (size before relaxing)
 .debug_str     0x00001f42       0x5b .\ARM_GCC_473\Debug\cymetadata.o
                                0x1a5 (size before relaxing)
 .debug_str     0x00001f9d      0x105 .\ARM_GCC_473\Debug\Cm0Start.o
                                0x26e (size before relaxing)
 .debug_str     0x000020a2      0x141 .\ARM_GCC_473\Debug\Simple UART Receive Interrupt.a(cyfitter_cfg.o)
                                0x2b2 (size before relaxing)
 .debug_str     0x000021e3       0xb7 .\ARM_GCC_473\Debug\Simple UART Receive Interrupt.a(UART.o)
                                0x21b (size before relaxing)
 .debug_str     0x0000229a       0xfe .\ARM_GCC_473\Debug\Simple UART Receive Interrupt.a(UART_UART.o)
                                0x257 (size before relaxing)
 .debug_str     0x00002398      0x4e3 .\ARM_GCC_473\Debug\Simple UART Receive Interrupt.a(CyLib.o)
                                0x681 (size before relaxing)
 .debug_str     0x0000287b       0x8b .\ARM_GCC_473\Debug\Simple UART Receive Interrupt.a(TX_LED.o)
                                0x1e4 (size before relaxing)
 .debug_str     0x00002906      0x14b .\ARM_GCC_473\Debug\Simple UART Receive Interrupt.a(UART_RX_ISR.o)
                                0x2dc (size before relaxing)
 .debug_str     0x00002a51       0xf8 .\ARM_GCC_473\Debug\Simple UART Receive Interrupt.a(I2C_MPU6050.o)
                                0x261 (size before relaxing)
 .debug_str     0x00002b49       0xb2 .\ARM_GCC_473\Debug\Simple UART Receive Interrupt.a(I2C_MPU6050_I2C.o)
                                0x210 (size before relaxing)
 .debug_str     0x00002bfb      0x2d4 .\ARM_GCC_473\Debug\Simple UART Receive Interrupt.a(I2C_MPU6050_I2C_MASTER.o)
                                0x49d (size before relaxing)
 .debug_str     0x00002ecf       0xae .\ARM_GCC_473\Debug\Simple UART Receive Interrupt.a(I2C_MPU6050_sda.o)
                                0x21a (size before relaxing)
 .debug_str     0x00002f7d       0xae .\ARM_GCC_473\Debug\Simple UART Receive Interrupt.a(I2C_MPU6050_scl.o)
                                0x21a (size before relaxing)
 .debug_str     0x0000302b      0x122 .\ARM_GCC_473\Debug\Simple UART Receive Interrupt.a(UART_SPI_UART.o)
                                0x299 (size before relaxing)
 .debug_str     0x0000314d       0x59 .\ARM_GCC_473\Debug\Simple UART Receive Interrupt.a(I2C_MPU6050_I2C_INT.o)
                                0x2dd (size before relaxing)

.debug_loc      0x00000000     0x515d
 *(.debug_loc)
 .debug_loc     0x00000000       0x7d .\ARM_GCC_473\Debug\main.o
 .debug_loc     0x0000007d       0x38 .\ARM_GCC_473\Debug\interrupts.o
 .debug_loc     0x000000b5     0x331c .\ARM_GCC_473\Debug\mpu6050.o
 .debug_loc     0x000033d1      0x230 .\ARM_GCC_473\Debug\i2cFunctions.o
 .debug_loc     0x00003601      0x100 .\ARM_GCC_473\Debug\Cm0Start.o
 .debug_loc     0x00003701      0x170 .\ARM_GCC_473\Debug\Simple UART Receive Interrupt.a(cyfitter_cfg.o)
 .debug_loc     0x00003871      0x140 .\ARM_GCC_473\Debug\Simple UART Receive Interrupt.a(UART.o)
 .debug_loc     0x000039b1      0x17c .\ARM_GCC_473\Debug\Simple UART Receive Interrupt.a(UART_UART.o)
 .debug_loc     0x00003b2d      0xa34 .\ARM_GCC_473\Debug\Simple UART Receive Interrupt.a(CyLib.o)
 .debug_loc     0x00004561      0x100 .\ARM_GCC_473\Debug\Simple UART Receive Interrupt.a(TX_LED.o)
 .debug_loc     0x00004661      0x26c .\ARM_GCC_473\Debug\Simple UART Receive Interrupt.a(UART_RX_ISR.o)
 .debug_loc     0x000048cd      0x140 .\ARM_GCC_473\Debug\Simple UART Receive Interrupt.a(I2C_MPU6050.o)
 .debug_loc     0x00004a0d       0x58 .\ARM_GCC_473\Debug\Simple UART Receive Interrupt.a(I2C_MPU6050_I2C.o)
 .debug_loc     0x00004a65      0x2e0 .\ARM_GCC_473\Debug\Simple UART Receive Interrupt.a(I2C_MPU6050_I2C_MASTER.o)
 .debug_loc     0x00004d45      0x100 .\ARM_GCC_473\Debug\Simple UART Receive Interrupt.a(I2C_MPU6050_sda.o)
 .debug_loc     0x00004e45      0x100 .\ARM_GCC_473\Debug\Simple UART Receive Interrupt.a(I2C_MPU6050_scl.o)
 .debug_loc     0x00004f45      0x1e0 .\ARM_GCC_473\Debug\Simple UART Receive Interrupt.a(UART_SPI_UART.o)
 .debug_loc     0x00005125       0x38 .\ARM_GCC_473\Debug\Simple UART Receive Interrupt.a(I2C_MPU6050_I2C_INT.o)

.debug_macinfo
 *(.debug_macinfo)

.debug_ranges   0x00000000      0xd58
 *(.debug_ranges)
 .debug_ranges  0x00000000       0x18 .\ARM_GCC_473\Debug\main.o
 .debug_ranges  0x00000018       0x10 .\ARM_GCC_473\Debug\interrupts.o
 .debug_ranges  0x00000028      0x828 .\ARM_GCC_473\Debug\mpu6050.o
 .debug_ranges  0x00000850       0x58 .\ARM_GCC_473\Debug\i2cFunctions.o
 .debug_ranges  0x000008a8       0x30 .\ARM_GCC_473\Debug\Cm0Start.o
 .debug_ranges  0x000008d8       0x40 .\ARM_GCC_473\Debug\Simple UART Receive Interrupt.a(cyfitter_cfg.o)
 .debug_ranges  0x00000918       0x40 .\ARM_GCC_473\Debug\Simple UART Receive Interrupt.a(UART.o)
 .debug_ranges  0x00000958       0x40 .\ARM_GCC_473\Debug\Simple UART Receive Interrupt.a(UART_UART.o)
 .debug_ranges  0x00000998      0x190 .\ARM_GCC_473\Debug\Simple UART Receive Interrupt.a(CyLib.o)
 .debug_ranges  0x00000b28       0x30 .\ARM_GCC_473\Debug\Simple UART Receive Interrupt.a(TX_LED.o)
 .debug_ranges  0x00000b58       0x70 .\ARM_GCC_473\Debug\Simple UART Receive Interrupt.a(UART_RX_ISR.o)
 .debug_ranges  0x00000bc8       0x40 .\ARM_GCC_473\Debug\Simple UART Receive Interrupt.a(I2C_MPU6050.o)
 .debug_ranges  0x00000c08       0x18 .\ARM_GCC_473\Debug\Simple UART Receive Interrupt.a(I2C_MPU6050_I2C.o)
 .debug_ranges  0x00000c20       0x78 .\ARM_GCC_473\Debug\Simple UART Receive Interrupt.a(I2C_MPU6050_I2C_MASTER.o)
 .debug_ranges  0x00000c98       0x30 .\ARM_GCC_473\Debug\Simple UART Receive Interrupt.a(I2C_MPU6050_sda.o)
 .debug_ranges  0x00000cc8       0x30 .\ARM_GCC_473\Debug\Simple UART Receive Interrupt.a(I2C_MPU6050_scl.o)
 .debug_ranges  0x00000cf8       0x50 .\ARM_GCC_473\Debug\Simple UART Receive Interrupt.a(UART_SPI_UART.o)
 .debug_ranges  0x00000d48       0x10 .\ARM_GCC_473\Debug\Simple UART Receive Interrupt.a(I2C_MPU6050_I2C_INT.o)

.comment        0x00000000       0x70
 .comment       0x00000000       0x70 .\ARM_GCC_473\Debug\main.o
                                 0x71 (size before relaxing)
 .comment       0x00000000       0x71 .\ARM_GCC_473\Debug\interrupts.o
 .comment       0x00000000       0x71 .\ARM_GCC_473\Debug\mpu6050.o
 .comment       0x00000000       0x71 .\ARM_GCC_473\Debug\i2cFunctions.o
 .comment       0x00000000       0x71 .\ARM_GCC_473\Debug\cymetadata.o
 .comment       0x00000000       0x71 .\ARM_GCC_473\Debug\Cm0Start.o
 .comment       0x00000000       0x71 .\ARM_GCC_473\Debug\Simple UART Receive Interrupt.a(cyfitter_cfg.o)
 .comment       0x00000000       0x71 .\ARM_GCC_473\Debug\Simple UART Receive Interrupt.a(UART.o)
 .comment       0x00000000       0x71 .\ARM_GCC_473\Debug\Simple UART Receive Interrupt.a(UART_UART.o)
 .comment       0x00000000       0x71 .\ARM_GCC_473\Debug\Simple UART Receive Interrupt.a(CyLib.o)
 .comment       0x00000000       0x71 .\ARM_GCC_473\Debug\Simple UART Receive Interrupt.a(TX_LED.o)
 .comment       0x00000000       0x71 .\ARM_GCC_473\Debug\Simple UART Receive Interrupt.a(UART_RX_ISR.o)
 .comment       0x00000000       0x71 .\ARM_GCC_473\Debug\Simple UART Receive Interrupt.a(I2C_MPU6050.o)
 .comment       0x00000000       0x71 .\ARM_GCC_473\Debug\Simple UART Receive Interrupt.a(I2C_MPU6050_I2C.o)
 .comment       0x00000000       0x71 .\ARM_GCC_473\Debug\Simple UART Receive Interrupt.a(I2C_MPU6050_I2C_MASTER.o)
 .comment       0x00000000       0x71 .\ARM_GCC_473\Debug\Simple UART Receive Interrupt.a(I2C_MPU6050_sda.o)
 .comment       0x00000000       0x71 .\ARM_GCC_473\Debug\Simple UART Receive Interrupt.a(I2C_MPU6050_scl.o)
 .comment       0x00000000       0x71 .\ARM_GCC_473\Debug\Simple UART Receive Interrupt.a(UART_SPI_UART.o)
 .comment       0x00000000       0x71 .\ARM_GCC_473\Debug\Simple UART Receive Interrupt.a(I2C_MPU6050_I2C_INT.o)

.debug_weaknames
 *(.debug_weaknames)

.debug_funcnames
 *(.debug_funcnames)

.debug_typenames
 *(.debug_typenames)

.debug_varnames
 *(.debug_varnames)

.note.gnu.arm.ident
 *(.note.gnu.arm.ident)

.ARM.attributes
                0x00000000       0x28
 *(.ARM.attributes)
 .ARM.attributes
                0x00000000       0x1e c:/program files (x86)/cypress/psoc creator/3.0/psoc creator/import/gnu_cs/arm/4.7.3/bin/../lib/gcc/arm-none-eabi/4.7.3/armv6-m/crti.o
 .ARM.attributes
                0x0000001e       0x2c c:/program files (x86)/cypress/psoc creator/3.0/psoc creator/import/gnu_cs/arm/4.7.3/bin/../lib/gcc/arm-none-eabi/4.7.3/armv6-m/crtbegin.o
 .ARM.attributes
                0x0000004a       0x1c c:/program files (x86)/cypress/psoc creator/3.0/psoc creator/import/gnu_cs/arm/4.7.3/bin/../lib/gcc/arm-none-eabi/4.7.3/../../../../arm-none-eabi/lib/armv6-m/crt0.o
 .ARM.attributes
                0x00000066       0x31 .\ARM_GCC_473\Debug\main.o
 .ARM.attributes
                0x00000097       0x31 .\ARM_GCC_473\Debug\interrupts.o
 .ARM.attributes
                0x000000c8       0x31 .\ARM_GCC_473\Debug\mpu6050.o
 .ARM.attributes
                0x000000f9       0x31 .\ARM_GCC_473\Debug\i2cFunctions.o
 .ARM.attributes
                0x0000012a       0x31 .\ARM_GCC_473\Debug\cymetadata.o
 .ARM.attributes
                0x0000015b       0x31 .\ARM_GCC_473\Debug\Cm0Start.o
 .ARM.attributes
                0x0000018c       0x31 .\ARM_GCC_473\Debug\Simple UART Receive Interrupt.a(cyfitter_cfg.o)
 .ARM.attributes
                0x000001bd       0x31 .\ARM_GCC_473\Debug\Simple UART Receive Interrupt.a(UART.o)
 .ARM.attributes
                0x000001ee       0x31 .\ARM_GCC_473\Debug\Simple UART Receive Interrupt.a(UART_UART.o)
 .ARM.attributes
                0x0000021f       0x21 .\ARM_GCC_473\Debug\Simple UART Receive Interrupt.a(CyBootAsmGnu.o)
 .ARM.attributes
                0x00000240       0x31 .\ARM_GCC_473\Debug\Simple UART Receive Interrupt.a(CyLib.o)
 .ARM.attributes
                0x00000271       0x31 .\ARM_GCC_473\Debug\Simple UART Receive Interrupt.a(TX_LED.o)
 .ARM.attributes
                0x000002a2       0x31 .\ARM_GCC_473\Debug\Simple UART Receive Interrupt.a(UART_RX_ISR.o)
 .ARM.attributes
                0x000002d3       0x31 .\ARM_GCC_473\Debug\Simple UART Receive Interrupt.a(I2C_MPU6050.o)
 .ARM.attributes
                0x00000304       0x31 .\ARM_GCC_473\Debug\Simple UART Receive Interrupt.a(I2C_MPU6050_I2C.o)
 .ARM.attributes
                0x00000335       0x31 .\ARM_GCC_473\Debug\Simple UART Receive Interrupt.a(I2C_MPU6050_I2C_MASTER.o)
 .ARM.attributes
                0x00000366       0x31 .\ARM_GCC_473\Debug\Simple UART Receive Interrupt.a(I2C_MPU6050_sda.o)
 .ARM.attributes
                0x00000397       0x31 .\ARM_GCC_473\Debug\Simple UART Receive Interrupt.a(I2C_MPU6050_scl.o)
 .ARM.attributes
                0x000003c8       0x31 .\ARM_GCC_473\Debug\Simple UART Receive Interrupt.a(UART_SPI_UART.o)
 .ARM.attributes
                0x000003f9       0x31 .\ARM_GCC_473\Debug\Simple UART Receive Interrupt.a(I2C_MPU6050_I2C_INT.o)
 .ARM.attributes
                0x0000042a       0x2c c:/program files (x86)/cypress/psoc creator/3.0/psoc creator/import/gnu_cs/arm/4.7.3/bin/../lib/gcc/arm-none-eabi/4.7.3/../../../../arm-none-eabi/lib/armv6-m\libm.a(lib_a-w_sqrt.o)
 .ARM.attributes
                0x00000456       0x2c c:/program files (x86)/cypress/psoc creator/3.0/psoc creator/import/gnu_cs/arm/4.7.3/bin/../lib/gcc/arm-none-eabi/4.7.3/../../../../arm-none-eabi/lib/armv6-m\libm.a(lib_a-wf_atan2.o)
 .ARM.attributes
                0x00000482       0x2c c:/program files (x86)/cypress/psoc creator/3.0/psoc creator/import/gnu_cs/arm/4.7.3/bin/../lib/gcc/arm-none-eabi/4.7.3/../../../../arm-none-eabi/lib/armv6-m\libm.a(lib_a-e_sqrt.o)
 .ARM.attributes
                0x000004ae       0x2c c:/program files (x86)/cypress/psoc creator/3.0/psoc creator/import/gnu_cs/arm/4.7.3/bin/../lib/gcc/arm-none-eabi/4.7.3/../../../../arm-none-eabi/lib/armv6-m\libm.a(lib_a-ef_atan2.o)
 .ARM.attributes
                0x000004da       0x2c c:/program files (x86)/cypress/psoc creator/3.0/psoc creator/import/gnu_cs/arm/4.7.3/bin/../lib/gcc/arm-none-eabi/4.7.3/../../../../arm-none-eabi/lib/armv6-m\libm.a(lib_a-s_fpclassify.o)
 .ARM.attributes
                0x00000506       0x2c c:/program files (x86)/cypress/psoc creator/3.0/psoc creator/import/gnu_cs/arm/4.7.3/bin/../lib/gcc/arm-none-eabi/4.7.3/../../../../arm-none-eabi/lib/armv6-m\libm.a(lib_a-s_lib_ver.o)
 .ARM.attributes
                0x00000532       0x2c c:/program files (x86)/cypress/psoc creator/3.0/psoc creator/import/gnu_cs/arm/4.7.3/bin/../lib/gcc/arm-none-eabi/4.7.3/../../../../arm-none-eabi/lib/armv6-m\libm.a(lib_a-s_matherr.o)
 .ARM.attributes
                0x0000055e       0x2c c:/program files (x86)/cypress/psoc creator/3.0/psoc creator/import/gnu_cs/arm/4.7.3/bin/../lib/gcc/arm-none-eabi/4.7.3/../../../../arm-none-eabi/lib/armv6-m\libm.a(lib_a-sf_atan.o)
 .ARM.attributes
                0x0000058a       0x2c c:/program files (x86)/cypress/psoc creator/3.0/psoc creator/import/gnu_cs/arm/4.7.3/bin/../lib/gcc/arm-none-eabi/4.7.3/../../../../arm-none-eabi/lib/armv6-m\libm.a(lib_a-sf_fabs.o)
 .ARM.attributes
                0x000005b6       0x1e c:/program files (x86)/cypress/psoc creator/3.0/psoc creator/import/gnu_cs/arm/4.7.3/bin/../lib/gcc/arm-none-eabi/4.7.3/armv6-m\libgcc.a(_udivsi3.o)
 .ARM.attributes
                0x000005d4       0x1e c:/program files (x86)/cypress/psoc creator/3.0/psoc creator/import/gnu_cs/arm/4.7.3/bin/../lib/gcc/arm-none-eabi/4.7.3/armv6-m\libgcc.a(_divsi3.o)
 .ARM.attributes
                0x000005f2       0x1e c:/program files (x86)/cypress/psoc creator/3.0/psoc creator/import/gnu_cs/arm/4.7.3/bin/../lib/gcc/arm-none-eabi/4.7.3/armv6-m\libgcc.a(_dvmd_tls.o)
 .ARM.attributes
                0x00000610       0x1e c:/program files (x86)/cypress/psoc creator/3.0/psoc creator/import/gnu_cs/arm/4.7.3/bin/../lib/gcc/arm-none-eabi/4.7.3/armv6-m\libgcc.a(_arm_cmpdf2.o)
 .ARM.attributes
                0x0000062e       0x1e c:/program files (x86)/cypress/psoc creator/3.0/psoc creator/import/gnu_cs/arm/4.7.3/bin/../lib/gcc/arm-none-eabi/4.7.3/armv6-m\libgcc.a(_arm_cmpsf2.o)
 .ARM.attributes
                0x0000064c       0x2c c:/program files (x86)/cypress/psoc creator/3.0/psoc creator/import/gnu_cs/arm/4.7.3/bin/../lib/gcc/arm-none-eabi/4.7.3/armv6-m\libgcc.a(addsf3.o)
 .ARM.attributes
                0x00000678       0x2c c:/program files (x86)/cypress/psoc creator/3.0/psoc creator/import/gnu_cs/arm/4.7.3/bin/../lib/gcc/arm-none-eabi/4.7.3/armv6-m\libgcc.a(divsf3.o)
 .ARM.attributes
                0x000006a4       0x2c c:/program files (x86)/cypress/psoc creator/3.0/psoc creator/import/gnu_cs/arm/4.7.3/bin/../lib/gcc/arm-none-eabi/4.7.3/armv6-m\libgcc.a(eqsf2.o)
 .ARM.attributes
                0x000006d0       0x2c c:/program files (x86)/cypress/psoc creator/3.0/psoc creator/import/gnu_cs/arm/4.7.3/bin/../lib/gcc/arm-none-eabi/4.7.3/armv6-m\libgcc.a(gesf2.o)
 .ARM.attributes
                0x000006fc       0x2c c:/program files (x86)/cypress/psoc creator/3.0/psoc creator/import/gnu_cs/arm/4.7.3/bin/../lib/gcc/arm-none-eabi/4.7.3/armv6-m\libgcc.a(lesf2.o)
 .ARM.attributes
                0x00000728       0x2c c:/program files (x86)/cypress/psoc creator/3.0/psoc creator/import/gnu_cs/arm/4.7.3/bin/../lib/gcc/arm-none-eabi/4.7.3/armv6-m\libgcc.a(mulsf3.o)
 .ARM.attributes
                0x00000754       0x2c c:/program files (x86)/cypress/psoc creator/3.0/psoc creator/import/gnu_cs/arm/4.7.3/bin/../lib/gcc/arm-none-eabi/4.7.3/armv6-m\libgcc.a(subsf3.o)
 .ARM.attributes
                0x00000780       0x2c c:/program files (x86)/cypress/psoc creator/3.0/psoc creator/import/gnu_cs/arm/4.7.3/bin/../lib/gcc/arm-none-eabi/4.7.3/armv6-m\libgcc.a(fixsfsi.o)
 .ARM.attributes
                0x000007ac       0x2c c:/program files (x86)/cypress/psoc creator/3.0/psoc creator/import/gnu_cs/arm/4.7.3/bin/../lib/gcc/arm-none-eabi/4.7.3/armv6-m\libgcc.a(floatsisf.o)
 .ARM.attributes
                0x000007d8       0x2c c:/program files (x86)/cypress/psoc creator/3.0/psoc creator/import/gnu_cs/arm/4.7.3/bin/../lib/gcc/arm-none-eabi/4.7.3/armv6-m\libgcc.a(adddf3.o)
 .ARM.attributes
                0x00000804       0x2c c:/program files (x86)/cypress/psoc creator/3.0/psoc creator/import/gnu_cs/arm/4.7.3/bin/../lib/gcc/arm-none-eabi/4.7.3/armv6-m\libgcc.a(divdf3.o)
 .ARM.attributes
                0x00000830       0x2c c:/program files (x86)/cypress/psoc creator/3.0/psoc creator/import/gnu_cs/arm/4.7.3/bin/../lib/gcc/arm-none-eabi/4.7.3/armv6-m\libgcc.a(eqdf2.o)
 .ARM.attributes
                0x0000085c       0x2c c:/program files (x86)/cypress/psoc creator/3.0/psoc creator/import/gnu_cs/arm/4.7.3/bin/../lib/gcc/arm-none-eabi/4.7.3/armv6-m\libgcc.a(gedf2.o)
 .ARM.attributes
                0x00000888       0x2c c:/program files (x86)/cypress/psoc creator/3.0/psoc creator/import/gnu_cs/arm/4.7.3/bin/../lib/gcc/arm-none-eabi/4.7.3/armv6-m\libgcc.a(ledf2.o)
 .ARM.attributes
                0x000008b4       0x2c c:/program files (x86)/cypress/psoc creator/3.0/psoc creator/import/gnu_cs/arm/4.7.3/bin/../lib/gcc/arm-none-eabi/4.7.3/armv6-m\libgcc.a(muldf3.o)
 .ARM.attributes
                0x000008e0       0x2c c:/program files (x86)/cypress/psoc creator/3.0/psoc creator/import/gnu_cs/arm/4.7.3/bin/../lib/gcc/arm-none-eabi/4.7.3/armv6-m\libgcc.a(subdf3.o)
 .ARM.attributes
                0x0000090c       0x2c c:/program files (x86)/cypress/psoc creator/3.0/psoc creator/import/gnu_cs/arm/4.7.3/bin/../lib/gcc/arm-none-eabi/4.7.3/armv6-m\libgcc.a(extendsfdf2.o)
 .ARM.attributes