ARM GAS  C:\Users\Sam\AppData\Local\Temp\cc6NNgiN.s 			page 1


   1              		.cpu cortex-m0
   2              		.fpu softvfp
   3              		.eabi_attribute 20, 1
   4              		.eabi_attribute 21, 1
   5              		.eabi_attribute 23, 3
   6              		.eabi_attribute 24, 1
   7              		.eabi_attribute 25, 1
   8              		.eabi_attribute 26, 1
   9              		.eabi_attribute 30, 6
  10              		.eabi_attribute 34, 0
  11              		.eabi_attribute 18, 4
  12              		.code	16
  13              		.file	"UART_RX_ISR.c"
  14              		.text
  15              	.Ltext0:
  16              		.cfi_sections	.debug_frame
  17              		.section	.text.UART_RX_ISR_Start,"ax",%progbits
  18              		.align	2
  19              		.global	UART_RX_ISR_Start
  20              		.code	16
  21              		.thumb_func
  22              		.type	UART_RX_ISR_Start, %function
  23              	UART_RX_ISR_Start:
  24              	.LFB0:
  25              		.file 1 ".\\Generated_Source\\PSoC4\\UART_RX_ISR.c"
   1:.\Generated_Source\PSoC4/UART_RX_ISR.c **** /*******************************************************************************
   2:.\Generated_Source\PSoC4/UART_RX_ISR.c **** * File Name: UART_RX_ISR.c  
   3:.\Generated_Source\PSoC4/UART_RX_ISR.c **** * Version 1.70
   4:.\Generated_Source\PSoC4/UART_RX_ISR.c **** *
   5:.\Generated_Source\PSoC4/UART_RX_ISR.c **** *  Description:
   6:.\Generated_Source\PSoC4/UART_RX_ISR.c **** *   API for controlling the state of an interrupt.
   7:.\Generated_Source\PSoC4/UART_RX_ISR.c **** *
   8:.\Generated_Source\PSoC4/UART_RX_ISR.c **** *
   9:.\Generated_Source\PSoC4/UART_RX_ISR.c **** *  Note:
  10:.\Generated_Source\PSoC4/UART_RX_ISR.c **** *
  11:.\Generated_Source\PSoC4/UART_RX_ISR.c **** ********************************************************************************
  12:.\Generated_Source\PSoC4/UART_RX_ISR.c **** * Copyright 2008-2012, Cypress Semiconductor Corporation.  All rights reserved.
  13:.\Generated_Source\PSoC4/UART_RX_ISR.c **** * You may use this file only in accordance with the license, terms, conditions, 
  14:.\Generated_Source\PSoC4/UART_RX_ISR.c **** * disclaimers, and limitations in the end user license agreement accompanying 
  15:.\Generated_Source\PSoC4/UART_RX_ISR.c **** * the software package with which this file was provided.
  16:.\Generated_Source\PSoC4/UART_RX_ISR.c **** *******************************************************************************/
  17:.\Generated_Source\PSoC4/UART_RX_ISR.c **** 
  18:.\Generated_Source\PSoC4/UART_RX_ISR.c **** 
  19:.\Generated_Source\PSoC4/UART_RX_ISR.c **** #include <cydevice_trm.h>
  20:.\Generated_Source\PSoC4/UART_RX_ISR.c **** #include <CyLib.h>
  21:.\Generated_Source\PSoC4/UART_RX_ISR.c **** #include <UART_RX_ISR.h>
  22:.\Generated_Source\PSoC4/UART_RX_ISR.c **** 
  23:.\Generated_Source\PSoC4/UART_RX_ISR.c **** #if !defined(UART_RX_ISR__REMOVED) /* Check for removal by optimization */
  24:.\Generated_Source\PSoC4/UART_RX_ISR.c **** 
  25:.\Generated_Source\PSoC4/UART_RX_ISR.c **** /*******************************************************************************
  26:.\Generated_Source\PSoC4/UART_RX_ISR.c **** *  Place your includes, defines and code here 
  27:.\Generated_Source\PSoC4/UART_RX_ISR.c **** ********************************************************************************/
  28:.\Generated_Source\PSoC4/UART_RX_ISR.c **** /* `#START UART_RX_ISR_intc` */
  29:.\Generated_Source\PSoC4/UART_RX_ISR.c ****     #include <UART.h>
  30:.\Generated_Source\PSoC4/UART_RX_ISR.c ****     extern uint8 flag;
  31:.\Generated_Source\PSoC4/UART_RX_ISR.c **** /* `#END` */
  32:.\Generated_Source\PSoC4/UART_RX_ISR.c **** 
ARM GAS  C:\Users\Sam\AppData\Local\Temp\cc6NNgiN.s 			page 2


  33:.\Generated_Source\PSoC4/UART_RX_ISR.c **** extern cyisraddress CyRamVectors[CYINT_IRQ_BASE + CY_NUM_INTERRUPTS];
  34:.\Generated_Source\PSoC4/UART_RX_ISR.c **** 
  35:.\Generated_Source\PSoC4/UART_RX_ISR.c **** /* Declared in startup, used to set unused interrupts to. */
  36:.\Generated_Source\PSoC4/UART_RX_ISR.c **** CY_ISR_PROTO(IntDefaultHandler);
  37:.\Generated_Source\PSoC4/UART_RX_ISR.c **** 
  38:.\Generated_Source\PSoC4/UART_RX_ISR.c **** 
  39:.\Generated_Source\PSoC4/UART_RX_ISR.c **** /*******************************************************************************
  40:.\Generated_Source\PSoC4/UART_RX_ISR.c **** * Function Name: UART_RX_ISR_Start
  41:.\Generated_Source\PSoC4/UART_RX_ISR.c **** ********************************************************************************
  42:.\Generated_Source\PSoC4/UART_RX_ISR.c **** *
  43:.\Generated_Source\PSoC4/UART_RX_ISR.c **** * Summary:
  44:.\Generated_Source\PSoC4/UART_RX_ISR.c **** *  Set up the interrupt and enable it.
  45:.\Generated_Source\PSoC4/UART_RX_ISR.c **** *
  46:.\Generated_Source\PSoC4/UART_RX_ISR.c **** * Parameters:  
  47:.\Generated_Source\PSoC4/UART_RX_ISR.c **** *   None
  48:.\Generated_Source\PSoC4/UART_RX_ISR.c **** *
  49:.\Generated_Source\PSoC4/UART_RX_ISR.c **** * Return:
  50:.\Generated_Source\PSoC4/UART_RX_ISR.c **** *   None
  51:.\Generated_Source\PSoC4/UART_RX_ISR.c **** *
  52:.\Generated_Source\PSoC4/UART_RX_ISR.c **** *******************************************************************************/
  53:.\Generated_Source\PSoC4/UART_RX_ISR.c **** void UART_RX_ISR_Start(void)
  54:.\Generated_Source\PSoC4/UART_RX_ISR.c **** {
  26              		.loc 1 54 0
  27              		.cfi_startproc
  28 0000 80B5     		push	{r7, lr}
  29              	.LCFI0:
  30              		.cfi_def_cfa_offset 8
  31              		.cfi_offset 7, -8
  32              		.cfi_offset 14, -4
  33 0002 00AF     		add	r7, sp, #0
  34              	.LCFI1:
  35              		.cfi_def_cfa_register 7
  55:.\Generated_Source\PSoC4/UART_RX_ISR.c ****     /* For all we know the interrupt is active. */
  56:.\Generated_Source\PSoC4/UART_RX_ISR.c ****     UART_RX_ISR_Disable();
  36              		.loc 1 56 0
  37 0004 FFF7FEFF 		bl	UART_RX_ISR_Disable
  57:.\Generated_Source\PSoC4/UART_RX_ISR.c **** 
  58:.\Generated_Source\PSoC4/UART_RX_ISR.c ****     /* Set the ISR to point to the UART_RX_ISR Interrupt. */
  59:.\Generated_Source\PSoC4/UART_RX_ISR.c ****     UART_RX_ISR_SetVector(&UART_RX_ISR_Interrupt);
  38              		.loc 1 59 0
  39 0008 054B     		ldr	r3, .L2
  40 000a 181C     		mov	r0, r3
  41 000c FFF7FEFF 		bl	UART_RX_ISR_SetVector
  60:.\Generated_Source\PSoC4/UART_RX_ISR.c **** 
  61:.\Generated_Source\PSoC4/UART_RX_ISR.c ****     /* Set the priority. */
  62:.\Generated_Source\PSoC4/UART_RX_ISR.c ****     UART_RX_ISR_SetPriority((uint8)UART_RX_ISR_INTC_PRIOR_NUMBER);
  42              		.loc 1 62 0
  43 0010 0320     		mov	r0, #3
  44 0012 FFF7FEFF 		bl	UART_RX_ISR_SetPriority
  63:.\Generated_Source\PSoC4/UART_RX_ISR.c **** 
  64:.\Generated_Source\PSoC4/UART_RX_ISR.c ****     /* Enable it. */
  65:.\Generated_Source\PSoC4/UART_RX_ISR.c ****     UART_RX_ISR_Enable();
  45              		.loc 1 65 0
  46 0016 FFF7FEFF 		bl	UART_RX_ISR_Enable
  66:.\Generated_Source\PSoC4/UART_RX_ISR.c **** }
  47              		.loc 1 66 0
  48 001a BD46     		mov	sp, r7
ARM GAS  C:\Users\Sam\AppData\Local\Temp\cc6NNgiN.s 			page 3


  49              		@ sp needed for prologue
  50 001c 80BD     		pop	{r7, pc}
  51              	.L3:
  52 001e C046     		.align	2
  53              	.L2:
  54 0020 00000000 		.word	UART_RX_ISR_Interrupt
  55              		.cfi_endproc
  56              	.LFE0:
  57              		.size	UART_RX_ISR_Start, .-UART_RX_ISR_Start
  58              		.section	.text.UART_RX_ISR_StartEx,"ax",%progbits
  59              		.align	2
  60              		.global	UART_RX_ISR_StartEx
  61              		.code	16
  62              		.thumb_func
  63              		.type	UART_RX_ISR_StartEx, %function
  64              	UART_RX_ISR_StartEx:
  65              	.LFB1:
  67:.\Generated_Source\PSoC4/UART_RX_ISR.c **** 
  68:.\Generated_Source\PSoC4/UART_RX_ISR.c **** 
  69:.\Generated_Source\PSoC4/UART_RX_ISR.c **** /*******************************************************************************
  70:.\Generated_Source\PSoC4/UART_RX_ISR.c **** * Function Name: UART_RX_ISR_StartEx
  71:.\Generated_Source\PSoC4/UART_RX_ISR.c **** ********************************************************************************
  72:.\Generated_Source\PSoC4/UART_RX_ISR.c **** *
  73:.\Generated_Source\PSoC4/UART_RX_ISR.c **** * Summary:
  74:.\Generated_Source\PSoC4/UART_RX_ISR.c **** *  Set up the interrupt and enable it.
  75:.\Generated_Source\PSoC4/UART_RX_ISR.c **** *
  76:.\Generated_Source\PSoC4/UART_RX_ISR.c **** * Parameters:  
  77:.\Generated_Source\PSoC4/UART_RX_ISR.c **** *   address: Address of the ISR to set in the interrupt vector table.
  78:.\Generated_Source\PSoC4/UART_RX_ISR.c **** *
  79:.\Generated_Source\PSoC4/UART_RX_ISR.c **** * Return:
  80:.\Generated_Source\PSoC4/UART_RX_ISR.c **** *   None
  81:.\Generated_Source\PSoC4/UART_RX_ISR.c **** *
  82:.\Generated_Source\PSoC4/UART_RX_ISR.c **** *******************************************************************************/
  83:.\Generated_Source\PSoC4/UART_RX_ISR.c **** void UART_RX_ISR_StartEx(cyisraddress address)
  84:.\Generated_Source\PSoC4/UART_RX_ISR.c **** {
  66              		.loc 1 84 0
  67              		.cfi_startproc
  68 0000 80B5     		push	{r7, lr}
  69              	.LCFI2:
  70              		.cfi_def_cfa_offset 8
  71              		.cfi_offset 7, -8
  72              		.cfi_offset 14, -4
  73 0002 82B0     		sub	sp, sp, #8
  74              	.LCFI3:
  75              		.cfi_def_cfa_offset 16
  76 0004 00AF     		add	r7, sp, #0
  77              	.LCFI4:
  78              		.cfi_def_cfa_register 7
  79 0006 7860     		str	r0, [r7, #4]
  85:.\Generated_Source\PSoC4/UART_RX_ISR.c ****     /* For all we know the interrupt is active. */
  86:.\Generated_Source\PSoC4/UART_RX_ISR.c ****     UART_RX_ISR_Disable();
  80              		.loc 1 86 0
  81 0008 FFF7FEFF 		bl	UART_RX_ISR_Disable
  87:.\Generated_Source\PSoC4/UART_RX_ISR.c **** 
  88:.\Generated_Source\PSoC4/UART_RX_ISR.c ****     /* Set the ISR to point to the UART_RX_ISR Interrupt. */
  89:.\Generated_Source\PSoC4/UART_RX_ISR.c ****     UART_RX_ISR_SetVector(address);
  82              		.loc 1 89 0
ARM GAS  C:\Users\Sam\AppData\Local\Temp\cc6NNgiN.s 			page 4


  83 000c 7B68     		ldr	r3, [r7, #4]
  84 000e 181C     		mov	r0, r3
  85 0010 FFF7FEFF 		bl	UART_RX_ISR_SetVector
  90:.\Generated_Source\PSoC4/UART_RX_ISR.c **** 
  91:.\Generated_Source\PSoC4/UART_RX_ISR.c ****     /* Set the priority. */
  92:.\Generated_Source\PSoC4/UART_RX_ISR.c ****     UART_RX_ISR_SetPriority((uint8)UART_RX_ISR_INTC_PRIOR_NUMBER);
  86              		.loc 1 92 0
  87 0014 0320     		mov	r0, #3
  88 0016 FFF7FEFF 		bl	UART_RX_ISR_SetPriority
  93:.\Generated_Source\PSoC4/UART_RX_ISR.c **** 
  94:.\Generated_Source\PSoC4/UART_RX_ISR.c ****     /* Enable it. */
  95:.\Generated_Source\PSoC4/UART_RX_ISR.c ****     UART_RX_ISR_Enable();
  89              		.loc 1 95 0
  90 001a FFF7FEFF 		bl	UART_RX_ISR_Enable
  96:.\Generated_Source\PSoC4/UART_RX_ISR.c **** }
  91              		.loc 1 96 0
  92 001e BD46     		mov	sp, r7
  93 0020 02B0     		add	sp, sp, #8
  94              		@ sp needed for prologue
  95 0022 80BD     		pop	{r7, pc}
  96              		.cfi_endproc
  97              	.LFE1:
  98              		.size	UART_RX_ISR_StartEx, .-UART_RX_ISR_StartEx
  99              		.section	.text.UART_RX_ISR_Stop,"ax",%progbits
 100              		.align	2
 101              		.global	UART_RX_ISR_Stop
 102              		.code	16
 103              		.thumb_func
 104              		.type	UART_RX_ISR_Stop, %function
 105              	UART_RX_ISR_Stop:
 106              	.LFB2:
  97:.\Generated_Source\PSoC4/UART_RX_ISR.c **** 
  98:.\Generated_Source\PSoC4/UART_RX_ISR.c **** 
  99:.\Generated_Source\PSoC4/UART_RX_ISR.c **** /*******************************************************************************
 100:.\Generated_Source\PSoC4/UART_RX_ISR.c **** * Function Name: UART_RX_ISR_Stop
 101:.\Generated_Source\PSoC4/UART_RX_ISR.c **** ********************************************************************************
 102:.\Generated_Source\PSoC4/UART_RX_ISR.c **** *
 103:.\Generated_Source\PSoC4/UART_RX_ISR.c **** * Summary:
 104:.\Generated_Source\PSoC4/UART_RX_ISR.c **** *   Disables and removes the interrupt.
 105:.\Generated_Source\PSoC4/UART_RX_ISR.c **** *
 106:.\Generated_Source\PSoC4/UART_RX_ISR.c **** * Parameters:  
 107:.\Generated_Source\PSoC4/UART_RX_ISR.c **** *
 108:.\Generated_Source\PSoC4/UART_RX_ISR.c **** * Return:
 109:.\Generated_Source\PSoC4/UART_RX_ISR.c **** *   None
 110:.\Generated_Source\PSoC4/UART_RX_ISR.c **** *
 111:.\Generated_Source\PSoC4/UART_RX_ISR.c **** *******************************************************************************/
 112:.\Generated_Source\PSoC4/UART_RX_ISR.c **** void UART_RX_ISR_Stop(void)
 113:.\Generated_Source\PSoC4/UART_RX_ISR.c **** {
 107              		.loc 1 113 0
 108              		.cfi_startproc
 109 0000 80B5     		push	{r7, lr}
 110              	.LCFI5:
 111              		.cfi_def_cfa_offset 8
 112              		.cfi_offset 7, -8
 113              		.cfi_offset 14, -4
 114 0002 00AF     		add	r7, sp, #0
 115              	.LCFI6:
ARM GAS  C:\Users\Sam\AppData\Local\Temp\cc6NNgiN.s 			page 5


 116              		.cfi_def_cfa_register 7
 114:.\Generated_Source\PSoC4/UART_RX_ISR.c ****     /* Disable this interrupt. */
 115:.\Generated_Source\PSoC4/UART_RX_ISR.c ****     UART_RX_ISR_Disable();
 117              		.loc 1 115 0
 118 0004 FFF7FEFF 		bl	UART_RX_ISR_Disable
 116:.\Generated_Source\PSoC4/UART_RX_ISR.c **** 
 117:.\Generated_Source\PSoC4/UART_RX_ISR.c ****     /* Set the ISR to point to the passive one. */
 118:.\Generated_Source\PSoC4/UART_RX_ISR.c ****     UART_RX_ISR_SetVector(&IntDefaultHandler);
 119              		.loc 1 118 0
 120 0008 024B     		ldr	r3, .L6
 121 000a 181C     		mov	r0, r3
 122 000c FFF7FEFF 		bl	UART_RX_ISR_SetVector
 119:.\Generated_Source\PSoC4/UART_RX_ISR.c **** }
 123              		.loc 1 119 0
 124 0010 BD46     		mov	sp, r7
 125              		@ sp needed for prologue
 126 0012 80BD     		pop	{r7, pc}
 127              	.L7:
 128              		.align	2
 129              	.L6:
 130 0014 00000000 		.word	IntDefaultHandler
 131              		.cfi_endproc
 132              	.LFE2:
 133              		.size	UART_RX_ISR_Stop, .-UART_RX_ISR_Stop
 134              		.section	.text.UART_RX_ISR_Interrupt,"ax",%progbits
 135              		.align	2
 136              		.global	UART_RX_ISR_Interrupt
 137              		.code	16
 138              		.thumb_func
 139              		.type	UART_RX_ISR_Interrupt, %function
 140              	UART_RX_ISR_Interrupt:
 141              	.LFB3:
 120:.\Generated_Source\PSoC4/UART_RX_ISR.c **** 
 121:.\Generated_Source\PSoC4/UART_RX_ISR.c **** 
 122:.\Generated_Source\PSoC4/UART_RX_ISR.c **** /*******************************************************************************
 123:.\Generated_Source\PSoC4/UART_RX_ISR.c **** * Function Name: UART_RX_ISR_Interrupt
 124:.\Generated_Source\PSoC4/UART_RX_ISR.c **** ********************************************************************************
 125:.\Generated_Source\PSoC4/UART_RX_ISR.c **** *
 126:.\Generated_Source\PSoC4/UART_RX_ISR.c **** * Summary:
 127:.\Generated_Source\PSoC4/UART_RX_ISR.c **** *   The default Interrupt Service Routine for UART_RX_ISR.
 128:.\Generated_Source\PSoC4/UART_RX_ISR.c **** *
 129:.\Generated_Source\PSoC4/UART_RX_ISR.c **** *   Add custom code between the coments to keep the next version of this file
 130:.\Generated_Source\PSoC4/UART_RX_ISR.c **** *   from over writting your code.
 131:.\Generated_Source\PSoC4/UART_RX_ISR.c **** *
 132:.\Generated_Source\PSoC4/UART_RX_ISR.c **** * Parameters:  
 133:.\Generated_Source\PSoC4/UART_RX_ISR.c **** *   None
 134:.\Generated_Source\PSoC4/UART_RX_ISR.c **** *
 135:.\Generated_Source\PSoC4/UART_RX_ISR.c **** * Return:
 136:.\Generated_Source\PSoC4/UART_RX_ISR.c **** *   None
 137:.\Generated_Source\PSoC4/UART_RX_ISR.c **** *
 138:.\Generated_Source\PSoC4/UART_RX_ISR.c **** *******************************************************************************/
 139:.\Generated_Source\PSoC4/UART_RX_ISR.c **** CY_ISR(UART_RX_ISR_Interrupt)
 140:.\Generated_Source\PSoC4/UART_RX_ISR.c **** {
 142              		.loc 1 140 0
 143              		.cfi_startproc
 144 0000 80B5     		push	{r7, lr}
 145              	.LCFI7:
ARM GAS  C:\Users\Sam\AppData\Local\Temp\cc6NNgiN.s 			page 6


 146              		.cfi_def_cfa_offset 8
 147              		.cfi_offset 7, -8
 148              		.cfi_offset 14, -4
 149 0002 00AF     		add	r7, sp, #0
 150              	.LCFI8:
 151              		.cfi_def_cfa_register 7
 141:.\Generated_Source\PSoC4/UART_RX_ISR.c ****     /*  Place your Interrupt code here. */
 142:.\Generated_Source\PSoC4/UART_RX_ISR.c ****     /* `#START UART_RX_ISR_Interrupt` */
 143:.\Generated_Source\PSoC4/UART_RX_ISR.c ****     
 144:.\Generated_Source\PSoC4/UART_RX_ISR.c ****     //flag = 1; 
 145:.\Generated_Source\PSoC4/UART_RX_ISR.c ****     
 146:.\Generated_Source\PSoC4/UART_RX_ISR.c ****     //source = UART_GetRxInterruptSourceMasked();
 147:.\Generated_Source\PSoC4/UART_RX_ISR.c ****    // UART_ClearRxInterruptSource(source);
 148:.\Generated_Source\PSoC4/UART_RX_ISR.c **** 
 149:.\Generated_Source\PSoC4/UART_RX_ISR.c ****     /* `#END` */
 150:.\Generated_Source\PSoC4/UART_RX_ISR.c **** }
 152              		.loc 1 150 0
 153 0004 BD46     		mov	sp, r7
 154              		@ sp needed for prologue
 155 0006 80BD     		pop	{r7, pc}
 156              		.cfi_endproc
 157              	.LFE3:
 158              		.size	UART_RX_ISR_Interrupt, .-UART_RX_ISR_Interrupt
 159              		.section	.text.UART_RX_ISR_SetVector,"ax",%progbits
 160              		.align	2
 161              		.global	UART_RX_ISR_SetVector
 162              		.code	16
 163              		.thumb_func
 164              		.type	UART_RX_ISR_SetVector, %function
 165              	UART_RX_ISR_SetVector:
 166              	.LFB4:
 151:.\Generated_Source\PSoC4/UART_RX_ISR.c **** 
 152:.\Generated_Source\PSoC4/UART_RX_ISR.c **** 
 153:.\Generated_Source\PSoC4/UART_RX_ISR.c **** /*******************************************************************************
 154:.\Generated_Source\PSoC4/UART_RX_ISR.c **** * Function Name: UART_RX_ISR_SetVector
 155:.\Generated_Source\PSoC4/UART_RX_ISR.c **** ********************************************************************************
 156:.\Generated_Source\PSoC4/UART_RX_ISR.c **** *
 157:.\Generated_Source\PSoC4/UART_RX_ISR.c **** * Summary:
 158:.\Generated_Source\PSoC4/UART_RX_ISR.c **** *   Change the ISR vector for the Interrupt. Note calling UART_RX_ISR_Start
 159:.\Generated_Source\PSoC4/UART_RX_ISR.c **** *   will override any effect this method would have had. To set the vector 
 160:.\Generated_Source\PSoC4/UART_RX_ISR.c **** *   before the component has been started use UART_RX_ISR_StartEx instead.
 161:.\Generated_Source\PSoC4/UART_RX_ISR.c **** *
 162:.\Generated_Source\PSoC4/UART_RX_ISR.c **** * Parameters:
 163:.\Generated_Source\PSoC4/UART_RX_ISR.c **** *   address: Address of the ISR to set in the interrupt vector table.
 164:.\Generated_Source\PSoC4/UART_RX_ISR.c **** *
 165:.\Generated_Source\PSoC4/UART_RX_ISR.c **** * Return:
 166:.\Generated_Source\PSoC4/UART_RX_ISR.c **** *   None
 167:.\Generated_Source\PSoC4/UART_RX_ISR.c **** *
 168:.\Generated_Source\PSoC4/UART_RX_ISR.c **** *******************************************************************************/
 169:.\Generated_Source\PSoC4/UART_RX_ISR.c **** void UART_RX_ISR_SetVector(cyisraddress address)
 170:.\Generated_Source\PSoC4/UART_RX_ISR.c **** {
 167              		.loc 1 170 0
 168              		.cfi_startproc
 169 0000 80B5     		push	{r7, lr}
 170              	.LCFI9:
 171              		.cfi_def_cfa_offset 8
 172              		.cfi_offset 7, -8
ARM GAS  C:\Users\Sam\AppData\Local\Temp\cc6NNgiN.s 			page 7


 173              		.cfi_offset 14, -4
 174 0002 82B0     		sub	sp, sp, #8
 175              	.LCFI10:
 176              		.cfi_def_cfa_offset 16
 177 0004 00AF     		add	r7, sp, #0
 178              	.LCFI11:
 179              		.cfi_def_cfa_register 7
 180 0006 7860     		str	r0, [r7, #4]
 171:.\Generated_Source\PSoC4/UART_RX_ISR.c ****     CyRamVectors[CYINT_IRQ_BASE + UART_RX_ISR__INTC_NUMBER] = address;
 181              		.loc 1 171 0
 182 0008 024B     		ldr	r3, .L10
 183 000a 7A68     		ldr	r2, [r7, #4]
 184 000c 9A66     		str	r2, [r3, #104]
 172:.\Generated_Source\PSoC4/UART_RX_ISR.c **** }
 185              		.loc 1 172 0
 186 000e BD46     		mov	sp, r7
 187 0010 02B0     		add	sp, sp, #8
 188              		@ sp needed for prologue
 189 0012 80BD     		pop	{r7, pc}
 190              	.L11:
 191              		.align	2
 192              	.L10:
 193 0014 00000000 		.word	CyRamVectors
 194              		.cfi_endproc
 195              	.LFE4:
 196              		.size	UART_RX_ISR_SetVector, .-UART_RX_ISR_SetVector
 197              		.section	.text.UART_RX_ISR_GetVector,"ax",%progbits
 198              		.align	2
 199              		.global	UART_RX_ISR_GetVector
 200              		.code	16
 201              		.thumb_func
 202              		.type	UART_RX_ISR_GetVector, %function
 203              	UART_RX_ISR_GetVector:
 204              	.LFB5:
 173:.\Generated_Source\PSoC4/UART_RX_ISR.c **** 
 174:.\Generated_Source\PSoC4/UART_RX_ISR.c **** 
 175:.\Generated_Source\PSoC4/UART_RX_ISR.c **** /*******************************************************************************
 176:.\Generated_Source\PSoC4/UART_RX_ISR.c **** * Function Name: UART_RX_ISR_GetVector
 177:.\Generated_Source\PSoC4/UART_RX_ISR.c **** ********************************************************************************
 178:.\Generated_Source\PSoC4/UART_RX_ISR.c **** *
 179:.\Generated_Source\PSoC4/UART_RX_ISR.c **** * Summary:
 180:.\Generated_Source\PSoC4/UART_RX_ISR.c **** *   Gets the "address" of the current ISR vector for the Interrupt.
 181:.\Generated_Source\PSoC4/UART_RX_ISR.c **** *
 182:.\Generated_Source\PSoC4/UART_RX_ISR.c **** * Parameters:
 183:.\Generated_Source\PSoC4/UART_RX_ISR.c **** *   None
 184:.\Generated_Source\PSoC4/UART_RX_ISR.c **** *
 185:.\Generated_Source\PSoC4/UART_RX_ISR.c **** * Return:
 186:.\Generated_Source\PSoC4/UART_RX_ISR.c **** *   Address of the ISR in the interrupt vector table.
 187:.\Generated_Source\PSoC4/UART_RX_ISR.c **** *
 188:.\Generated_Source\PSoC4/UART_RX_ISR.c **** *******************************************************************************/
 189:.\Generated_Source\PSoC4/UART_RX_ISR.c **** cyisraddress UART_RX_ISR_GetVector(void)
 190:.\Generated_Source\PSoC4/UART_RX_ISR.c **** {
 205              		.loc 1 190 0
 206              		.cfi_startproc
 207 0000 80B5     		push	{r7, lr}
 208              	.LCFI12:
 209              		.cfi_def_cfa_offset 8
ARM GAS  C:\Users\Sam\AppData\Local\Temp\cc6NNgiN.s 			page 8


 210              		.cfi_offset 7, -8
 211              		.cfi_offset 14, -4
 212 0002 00AF     		add	r7, sp, #0
 213              	.LCFI13:
 214              		.cfi_def_cfa_register 7
 191:.\Generated_Source\PSoC4/UART_RX_ISR.c ****     return CyRamVectors[CYINT_IRQ_BASE + UART_RX_ISR__INTC_NUMBER];
 215              		.loc 1 191 0
 216 0004 024B     		ldr	r3, .L14
 217 0006 9B6E     		ldr	r3, [r3, #104]
 192:.\Generated_Source\PSoC4/UART_RX_ISR.c **** }
 218              		.loc 1 192 0
 219 0008 181C     		mov	r0, r3
 220 000a BD46     		mov	sp, r7
 221              		@ sp needed for prologue
 222 000c 80BD     		pop	{r7, pc}
 223              	.L15:
 224 000e C046     		.align	2
 225              	.L14:
 226 0010 00000000 		.word	CyRamVectors
 227              		.cfi_endproc
 228              	.LFE5:
 229              		.size	UART_RX_ISR_GetVector, .-UART_RX_ISR_GetVector
 230              		.section	.text.UART_RX_ISR_SetPriority,"ax",%progbits
 231              		.align	2
 232              		.global	UART_RX_ISR_SetPriority
 233              		.code	16
 234              		.thumb_func
 235              		.type	UART_RX_ISR_SetPriority, %function
 236              	UART_RX_ISR_SetPriority:
 237              	.LFB6:
 193:.\Generated_Source\PSoC4/UART_RX_ISR.c **** 
 194:.\Generated_Source\PSoC4/UART_RX_ISR.c **** 
 195:.\Generated_Source\PSoC4/UART_RX_ISR.c **** /*******************************************************************************
 196:.\Generated_Source\PSoC4/UART_RX_ISR.c **** * Function Name: UART_RX_ISR_SetPriority
 197:.\Generated_Source\PSoC4/UART_RX_ISR.c **** ********************************************************************************
 198:.\Generated_Source\PSoC4/UART_RX_ISR.c **** *
 199:.\Generated_Source\PSoC4/UART_RX_ISR.c **** * Summary:
 200:.\Generated_Source\PSoC4/UART_RX_ISR.c **** *   Sets the Priority of the Interrupt. Note calling UART_RX_ISR_Start
 201:.\Generated_Source\PSoC4/UART_RX_ISR.c **** *   or UART_RX_ISR_StartEx will override any effect this method would 
 202:.\Generated_Source\PSoC4/UART_RX_ISR.c **** *   have had. This method should only be called after UART_RX_ISR_Start or 
 203:.\Generated_Source\PSoC4/UART_RX_ISR.c **** *   UART_RX_ISR_StartEx has been called. To set the initial
 204:.\Generated_Source\PSoC4/UART_RX_ISR.c **** *   priority for the component use the cydwr file in the tool.
 205:.\Generated_Source\PSoC4/UART_RX_ISR.c **** *
 206:.\Generated_Source\PSoC4/UART_RX_ISR.c **** * Parameters:
 207:.\Generated_Source\PSoC4/UART_RX_ISR.c **** *   priority: Priority of the interrupt. 0 - 3, 0 being the highest.
 208:.\Generated_Source\PSoC4/UART_RX_ISR.c **** *
 209:.\Generated_Source\PSoC4/UART_RX_ISR.c **** * Return:
 210:.\Generated_Source\PSoC4/UART_RX_ISR.c **** *   None
 211:.\Generated_Source\PSoC4/UART_RX_ISR.c **** *
 212:.\Generated_Source\PSoC4/UART_RX_ISR.c **** *******************************************************************************/
 213:.\Generated_Source\PSoC4/UART_RX_ISR.c **** void UART_RX_ISR_SetPriority(uint8 priority)
 214:.\Generated_Source\PSoC4/UART_RX_ISR.c **** {
 238              		.loc 1 214 0
 239              		.cfi_startproc
 240 0000 90B5     		push	{r4, r7, lr}
 241              	.LCFI14:
 242              		.cfi_def_cfa_offset 12
ARM GAS  C:\Users\Sam\AppData\Local\Temp\cc6NNgiN.s 			page 9


 243              		.cfi_offset 4, -12
 244              		.cfi_offset 7, -8
 245              		.cfi_offset 14, -4
 246 0002 85B0     		sub	sp, sp, #20
 247              	.LCFI15:
 248              		.cfi_def_cfa_offset 32
 249 0004 00AF     		add	r7, sp, #0
 250              	.LCFI16:
 251              		.cfi_def_cfa_register 7
 252 0006 021C     		mov	r2, r0
 253 0008 FB1D     		add	r3, r7, #7
 254 000a 1A70     		strb	r2, [r3]
 215:.\Generated_Source\PSoC4/UART_RX_ISR.c **** 	uint8 interruptState;
 216:.\Generated_Source\PSoC4/UART_RX_ISR.c ****     uint32 priorityOffset = ((UART_RX_ISR__INTC_NUMBER % 4u) * 8u) + 6u;
 255              		.loc 1 216 0
 256 000c 1623     		mov	r3, #22
 257 000e FB60     		str	r3, [r7, #12]
 217:.\Generated_Source\PSoC4/UART_RX_ISR.c ****     
 218:.\Generated_Source\PSoC4/UART_RX_ISR.c **** 	interruptState = CyEnterCriticalSection();
 258              		.loc 1 218 0
 259 0010 3C1C     		mov	r4, r7
 260 0012 0B34     		add	r4, r4, #11
 261 0014 FFF7FEFF 		bl	CyEnterCriticalSection
 262 0018 031C     		mov	r3, r0
 263 001a 2370     		strb	r3, [r4]
 219:.\Generated_Source\PSoC4/UART_RX_ISR.c ****     *UART_RX_ISR_INTC_PRIOR = (*UART_RX_ISR_INTC_PRIOR & (uint32)(~UART_RX_ISR__INTC_PRIOR_MASK)) |
 264              		.loc 1 219 0
 265 001c 0A4B     		ldr	r3, .L17
 266 001e 0A4A     		ldr	r2, .L17
 267 0020 1168     		ldr	r1, [r2]
 268 0022 0A4A     		ldr	r2, .L17+4
 269 0024 1140     		and	r1, r2
 220:.\Generated_Source\PSoC4/UART_RX_ISR.c ****                                     ((uint32)priority << priorityOffset);
 270              		.loc 1 220 0
 271 0026 FA1D     		add	r2, r7, #7
 272 0028 1078     		ldrb	r0, [r2]
 273 002a FA68     		ldr	r2, [r7, #12]
 274 002c 041C     		mov	r4, r0
 275 002e 9440     		lsl	r4, r4, r2
 276 0030 221C     		mov	r2, r4
 219:.\Generated_Source\PSoC4/UART_RX_ISR.c ****     *UART_RX_ISR_INTC_PRIOR = (*UART_RX_ISR_INTC_PRIOR & (uint32)(~UART_RX_ISR__INTC_PRIOR_MASK)) |
 277              		.loc 1 219 0
 278 0032 0A43     		orr	r2, r1
 279 0034 1A60     		str	r2, [r3]
 221:.\Generated_Source\PSoC4/UART_RX_ISR.c **** 	CyExitCriticalSection(interruptState);
 280              		.loc 1 221 0
 281 0036 3B1C     		mov	r3, r7
 282 0038 0B33     		add	r3, r3, #11
 283 003a 1B78     		ldrb	r3, [r3]
 284 003c 181C     		mov	r0, r3
 285 003e FFF7FEFF 		bl	CyExitCriticalSection
 222:.\Generated_Source\PSoC4/UART_RX_ISR.c **** }
 286              		.loc 1 222 0
 287 0042 BD46     		mov	sp, r7
 288 0044 05B0     		add	sp, sp, #20
 289              		@ sp needed for prologue
 290 0046 90BD     		pop	{r4, r7, pc}
ARM GAS  C:\Users\Sam\AppData\Local\Temp\cc6NNgiN.s 			page 10


 291              	.L18:
 292              		.align	2
 293              	.L17:
 294 0048 08E400E0 		.word	-536812536
 295 004c FFFF3FFF 		.word	-12582913
 296              		.cfi_endproc
 297              	.LFE6:
 298              		.size	UART_RX_ISR_SetPriority, .-UART_RX_ISR_SetPriority
 299              		.section	.text.UART_RX_ISR_GetPriority,"ax",%progbits
 300              		.align	2
 301              		.global	UART_RX_ISR_GetPriority
 302              		.code	16
 303              		.thumb_func
 304              		.type	UART_RX_ISR_GetPriority, %function
 305              	UART_RX_ISR_GetPriority:
 306              	.LFB7:
 223:.\Generated_Source\PSoC4/UART_RX_ISR.c **** 
 224:.\Generated_Source\PSoC4/UART_RX_ISR.c **** 
 225:.\Generated_Source\PSoC4/UART_RX_ISR.c **** /*******************************************************************************
 226:.\Generated_Source\PSoC4/UART_RX_ISR.c **** * Function Name: UART_RX_ISR_GetPriority
 227:.\Generated_Source\PSoC4/UART_RX_ISR.c **** ********************************************************************************
 228:.\Generated_Source\PSoC4/UART_RX_ISR.c **** *
 229:.\Generated_Source\PSoC4/UART_RX_ISR.c **** * Summary:
 230:.\Generated_Source\PSoC4/UART_RX_ISR.c **** *   Gets the Priority of the Interrupt.
 231:.\Generated_Source\PSoC4/UART_RX_ISR.c **** *
 232:.\Generated_Source\PSoC4/UART_RX_ISR.c **** * Parameters:
 233:.\Generated_Source\PSoC4/UART_RX_ISR.c **** *   None
 234:.\Generated_Source\PSoC4/UART_RX_ISR.c **** *
 235:.\Generated_Source\PSoC4/UART_RX_ISR.c **** * Return:
 236:.\Generated_Source\PSoC4/UART_RX_ISR.c **** *   Priority of the interrupt. 0 - 3, 0 being the highest.
 237:.\Generated_Source\PSoC4/UART_RX_ISR.c **** *
 238:.\Generated_Source\PSoC4/UART_RX_ISR.c **** *******************************************************************************/
 239:.\Generated_Source\PSoC4/UART_RX_ISR.c **** uint8 UART_RX_ISR_GetPriority(void)
 240:.\Generated_Source\PSoC4/UART_RX_ISR.c **** {
 307              		.loc 1 240 0
 308              		.cfi_startproc
 309 0000 80B5     		push	{r7, lr}
 310              	.LCFI17:
 311              		.cfi_def_cfa_offset 8
 312              		.cfi_offset 7, -8
 313              		.cfi_offset 14, -4
 314 0002 82B0     		sub	sp, sp, #8
 315              	.LCFI18:
 316              		.cfi_def_cfa_offset 16
 317 0004 00AF     		add	r7, sp, #0
 318              	.LCFI19:
 319              		.cfi_def_cfa_register 7
 241:.\Generated_Source\PSoC4/UART_RX_ISR.c ****     uint32 priority;
 242:.\Generated_Source\PSoC4/UART_RX_ISR.c **** 	uint32 priorityOffset = ((UART_RX_ISR__INTC_NUMBER % 4u) * 8u) + 6u;
 320              		.loc 1 242 0
 321 0006 1623     		mov	r3, #22
 322 0008 7B60     		str	r3, [r7, #4]
 243:.\Generated_Source\PSoC4/UART_RX_ISR.c **** 
 244:.\Generated_Source\PSoC4/UART_RX_ISR.c ****     priority = (*UART_RX_ISR_INTC_PRIOR & UART_RX_ISR__INTC_PRIOR_MASK) >> priorityOffset;
 323              		.loc 1 244 0
 324 000a 084B     		ldr	r3, .L21
 325 000c 1A68     		ldr	r2, [r3]
ARM GAS  C:\Users\Sam\AppData\Local\Temp\cc6NNgiN.s 			page 11


 326 000e C023     		mov	r3, #192
 327 0010 1B04     		lsl	r3, r3, #16
 328 0012 1A40     		and	r2, r3
 329 0014 7B68     		ldr	r3, [r7, #4]
 330 0016 111C     		mov	r1, r2
 331 0018 D940     		lsr	r1, r1, r3
 332 001a 0B1C     		mov	r3, r1
 333 001c 3B60     		str	r3, [r7]
 245:.\Generated_Source\PSoC4/UART_RX_ISR.c **** 
 246:.\Generated_Source\PSoC4/UART_RX_ISR.c ****     return (uint8)priority;
 334              		.loc 1 246 0
 335 001e 3B68     		ldr	r3, [r7]
 336 0020 DBB2     		uxtb	r3, r3
 247:.\Generated_Source\PSoC4/UART_RX_ISR.c **** }
 337              		.loc 1 247 0
 338 0022 181C     		mov	r0, r3
 339 0024 BD46     		mov	sp, r7
 340 0026 02B0     		add	sp, sp, #8
 341              		@ sp needed for prologue
 342 0028 80BD     		pop	{r7, pc}
 343              	.L22:
 344 002a C046     		.align	2
 345              	.L21:
 346 002c 08E400E0 		.word	-536812536
 347              		.cfi_endproc
 348              	.LFE7:
 349              		.size	UART_RX_ISR_GetPriority, .-UART_RX_ISR_GetPriority
 350              		.section	.text.UART_RX_ISR_Enable,"ax",%progbits
 351              		.align	2
 352              		.global	UART_RX_ISR_Enable
 353              		.code	16
 354              		.thumb_func
 355              		.type	UART_RX_ISR_Enable, %function
 356              	UART_RX_ISR_Enable:
 357              	.LFB8:
 248:.\Generated_Source\PSoC4/UART_RX_ISR.c **** 
 249:.\Generated_Source\PSoC4/UART_RX_ISR.c **** 
 250:.\Generated_Source\PSoC4/UART_RX_ISR.c **** /*******************************************************************************
 251:.\Generated_Source\PSoC4/UART_RX_ISR.c **** * Function Name: UART_RX_ISR_Enable
 252:.\Generated_Source\PSoC4/UART_RX_ISR.c **** ********************************************************************************
 253:.\Generated_Source\PSoC4/UART_RX_ISR.c **** *
 254:.\Generated_Source\PSoC4/UART_RX_ISR.c **** * Summary:
 255:.\Generated_Source\PSoC4/UART_RX_ISR.c **** *   Enables the interrupt.
 256:.\Generated_Source\PSoC4/UART_RX_ISR.c **** *
 257:.\Generated_Source\PSoC4/UART_RX_ISR.c **** * Parameters:
 258:.\Generated_Source\PSoC4/UART_RX_ISR.c **** *   None
 259:.\Generated_Source\PSoC4/UART_RX_ISR.c **** *
 260:.\Generated_Source\PSoC4/UART_RX_ISR.c **** * Return:
 261:.\Generated_Source\PSoC4/UART_RX_ISR.c **** *   None
 262:.\Generated_Source\PSoC4/UART_RX_ISR.c **** *
 263:.\Generated_Source\PSoC4/UART_RX_ISR.c **** *******************************************************************************/
 264:.\Generated_Source\PSoC4/UART_RX_ISR.c **** void UART_RX_ISR_Enable(void)
 265:.\Generated_Source\PSoC4/UART_RX_ISR.c **** {
 358              		.loc 1 265 0
 359              		.cfi_startproc
 360 0000 80B5     		push	{r7, lr}
 361              	.LCFI20:
ARM GAS  C:\Users\Sam\AppData\Local\Temp\cc6NNgiN.s 			page 12


 362              		.cfi_def_cfa_offset 8
 363              		.cfi_offset 7, -8
 364              		.cfi_offset 14, -4
 365 0002 00AF     		add	r7, sp, #0
 366              	.LCFI21:
 367              		.cfi_def_cfa_register 7
 266:.\Generated_Source\PSoC4/UART_RX_ISR.c ****     /* Enable the general interrupt. */
 267:.\Generated_Source\PSoC4/UART_RX_ISR.c ****     *UART_RX_ISR_INTC_SET_EN = UART_RX_ISR__INTC_MASK;
 368              		.loc 1 267 0
 369 0004 024B     		ldr	r3, .L24
 370 0006 8022     		mov	r2, #128
 371 0008 D200     		lsl	r2, r2, #3
 372 000a 1A60     		str	r2, [r3]
 268:.\Generated_Source\PSoC4/UART_RX_ISR.c **** }
 373              		.loc 1 268 0
 374 000c BD46     		mov	sp, r7
 375              		@ sp needed for prologue
 376 000e 80BD     		pop	{r7, pc}
 377              	.L25:
 378              		.align	2
 379              	.L24:
 380 0010 00E100E0 		.word	-536813312
 381              		.cfi_endproc
 382              	.LFE8:
 383              		.size	UART_RX_ISR_Enable, .-UART_RX_ISR_Enable
 384              		.section	.text.UART_RX_ISR_GetState,"ax",%progbits
 385              		.align	2
 386              		.global	UART_RX_ISR_GetState
 387              		.code	16
 388              		.thumb_func
 389              		.type	UART_RX_ISR_GetState, %function
 390              	UART_RX_ISR_GetState:
 391              	.LFB9:
 269:.\Generated_Source\PSoC4/UART_RX_ISR.c **** 
 270:.\Generated_Source\PSoC4/UART_RX_ISR.c **** 
 271:.\Generated_Source\PSoC4/UART_RX_ISR.c **** /*******************************************************************************
 272:.\Generated_Source\PSoC4/UART_RX_ISR.c **** * Function Name: UART_RX_ISR_GetState
 273:.\Generated_Source\PSoC4/UART_RX_ISR.c **** ********************************************************************************
 274:.\Generated_Source\PSoC4/UART_RX_ISR.c **** *
 275:.\Generated_Source\PSoC4/UART_RX_ISR.c **** * Summary:
 276:.\Generated_Source\PSoC4/UART_RX_ISR.c **** *   Gets the state (enabled, disabled) of the Interrupt.
 277:.\Generated_Source\PSoC4/UART_RX_ISR.c **** *
 278:.\Generated_Source\PSoC4/UART_RX_ISR.c **** * Parameters:
 279:.\Generated_Source\PSoC4/UART_RX_ISR.c **** *   None
 280:.\Generated_Source\PSoC4/UART_RX_ISR.c **** *
 281:.\Generated_Source\PSoC4/UART_RX_ISR.c **** * Return:
 282:.\Generated_Source\PSoC4/UART_RX_ISR.c **** *   1 if enabled, 0 if disabled.
 283:.\Generated_Source\PSoC4/UART_RX_ISR.c **** *
 284:.\Generated_Source\PSoC4/UART_RX_ISR.c **** *******************************************************************************/
 285:.\Generated_Source\PSoC4/UART_RX_ISR.c **** uint8 UART_RX_ISR_GetState(void)
 286:.\Generated_Source\PSoC4/UART_RX_ISR.c **** {
 392              		.loc 1 286 0
 393              		.cfi_startproc
 394 0000 80B5     		push	{r7, lr}
 395              	.LCFI22:
 396              		.cfi_def_cfa_offset 8
 397              		.cfi_offset 7, -8
ARM GAS  C:\Users\Sam\AppData\Local\Temp\cc6NNgiN.s 			page 13


 398              		.cfi_offset 14, -4
 399 0002 00AF     		add	r7, sp, #0
 400              	.LCFI23:
 401              		.cfi_def_cfa_register 7
 287:.\Generated_Source\PSoC4/UART_RX_ISR.c ****     /* Get the state of the general interrupt. */
 288:.\Generated_Source\PSoC4/UART_RX_ISR.c ****     return ((*UART_RX_ISR_INTC_SET_EN & (uint32)UART_RX_ISR__INTC_MASK) != 0u) ? 1u:0u;
 402              		.loc 1 288 0
 403 0004 054B     		ldr	r3, .L30
 404 0006 1A68     		ldr	r2, [r3]
 405 0008 8023     		mov	r3, #128
 406 000a DB00     		lsl	r3, r3, #3
 407 000c 1340     		and	r3, r2
 408 000e 01D0     		beq	.L27
 409              		.loc 1 288 0 is_stmt 0 discriminator 1
 410 0010 0123     		mov	r3, #1
 411 0012 00E0     		b	.L28
 412              	.L27:
 413              		.loc 1 288 0 discriminator 2
 414 0014 0023     		mov	r3, #0
 415              	.L28:
 289:.\Generated_Source\PSoC4/UART_RX_ISR.c **** }
 416              		.loc 1 289 0 is_stmt 1 discriminator 3
 417 0016 181C     		mov	r0, r3
 418 0018 BD46     		mov	sp, r7
 419              		@ sp needed for prologue
 420 001a 80BD     		pop	{r7, pc}
 421              	.L31:
 422              		.align	2
 423              	.L30:
 424 001c 00E100E0 		.word	-536813312
 425              		.cfi_endproc
 426              	.LFE9:
 427              		.size	UART_RX_ISR_GetState, .-UART_RX_ISR_GetState
 428              		.section	.text.UART_RX_ISR_Disable,"ax",%progbits
 429              		.align	2
 430              		.global	UART_RX_ISR_Disable
 431              		.code	16
 432              		.thumb_func
 433              		.type	UART_RX_ISR_Disable, %function
 434              	UART_RX_ISR_Disable:
 435              	.LFB10:
 290:.\Generated_Source\PSoC4/UART_RX_ISR.c **** 
 291:.\Generated_Source\PSoC4/UART_RX_ISR.c **** 
 292:.\Generated_Source\PSoC4/UART_RX_ISR.c **** /*******************************************************************************
 293:.\Generated_Source\PSoC4/UART_RX_ISR.c **** * Function Name: UART_RX_ISR_Disable
 294:.\Generated_Source\PSoC4/UART_RX_ISR.c **** ********************************************************************************
 295:.\Generated_Source\PSoC4/UART_RX_ISR.c **** *
 296:.\Generated_Source\PSoC4/UART_RX_ISR.c **** * Summary:
 297:.\Generated_Source\PSoC4/UART_RX_ISR.c **** *   Disables the Interrupt.
 298:.\Generated_Source\PSoC4/UART_RX_ISR.c **** *
 299:.\Generated_Source\PSoC4/UART_RX_ISR.c **** * Parameters:
 300:.\Generated_Source\PSoC4/UART_RX_ISR.c **** *   None
 301:.\Generated_Source\PSoC4/UART_RX_ISR.c **** *
 302:.\Generated_Source\PSoC4/UART_RX_ISR.c **** * Return:
 303:.\Generated_Source\PSoC4/UART_RX_ISR.c **** *   None
 304:.\Generated_Source\PSoC4/UART_RX_ISR.c **** *
 305:.\Generated_Source\PSoC4/UART_RX_ISR.c **** *******************************************************************************/
ARM GAS  C:\Users\Sam\AppData\Local\Temp\cc6NNgiN.s 			page 14


 306:.\Generated_Source\PSoC4/UART_RX_ISR.c **** void UART_RX_ISR_Disable(void)
 307:.\Generated_Source\PSoC4/UART_RX_ISR.c **** {
 436              		.loc 1 307 0
 437              		.cfi_startproc
 438 0000 80B5     		push	{r7, lr}
 439              	.LCFI24:
 440              		.cfi_def_cfa_offset 8
 441              		.cfi_offset 7, -8
 442              		.cfi_offset 14, -4
 443 0002 00AF     		add	r7, sp, #0
 444              	.LCFI25:
 445              		.cfi_def_cfa_register 7
 308:.\Generated_Source\PSoC4/UART_RX_ISR.c ****     /* Disable the general interrupt. */
 309:.\Generated_Source\PSoC4/UART_RX_ISR.c ****     *UART_RX_ISR_INTC_CLR_EN = UART_RX_ISR__INTC_MASK;
 446              		.loc 1 309 0
 447 0004 024B     		ldr	r3, .L33
 448 0006 8022     		mov	r2, #128
 449 0008 D200     		lsl	r2, r2, #3
 450 000a 1A60     		str	r2, [r3]
 310:.\Generated_Source\PSoC4/UART_RX_ISR.c **** }
 451              		.loc 1 310 0
 452 000c BD46     		mov	sp, r7
 453              		@ sp needed for prologue
 454 000e 80BD     		pop	{r7, pc}
 455              	.L34:
 456              		.align	2
 457              	.L33:
 458 0010 80E100E0 		.word	-536813184
 459              		.cfi_endproc
 460              	.LFE10:
 461              		.size	UART_RX_ISR_Disable, .-UART_RX_ISR_Disable
 462              		.section	.text.UART_RX_ISR_SetPending,"ax",%progbits
 463              		.align	2
 464              		.global	UART_RX_ISR_SetPending
 465              		.code	16
 466              		.thumb_func
 467              		.type	UART_RX_ISR_SetPending, %function
 468              	UART_RX_ISR_SetPending:
 469              	.LFB11:
 311:.\Generated_Source\PSoC4/UART_RX_ISR.c **** 
 312:.\Generated_Source\PSoC4/UART_RX_ISR.c **** 
 313:.\Generated_Source\PSoC4/UART_RX_ISR.c **** /*******************************************************************************
 314:.\Generated_Source\PSoC4/UART_RX_ISR.c **** * Function Name: UART_RX_ISR_SetPending
 315:.\Generated_Source\PSoC4/UART_RX_ISR.c **** ********************************************************************************
 316:.\Generated_Source\PSoC4/UART_RX_ISR.c **** *
 317:.\Generated_Source\PSoC4/UART_RX_ISR.c **** * Summary:
 318:.\Generated_Source\PSoC4/UART_RX_ISR.c **** *   Causes the Interrupt to enter the pending state, a software method of
 319:.\Generated_Source\PSoC4/UART_RX_ISR.c **** *   generating the interrupt.
 320:.\Generated_Source\PSoC4/UART_RX_ISR.c **** *
 321:.\Generated_Source\PSoC4/UART_RX_ISR.c **** * Parameters:
 322:.\Generated_Source\PSoC4/UART_RX_ISR.c **** *   None
 323:.\Generated_Source\PSoC4/UART_RX_ISR.c **** *
 324:.\Generated_Source\PSoC4/UART_RX_ISR.c **** * Return:
 325:.\Generated_Source\PSoC4/UART_RX_ISR.c **** *   None
 326:.\Generated_Source\PSoC4/UART_RX_ISR.c **** *
 327:.\Generated_Source\PSoC4/UART_RX_ISR.c **** *******************************************************************************/
 328:.\Generated_Source\PSoC4/UART_RX_ISR.c **** void UART_RX_ISR_SetPending(void)
ARM GAS  C:\Users\Sam\AppData\Local\Temp\cc6NNgiN.s 			page 15


 329:.\Generated_Source\PSoC4/UART_RX_ISR.c **** {
 470              		.loc 1 329 0
 471              		.cfi_startproc
 472 0000 80B5     		push	{r7, lr}
 473              	.LCFI26:
 474              		.cfi_def_cfa_offset 8
 475              		.cfi_offset 7, -8
 476              		.cfi_offset 14, -4
 477 0002 00AF     		add	r7, sp, #0
 478              	.LCFI27:
 479              		.cfi_def_cfa_register 7
 330:.\Generated_Source\PSoC4/UART_RX_ISR.c ****     *UART_RX_ISR_INTC_SET_PD = UART_RX_ISR__INTC_MASK;
 480              		.loc 1 330 0
 481 0004 024B     		ldr	r3, .L36
 482 0006 8022     		mov	r2, #128
 483 0008 D200     		lsl	r2, r2, #3
 484 000a 1A60     		str	r2, [r3]
 331:.\Generated_Source\PSoC4/UART_RX_ISR.c **** }
 485              		.loc 1 331 0
 486 000c BD46     		mov	sp, r7
 487              		@ sp needed for prologue
 488 000e 80BD     		pop	{r7, pc}
 489              	.L37:
 490              		.align	2
 491              	.L36:
 492 0010 00E200E0 		.word	-536813056
 493              		.cfi_endproc
 494              	.LFE11:
 495              		.size	UART_RX_ISR_SetPending, .-UART_RX_ISR_SetPending
 496              		.section	.text.UART_RX_ISR_ClearPending,"ax",%progbits
 497              		.align	2
 498              		.global	UART_RX_ISR_ClearPending
 499              		.code	16
 500              		.thumb_func
 501              		.type	UART_RX_ISR_ClearPending, %function
 502              	UART_RX_ISR_ClearPending:
 503              	.LFB12:
 332:.\Generated_Source\PSoC4/UART_RX_ISR.c **** 
 333:.\Generated_Source\PSoC4/UART_RX_ISR.c **** 
 334:.\Generated_Source\PSoC4/UART_RX_ISR.c **** /*******************************************************************************
 335:.\Generated_Source\PSoC4/UART_RX_ISR.c **** * Function Name: UART_RX_ISR_ClearPending
 336:.\Generated_Source\PSoC4/UART_RX_ISR.c **** ********************************************************************************
 337:.\Generated_Source\PSoC4/UART_RX_ISR.c **** *
 338:.\Generated_Source\PSoC4/UART_RX_ISR.c **** * Summary:
 339:.\Generated_Source\PSoC4/UART_RX_ISR.c **** *   Clears a pending interrupt.
 340:.\Generated_Source\PSoC4/UART_RX_ISR.c **** *
 341:.\Generated_Source\PSoC4/UART_RX_ISR.c **** * Parameters:
 342:.\Generated_Source\PSoC4/UART_RX_ISR.c **** *   None
 343:.\Generated_Source\PSoC4/UART_RX_ISR.c **** *
 344:.\Generated_Source\PSoC4/UART_RX_ISR.c **** * Return:
 345:.\Generated_Source\PSoC4/UART_RX_ISR.c **** *   None
 346:.\Generated_Source\PSoC4/UART_RX_ISR.c **** *
 347:.\Generated_Source\PSoC4/UART_RX_ISR.c **** *******************************************************************************/
 348:.\Generated_Source\PSoC4/UART_RX_ISR.c **** void UART_RX_ISR_ClearPending(void)
 349:.\Generated_Source\PSoC4/UART_RX_ISR.c **** {
 504              		.loc 1 349 0
 505              		.cfi_startproc
ARM GAS  C:\Users\Sam\AppData\Local\Temp\cc6NNgiN.s 			page 16


 506 0000 80B5     		push	{r7, lr}
 507              	.LCFI28:
 508              		.cfi_def_cfa_offset 8
 509              		.cfi_offset 7, -8
 510              		.cfi_offset 14, -4
 511 0002 00AF     		add	r7, sp, #0
 512              	.LCFI29:
 513              		.cfi_def_cfa_register 7
 350:.\Generated_Source\PSoC4/UART_RX_ISR.c ****     *UART_RX_ISR_INTC_CLR_PD = UART_RX_ISR__INTC_MASK;
 514              		.loc 1 350 0
 515 0004 024B     		ldr	r3, .L39
 516 0006 8022     		mov	r2, #128
 517 0008 D200     		lsl	r2, r2, #3
 518 000a 1A60     		str	r2, [r3]
 351:.\Generated_Source\PSoC4/UART_RX_ISR.c **** }
 519              		.loc 1 351 0
 520 000c BD46     		mov	sp, r7
 521              		@ sp needed for prologue
 522 000e 80BD     		pop	{r7, pc}
 523              	.L40:
 524              		.align	2
 525              	.L39:
 526 0010 80E200E0 		.word	-536812928
 527              		.cfi_endproc
 528              	.LFE12:
 529              		.size	UART_RX_ISR_ClearPending, .-UART_RX_ISR_ClearPending
 530              		.text
 531              	.Letext0:
 532              		.file 2 "./Generated_Source/PSoC4/cytypes.h"
 533              		.section	.debug_info,"",%progbits
 534              	.Ldebug_info0:
 535 0000 84020000 		.4byte	0x284
 536 0004 0200     		.2byte	0x2
 537 0006 00000000 		.4byte	.Ldebug_abbrev0
 538 000a 04       		.byte	0x4
 539 000b 01       		.uleb128 0x1
 540 000c 1E020000 		.4byte	.LASF33
 541 0010 01       		.byte	0x1
 542 0011 EE000000 		.4byte	.LASF34
 543 0015 65010000 		.4byte	.LASF35
 544 0019 00000000 		.4byte	.Ldebug_ranges0+0
 545 001d 00000000 		.4byte	0
 546 0021 00000000 		.4byte	0
 547 0025 00000000 		.4byte	.Ldebug_line0
 548 0029 02       		.uleb128 0x2
 549 002a 01       		.byte	0x1
 550 002b 06       		.byte	0x6
 551 002c 93020000 		.4byte	.LASF0
 552 0030 02       		.uleb128 0x2
 553 0031 01       		.byte	0x1
 554 0032 08       		.byte	0x8
 555 0033 6F000000 		.4byte	.LASF1
 556 0037 02       		.uleb128 0x2
 557 0038 02       		.byte	0x2
 558 0039 05       		.byte	0x5
 559 003a 14020000 		.4byte	.LASF2
 560 003e 02       		.uleb128 0x2
ARM GAS  C:\Users\Sam\AppData\Local\Temp\cc6NNgiN.s 			page 17


 561 003f 02       		.byte	0x2
 562 0040 07       		.byte	0x7
 563 0041 13000000 		.4byte	.LASF3
 564 0045 02       		.uleb128 0x2
 565 0046 04       		.byte	0x4
 566 0047 05       		.byte	0x5
 567 0048 76020000 		.4byte	.LASF4
 568 004c 02       		.uleb128 0x2
 569 004d 04       		.byte	0x4
 570 004e 07       		.byte	0x7
 571 004f A3000000 		.4byte	.LASF5
 572 0053 02       		.uleb128 0x2
 573 0054 08       		.byte	0x8
 574 0055 05       		.byte	0x5
 575 0056 ED010000 		.4byte	.LASF6
 576 005a 02       		.uleb128 0x2
 577 005b 08       		.byte	0x8
 578 005c 07       		.byte	0x7
 579 005d 4E010000 		.4byte	.LASF7
 580 0061 03       		.uleb128 0x3
 581 0062 04       		.byte	0x4
 582 0063 05       		.byte	0x5
 583 0064 696E7400 		.ascii	"int\000"
 584 0068 02       		.uleb128 0x2
 585 0069 04       		.byte	0x4
 586 006a 07       		.byte	0x7
 587 006b 39010000 		.4byte	.LASF8
 588 006f 04       		.uleb128 0x4
 589 0070 B5000000 		.4byte	.LASF9
 590 0074 02       		.byte	0x2
 591 0075 5B       		.byte	0x5b
 592 0076 30000000 		.4byte	0x30
 593 007a 04       		.uleb128 0x4
 594 007b 32010000 		.4byte	.LASF10
 595 007f 02       		.byte	0x2
 596 0080 5D       		.byte	0x5d
 597 0081 4C000000 		.4byte	0x4c
 598 0085 02       		.uleb128 0x2
 599 0086 04       		.byte	0x4
 600 0087 04       		.byte	0x4
 601 0088 69000000 		.4byte	.LASF11
 602 008c 02       		.uleb128 0x2
 603 008d 08       		.byte	0x8
 604 008e 04       		.byte	0x4
 605 008f 15010000 		.4byte	.LASF12
 606 0093 02       		.uleb128 0x2
 607 0094 01       		.byte	0x1
 608 0095 08       		.byte	0x8
 609 0096 0F020000 		.4byte	.LASF13
 610 009a 04       		.uleb128 0x4
 611 009b 00000000 		.4byte	.LASF14
 612 009f 02       		.byte	0x2
 613 00a0 F2       		.byte	0xf2
 614 00a1 A5000000 		.4byte	0xa5
 615 00a5 05       		.uleb128 0x5
 616 00a6 7A000000 		.4byte	0x7a
 617 00aa 06       		.uleb128 0x6
ARM GAS  C:\Users\Sam\AppData\Local\Temp\cc6NNgiN.s 			page 18


 618 00ab C1010000 		.4byte	.LASF15
 619 00af 02       		.byte	0x2
 620 00b0 0201     		.2byte	0x102
 621 00b2 B6000000 		.4byte	0xb6
 622 00b6 07       		.uleb128 0x7
 623 00b7 04       		.byte	0x4
 624 00b8 BC000000 		.4byte	0xbc
 625 00bc 08       		.uleb128 0x8
 626 00bd 01       		.byte	0x1
 627 00be 02       		.uleb128 0x2
 628 00bf 04       		.byte	0x4
 629 00c0 07       		.byte	0x7
 630 00c1 E4010000 		.4byte	.LASF16
 631 00c5 09       		.uleb128 0x9
 632 00c6 01       		.byte	0x1
 633 00c7 CA020000 		.4byte	.LASF17
 634 00cb 01       		.byte	0x1
 635 00cc 35       		.byte	0x35
 636 00cd 01       		.byte	0x1
 637 00ce 00000000 		.4byte	.LFB0
 638 00d2 24000000 		.4byte	.LFE0
 639 00d6 00000000 		.4byte	.LLST0
 640 00da 01       		.byte	0x1
 641 00db 0A       		.uleb128 0xa
 642 00dc 01       		.byte	0x1
 643 00dd FB010000 		.4byte	.LASF20
 644 00e1 01       		.byte	0x1
 645 00e2 53       		.byte	0x53
 646 00e3 01       		.byte	0x1
 647 00e4 00000000 		.4byte	.LFB1
 648 00e8 24000000 		.4byte	.LFE1
 649 00ec 2C000000 		.4byte	.LLST1
 650 00f0 01       		.byte	0x1
 651 00f1 04010000 		.4byte	0x104
 652 00f5 0B       		.uleb128 0xb
 653 00f6 46010000 		.4byte	.LASF22
 654 00fa 01       		.byte	0x1
 655 00fb 53       		.byte	0x53
 656 00fc AA000000 		.4byte	0xaa
 657 0100 02       		.byte	0x2
 658 0101 91       		.byte	0x91
 659 0102 74       		.sleb128 -12
 660 0103 00       		.byte	0
 661 0104 09       		.uleb128 0x9
 662 0105 01       		.byte	0x1
 663 0106 D4000000 		.4byte	.LASF18
 664 010a 01       		.byte	0x1
 665 010b 70       		.byte	0x70
 666 010c 01       		.byte	0x1
 667 010d 00000000 		.4byte	.LFB2
 668 0111 18000000 		.4byte	.LFE2
 669 0115 64000000 		.4byte	.LLST2
 670 0119 01       		.byte	0x1
 671 011a 0C       		.uleb128 0xc
 672 011b 01       		.byte	0x1
 673 011c CE010000 		.4byte	.LASF19
 674 0120 01       		.byte	0x1
ARM GAS  C:\Users\Sam\AppData\Local\Temp\cc6NNgiN.s 			page 19


 675 0121 8B       		.byte	0x8b
 676 0122 01       		.byte	0x1
 677 0123 00000000 		.4byte	.LFB3
 678 0127 08000000 		.4byte	.LFE3
 679 012b 90000000 		.4byte	.LLST3
 680 012f 01       		.byte	0x1
 681 0130 0D       		.uleb128 0xd
 682 0131 01       		.byte	0x1
 683 0132 26000000 		.4byte	.LASF21
 684 0136 01       		.byte	0x1
 685 0137 A9       		.byte	0xa9
 686 0138 01       		.byte	0x1
 687 0139 00000000 		.4byte	.LFB4
 688 013d 18000000 		.4byte	.LFE4
 689 0141 BC000000 		.4byte	.LLST4
 690 0145 01       		.byte	0x1
 691 0146 59010000 		.4byte	0x159
 692 014a 0B       		.uleb128 0xb
 693 014b 46010000 		.4byte	.LASF22
 694 014f 01       		.byte	0x1
 695 0150 A9       		.byte	0xa9
 696 0151 AA000000 		.4byte	0xaa
 697 0155 02       		.byte	0x2
 698 0156 91       		.byte	0x91
 699 0157 74       		.sleb128 -12
 700 0158 00       		.byte	0
 701 0159 0E       		.uleb128 0xe
 702 015a 01       		.byte	0x1
 703 015b 1C010000 		.4byte	.LASF28
 704 015f 01       		.byte	0x1
 705 0160 BD       		.byte	0xbd
 706 0161 01       		.byte	0x1
 707 0162 AA000000 		.4byte	0xaa
 708 0166 00000000 		.4byte	.LFB5
 709 016a 14000000 		.4byte	.LFE5
 710 016e F4000000 		.4byte	.LLST5
 711 0172 01       		.byte	0x1
 712 0173 0A       		.uleb128 0xa
 713 0174 01       		.byte	0x1
 714 0175 51000000 		.4byte	.LASF23
 715 0179 01       		.byte	0x1
 716 017a D5       		.byte	0xd5
 717 017b 01       		.byte	0x1
 718 017c 00000000 		.4byte	.LFB6
 719 0180 50000000 		.4byte	.LFE6
 720 0184 20010000 		.4byte	.LLST6
 721 0188 01       		.byte	0x1
 722 0189 B8010000 		.4byte	0x1b8
 723 018d 0B       		.uleb128 0xb
 724 018e E5000000 		.4byte	.LASF24
 725 0192 01       		.byte	0x1
 726 0193 D5       		.byte	0xd5
 727 0194 6F000000 		.4byte	0x6f
 728 0198 02       		.byte	0x2
 729 0199 91       		.byte	0x91
 730 019a 67       		.sleb128 -25
 731 019b 0F       		.uleb128 0xf
ARM GAS  C:\Users\Sam\AppData\Local\Temp\cc6NNgiN.s 			page 20


 732 019c 94000000 		.4byte	.LASF25
 733 01a0 01       		.byte	0x1
 734 01a1 D7       		.byte	0xd7
 735 01a2 6F000000 		.4byte	0x6f
 736 01a6 02       		.byte	0x2
 737 01a7 91       		.byte	0x91
 738 01a8 6B       		.sleb128 -21
 739 01a9 0F       		.uleb128 0xf
 740 01aa 67020000 		.4byte	.LASF26
 741 01ae 01       		.byte	0x1
 742 01af D8       		.byte	0xd8
 743 01b0 7A000000 		.4byte	0x7a
 744 01b4 02       		.byte	0x2
 745 01b5 91       		.byte	0x91
 746 01b6 6C       		.sleb128 -20
 747 01b7 00       		.byte	0
 748 01b8 10       		.uleb128 0x10
 749 01b9 01       		.byte	0x1
 750 01ba B2020000 		.4byte	.LASF36
 751 01be 01       		.byte	0x1
 752 01bf EF       		.byte	0xef
 753 01c0 01       		.byte	0x1
 754 01c1 6F000000 		.4byte	0x6f
 755 01c5 00000000 		.4byte	.LFB7
 756 01c9 30000000 		.4byte	.LFE7
 757 01cd 58010000 		.4byte	.LLST7
 758 01d1 01       		.byte	0x1
 759 01d2 F3010000 		.4byte	0x1f3
 760 01d6 0F       		.uleb128 0xf
 761 01d7 E5000000 		.4byte	.LASF24
 762 01db 01       		.byte	0x1
 763 01dc F1       		.byte	0xf1
 764 01dd 7A000000 		.4byte	0x7a
 765 01e1 02       		.byte	0x2
 766 01e2 91       		.byte	0x91
 767 01e3 70       		.sleb128 -16
 768 01e4 0F       		.uleb128 0xf
 769 01e5 67020000 		.4byte	.LASF26
 770 01e9 01       		.byte	0x1
 771 01ea F2       		.byte	0xf2
 772 01eb 7A000000 		.4byte	0x7a
 773 01ef 02       		.byte	0x2
 774 01f0 91       		.byte	0x91
 775 01f1 74       		.sleb128 -12
 776 01f2 00       		.byte	0
 777 01f3 11       		.uleb128 0x11
 778 01f4 01       		.byte	0x1
 779 01f5 9F020000 		.4byte	.LASF27
 780 01f9 01       		.byte	0x1
 781 01fa 0801     		.2byte	0x108
 782 01fc 01       		.byte	0x1
 783 01fd 00000000 		.4byte	.LFB8
 784 0201 14000000 		.4byte	.LFE8
 785 0205 90010000 		.4byte	.LLST8
 786 0209 01       		.byte	0x1
 787 020a 12       		.uleb128 0x12
 788 020b 01       		.byte	0x1
ARM GAS  C:\Users\Sam\AppData\Local\Temp\cc6NNgiN.s 			page 21


 789 020c 3C000000 		.4byte	.LASF29
 790 0210 01       		.byte	0x1
 791 0211 1D01     		.2byte	0x11d
 792 0213 01       		.byte	0x1
 793 0214 6F000000 		.4byte	0x6f
 794 0218 00000000 		.4byte	.LFB9
 795 021c 20000000 		.4byte	.LFE9
 796 0220 BC010000 		.4byte	.LLST9
 797 0224 01       		.byte	0x1
 798 0225 11       		.uleb128 0x11
 799 0226 01       		.byte	0x1
 800 0227 7F020000 		.4byte	.LASF30
 801 022b 01       		.byte	0x1
 802 022c 3201     		.2byte	0x132
 803 022e 01       		.byte	0x1
 804 022f 00000000 		.4byte	.LFB10
 805 0233 14000000 		.4byte	.LFE10
 806 0237 E8010000 		.4byte	.LLST10
 807 023b 01       		.byte	0x1
 808 023c 11       		.uleb128 0x11
 809 023d 01       		.byte	0x1
 810 023e 7D000000 		.4byte	.LASF31
 811 0242 01       		.byte	0x1
 812 0243 4801     		.2byte	0x148
 813 0245 01       		.byte	0x1
 814 0246 00000000 		.4byte	.LFB11
 815 024a 14000000 		.4byte	.LFE11
 816 024e 14020000 		.4byte	.LLST11
 817 0252 01       		.byte	0x1
 818 0253 11       		.uleb128 0x11
 819 0254 01       		.byte	0x1
 820 0255 BB000000 		.4byte	.LASF32
 821 0259 01       		.byte	0x1
 822 025a 5C01     		.2byte	0x15c
 823 025c 01       		.byte	0x1
 824 025d 00000000 		.4byte	.LFB12
 825 0261 14000000 		.4byte	.LFE12
 826 0265 40020000 		.4byte	.LLST12
 827 0269 01       		.byte	0x1
 828 026a 13       		.uleb128 0x13
 829 026b AA000000 		.4byte	0xaa
 830 026f 7A020000 		.4byte	0x27a
 831 0273 14       		.uleb128 0x14
 832 0274 BE000000 		.4byte	0xbe
 833 0278 2F       		.byte	0x2f
 834 0279 00       		.byte	0
 835 027a 15       		.uleb128 0x15
 836 027b 06000000 		.4byte	.LASF37
 837 027f 01       		.byte	0x1
 838 0280 21       		.byte	0x21
 839 0281 6A020000 		.4byte	0x26a
 840 0285 01       		.byte	0x1
 841 0286 01       		.byte	0x1
 842 0287 00       		.byte	0
 843              		.section	.debug_abbrev,"",%progbits
 844              	.Ldebug_abbrev0:
 845 0000 01       		.uleb128 0x1
ARM GAS  C:\Users\Sam\AppData\Local\Temp\cc6NNgiN.s 			page 22


 846 0001 11       		.uleb128 0x11
 847 0002 01       		.byte	0x1
 848 0003 25       		.uleb128 0x25
 849 0004 0E       		.uleb128 0xe
 850 0005 13       		.uleb128 0x13
 851 0006 0B       		.uleb128 0xb
 852 0007 03       		.uleb128 0x3
 853 0008 0E       		.uleb128 0xe
 854 0009 1B       		.uleb128 0x1b
 855 000a 0E       		.uleb128 0xe
 856 000b 55       		.uleb128 0x55
 857 000c 06       		.uleb128 0x6
 858 000d 11       		.uleb128 0x11
 859 000e 01       		.uleb128 0x1
 860 000f 52       		.uleb128 0x52
 861 0010 01       		.uleb128 0x1
 862 0011 10       		.uleb128 0x10
 863 0012 06       		.uleb128 0x6
 864 0013 00       		.byte	0
 865 0014 00       		.byte	0
 866 0015 02       		.uleb128 0x2
 867 0016 24       		.uleb128 0x24
 868 0017 00       		.byte	0
 869 0018 0B       		.uleb128 0xb
 870 0019 0B       		.uleb128 0xb
 871 001a 3E       		.uleb128 0x3e
 872 001b 0B       		.uleb128 0xb
 873 001c 03       		.uleb128 0x3
 874 001d 0E       		.uleb128 0xe
 875 001e 00       		.byte	0
 876 001f 00       		.byte	0
 877 0020 03       		.uleb128 0x3
 878 0021 24       		.uleb128 0x24
 879 0022 00       		.byte	0
 880 0023 0B       		.uleb128 0xb
 881 0024 0B       		.uleb128 0xb
 882 0025 3E       		.uleb128 0x3e
 883 0026 0B       		.uleb128 0xb
 884 0027 03       		.uleb128 0x3
 885 0028 08       		.uleb128 0x8
 886 0029 00       		.byte	0
 887 002a 00       		.byte	0
 888 002b 04       		.uleb128 0x4
 889 002c 16       		.uleb128 0x16
 890 002d 00       		.byte	0
 891 002e 03       		.uleb128 0x3
 892 002f 0E       		.uleb128 0xe
 893 0030 3A       		.uleb128 0x3a
 894 0031 0B       		.uleb128 0xb
 895 0032 3B       		.uleb128 0x3b
 896 0033 0B       		.uleb128 0xb
 897 0034 49       		.uleb128 0x49
 898 0035 13       		.uleb128 0x13
 899 0036 00       		.byte	0
 900 0037 00       		.byte	0
 901 0038 05       		.uleb128 0x5
 902 0039 35       		.uleb128 0x35
ARM GAS  C:\Users\Sam\AppData\Local\Temp\cc6NNgiN.s 			page 23


 903 003a 00       		.byte	0
 904 003b 49       		.uleb128 0x49
 905 003c 13       		.uleb128 0x13
 906 003d 00       		.byte	0
 907 003e 00       		.byte	0
 908 003f 06       		.uleb128 0x6
 909 0040 16       		.uleb128 0x16
 910 0041 00       		.byte	0
 911 0042 03       		.uleb128 0x3
 912 0043 0E       		.uleb128 0xe
 913 0044 3A       		.uleb128 0x3a
 914 0045 0B       		.uleb128 0xb
 915 0046 3B       		.uleb128 0x3b
 916 0047 05       		.uleb128 0x5
 917 0048 49       		.uleb128 0x49
 918 0049 13       		.uleb128 0x13
 919 004a 00       		.byte	0
 920 004b 00       		.byte	0
 921 004c 07       		.uleb128 0x7
 922 004d 0F       		.uleb128 0xf
 923 004e 00       		.byte	0
 924 004f 0B       		.uleb128 0xb
 925 0050 0B       		.uleb128 0xb
 926 0051 49       		.uleb128 0x49
 927 0052 13       		.uleb128 0x13
 928 0053 00       		.byte	0
 929 0054 00       		.byte	0
 930 0055 08       		.uleb128 0x8
 931 0056 15       		.uleb128 0x15
 932 0057 00       		.byte	0
 933 0058 27       		.uleb128 0x27
 934 0059 0C       		.uleb128 0xc
 935 005a 00       		.byte	0
 936 005b 00       		.byte	0
 937 005c 09       		.uleb128 0x9
 938 005d 2E       		.uleb128 0x2e
 939 005e 00       		.byte	0
 940 005f 3F       		.uleb128 0x3f
 941 0060 0C       		.uleb128 0xc
 942 0061 03       		.uleb128 0x3
 943 0062 0E       		.uleb128 0xe
 944 0063 3A       		.uleb128 0x3a
 945 0064 0B       		.uleb128 0xb
 946 0065 3B       		.uleb128 0x3b
 947 0066 0B       		.uleb128 0xb
 948 0067 27       		.uleb128 0x27
 949 0068 0C       		.uleb128 0xc
 950 0069 11       		.uleb128 0x11
 951 006a 01       		.uleb128 0x1
 952 006b 12       		.uleb128 0x12
 953 006c 01       		.uleb128 0x1
 954 006d 40       		.uleb128 0x40
 955 006e 06       		.uleb128 0x6
 956 006f 9642     		.uleb128 0x2116
 957 0071 0C       		.uleb128 0xc
 958 0072 00       		.byte	0
 959 0073 00       		.byte	0
ARM GAS  C:\Users\Sam\AppData\Local\Temp\cc6NNgiN.s 			page 24


 960 0074 0A       		.uleb128 0xa
 961 0075 2E       		.uleb128 0x2e
 962 0076 01       		.byte	0x1
 963 0077 3F       		.uleb128 0x3f
 964 0078 0C       		.uleb128 0xc
 965 0079 03       		.uleb128 0x3
 966 007a 0E       		.uleb128 0xe
 967 007b 3A       		.uleb128 0x3a
 968 007c 0B       		.uleb128 0xb
 969 007d 3B       		.uleb128 0x3b
 970 007e 0B       		.uleb128 0xb
 971 007f 27       		.uleb128 0x27
 972 0080 0C       		.uleb128 0xc
 973 0081 11       		.uleb128 0x11
 974 0082 01       		.uleb128 0x1
 975 0083 12       		.uleb128 0x12
 976 0084 01       		.uleb128 0x1
 977 0085 40       		.uleb128 0x40
 978 0086 06       		.uleb128 0x6
 979 0087 9642     		.uleb128 0x2116
 980 0089 0C       		.uleb128 0xc
 981 008a 01       		.uleb128 0x1
 982 008b 13       		.uleb128 0x13
 983 008c 00       		.byte	0
 984 008d 00       		.byte	0
 985 008e 0B       		.uleb128 0xb
 986 008f 05       		.uleb128 0x5
 987 0090 00       		.byte	0
 988 0091 03       		.uleb128 0x3
 989 0092 0E       		.uleb128 0xe
 990 0093 3A       		.uleb128 0x3a
 991 0094 0B       		.uleb128 0xb
 992 0095 3B       		.uleb128 0x3b
 993 0096 0B       		.uleb128 0xb
 994 0097 49       		.uleb128 0x49
 995 0098 13       		.uleb128 0x13
 996 0099 02       		.uleb128 0x2
 997 009a 0A       		.uleb128 0xa
 998 009b 00       		.byte	0
 999 009c 00       		.byte	0
 1000 009d 0C       		.uleb128 0xc
 1001 009e 2E       		.uleb128 0x2e
 1002 009f 00       		.byte	0
 1003 00a0 3F       		.uleb128 0x3f
 1004 00a1 0C       		.uleb128 0xc
 1005 00a2 03       		.uleb128 0x3
 1006 00a3 0E       		.uleb128 0xe
 1007 00a4 3A       		.uleb128 0x3a
 1008 00a5 0B       		.uleb128 0xb
 1009 00a6 3B       		.uleb128 0x3b
 1010 00a7 0B       		.uleb128 0xb
 1011 00a8 27       		.uleb128 0x27
 1012 00a9 0C       		.uleb128 0xc
 1013 00aa 11       		.uleb128 0x11
 1014 00ab 01       		.uleb128 0x1
 1015 00ac 12       		.uleb128 0x12
 1016 00ad 01       		.uleb128 0x1
ARM GAS  C:\Users\Sam\AppData\Local\Temp\cc6NNgiN.s 			page 25


 1017 00ae 40       		.uleb128 0x40
 1018 00af 06       		.uleb128 0x6
 1019 00b0 9742     		.uleb128 0x2117
 1020 00b2 0C       		.uleb128 0xc
 1021 00b3 00       		.byte	0
 1022 00b4 00       		.byte	0
 1023 00b5 0D       		.uleb128 0xd
 1024 00b6 2E       		.uleb128 0x2e
 1025 00b7 01       		.byte	0x1
 1026 00b8 3F       		.uleb128 0x3f
 1027 00b9 0C       		.uleb128 0xc
 1028 00ba 03       		.uleb128 0x3
 1029 00bb 0E       		.uleb128 0xe
 1030 00bc 3A       		.uleb128 0x3a
 1031 00bd 0B       		.uleb128 0xb
 1032 00be 3B       		.uleb128 0x3b
 1033 00bf 0B       		.uleb128 0xb
 1034 00c0 27       		.uleb128 0x27
 1035 00c1 0C       		.uleb128 0xc
 1036 00c2 11       		.uleb128 0x11
 1037 00c3 01       		.uleb128 0x1
 1038 00c4 12       		.uleb128 0x12
 1039 00c5 01       		.uleb128 0x1
 1040 00c6 40       		.uleb128 0x40
 1041 00c7 06       		.uleb128 0x6
 1042 00c8 9742     		.uleb128 0x2117
 1043 00ca 0C       		.uleb128 0xc
 1044 00cb 01       		.uleb128 0x1
 1045 00cc 13       		.uleb128 0x13
 1046 00cd 00       		.byte	0
 1047 00ce 00       		.byte	0
 1048 00cf 0E       		.uleb128 0xe
 1049 00d0 2E       		.uleb128 0x2e
 1050 00d1 00       		.byte	0
 1051 00d2 3F       		.uleb128 0x3f
 1052 00d3 0C       		.uleb128 0xc
 1053 00d4 03       		.uleb128 0x3
 1054 00d5 0E       		.uleb128 0xe
 1055 00d6 3A       		.uleb128 0x3a
 1056 00d7 0B       		.uleb128 0xb
 1057 00d8 3B       		.uleb128 0x3b
 1058 00d9 0B       		.uleb128 0xb
 1059 00da 27       		.uleb128 0x27
 1060 00db 0C       		.uleb128 0xc
 1061 00dc 49       		.uleb128 0x49
 1062 00dd 13       		.uleb128 0x13
 1063 00de 11       		.uleb128 0x11
 1064 00df 01       		.uleb128 0x1
 1065 00e0 12       		.uleb128 0x12
 1066 00e1 01       		.uleb128 0x1
 1067 00e2 40       		.uleb128 0x40
 1068 00e3 06       		.uleb128 0x6
 1069 00e4 9742     		.uleb128 0x2117
 1070 00e6 0C       		.uleb128 0xc
 1071 00e7 00       		.byte	0
 1072 00e8 00       		.byte	0
 1073 00e9 0F       		.uleb128 0xf
ARM GAS  C:\Users\Sam\AppData\Local\Temp\cc6NNgiN.s 			page 26


 1074 00ea 34       		.uleb128 0x34
 1075 00eb 00       		.byte	0
 1076 00ec 03       		.uleb128 0x3
 1077 00ed 0E       		.uleb128 0xe
 1078 00ee 3A       		.uleb128 0x3a
 1079 00ef 0B       		.uleb128 0xb
 1080 00f0 3B       		.uleb128 0x3b
 1081 00f1 0B       		.uleb128 0xb
 1082 00f2 49       		.uleb128 0x49
 1083 00f3 13       		.uleb128 0x13
 1084 00f4 02       		.uleb128 0x2
 1085 00f5 0A       		.uleb128 0xa
 1086 00f6 00       		.byte	0
 1087 00f7 00       		.byte	0
 1088 00f8 10       		.uleb128 0x10
 1089 00f9 2E       		.uleb128 0x2e
 1090 00fa 01       		.byte	0x1
 1091 00fb 3F       		.uleb128 0x3f
 1092 00fc 0C       		.uleb128 0xc
 1093 00fd 03       		.uleb128 0x3
 1094 00fe 0E       		.uleb128 0xe
 1095 00ff 3A       		.uleb128 0x3a
 1096 0100 0B       		.uleb128 0xb
 1097 0101 3B       		.uleb128 0x3b
 1098 0102 0B       		.uleb128 0xb
 1099 0103 27       		.uleb128 0x27
 1100 0104 0C       		.uleb128 0xc
 1101 0105 49       		.uleb128 0x49
 1102 0106 13       		.uleb128 0x13
 1103 0107 11       		.uleb128 0x11
 1104 0108 01       		.uleb128 0x1
 1105 0109 12       		.uleb128 0x12
 1106 010a 01       		.uleb128 0x1
 1107 010b 40       		.uleb128 0x40
 1108 010c 06       		.uleb128 0x6
 1109 010d 9742     		.uleb128 0x2117
 1110 010f 0C       		.uleb128 0xc
 1111 0110 01       		.uleb128 0x1
 1112 0111 13       		.uleb128 0x13
 1113 0112 00       		.byte	0
 1114 0113 00       		.byte	0
 1115 0114 11       		.uleb128 0x11
 1116 0115 2E       		.uleb128 0x2e
 1117 0116 00       		.byte	0
 1118 0117 3F       		.uleb128 0x3f
 1119 0118 0C       		.uleb128 0xc
 1120 0119 03       		.uleb128 0x3
 1121 011a 0E       		.uleb128 0xe
 1122 011b 3A       		.uleb128 0x3a
 1123 011c 0B       		.uleb128 0xb
 1124 011d 3B       		.uleb128 0x3b
 1125 011e 05       		.uleb128 0x5
 1126 011f 27       		.uleb128 0x27
 1127 0120 0C       		.uleb128 0xc
 1128 0121 11       		.uleb128 0x11
 1129 0122 01       		.uleb128 0x1
 1130 0123 12       		.uleb128 0x12
ARM GAS  C:\Users\Sam\AppData\Local\Temp\cc6NNgiN.s 			page 27


 1131 0124 01       		.uleb128 0x1
 1132 0125 40       		.uleb128 0x40
 1133 0126 06       		.uleb128 0x6
 1134 0127 9742     		.uleb128 0x2117
 1135 0129 0C       		.uleb128 0xc
 1136 012a 00       		.byte	0
 1137 012b 00       		.byte	0
 1138 012c 12       		.uleb128 0x12
 1139 012d 2E       		.uleb128 0x2e
 1140 012e 00       		.byte	0
 1141 012f 3F       		.uleb128 0x3f
 1142 0130 0C       		.uleb128 0xc
 1143 0131 03       		.uleb128 0x3
 1144 0132 0E       		.uleb128 0xe
 1145 0133 3A       		.uleb128 0x3a
 1146 0134 0B       		.uleb128 0xb
 1147 0135 3B       		.uleb128 0x3b
 1148 0136 05       		.uleb128 0x5
 1149 0137 27       		.uleb128 0x27
 1150 0138 0C       		.uleb128 0xc
 1151 0139 49       		.uleb128 0x49
 1152 013a 13       		.uleb128 0x13
 1153 013b 11       		.uleb128 0x11
 1154 013c 01       		.uleb128 0x1
 1155 013d 12       		.uleb128 0x12
 1156 013e 01       		.uleb128 0x1
 1157 013f 40       		.uleb128 0x40
 1158 0140 06       		.uleb128 0x6
 1159 0141 9742     		.uleb128 0x2117
 1160 0143 0C       		.uleb128 0xc
 1161 0144 00       		.byte	0
 1162 0145 00       		.byte	0
 1163 0146 13       		.uleb128 0x13
 1164 0147 01       		.uleb128 0x1
 1165 0148 01       		.byte	0x1
 1166 0149 49       		.uleb128 0x49
 1167 014a 13       		.uleb128 0x13
 1168 014b 01       		.uleb128 0x1
 1169 014c 13       		.uleb128 0x13
 1170 014d 00       		.byte	0
 1171 014e 00       		.byte	0
 1172 014f 14       		.uleb128 0x14
 1173 0150 21       		.uleb128 0x21
 1174 0151 00       		.byte	0
 1175 0152 49       		.uleb128 0x49
 1176 0153 13       		.uleb128 0x13
 1177 0154 2F       		.uleb128 0x2f
 1178 0155 0B       		.uleb128 0xb
 1179 0156 00       		.byte	0
 1180 0157 00       		.byte	0
 1181 0158 15       		.uleb128 0x15
 1182 0159 34       		.uleb128 0x34
 1183 015a 00       		.byte	0
 1184 015b 03       		.uleb128 0x3
 1185 015c 0E       		.uleb128 0xe
 1186 015d 3A       		.uleb128 0x3a
 1187 015e 0B       		.uleb128 0xb
ARM GAS  C:\Users\Sam\AppData\Local\Temp\cc6NNgiN.s 			page 28


 1188 015f 3B       		.uleb128 0x3b
 1189 0160 0B       		.uleb128 0xb
 1190 0161 49       		.uleb128 0x49
 1191 0162 13       		.uleb128 0x13
 1192 0163 3F       		.uleb128 0x3f
 1193 0164 0C       		.uleb128 0xc
 1194 0165 3C       		.uleb128 0x3c
 1195 0166 0C       		.uleb128 0xc
 1196 0167 00       		.byte	0
 1197 0168 00       		.byte	0
 1198 0169 00       		.byte	0
 1199              		.section	.debug_loc,"",%progbits
 1200              	.Ldebug_loc0:
 1201              	.LLST0:
 1202 0000 00000000 		.4byte	.LFB0
 1203 0004 02000000 		.4byte	.LCFI0
 1204 0008 0200     		.2byte	0x2
 1205 000a 7D       		.byte	0x7d
 1206 000b 00       		.sleb128 0
 1207 000c 02000000 		.4byte	.LCFI0
 1208 0010 04000000 		.4byte	.LCFI1
 1209 0014 0200     		.2byte	0x2
 1210 0016 7D       		.byte	0x7d
 1211 0017 08       		.sleb128 8
 1212 0018 04000000 		.4byte	.LCFI1
 1213 001c 24000000 		.4byte	.LFE0
 1214 0020 0200     		.2byte	0x2
 1215 0022 77       		.byte	0x77
 1216 0023 08       		.sleb128 8
 1217 0024 00000000 		.4byte	0
 1218 0028 00000000 		.4byte	0
 1219              	.LLST1:
 1220 002c 00000000 		.4byte	.LFB1
 1221 0030 02000000 		.4byte	.LCFI2
 1222 0034 0200     		.2byte	0x2
 1223 0036 7D       		.byte	0x7d
 1224 0037 00       		.sleb128 0
 1225 0038 02000000 		.4byte	.LCFI2
 1226 003c 04000000 		.4byte	.LCFI3
 1227 0040 0200     		.2byte	0x2
 1228 0042 7D       		.byte	0x7d
 1229 0043 08       		.sleb128 8
 1230 0044 04000000 		.4byte	.LCFI3
 1231 0048 06000000 		.4byte	.LCFI4
 1232 004c 0200     		.2byte	0x2
 1233 004e 7D       		.byte	0x7d
 1234 004f 10       		.sleb128 16
 1235 0050 06000000 		.4byte	.LCFI4
 1236 0054 24000000 		.4byte	.LFE1
 1237 0058 0200     		.2byte	0x2
 1238 005a 77       		.byte	0x77
 1239 005b 10       		.sleb128 16
 1240 005c 00000000 		.4byte	0
 1241 0060 00000000 		.4byte	0
 1242              	.LLST2:
 1243 0064 00000000 		.4byte	.LFB2
 1244 0068 02000000 		.4byte	.LCFI5
ARM GAS  C:\Users\Sam\AppData\Local\Temp\cc6NNgiN.s 			page 29


 1245 006c 0200     		.2byte	0x2
 1246 006e 7D       		.byte	0x7d
 1247 006f 00       		.sleb128 0
 1248 0070 02000000 		.4byte	.LCFI5
 1249 0074 04000000 		.4byte	.LCFI6
 1250 0078 0200     		.2byte	0x2
 1251 007a 7D       		.byte	0x7d
 1252 007b 08       		.sleb128 8
 1253 007c 04000000 		.4byte	.LCFI6
 1254 0080 18000000 		.4byte	.LFE2
 1255 0084 0200     		.2byte	0x2
 1256 0086 77       		.byte	0x77
 1257 0087 08       		.sleb128 8
 1258 0088 00000000 		.4byte	0
 1259 008c 00000000 		.4byte	0
 1260              	.LLST3:
 1261 0090 00000000 		.4byte	.LFB3
 1262 0094 02000000 		.4byte	.LCFI7
 1263 0098 0200     		.2byte	0x2
 1264 009a 7D       		.byte	0x7d
 1265 009b 00       		.sleb128 0
 1266 009c 02000000 		.4byte	.LCFI7
 1267 00a0 04000000 		.4byte	.LCFI8
 1268 00a4 0200     		.2byte	0x2
 1269 00a6 7D       		.byte	0x7d
 1270 00a7 08       		.sleb128 8
 1271 00a8 04000000 		.4byte	.LCFI8
 1272 00ac 08000000 		.4byte	.LFE3
 1273 00b0 0200     		.2byte	0x2
 1274 00b2 77       		.byte	0x77
 1275 00b3 08       		.sleb128 8
 1276 00b4 00000000 		.4byte	0
 1277 00b8 00000000 		.4byte	0
 1278              	.LLST4:
 1279 00bc 00000000 		.4byte	.LFB4
 1280 00c0 02000000 		.4byte	.LCFI9
 1281 00c4 0200     		.2byte	0x2
 1282 00c6 7D       		.byte	0x7d
 1283 00c7 00       		.sleb128 0
 1284 00c8 02000000 		.4byte	.LCFI9
 1285 00cc 04000000 		.4byte	.LCFI10
 1286 00d0 0200     		.2byte	0x2
 1287 00d2 7D       		.byte	0x7d
 1288 00d3 08       		.sleb128 8
 1289 00d4 04000000 		.4byte	.LCFI10
 1290 00d8 06000000 		.4byte	.LCFI11
 1291 00dc 0200     		.2byte	0x2
 1292 00de 7D       		.byte	0x7d
 1293 00df 10       		.sleb128 16
 1294 00e0 06000000 		.4byte	.LCFI11
 1295 00e4 18000000 		.4byte	.LFE4
 1296 00e8 0200     		.2byte	0x2
 1297 00ea 77       		.byte	0x77
 1298 00eb 10       		.sleb128 16
 1299 00ec 00000000 		.4byte	0
 1300 00f0 00000000 		.4byte	0
 1301              	.LLST5:
ARM GAS  C:\Users\Sam\AppData\Local\Temp\cc6NNgiN.s 			page 30


 1302 00f4 00000000 		.4byte	.LFB5
 1303 00f8 02000000 		.4byte	.LCFI12
 1304 00fc 0200     		.2byte	0x2
 1305 00fe 7D       		.byte	0x7d
 1306 00ff 00       		.sleb128 0
 1307 0100 02000000 		.4byte	.LCFI12
 1308 0104 04000000 		.4byte	.LCFI13
 1309 0108 0200     		.2byte	0x2
 1310 010a 7D       		.byte	0x7d
 1311 010b 08       		.sleb128 8
 1312 010c 04000000 		.4byte	.LCFI13
 1313 0110 14000000 		.4byte	.LFE5
 1314 0114 0200     		.2byte	0x2
 1315 0116 77       		.byte	0x77
 1316 0117 08       		.sleb128 8
 1317 0118 00000000 		.4byte	0
 1318 011c 00000000 		.4byte	0
 1319              	.LLST6:
 1320 0120 00000000 		.4byte	.LFB6
 1321 0124 02000000 		.4byte	.LCFI14
 1322 0128 0200     		.2byte	0x2
 1323 012a 7D       		.byte	0x7d
 1324 012b 00       		.sleb128 0
 1325 012c 02000000 		.4byte	.LCFI14
 1326 0130 04000000 		.4byte	.LCFI15
 1327 0134 0200     		.2byte	0x2
 1328 0136 7D       		.byte	0x7d
 1329 0137 0C       		.sleb128 12
 1330 0138 04000000 		.4byte	.LCFI15
 1331 013c 06000000 		.4byte	.LCFI16
 1332 0140 0200     		.2byte	0x2
 1333 0142 7D       		.byte	0x7d
 1334 0143 20       		.sleb128 32
 1335 0144 06000000 		.4byte	.LCFI16
 1336 0148 50000000 		.4byte	.LFE6
 1337 014c 0200     		.2byte	0x2
 1338 014e 77       		.byte	0x77
 1339 014f 20       		.sleb128 32
 1340 0150 00000000 		.4byte	0
 1341 0154 00000000 		.4byte	0
 1342              	.LLST7:
 1343 0158 00000000 		.4byte	.LFB7
 1344 015c 02000000 		.4byte	.LCFI17
 1345 0160 0200     		.2byte	0x2
 1346 0162 7D       		.byte	0x7d
 1347 0163 00       		.sleb128 0
 1348 0164 02000000 		.4byte	.LCFI17
 1349 0168 04000000 		.4byte	.LCFI18
 1350 016c 0200     		.2byte	0x2
 1351 016e 7D       		.byte	0x7d
 1352 016f 08       		.sleb128 8
 1353 0170 04000000 		.4byte	.LCFI18
 1354 0174 06000000 		.4byte	.LCFI19
 1355 0178 0200     		.2byte	0x2
 1356 017a 7D       		.byte	0x7d
 1357 017b 10       		.sleb128 16
 1358 017c 06000000 		.4byte	.LCFI19
ARM GAS  C:\Users\Sam\AppData\Local\Temp\cc6NNgiN.s 			page 31


 1359 0180 30000000 		.4byte	.LFE7
 1360 0184 0200     		.2byte	0x2
 1361 0186 77       		.byte	0x77
 1362 0187 10       		.sleb128 16
 1363 0188 00000000 		.4byte	0
 1364 018c 00000000 		.4byte	0
 1365              	.LLST8:
 1366 0190 00000000 		.4byte	.LFB8
 1367 0194 02000000 		.4byte	.LCFI20
 1368 0198 0200     		.2byte	0x2
 1369 019a 7D       		.byte	0x7d
 1370 019b 00       		.sleb128 0
 1371 019c 02000000 		.4byte	.LCFI20
 1372 01a0 04000000 		.4byte	.LCFI21
 1373 01a4 0200     		.2byte	0x2
 1374 01a6 7D       		.byte	0x7d
 1375 01a7 08       		.sleb128 8
 1376 01a8 04000000 		.4byte	.LCFI21
 1377 01ac 14000000 		.4byte	.LFE8
 1378 01b0 0200     		.2byte	0x2
 1379 01b2 77       		.byte	0x77
 1380 01b3 08       		.sleb128 8
 1381 01b4 00000000 		.4byte	0
 1382 01b8 00000000 		.4byte	0
 1383              	.LLST9:
 1384 01bc 00000000 		.4byte	.LFB9
 1385 01c0 02000000 		.4byte	.LCFI22
 1386 01c4 0200     		.2byte	0x2
 1387 01c6 7D       		.byte	0x7d
 1388 01c7 00       		.sleb128 0
 1389 01c8 02000000 		.4byte	.LCFI22
 1390 01cc 04000000 		.4byte	.LCFI23
 1391 01d0 0200     		.2byte	0x2
 1392 01d2 7D       		.byte	0x7d
 1393 01d3 08       		.sleb128 8
 1394 01d4 04000000 		.4byte	.LCFI23
 1395 01d8 20000000 		.4byte	.LFE9
 1396 01dc 0200     		.2byte	0x2
 1397 01de 77       		.byte	0x77
 1398 01df 08       		.sleb128 8
 1399 01e0 00000000 		.4byte	0
 1400 01e4 00000000 		.4byte	0
 1401              	.LLST10:
 1402 01e8 00000000 		.4byte	.LFB10
 1403 01ec 02000000 		.4byte	.LCFI24
 1404 01f0 0200     		.2byte	0x2
 1405 01f2 7D       		.byte	0x7d
 1406 01f3 00       		.sleb128 0
 1407 01f4 02000000 		.4byte	.LCFI24
 1408 01f8 04000000 		.4byte	.LCFI25
 1409 01fc 0200     		.2byte	0x2
 1410 01fe 7D       		.byte	0x7d
 1411 01ff 08       		.sleb128 8
 1412 0200 04000000 		.4byte	.LCFI25
 1413 0204 14000000 		.4byte	.LFE10
 1414 0208 0200     		.2byte	0x2
 1415 020a 77       		.byte	0x77
ARM GAS  C:\Users\Sam\AppData\Local\Temp\cc6NNgiN.s 			page 32


 1416 020b 08       		.sleb128 8
 1417 020c 00000000 		.4byte	0
 1418 0210 00000000 		.4byte	0
 1419              	.LLST11:
 1420 0214 00000000 		.4byte	.LFB11
 1421 0218 02000000 		.4byte	.LCFI26
 1422 021c 0200     		.2byte	0x2
 1423 021e 7D       		.byte	0x7d
 1424 021f 00       		.sleb128 0
 1425 0220 02000000 		.4byte	.LCFI26
 1426 0224 04000000 		.4byte	.LCFI27
 1427 0228 0200     		.2byte	0x2
 1428 022a 7D       		.byte	0x7d
 1429 022b 08       		.sleb128 8
 1430 022c 04000000 		.4byte	.LCFI27
 1431 0230 14000000 		.4byte	.LFE11
 1432 0234 0200     		.2byte	0x2
 1433 0236 77       		.byte	0x77
 1434 0237 08       		.sleb128 8
 1435 0238 00000000 		.4byte	0
 1436 023c 00000000 		.4byte	0
 1437              	.LLST12:
 1438 0240 00000000 		.4byte	.LFB12
 1439 0244 02000000 		.4byte	.LCFI28
 1440 0248 0200     		.2byte	0x2
 1441 024a 7D       		.byte	0x7d
 1442 024b 00       		.sleb128 0
 1443 024c 02000000 		.4byte	.LCFI28
 1444 0250 04000000 		.4byte	.LCFI29
 1445 0254 0200     		.2byte	0x2
 1446 0256 7D       		.byte	0x7d
 1447 0257 08       		.sleb128 8
 1448 0258 04000000 		.4byte	.LCFI29
 1449 025c 14000000 		.4byte	.LFE12
 1450 0260 0200     		.2byte	0x2
 1451 0262 77       		.byte	0x77
 1452 0263 08       		.sleb128 8
 1453 0264 00000000 		.4byte	0
 1454 0268 00000000 		.4byte	0
 1455              		.section	.debug_aranges,"",%progbits
 1456 0000 7C000000 		.4byte	0x7c
 1457 0004 0200     		.2byte	0x2
 1458 0006 00000000 		.4byte	.Ldebug_info0
 1459 000a 04       		.byte	0x4
 1460 000b 00       		.byte	0
 1461 000c 0000     		.2byte	0
 1462 000e 0000     		.2byte	0
 1463 0010 00000000 		.4byte	.LFB0
 1464 0014 24000000 		.4byte	.LFE0-.LFB0
 1465 0018 00000000 		.4byte	.LFB1
 1466 001c 24000000 		.4byte	.LFE1-.LFB1
 1467 0020 00000000 		.4byte	.LFB2
 1468 0024 18000000 		.4byte	.LFE2-.LFB2
 1469 0028 00000000 		.4byte	.LFB3
 1470 002c 08000000 		.4byte	.LFE3-.LFB3
 1471 0030 00000000 		.4byte	.LFB4
 1472 0034 18000000 		.4byte	.LFE4-.LFB4
ARM GAS  C:\Users\Sam\AppData\Local\Temp\cc6NNgiN.s 			page 33


 1473 0038 00000000 		.4byte	.LFB5
 1474 003c 14000000 		.4byte	.LFE5-.LFB5
 1475 0040 00000000 		.4byte	.LFB6
 1476 0044 50000000 		.4byte	.LFE6-.LFB6
 1477 0048 00000000 		.4byte	.LFB7
 1478 004c 30000000 		.4byte	.LFE7-.LFB7
 1479 0050 00000000 		.4byte	.LFB8
 1480 0054 14000000 		.4byte	.LFE8-.LFB8
 1481 0058 00000000 		.4byte	.LFB9
 1482 005c 20000000 		.4byte	.LFE9-.LFB9
 1483 0060 00000000 		.4byte	.LFB10
 1484 0064 14000000 		.4byte	.LFE10-.LFB10
 1485 0068 00000000 		.4byte	.LFB11
 1486 006c 14000000 		.4byte	.LFE11-.LFB11
 1487 0070 00000000 		.4byte	.LFB12
 1488 0074 14000000 		.4byte	.LFE12-.LFB12
 1489 0078 00000000 		.4byte	0
 1490 007c 00000000 		.4byte	0
 1491              		.section	.debug_ranges,"",%progbits
 1492              	.Ldebug_ranges0:
 1493 0000 00000000 		.4byte	.LFB0
 1494 0004 24000000 		.4byte	.LFE0
 1495 0008 00000000 		.4byte	.LFB1
 1496 000c 24000000 		.4byte	.LFE1
 1497 0010 00000000 		.4byte	.LFB2
 1498 0014 18000000 		.4byte	.LFE2
 1499 0018 00000000 		.4byte	.LFB3
 1500 001c 08000000 		.4byte	.LFE3
 1501 0020 00000000 		.4byte	.LFB4
 1502 0024 18000000 		.4byte	.LFE4
 1503 0028 00000000 		.4byte	.LFB5
 1504 002c 14000000 		.4byte	.LFE5
 1505 0030 00000000 		.4byte	.LFB6
 1506 0034 50000000 		.4byte	.LFE6
 1507 0038 00000000 		.4byte	.LFB7
 1508 003c 30000000 		.4byte	.LFE7
 1509 0040 00000000 		.4byte	.LFB8
 1510 0044 14000000 		.4byte	.LFE8
 1511 0048 00000000 		.4byte	.LFB9
 1512 004c 20000000 		.4byte	.LFE9
 1513 0050 00000000 		.4byte	.LFB10
 1514 0054 14000000 		.4byte	.LFE10
 1515 0058 00000000 		.4byte	.LFB11
 1516 005c 14000000 		.4byte	.LFE11
 1517 0060 00000000 		.4byte	.LFB12
 1518 0064 14000000 		.4byte	.LFE12
 1519 0068 00000000 		.4byte	0
 1520 006c 00000000 		.4byte	0
 1521              		.section	.debug_line,"",%progbits
 1522              	.Ldebug_line0:
 1523 0000 58010000 		.section	.debug_str,"MS",%progbits,1
 1523      02004A00 
 1523      00000201 
 1523      FB0E0D00 
 1523      01010101 
 1524              	.LASF14:
 1525 0000 72656733 		.ascii	"reg32\000"
ARM GAS  C:\Users\Sam\AppData\Local\Temp\cc6NNgiN.s 			page 34


 1525      3200
 1526              	.LASF37:
 1527 0006 43795261 		.ascii	"CyRamVectors\000"
 1527      6D566563 
 1527      746F7273 
 1527      00
 1528              	.LASF3:
 1529 0013 73686F72 		.ascii	"short unsigned int\000"
 1529      7420756E 
 1529      7369676E 
 1529      65642069 
 1529      6E7400
 1530              	.LASF21:
 1531 0026 55415254 		.ascii	"UART_RX_ISR_SetVector\000"
 1531      5F52585F 
 1531      4953525F 
 1531      53657456 
 1531      6563746F 
 1532              	.LASF29:
 1533 003c 55415254 		.ascii	"UART_RX_ISR_GetState\000"
 1533      5F52585F 
 1533      4953525F 
 1533      47657453 
 1533      74617465 
 1534              	.LASF23:
 1535 0051 55415254 		.ascii	"UART_RX_ISR_SetPriority\000"
 1535      5F52585F 
 1535      4953525F 
 1535      53657450 
 1535      72696F72 
 1536              	.LASF11:
 1537 0069 666C6F61 		.ascii	"float\000"
 1537      7400
 1538              	.LASF1:
 1539 006f 756E7369 		.ascii	"unsigned char\000"
 1539      676E6564 
 1539      20636861 
 1539      7200
 1540              	.LASF31:
 1541 007d 55415254 		.ascii	"UART_RX_ISR_SetPending\000"
 1541      5F52585F 
 1541      4953525F 
 1541      53657450 
 1541      656E6469 
 1542              	.LASF25:
 1543 0094 696E7465 		.ascii	"interruptState\000"
 1543      72727570 
 1543      74537461 
 1543      746500
 1544              	.LASF5:
 1545 00a3 6C6F6E67 		.ascii	"long unsigned int\000"
 1545      20756E73 
 1545      69676E65 
 1545      6420696E 
 1545      7400
 1546              	.LASF9:
 1547 00b5 75696E74 		.ascii	"uint8\000"
ARM GAS  C:\Users\Sam\AppData\Local\Temp\cc6NNgiN.s 			page 35


 1547      3800
 1548              	.LASF32:
 1549 00bb 55415254 		.ascii	"UART_RX_ISR_ClearPending\000"
 1549      5F52585F 
 1549      4953525F 
 1549      436C6561 
 1549      7250656E 
 1550              	.LASF18:
 1551 00d4 55415254 		.ascii	"UART_RX_ISR_Stop\000"
 1551      5F52585F 
 1551      4953525F 
 1551      53746F70 
 1551      00
 1552              	.LASF24:
 1553 00e5 7072696F 		.ascii	"priority\000"
 1553      72697479 
 1553      00
 1554              	.LASF34:
 1555 00ee 2E5C4765 		.ascii	".\\Generated_Source\\PSoC4\\UART_RX_ISR.c\000"
 1555      6E657261 
 1555      7465645F 
 1555      536F7572 
 1555      63655C50 
 1556              	.LASF12:
 1557 0115 646F7562 		.ascii	"double\000"
 1557      6C6500
 1558              	.LASF28:
 1559 011c 55415254 		.ascii	"UART_RX_ISR_GetVector\000"
 1559      5F52585F 
 1559      4953525F 
 1559      47657456 
 1559      6563746F 
 1560              	.LASF10:
 1561 0132 75696E74 		.ascii	"uint32\000"
 1561      333200
 1562              	.LASF8:
 1563 0139 756E7369 		.ascii	"unsigned int\000"
 1563      676E6564 
 1563      20696E74 
 1563      00
 1564              	.LASF22:
 1565 0146 61646472 		.ascii	"address\000"
 1565      65737300 
 1566              	.LASF7:
 1567 014e 6C6F6E67 		.ascii	"long long unsigned int\000"
 1567      206C6F6E 
 1567      6720756E 
 1567      7369676E 
 1567      65642069 
 1568              	.LASF35:
 1569 0165 433A5C55 		.ascii	"C:\\Users\\Sam\\Dropbox\\Work\\2014\\MATLAB PSoC Se"
 1569      73657273 
 1569      5C53616D 
 1569      5C44726F 
 1569      70626F78 
 1570 0192 7269616C 		.ascii	"rial comms\\Simple UART Receive Interrupt.cydsn\000"
 1570      20636F6D 
ARM GAS  C:\Users\Sam\AppData\Local\Temp\cc6NNgiN.s 			page 36


 1570      6D735C53 
 1570      696D706C 
 1570      65205541 
 1571              	.LASF15:
 1572 01c1 63796973 		.ascii	"cyisraddress\000"
 1572      72616464 
 1572      72657373 
 1572      00
 1573              	.LASF19:
 1574 01ce 55415254 		.ascii	"UART_RX_ISR_Interrupt\000"
 1574      5F52585F 
 1574      4953525F 
 1574      496E7465 
 1574      72727570 
 1575              	.LASF16:
 1576 01e4 73697A65 		.ascii	"sizetype\000"
 1576      74797065 
 1576      00
 1577              	.LASF6:
 1578 01ed 6C6F6E67 		.ascii	"long long int\000"
 1578      206C6F6E 
 1578      6720696E 
 1578      7400
 1579              	.LASF20:
 1580 01fb 55415254 		.ascii	"UART_RX_ISR_StartEx\000"
 1580      5F52585F 
 1580      4953525F 
 1580      53746172 
 1580      74457800 
 1581              	.LASF13:
 1582 020f 63686172 		.ascii	"char\000"
 1582      00
 1583              	.LASF2:
 1584 0214 73686F72 		.ascii	"short int\000"
 1584      7420696E 
 1584      7400
 1585              	.LASF33:
 1586 021e 474E5520 		.ascii	"GNU C 4.7.3 20130312 (release) [ARM/embedded-4_7-br"
 1586      4320342E 
 1586      372E3320 
 1586      32303133 
 1586      30333132 
 1587 0251 616E6368 		.ascii	"anch revision 196615]\000"
 1587      20726576 
 1587      6973696F 
 1587      6E203139 
 1587      36363135 
 1588              	.LASF26:
 1589 0267 7072696F 		.ascii	"priorityOffset\000"
 1589      72697479 
 1589      4F666673 
 1589      657400
 1590              	.LASF4:
 1591 0276 6C6F6E67 		.ascii	"long int\000"
 1591      20696E74 
 1591      00
 1592              	.LASF30:
ARM GAS  C:\Users\Sam\AppData\Local\Temp\cc6NNgiN.s 			page 37


 1593 027f 55415254 		.ascii	"UART_RX_ISR_Disable\000"
 1593      5F52585F 
 1593      4953525F 
 1593      44697361 
 1593      626C6500 
 1594              	.LASF0:
 1595 0293 7369676E 		.ascii	"signed char\000"
 1595      65642063 
 1595      68617200 
 1596              	.LASF27:
 1597 029f 55415254 		.ascii	"UART_RX_ISR_Enable\000"
 1597      5F52585F 
 1597      4953525F 
 1597      456E6162 
 1597      6C6500
 1598              	.LASF36:
 1599 02b2 55415254 		.ascii	"UART_RX_ISR_GetPriority\000"
 1599      5F52585F 
 1599      4953525F 
 1599      47657450 
 1599      72696F72 
 1600              	.LASF17:
 1601 02ca 55415254 		.ascii	"UART_RX_ISR_Start\000"
 1601      5F52585F 
 1601      4953525F 
 1601      53746172 
 1601      7400
 1602              		.ident	"GCC: (GNU Tools for ARM Embedded Processors) 4.7.3 20130312 (release) [ARM/embedded-4_7-br
