Archive member included because of file (symbol)

.\CortexM0\ARM_GCC_473\Debug\MPU-6050-PSoC-GetGs.a(cyfitter_cfg.o)
                              .\CortexM0\ARM_GCC_473\Debug\Cm0Start.o (cyfitter_cfg)
.\CortexM0\ARM_GCC_473\Debug\MPU-6050-PSoC-GetGs.a(I2C_MPU6050.o)
                              .\CortexM0\ARM_GCC_473\Debug\main.o (I2C_MPU6050_Start)
.\CortexM0\ARM_GCC_473\Debug\MPU-6050-PSoC-GetGs.a(I2C_MPU6050_I2C.o)
                              .\CortexM0\ARM_GCC_473\Debug\MPU-6050-PSoC-GetGs.a(I2C_MPU6050.o) (I2C_MPU6050_I2CInit)
.\CortexM0\ARM_GCC_473\Debug\MPU-6050-PSoC-GetGs.a(I2C_MPU6050_I2C_MASTER.o)
                              .\CortexM0\ARM_GCC_473\Debug\MPU-6050-PSoC-GetGs.a(I2C_MPU6050_I2C.o) (I2C_MPU6050_mstrStatus)
.\CortexM0\ARM_GCC_473\Debug\MPU-6050-PSoC-GetGs.a(SERIAL.o)
                              .\CortexM0\ARM_GCC_473\Debug\main.o (SERIAL_Start)
.\CortexM0\ARM_GCC_473\Debug\MPU-6050-PSoC-GetGs.a(SERIAL_UART.o)
                              .\CortexM0\ARM_GCC_473\Debug\MPU-6050-PSoC-GetGs.a(SERIAL.o) (SERIAL_UartInit)
.\CortexM0\ARM_GCC_473\Debug\MPU-6050-PSoC-GetGs.a(I2C_MPU6050_sda.o)
                              .\CortexM0\ARM_GCC_473\Debug\MPU-6050-PSoC-GetGs.a(I2C_MPU6050_I2C_MASTER.o) (I2C_MPU6050_sda_Read)
.\CortexM0\ARM_GCC_473\Debug\MPU-6050-PSoC-GetGs.a(I2C_MPU6050_scl.o)
                              .\CortexM0\ARM_GCC_473\Debug\MPU-6050-PSoC-GetGs.a(I2C_MPU6050_I2C_MASTER.o) (I2C_MPU6050_scl_Write)
.\CortexM0\ARM_GCC_473\Debug\MPU-6050-PSoC-GetGs.a(CyBootAsmGnu.o)
                              .\CortexM0\ARM_GCC_473\Debug\MPU-6050-PSoC-GetGs.a(cyfitter_cfg.o) (CyDelayCycles)
.\CortexM0\ARM_GCC_473\Debug\MPU-6050-PSoC-GetGs.a(CyLib.o)
                              .\CortexM0\ARM_GCC_473\Debug\MPU-6050-PSoC-GetGs.a(cyfitter_cfg.o) (CyDelayUs)
.\CortexM0\ARM_GCC_473\Debug\MPU-6050-PSoC-GetGs.a(I2C_MPU6050_I2C_INT.o)
                              .\CortexM0\ARM_GCC_473\Debug\MPU-6050-PSoC-GetGs.a(I2C_MPU6050_I2C.o) (I2C_MPU6050_I2C_ISR)
.\CortexM0\ARM_GCC_473\Debug\MPU-6050-PSoC-GetGs.a(SERIAL_SPI_UART.o)
                              .\CortexM0\ARM_GCC_473\Debug\MPU-6050-PSoC-GetGs.a(SERIAL_UART.o) (SERIAL_SpiUartReadRxData)
c:/program files (x86)/cypress/psoc creator/3.0/psoc creator/import/gnu_cs/arm/4.7.3/bin/../lib/gcc/arm-none-eabi/4.7.3/armv6-m\libgcc.a(_udivsi3.o)
                              .\CortexM0\ARM_GCC_473\Debug\MPU-6050-PSoC-GetGs.a(CyLib.o) (__aeabi_uidiv)
c:/program files (x86)/cypress/psoc creator/3.0/psoc creator/import/gnu_cs/arm/4.7.3/bin/../lib/gcc/arm-none-eabi/4.7.3/armv6-m\libgcc.a(_divsi3.o)
                              .\CortexM0\ARM_GCC_473\Debug\Cm0Start.o (__aeabi_idiv)
c:/program files (x86)/cypress/psoc creator/3.0/psoc creator/import/gnu_cs/arm/4.7.3/bin/../lib/gcc/arm-none-eabi/4.7.3/armv6-m\libgcc.a(_dvmd_tls.o)
                              c:/program files (x86)/cypress/psoc creator/3.0/psoc creator/import/gnu_cs/arm/4.7.3/bin/../lib/gcc/arm-none-eabi/4.7.3/armv6-m\libgcc.a(_udivsi3.o) (__aeabi_idiv0)
c:/program files (x86)/cypress/psoc creator/3.0/psoc creator/import/gnu_cs/arm/4.7.3/bin/../lib/gcc/arm-none-eabi/4.7.3/armv6-m\libgcc.a(addsf3.o)
                              .\CortexM0\ARM_GCC_473\Debug\main.o (__aeabi_fadd)
c:/program files (x86)/cypress/psoc creator/3.0/psoc creator/import/gnu_cs/arm/4.7.3/bin/../lib/gcc/arm-none-eabi/4.7.3/armv6-m\libgcc.a(divsf3.o)
                              .\CortexM0\ARM_GCC_473\Debug\main.o (__aeabi_fdiv)
c:/program files (x86)/cypress/psoc creator/3.0/psoc creator/import/gnu_cs/arm/4.7.3/bin/../lib/gcc/arm-none-eabi/4.7.3/armv6-m\libgcc.a(subsf3.o)
                              .\CortexM0\ARM_GCC_473\Debug\main.o (__aeabi_fsub)
c:/program files (x86)/cypress/psoc creator/3.0/psoc creator/import/gnu_cs/arm/4.7.3/bin/../lib/gcc/arm-none-eabi/4.7.3/armv6-m\libgcc.a(fixsfsi.o)
                              .\CortexM0\ARM_GCC_473\Debug\main.o (__aeabi_f2iz)
c:/program files (x86)/cypress/psoc creator/3.0/psoc creator/import/gnu_cs/arm/4.7.3/bin/../lib/gcc/arm-none-eabi/4.7.3/armv6-m\libgcc.a(floatsisf.o)
                              .\CortexM0\ARM_GCC_473\Debug\main.o (__aeabi_i2f)
c:/program files (x86)/cypress/psoc creator/3.0/psoc creator/import/gnu_cs/arm/4.7.3/bin/../lib/gcc/arm-none-eabi/4.7.3/armv6-m\libgcc.a(divdf3.o)
                              .\CortexM0\ARM_GCC_473\Debug\main.o (__aeabi_ddiv)
c:/program files (x86)/cypress/psoc creator/3.0/psoc creator/import/gnu_cs/arm/4.7.3/bin/../lib/gcc/arm-none-eabi/4.7.3/armv6-m\libgcc.a(extendsfdf2.o)
                              .\CortexM0\ARM_GCC_473\Debug\main.o (__aeabi_f2d)
c:/program files (x86)/cypress/psoc creator/3.0/psoc creator/import/gnu_cs/arm/4.7.3/bin/../lib/gcc/arm-none-eabi/4.7.3/armv6-m\libgcc.a(truncdfsf2.o)
                              .\CortexM0\ARM_GCC_473\Debug\main.o (__aeabi_d2f)
[...]
Memory Configuration

Name             Origin             Length             Attributes
rom              0x00000000         0x00008000         xr
ram              0x20000000         0x00001000         xrw
*default*        0x00000000         0xffffffff

Linker script and memory map

LOAD c:/program files (x86)/cypress/psoc creator/3.0/psoc creator/import/gnu_cs/arm/4.7.3/bin/../lib/gcc/arm-none-eabi/4.7.3/armv6-m/crti.o
LOAD c:/program files (x86)/cypress/psoc creator/3.0/psoc creator/import/gnu_cs/arm/4.7.3/bin/../lib/gcc/arm-none-eabi/4.7.3/armv6-m/crtbegin.o
LOAD c:/program files (x86)/cypress/psoc creator/3.0/psoc creator/import/gnu_cs/arm/4.7.3/bin/../lib/gcc/arm-none-eabi/4.7.3/../../../../arm-none-eabi/lib/armv6-m/crt0.o
START GROUP
LOAD .\CortexM0\ARM_GCC_473\Debug\main.o
LOAD .\CortexM0\ARM_GCC_473\Debug\i2cFunctions.o
LOAD .\CortexM0\ARM_GCC_473\Debug\mpu6050.o
LOAD .\CortexM0\ARM_GCC_473\Debug\cymetadata.o
LOAD .\CortexM0\ARM_GCC_473\Debug\Cm0Start.o
LOAD .\CortexM0\ARM_GCC_473\Debug\MPU-6050-PSoC-GetGs.a
LOAD C:\Program Files (x86)\Cypress\PSoC Creator\3.0\PSoC Creator\psoc\content\cycomponentlibrary\CyComponentLibrary.cylib\CortexM0\ARM_GCC_473\Debug\CyComponentLibrary.a
END GROUP
START GROUP
LOAD c:/program files (x86)/cypress/psoc creator/3.0/psoc creator/import/gnu_cs/arm/4.7.3/bin/../lib/gcc/arm-none-eabi/4.7.3/armv6-m\libgcc.a
LOAD c:/program files (x86)/cypress/psoc creator/3.0/psoc creator/import/gnu_cs/arm/4.7.3/bin/../lib/gcc/arm-none-eabi/4.7.3/../../../../arm-none-eabi/lib/armv6-m\libc_s.a
END GROUP
LOAD c:/program files (x86)/cypress/psoc creator/3.0/psoc creator/import/gnu_cs/arm/4.7.3/bin/../lib/gcc/arm-none-eabi/4.7.3/armv6-m/crtend.o
LOAD c:/program files (x86)/cypress/psoc creator/3.0/psoc creator/import/gnu_cs/arm/4.7.3/bin/../lib/gcc/arm-none-eabi/4.7.3/armv6-m/crtn.o
START GROUP
LOAD c:/program files (x86)/cypress/psoc creator/3.0/psoc creator/import/gnu_cs/arm/4.7.3/bin/../lib/gcc/arm-none-eabi/4.7.3/armv6-m\libgcc.a
LOAD c:/program files (x86)/cypress/psoc creator/3.0/psoc creator/import/gnu_cs/arm/4.7.3/bin/../lib/gcc/arm-none-eabi/4.7.3/../../../../arm-none-eabi/lib/armv6-m\libc.a
LOAD c:/program files (x86)/cypress/psoc creator/3.0/psoc creator/import/gnu_cs/arm/4.7.3/bin/../lib/gcc/arm-none-eabi/4.7.3/../../../../arm-none-eabi/lib/armv6-m\libnosys.a
END GROUP
                0x00000000                CY_APPL_ORIGIN = 0x0
                0x00000080                CY_FLASH_ROW_SIZE = 0x80
                0x00000001                CY_APPL_NUM = 0x1
                0x00000040                CY_METADATA_SIZE = 0x40
                0x20000310                PROVIDE (__cy_heap_start, _end)
                0x00000001                PROVIDE (__cy_region_num, ((__cy_regions_end - __cy_regions) / 0x10))
                0x20001000                PROVIDE (__cy_stack, (ORIGIN (ram) + 0x1000))
                0x20000c00                PROVIDE (__cy_heap_end, (__cy_stack - 0x400))

.cybootloader   0x00000000        0x0
 *(.cybootloader)
                0x00000000                appl1_start = CY_APPL_ORIGIN?CY_APPL_ORIGIN:ALIGN (CY_FLASH_ROW_SIZE)
                0x00003f80                appl2_start = (appl1_start + ALIGN ((((0x8000 - appl1_start) - (0x2 * CY_FLASH_ROW_SIZE)) / 0x2), CY_FLASH_ROW_SIZE))
                0x00000000                appl_start = (CY_APPL_NUM == 0x1)?appl1_start:appl2_start

.text           0x00000000     0x6acc
 CREATE_OBJECT_SYMBOLS
                0x00000000                PROVIDE (__cy_interrupt_vector, RomVectors)
 *(.romvectors)
 .romvectors    0x00000000       0x10 .\CortexM0\ARM_GCC_473\Debug\Cm0Start.o
                0x00000000                RomVectors
                0x00000001                ASSERT ((. != __cy_interrupt_vector), No interrupt vector)
                0x00000001                ASSERT (CY_APPL_ORIGIN?(SIZEOF (.cybootloader) <= CY_APPL_ORIGIN):0x1, Wrong image location)
                0x00000010                PROVIDE (__cy_reset, Reset)
 *(.text.Reset)
 .text.Reset    0x00000010        0x8 .\CortexM0\ARM_GCC_473\Debug\Cm0Start.o
                0x00000010                Reset
                0x00000001                ASSERT ((. != __cy_reset), No reset code)
 *(.psocinit)
 .psocinit      0x00000018      0x260 .\CortexM0\ARM_GCC_473\Debug\MPU-6050-PSoC-GetGs.a(cyfitter_cfg.o)
                0x00000168                cyfitter_cfg
                0x00000278                . = MAX (., 0x100)
 *(.text .text.* .gnu.linkonce.t.*)
 .text          0x00000278       0x60 c:/program files (x86)/cypress/psoc creator/3.0/psoc creator/import/gnu_cs/arm/4.7.3/bin/../lib/gcc/arm-none-eabi/4.7.3/armv6-m/crtbegin.o
 .text.main     0x000002d8      0x568 .\CortexM0\ARM_GCC_473\Debug\main.o
                0x000002d8                main
 .text.I2CReadBytes
                0x00000840       0x94 .\CortexM0\ARM_GCC_473\Debug\i2cFunctions.o
                0x00000840                I2CReadBytes
 .text.I2CReadByte
                0x000008d4       0x30 .\CortexM0\ARM_GCC_473\Debug\i2cFunctions.o
                0x000008d4                I2CReadByte
 .text.I2CReadBits
                0x00000904       0x8c .\CortexM0\ARM_GCC_473\Debug\i2cFunctions.o
                0x00000904                I2CReadBits
 .text.I2CWriteBytes
                0x00000990       0x74 .\CortexM0\ARM_GCC_473\Debug\i2cFunctions.o
                0x00000990                I2CWriteBytes
 .text.I2CWriteByte
                0x00000a04       0x2c .\CortexM0\ARM_GCC_473\Debug\i2cFunctions.o
                0x00000a04                I2CWriteByte
 .text.I2CWriteBits
                0x00000a30       0xd8 .\CortexM0\ARM_GCC_473\Debug\i2cFunctions.o
                0x00000a30                I2CWriteBits
 .text.I2CWriteBit
                0x00000b08       0xa0 .\CortexM0\ARM_GCC_473\Debug\i2cFunctions.o
                0x00000b08                I2CWriteBit
 .text.MPU6050_init
                0x00000ba8       0x14 .\CortexM0\ARM_GCC_473\Debug\mpu6050.o
                0x00000ba8                MPU6050_init
 .text.MPU6050_initialize
                0x00000bbc       0x20 .\CortexM0\ARM_GCC_473\Debug\mpu6050.o
                0x00000bbc                MPU6050_initialize
 .text.MPU6050_testConnection
                0x00000bdc       0x18 .\CortexM0\ARM_GCC_473\Debug\mpu6050.o
                0x00000bdc                MPU6050_testConnection
 .text.MPU6050_setFullScaleGyroRange
                0x00000bf4       0x2c .\CortexM0\ARM_GCC_473\Debug\mpu6050.o
                0x00000bf4                MPU6050_setFullScaleGyroRange
 .text.MPU6050_setFullScaleAccelRange
                0x00000c20       0x2c .\CortexM0\ARM_GCC_473\Debug\mpu6050.o
                0x00000c20                MPU6050_setFullScaleAccelRange
 .text.MPU6050_getMotion6t
                0x00000c4c       0xb8 .\CortexM0\ARM_GCC_473\Debug\mpu6050.o
                0x00000c4c                MPU6050_getMotion6t
 .text.MPU6050_setSleepEnabled
                0x00000d04       0x28 .\CortexM0\ARM_GCC_473\Debug\mpu6050.o
                0x00000d04                MPU6050_setSleepEnabled
 .text.MPU6050_setClockSource
                0x00000d2c       0x2c .\CortexM0\ARM_GCC_473\Debug\mpu6050.o
                0x00000d2c                MPU6050_setClockSource
 .text.MPU6050_getDeviceID
                0x00000d58       0x2c .\CortexM0\ARM_GCC_473\Debug\mpu6050.o
                0x00000d58                MPU6050_getDeviceID
 .text.IntDefaultHandler
                0x00000d84        0x8 .\CortexM0\ARM_GCC_473\Debug\Cm0Start.o
                0x00000d84                IntDefaultHandler
 .text.Start_c  0x00000d8c       0xa4 .\CortexM0\ARM_GCC_473\Debug\Cm0Start.o
                0x00000d8c                Start_c
 .text.initialize_psoc
                0x00000e30       0x64 .\CortexM0\ARM_GCC_473\Debug\Cm0Start.o
                0x00000e30                initialize_psoc
 .text.CYMEMZERO
                0x00000e94       0x20 .\CortexM0\ARM_GCC_473\Debug\MPU-6050-PSoC-GetGs.a(cyfitter_cfg.o)
 .text.AnalogSetDefault
                0x00000eb4        0x8 .\CortexM0\ARM_GCC_473\Debug\MPU-6050-PSoC-GetGs.a(cyfitter_cfg.o)
 .text.I2C_MPU6050_Init
                0x00000ebc        0xc .\CortexM0\ARM_GCC_473\Debug\MPU-6050-PSoC-GetGs.a(I2C_MPU6050.o)
                0x00000ebc                I2C_MPU6050_Init
 .text.I2C_MPU6050_Enable
                0x00000ec8       0x20 .\CortexM0\ARM_GCC_473\Debug\MPU-6050-PSoC-GetGs.a(I2C_MPU6050.o)
                0x00000ec8                I2C_MPU6050_Enable
 .text.I2C_MPU6050_Start
                0x00000ee8       0x24 .\CortexM0\ARM_GCC_473\Debug\MPU-6050-PSoC-GetGs.a(I2C_MPU6050.o)
                0x00000ee8                I2C_MPU6050_Start
 .text.I2C_MPU6050_ScbEnableIntr
                0x00000f0c       0x10 .\CortexM0\ARM_GCC_473\Debug\MPU-6050-PSoC-GetGs.a(I2C_MPU6050.o)
 .text.I2C_MPU6050_I2CInit
                0x00000f1c       0xf0 .\CortexM0\ARM_GCC_473\Debug\MPU-6050-PSoC-GetGs.a(I2C_MPU6050_I2C.o)
                0x00000f1c                I2C_MPU6050_I2CInit
 .text.I2C_MPU6050_I2CMasterSendStart
                0x0000100c      0x110 .\CortexM0\ARM_GCC_473\Debug\MPU-6050-PSoC-GetGs.a(I2C_MPU6050_I2C_MASTER.o)
                0x0000100c                I2C_MPU6050_I2CMasterSendStart
 .text.I2C_MPU6050_I2CMasterSendRestart
                0x0000111c      0x108 .\CortexM0\ARM_GCC_473\Debug\MPU-6050-PSoC-GetGs.a(I2C_MPU6050_I2C_MASTER.o)
                0x0000111c                I2C_MPU6050_I2CMasterSendRestart
 .text.I2C_MPU6050_I2CMasterSendStop
                0x00001224       0xbc .\CortexM0\ARM_GCC_473\Debug\MPU-6050-PSoC-GetGs.a(I2C_MPU6050_I2C_MASTER.o)
                0x00001224                I2C_MPU6050_I2CMasterSendStop
 .text.I2C_MPU6050_I2CMasterWriteByte
                0x000012e0       0xcc .\CortexM0\ARM_GCC_473\Debug\MPU-6050-PSoC-GetGs.a(I2C_MPU6050_I2C_MASTER.o)
                0x000012e0                I2C_MPU6050_I2CMasterWriteByte
 .text.I2C_MPU6050_I2CMasterReadByte
                0x000013ac       0xac .\CortexM0\ARM_GCC_473\Debug\MPU-6050-PSoC-GetGs.a(I2C_MPU6050_I2C_MASTER.o)
                0x000013ac                I2C_MPU6050_I2CMasterReadByte
 .text.I2C_MPU6050_I2CReStartGeneration
                0x00001458       0xb4 .\CortexM0\ARM_GCC_473\Debug\MPU-6050-PSoC-GetGs.a(I2C_MPU6050_I2C_MASTER.o)
                0x00001458                I2C_MPU6050_I2CReStartGeneration
 .text.SERIAL_Init
                0x0000150c        0xc .\CortexM0\ARM_GCC_473\Debug\MPU-6050-PSoC-GetGs.a(SERIAL.o)
                0x0000150c                SERIAL_Init
 .text.SERIAL_Enable
                0x00001518       0x20 .\CortexM0\ARM_GCC_473\Debug\MPU-6050-PSoC-GetGs.a(SERIAL.o)
                0x00001518                SERIAL_Enable
 .text.SERIAL_Start
                0x00001538       0x24 .\CortexM0\ARM_GCC_473\Debug\MPU-6050-PSoC-GetGs.a(SERIAL.o)
                0x00001538                SERIAL_Start
 .text.SERIAL_ScbEnableIntr
                0x0000155c        0x8 .\CortexM0\ARM_GCC_473\Debug\MPU-6050-PSoC-GetGs.a(SERIAL.o)
 .text.SERIAL_UartInit
                0x00001564       0xa8 .\CortexM0\ARM_GCC_473\Debug\MPU-6050-PSoC-GetGs.a(SERIAL_UART.o)
                0x00001564                SERIAL_UartInit
 .text.SERIAL_UartPutString
                0x0000160c       0x34 .\CortexM0\ARM_GCC_473\Debug\MPU-6050-PSoC-GetGs.a(SERIAL_UART.o)
                0x0000160c                SERIAL_UartPutString
 .text.I2C_MPU6050_sda_Read
                0x00001640       0x1c .\CortexM0\ARM_GCC_473\Debug\MPU-6050-PSoC-GetGs.a(I2C_MPU6050_sda.o)
                0x00001640                I2C_MPU6050_sda_Read
 .text.I2C_MPU6050_scl_Write
                0x0000165c       0x4c .\CortexM0\ARM_GCC_473\Debug\MPU-6050-PSoC-GetGs.a(I2C_MPU6050_scl.o)
                0x0000165c                I2C_MPU6050_scl_Write
 .text.I2C_MPU6050_scl_Read
                0x000016a8       0x1c .\CortexM0\ARM_GCC_473\Debug\MPU-6050-PSoC-GetGs.a(I2C_MPU6050_scl.o)
                0x000016a8                I2C_MPU6050_scl_Read
 *fill*         0x000016c4        0x4 00
 .text          0x000016c8       0x20 .\CortexM0\ARM_GCC_473\Debug\MPU-6050-PSoC-GetGs.a(CyBootAsmGnu.o)
                0x000016c8                CyDelayCycles
                0x000016da                CyEnterCriticalSection
                0x000016e2                CyExitCriticalSection
 .text.CyIntSetVector
                0x000016e8       0x4c .\CortexM0\ARM_GCC_473\Debug\MPU-6050-PSoC-GetGs.a(CyLib.o)
                0x000016e8                CyIntSetVector
 .text.CyIntSetPriority
                0x00001734       0xa8 .\CortexM0\ARM_GCC_473\Debug\MPU-6050-PSoC-GetGs.a(CyLib.o)
                0x00001734                CyIntSetPriority
 .text.CyIntEnable
                0x000017dc       0x2c .\CortexM0\ARM_GCC_473\Debug\MPU-6050-PSoC-GetGs.a(CyLib.o)
                0x000017dc                CyIntEnable
 .text.CyIntDisable
                0x00001808       0x2c .\CortexM0\ARM_GCC_473\Debug\MPU-6050-PSoC-GetGs.a(CyLib.o)
                0x00001808                CyIntDisable
 .text.CyHalt   0x00001834       0x14 .\CortexM0\ARM_GCC_473\Debug\MPU-6050-PSoC-GetGs.a(CyLib.o)
                0x00001834                CyHalt
 .text.CyDelay  0x00001848       0x48 .\CortexM0\ARM_GCC_473\Debug\MPU-6050-PSoC-GetGs.a(CyLib.o)
                0x00001848                CyDelay
 .text.CyDelayUs
                0x00001890       0x28 .\CortexM0\ARM_GCC_473\Debug\MPU-6050-PSoC-GetGs.a(CyLib.o)
                0x00001890                CyDelayUs
 .text.I2C_MPU6050_I2C_ISR
                0x000018b8      0x4e8 .\CortexM0\ARM_GCC_473\Debug\MPU-6050-PSoC-GetGs.a(I2C_MPU6050_I2C_INT.o)
                0x000018b8                I2C_MPU6050_I2C_ISR
 .text.SERIAL_SpiUartWriteTxData
                0x00001da0       0x2c .\CortexM0\ARM_GCC_473\Debug\MPU-6050-PSoC-GetGs.a(SERIAL_SPI_UART.o)
                0x00001da0                SERIAL_SpiUartWriteTxData
 .text          0x00001dcc       0x9c c:/program files (x86)/cypress/psoc creator/3.0/psoc creator/import/gnu_cs/arm/4.7.3/bin/../lib/gcc/arm-none-eabi/4.7.3/armv6-m\libgcc.a(_udivsi3.o)
                0x00001dcc                __aeabi_uidiv
                0x00001dcc                __udivsi3
                0x00001e54                __aeabi_uidivmod
 .text          0x00001e68       0xc0 c:/program files (x86)/cypress/psoc creator/3.0/psoc creator/import/gnu_cs/arm/4.7.3/bin/../lib/gcc/arm-none-eabi/4.7.3/armv6-m\libgcc.a(_divsi3.o)
                0x00001e68                __divsi3
                0x00001e68                __aeabi_idiv
                0x00001f14                __aeabi_idivmod
 .text          0x00001f28        0x4 c:/program files (x86)/cypress/psoc creator/3.0/psoc creator/import/gnu_cs/arm/4.7.3/bin/../lib/gcc/arm-none-eabi/4.7.3/armv6-m\libgcc.a(_dvmd_tls.o)
                0x00001f28                __aeabi_idiv0
                0x00001f28                __aeabi_ldiv0
 .text          0x00001f2c      0x3ac c:/program files (x86)/cypress/psoc creator/3.0/psoc creator/import/gnu_cs/arm/4.7.3/bin/../lib/gcc/arm-none-eabi/4.7.3/armv6-m\libgcc.a(addsf3.o)
                0x00001f2c                __aeabi_fadd
 .text          0x000022d8      0x274 c:/program files (x86)/cypress/psoc creator/3.0/psoc creator/import/gnu_cs/arm/4.7.3/bin/../lib/gcc/arm-none-eabi/4.7.3/armv6-m\libgcc.a(divsf3.o)
                0x000022d8                __aeabi_fdiv
 .text          0x0000254c      0x3b4 c:/program files (x86)/cypress/psoc creator/3.0/psoc creator/import/gnu_cs/arm/4.7.3/bin/../lib/gcc/arm-none-eabi/4.7.3/armv6-m\libgcc.a(subsf3.o)
                0x0000254c                __aeabi_fsub
 .text          0x00002900       0x40 c:/program files (x86)/cypress/psoc creator/3.0/psoc creator/import/gnu_cs/arm/4.7.3/bin/../lib/gcc/arm-none-eabi/4.7.3/armv6-m\libgcc.a(fixsfsi.o)
                0x00002900                __aeabi_f2iz
 .text          0x00002940       0xa8 c:/program files (x86)/cypress/psoc creator/3.0/psoc creator/import/gnu_cs/arm/4.7.3/bin/../lib/gcc/arm-none-eabi/4.7.3/armv6-m\libgcc.a(floatsisf.o)
                0x00002940                __aeabi_i2f
 .text          0x000029e8      0x5b8 c:/program files (x86)/cypress/psoc creator/3.0/psoc creator/import/gnu_cs/arm/4.7.3/bin/../lib/gcc/arm-none-eabi/4.7.3/armv6-m\libgcc.a(divdf3.o)
                0x000029e8                __aeabi_ddiv
 .text          0x00002fa0       0xa8 c:/program files (x86)/cypress/psoc creator/3.0/psoc creator/import/gnu_cs/arm/4.7.3/bin/../lib/gcc/arm-none-eabi/4.7.3/armv6-m\libgcc.a(extendsfdf2.o)
                0x00002fa0                __aeabi_f2d
 .text          0x00003048      0x144 c:/program files (x86)/cypress/psoc creator/3.0/psoc creator/import/gnu_cs/arm/4.7.3/bin/../lib/gcc/arm-none-eabi/4.7.3/armv6-m\libgcc.a(truncdfsf2.o)
                0x00003048                __aeabi_d2f
 .text          0x0000318c       0x3c c:/program files (x86)/cypress/psoc creator/3.0/psoc creator/import/gnu_cs/arm/4.7.3/bin/../lib/gcc/arm-none-eabi/4.7.3/armv6-m\libgcc.a(_clzsi2.o)
                0x0000318c                __clzsi2
 .text.__libc_init_array
                0x000031c8       0x4c c:/program files (x86)/cypress/psoc creator/3.0/psoc creator/import/gnu_cs/arm/4.7.3/bin/../lib/gcc/arm-none-eabi/4.7.3/../../../../arm-none-eabi/lib/armv6-m\libc_s.a(lib_a-init.o)
                0x000031c8                __libc_init_array
 .text.memcpy   0x00003214       0x12 c:/program files (x86)/cypress/psoc creator/3.0/psoc creator/import/gnu_cs/arm/4.7.3/bin/../lib/gcc/arm-none-eabi/4.7.3/../../../../arm-none-eabi/lib/armv6-m\libc_s.a(lib_a-memcpy.o)
                0x00003214                memcpy
 .text.memset   0x00003226       0x12 c:/program files (x86)/cypress/psoc creator/3.0/psoc creator/import/gnu_cs/arm/4.7.3/bin/../lib/gcc/arm-none-eabi/4.7.3/../../../../arm-none-eabi/lib/armv6-m\libc_s.a(lib_a-memset.o)
                0x00003226                memset
 .text.sprintf  0x00003238       0x44 c:/program files (x86)/cypress/psoc creator/3.0/psoc creator/import/gnu_cs/arm/4.7.3/bin/../lib/gcc/arm-none-eabi/4.7.3/../../../../arm-none-eabi/lib/armv6-m\libc_s.a(lib_a-sprintf.o)
                0x00003238                siprintf
                0x00003238                sprintf
 .text.__ssputc_r
                0x0000327c       0xb0 c:/program files (x86)/cypress/psoc creator/3.0/psoc creator/import/gnu_cs/arm/4.7.3/bin/../lib/gcc/arm-none-eabi/4.7.3/../../../../arm-none-eabi/lib/armv6-m\libc_s.a(lib_a-svfprintf.o)
                0x0000327c                __ssputc_r
 .text._svfprintf_r
                0x0000332c      0x1f8 c:/program files (x86)/cypress/psoc creator/3.0/psoc creator/import/gnu_cs/arm/4.7.3/bin/../lib/gcc/arm-none-eabi/4.7.3/../../../../arm-none-eabi/lib/armv6-m\libc_s.a(lib_a-svfprintf.o)
                0x0000332c                _svfiprintf_r
                0x0000332c                _svfprintf_r
 *fill*         0x00003524        0x4 00
 .text.__cvt    0x00003528       0xd8 c:/program files (x86)/cypress/psoc creator/3.0/psoc creator/import/gnu_cs/arm/4.7.3/bin/../lib/gcc/arm-none-eabi/4.7.3/../../../../arm-none-eabi/lib/armv6-m\libc_s.a(lib_a-vfprintf_float.o)
                0x00003528                __cvt
 .text.__exponent
                0x00003600       0x6a c:/program files (x86)/cypress/psoc creator/3.0/psoc creator/import/gnu_cs/arm/4.7.3/bin/../lib/gcc/arm-none-eabi/4.7.3/../../../../arm-none-eabi/lib/armv6-m\libc_s.a(lib_a-vfprintf_float.o)
                0x00003600                __exponent
 *fill*         0x0000366a        0x6 00
 .text._printf_float
                0x00003670      0x4c8 c:/program files (x86)/cypress/psoc creator/3.0/psoc creator/import/gnu_cs/arm/4.7.3/bin/../lib/gcc/arm-none-eabi/4.7.3/../../../../arm-none-eabi/lib/armv6-m\libc_s.a(lib_a-vfprintf_float.o)
                0x00003670                _printf_float
 .text._printf_common
                0x00003b38       0xe0 c:/program files (x86)/cypress/psoc creator/3.0/psoc creator/import/gnu_cs/arm/4.7.3/bin/../lib/gcc/arm-none-eabi/4.7.3/../../../../arm-none-eabi/lib/armv6-m\libc_s.a(lib_a-vfprintf_i.o)
                0x00003b38                _printf_common
 .text._printf_i
                0x00003c18      0x234 c:/program files (x86)/cypress/psoc creator/3.0/psoc creator/import/gnu_cs/arm/4.7.3/bin/../lib/gcc/arm-none-eabi/4.7.3/../../../../arm-none-eabi/lib/armv6-m\libc_s.a(lib_a-vfprintf_i.o)
                0x00003c18                _printf_i
 .text.quorem   0x00003e4c      0x126 c:/program files (x86)/cypress/psoc creator/3.0/psoc creator/import/gnu_cs/arm/4.7.3/bin/../lib/gcc/arm-none-eabi/4.7.3/../../../../arm-none-eabi/lib/armv6-m\libc_s.a(lib_a-dtoa.o)
 *fill*         0x00003f72        0x6 00
 .text._dtoa_r  0x00003f78      0xb78 c:/program files (x86)/cypress/psoc creator/3.0/psoc creator/import/gnu_cs/arm/4.7.3/bin/../lib/gcc/arm-none-eabi/4.7.3/../../../../arm-none-eabi/lib/armv6-m\libc_s.a(lib_a-dtoa.o)
                0x00003f78                _dtoa_r
 .text._free_r  0x00004af0       0x90 c:/program files (x86)/cypress/psoc creator/3.0/psoc creator/import/gnu_cs/arm/4.7.3/bin/../lib/gcc/arm-none-eabi/4.7.3/../../../../arm-none-eabi/lib/armv6-m\libc_s.a(lib_a-freer.o)
                0x00004af0                _free_r
 .text._localeconv_r
                0x00004b80        0x8 c:/program files (x86)/cypress/psoc creator/3.0/psoc creator/import/gnu_cs/arm/4.7.3/bin/../lib/gcc/arm-none-eabi/4.7.3/../../../../arm-none-eabi/lib/armv6-m\libc_s.a(lib_a-locale.o)
                0x00004b80                _localeconv_r
 .text.malloc   0x00004b88       0x14 c:/program files (x86)/cypress/psoc creator/3.0/psoc creator/import/gnu_cs/arm/4.7.3/bin/../lib/gcc/arm-none-eabi/4.7.3/../../../../arm-none-eabi/lib/armv6-m\libc_s.a(lib_a-malloc.o)
                0x00004b88                malloc
 .text._malloc_r
                0x00004b9c       0x94 c:/program files (x86)/cypress/psoc creator/3.0/psoc creator/import/gnu_cs/arm/4.7.3/bin/../lib/gcc/arm-none-eabi/4.7.3/../../../../arm-none-eabi/lib/armv6-m\libc_s.a(lib_a-mallocr.o)
                0x00004b9c                _malloc_r
 .text.memchr   0x00004c30       0x18 c:/program files (x86)/cypress/psoc creator/3.0/psoc creator/import/gnu_cs/arm/4.7.3/bin/../lib/gcc/arm-none-eabi/4.7.3/../../../../arm-none-eabi/lib/armv6-m\libc_s.a(lib_a-memchr.o)
                0x00004c30                memchr
 .text._Balloc  0x00004c48       0x70 c:/program files (x86)/cypress/psoc creator/3.0/psoc creator/import/gnu_cs/arm/4.7.3/bin/../lib/gcc/arm-none-eabi/4.7.3/../../../../arm-none-eabi/lib/armv6-m\libc_s.a(lib_a-mprec.o)
                0x00004c48                _Balloc
 .text._Bfree   0x00004cb8       0x32 c:/program files (x86)/cypress/psoc creator/3.0/psoc creator/import/gnu_cs/arm/4.7.3/bin/../lib/gcc/arm-none-eabi/4.7.3/../../../../arm-none-eabi/lib/armv6-m\libc_s.a(lib_a-mprec.o)
                0x00004cb8                _Bfree
 .text.__multadd
                0x00004cea       0x7c c:/program files (x86)/cypress/psoc creator/3.0/psoc creator/import/gnu_cs/arm/4.7.3/bin/../lib/gcc/arm-none-eabi/4.7.3/../../../../arm-none-eabi/lib/armv6-m\libc_s.a(lib_a-mprec.o)
                0x00004cea                __multadd
 .text.__hi0bits
                0x00004d66       0x36 c:/program files (x86)/cypress/psoc creator/3.0/psoc creator/import/gnu_cs/arm/4.7.3/bin/../lib/gcc/arm-none-eabi/4.7.3/../../../../arm-none-eabi/lib/armv6-m\libc_s.a(lib_a-mprec.o)
                0x00004d66                __hi0bits
 .text.__lo0bits
                0x00004d9c       0x5c c:/program files (x86)/cypress/psoc creator/3.0/psoc creator/import/gnu_cs/arm/4.7.3/bin/../lib/gcc/arm-none-eabi/4.7.3/../../../../arm-none-eabi/lib/armv6-m\libc_s.a(lib_a-mprec.o)
                0x00004d9c                __lo0bits
 .text.__i2b    0x00004df8       0x12 c:/program files (x86)/cypress/psoc creator/3.0/psoc creator/import/gnu_cs/arm/4.7.3/bin/../lib/gcc/arm-none-eabi/4.7.3/../../../../arm-none-eabi/lib/armv6-m\libc_s.a(lib_a-mprec.o)
                0x00004df8                __i2b
 .text.__multiply
                0x00004e0a      0x122 c:/program files (x86)/cypress/psoc creator/3.0/psoc creator/import/gnu_cs/arm/4.7.3/bin/../lib/gcc/arm-none-eabi/4.7.3/../../../../arm-none-eabi/lib/armv6-m\libc_s.a(lib_a-mprec.o)
                0x00004e0a                __multiply
 .text.__pow5mult
                0x00004f2c       0xa4 c:/program files (x86)/cypress/psoc creator/3.0/psoc creator/import/gnu_cs/arm/4.7.3/bin/../lib/gcc/arm-none-eabi/4.7.3/../../../../arm-none-eabi/lib/armv6-m\libc_s.a(lib_a-mprec.o)
                0x00004f2c                __pow5mult
 .text.__lshift
                0x00004fd0       0xa4 c:/program files (x86)/cypress/psoc creator/3.0/psoc creator/import/gnu_cs/arm/4.7.3/bin/../lib/gcc/arm-none-eabi/4.7.3/../../../../arm-none-eabi/lib/armv6-m\libc_s.a(lib_a-mprec.o)
                0x00004fd0                __lshift
 .text.__mcmp   0x00005074       0x38 c:/program files (x86)/cypress/psoc creator/3.0/psoc creator/import/gnu_cs/arm/4.7.3/bin/../lib/gcc/arm-none-eabi/4.7.3/../../../../arm-none-eabi/lib/armv6-m\libc_s.a(lib_a-mprec.o)
                0x00005074                __mcmp
 .text.__mdiff  0x000050ac       0xce c:/program files (x86)/cypress/psoc creator/3.0/psoc creator/import/gnu_cs/arm/4.7.3/bin/../lib/gcc/arm-none-eabi/4.7.3/../../../../arm-none-eabi/lib/armv6-m\libc_s.a(lib_a-mprec.o)
                0x000050ac                __mdiff
 *fill*         0x0000517a        0x2 00
 .text.__d2b    0x0000517c       0xac c:/program files (x86)/cypress/psoc creator/3.0/psoc creator/import/gnu_cs/arm/4.7.3/bin/../lib/gcc/arm-none-eabi/4.7.3/../../../../arm-none-eabi/lib/armv6-m\libc_s.a(lib_a-mprec.o)
                0x0000517c                __d2b
 .text._realloc_r
                0x00005228       0x4c c:/program files (x86)/cypress/psoc creator/3.0/psoc creator/import/gnu_cs/arm/4.7.3/bin/../lib/gcc/arm-none-eabi/4.7.3/../../../../arm-none-eabi/lib/armv6-m\libc_s.a(lib_a-reallocr.o)
                0x00005228                _realloc_r
 .text.__fpclassifyd
                0x00005274       0x68 c:/program files (x86)/cypress/psoc creator/3.0/psoc creator/import/gnu_cs/arm/4.7.3/bin/../lib/gcc/arm-none-eabi/4.7.3/../../../../arm-none-eabi/lib/armv6-m\libc_s.a(lib_a-s_fpclassify.o)
                0x00005274                __fpclassifyd
 .text._sbrk_r  0x000052dc       0x24 c:/program files (x86)/cypress/psoc creator/3.0/psoc creator/import/gnu_cs/arm/4.7.3/bin/../lib/gcc/arm-none-eabi/4.7.3/../../../../arm-none-eabi/lib/armv6-m\libc_s.a(lib_a-sbrkr.o)
                0x000052dc                _sbrk_r
 .text.strlen   0x00005300        0xe c:/program files (x86)/cypress/psoc creator/3.0/psoc creator/import/gnu_cs/arm/4.7.3/bin/../lib/gcc/arm-none-eabi/4.7.3/../../../../arm-none-eabi/lib/armv6-m\libc_s.a(lib_a-strlen.o)
                0x00005300                strlen
 .text._calloc_r
                0x0000530e       0x1c c:/program files (x86)/cypress/psoc creator/3.0/psoc creator/import/gnu_cs/arm/4.7.3/bin/../lib/gcc/arm-none-eabi/4.7.3/../../../../arm-none-eabi/lib/armv6-m\libc_s.a(lib_a-callocr.o)
                0x0000530e                _calloc_r
 .text._malloc_usable_size_r
                0x0000532a       0x14 c:/program files (x86)/cypress/psoc creator/3.0/psoc creator/import/gnu_cs/arm/4.7.3/bin/../lib/gcc/arm-none-eabi/4.7.3/../../../../arm-none-eabi/lib/armv6-m\libc_s.a(lib_a-msizer.o)
                0x0000532a                _malloc_usable_size_r
 *fill*         0x0000533e        0x2 00
 .text          0x00005340       0x14 c:/program files (x86)/cypress/psoc creator/3.0/psoc creator/import/gnu_cs/arm/4.7.3/bin/../lib/gcc/arm-none-eabi/4.7.3/armv6-m\libgcc.a(_thumb1_case_uqi.o)
                0x00005340                __gnu_thumb1_case_uqi
 .text          0x00005354       0x7c c:/program files (x86)/cypress/psoc creator/3.0/psoc creator/import/gnu_cs/arm/4.7.3/bin/../lib/gcc/arm-none-eabi/4.7.3/armv6-m\libgcc.a(_arm_cmpdf2.o)
                0x00005354                __aeabi_cdrcmple
                0x00005364                __aeabi_cdcmple
                0x00005364                __aeabi_cdcmpeq
                0x00005374                __aeabi_dcmpeq
                0x00005380                __aeabi_dcmplt
                0x00005394                __aeabi_dcmple
                0x000053a8                __aeabi_dcmpgt
                0x000053bc                __aeabi_dcmpge
 .text          0x000053d0      0x760 c:/program files (x86)/cypress/psoc creator/3.0/psoc creator/import/gnu_cs/arm/4.7.3/bin/../lib/gcc/arm-none-eabi/4.7.3/armv6-m\libgcc.a(adddf3.o)
                0x000053d0                __aeabi_dadd
 .text          0x00005b30       0x7c c:/program files (x86)/cypress/psoc creator/3.0/psoc creator/import/gnu_cs/arm/4.7.3/bin/../lib/gcc/arm-none-eabi/4.7.3/armv6-m\libgcc.a(eqdf2.o)
                0x00005b30                __nedf2
                0x00005b30                __eqdf2
 .text          0x00005bac       0xe8 c:/program files (x86)/cypress/psoc creator/3.0/psoc creator/import/gnu_cs/arm/4.7.3/bin/../lib/gcc/arm-none-eabi/4.7.3/armv6-m\libgcc.a(gedf2.o)
                0x00005bac                __gedf2
                0x00005bac                __gtdf2
 .text          0x00005c94       0xd8 c:/program files (x86)/cypress/psoc creator/3.0/psoc creator/import/gnu_cs/arm/4.7.3/bin/../lib/gcc/arm-none-eabi/4.7.3/armv6-m\libgcc.a(ledf2.o)
                0x00005c94                __ledf2
                0x00005c94                __ltdf2
 .text          0x00005d6c      0x4e4 c:/program files (x86)/cypress/psoc creator/3.0/psoc creator/import/gnu_cs/arm/4.7.3/bin/../lib/gcc/arm-none-eabi/4.7.3/armv6-m\libgcc.a(muldf3.o)
                0x00005d6c                __aeabi_dmul
 .text          0x00006250      0x704 c:/program files (x86)/cypress/psoc creator/3.0/psoc creator/import/gnu_cs/arm/4.7.3/bin/../lib/gcc/arm-none-eabi/4.7.3/armv6-m\libgcc.a(subdf3.o)
                0x00006250                __aeabi_dsub
 .text          0x00006954       0x68 c:/program files (x86)/cypress/psoc creator/3.0/psoc creator/import/gnu_cs/arm/4.7.3/bin/../lib/gcc/arm-none-eabi/4.7.3/armv6-m\libgcc.a(fixdfsi.o)
                0x00006954                __aeabi_d2iz
 .text          0x000069bc       0x74 c:/program files (x86)/cypress/psoc creator/3.0/psoc creator/import/gnu_cs/arm/4.7.3/bin/../lib/gcc/arm-none-eabi/4.7.3/armv6-m\libgcc.a(floatsidf.o)
                0x000069bc                __aeabi_i2d
 .text          0x00006a30       0x64 c:/program files (x86)/cypress/psoc creator/3.0/psoc creator/import/gnu_cs/arm/4.7.3/bin/../lib/gcc/arm-none-eabi/4.7.3/armv6-m\libgcc.a(floatunsidf.o)
                0x00006a30                __aeabi_ui2d
 .text._sbrk    0x00006a94       0x38 c:/program files (x86)/cypress/psoc creator/3.0/psoc creator/import/gnu_cs/arm/4.7.3/bin/../lib/gcc/arm-none-eabi/4.7.3/../../../../arm-none-eabi/lib/armv6-m\libnosys.a(sbrk.o)
                0x00006a94                _sbrk
 *(.plt)
 *(.gnu.warning)
 *(.glue_7t)
 .glue_7t       0x00000000        0x0 linker stubs
 *(.glue_7)
 .glue_7        0x00000000        0x0 linker stubs
 *(.vfp11_veneer)
 .vfp11_veneer  0x00000000        0x0 linker stubs
 *(.bootloader)
 *(.ARM.extab* .gnu.linkonce.armextab.*)
 *(.gcc_except_table)

.v4_bx          0x00006acc        0x0
 .v4_bx         0x00000000        0x0 linker stubs

.iplt           0x00006acc        0x0
 .iplt          0x00000000        0x0 c:/program files (x86)/cypress/psoc creator/3.0/psoc creator/import/gnu_cs/arm/4.7.3/bin/../lib/gcc/arm-none-eabi/4.7.3/armv6-m/crtbegin.o

.eh_frame_hdr
 *(.eh_frame_hdr)

.eh_frame       0x00006acc        0x4
 *(.eh_frame)
 .eh_frame      0x00006acc        0x0 c:/program files (x86)/cypress/psoc creator/3.0/psoc creator/import/gnu_cs/arm/4.7.3/bin/../lib/gcc/arm-none-eabi/4.7.3/armv6-m/crtbegin.o
 .eh_frame      0x00006acc        0x4 c:/program files (x86)/cypress/psoc creator/3.0/psoc creator/import/gnu_cs/arm/4.7.3/bin/../lib/gcc/arm-none-eabi/4.7.3/armv6-m/crtend.o
                0x00006ad0                PROVIDE (__exidx_start, .)

.ARM.exidx
 *(.ARM.exidx* .gnu.linkonce.armexidx.*)
                0x00006ad0                __exidx_end = .

.rodata         0x00006ad0      0x3e0
 *(.rodata .rodata.* .gnu.linkonce.r.*)
 .rodata        0x00006ad0      0x17c .\CortexM0\ARM_GCC_473\Debug\main.o
 .rodata        0x00006c4c       0x10 .\CortexM0\ARM_GCC_473\Debug\MPU-6050-PSoC-GetGs.a(cyfitter_cfg.o)
 .rodata        0x00006c5c       0x40 c:/program files (x86)/cypress/psoc creator/3.0/psoc creator/import/gnu_cs/arm/4.7.3/bin/../lib/gcc/arm-none-eabi/4.7.3/armv6-m\libgcc.a(divsf3.o)
 .rodata        0x00006c9c       0x40 c:/program files (x86)/cypress/psoc creator/3.0/psoc creator/import/gnu_cs/arm/4.7.3/bin/../lib/gcc/arm-none-eabi/4.7.3/armv6-m\libgcc.a(divdf3.o)
 .rodata.str1.1
                0x00006cdc        0x2 c:/program files (x86)/cypress/psoc creator/3.0/psoc creator/import/gnu_cs/arm/4.7.3/bin/../lib/gcc/arm-none-eabi/4.7.3/../../../../arm-none-eabi/lib/armv6-m\libc_s.a(lib_a-impure.o)
 .rodata.str1.1
                0x00006cde       0x11 c:/program files (x86)/cypress/psoc creator/3.0/psoc creator/import/gnu_cs/arm/4.7.3/bin/../lib/gcc/arm-none-eabi/4.7.3/../../../../arm-none-eabi/lib/armv6-m\libc_s.a(lib_a-svfprintf.o)
 .rodata.str1.1
                0x00006cef       0x10 c:/program files (x86)/cypress/psoc creator/3.0/psoc creator/import/gnu_cs/arm/4.7.3/bin/../lib/gcc/arm-none-eabi/4.7.3/../../../../arm-none-eabi/lib/armv6-m\libc_s.a(lib_a-vfprintf_float.o)
 .rodata.str1.1
                0x00006cff       0x22 c:/program files (x86)/cypress/psoc creator/3.0/psoc creator/import/gnu_cs/arm/4.7.3/bin/../lib/gcc/arm-none-eabi/4.7.3/../../../../arm-none-eabi/lib/armv6-m\libc_s.a(lib_a-vfprintf_i.o)
 .rodata.str1.1
                0x00006d21        0xf c:/program files (x86)/cypress/psoc creator/3.0/psoc creator/import/gnu_cs/arm/4.7.3/bin/../lib/gcc/arm-none-eabi/4.7.3/../../../../arm-none-eabi/lib/armv6-m\libc_s.a(lib_a-dtoa.o)
 .rodata.str1.1
                0x00006d30        0x8 c:/program files (x86)/cypress/psoc creator/3.0/psoc creator/import/gnu_cs/arm/4.7.3/bin/../lib/gcc/arm-none-eabi/4.7.3/../../../../arm-none-eabi/lib/armv6-m\libc_s.a(lib_a-locale.o)
                                  0xb (size before relaxing)
 .rodata.__mprec_tens
                0x00006d38       0xc8 c:/program files (x86)/cypress/psoc creator/3.0/psoc creator/import/gnu_cs/arm/4.7.3/bin/../lib/gcc/arm-none-eabi/4.7.3/../../../../arm-none-eabi/lib/armv6-m\libc_s.a(lib_a-mprec.o)
                0x00006d38                __mprec_tens
 .rodata.p05.5252
                0x00006e00        0xc c:/program files (x86)/cypress/psoc creator/3.0/psoc creator/import/gnu_cs/arm/4.7.3/bin/../lib/gcc/arm-none-eabi/4.7.3/../../../../arm-none-eabi/lib/armv6-m\libc_s.a(lib_a-mprec.o)
 *fill*         0x00006e0c        0x4 00
 .rodata.__mprec_bigtens
                0x00006e10       0x28 c:/program files (x86)/cypress/psoc creator/3.0/psoc creator/import/gnu_cs/arm/4.7.3/bin/../lib/gcc/arm-none-eabi/4.7.3/../../../../arm-none-eabi/lib/armv6-m\libc_s.a(lib_a-mprec.o)
                0x00006e10                __mprec_bigtens
 .rodata        0x00006e38       0x40 c:/program files (x86)/cypress/psoc creator/3.0/psoc creator/import/gnu_cs/arm/4.7.3/bin/../lib/gcc/arm-none-eabi/4.7.3/armv6-m\libgcc.a(muldf3.o)
                0x00006e78                . = ALIGN (0x4)
 *(.init)
 .init          0x00006e78        0x4 c:/program files (x86)/cypress/psoc creator/3.0/psoc creator/import/gnu_cs/arm/4.7.3/bin/../lib/gcc/arm-none-eabi/4.7.3/armv6-m/crti.o
                0x00006e78                _init
 .init          0x00006e7c        0x8 c:/program files (x86)/cypress/psoc creator/3.0/psoc creator/import/gnu_cs/arm/4.7.3/bin/../lib/gcc/arm-none-eabi/4.7.3/armv6-m/crtn.o
                0x00006e84                . = ALIGN (0x4)
                0x00006e84                __preinit_array_start = .
 *(.preinit_array)
                0x00006e84                __preinit_array_end = .
                0x00006e84                . = ALIGN (0x4)
                0x00006e84                __init_array_start = .
 *(SORT(.init_array.*))
 *(.init_array)
 .init_array    0x00006e84        0x4 c:/program files (x86)/cypress/psoc creator/3.0/psoc creator/import/gnu_cs/arm/4.7.3/bin/../lib/gcc/arm-none-eabi/4.7.3/armv6-m/crtbegin.o
 .init_array    0x00006e88        0x4 .\CortexM0\ARM_GCC_473\Debug\Cm0Start.o
                0x00006e8c                __init_array_end = .
                0x00006e8c                . = ALIGN (0x4)
 *(.fini)
 .fini          0x00006e8c        0x4 c:/program files (x86)/cypress/psoc creator/3.0/psoc creator/import/gnu_cs/arm/4.7.3/bin/../lib/gcc/arm-none-eabi/4.7.3/armv6-m/crti.o
                0x00006e8c                _fini
 .fini          0x00006e90        0x8 c:/program files (x86)/cypress/psoc creator/3.0/psoc creator/import/gnu_cs/arm/4.7.3/bin/../lib/gcc/arm-none-eabi/4.7.3/armv6-m/crtn.o
                0x00006e98                . = ALIGN (0x4)
                0x00006e98                __fini_array_start = .
 *(.fini_array)
 .fini_array    0x00006e98        0x4 c:/program files (x86)/cypress/psoc creator/3.0/psoc creator/import/gnu_cs/arm/4.7.3/bin/../lib/gcc/arm-none-eabi/4.7.3/armv6-m/crtbegin.o
 *(SORT(.fini_array.*))
                0x00006e9c                __fini_array_end = .
                0x00006e9c                . = ALIGN (0x4)
 *crtbegin.o(.ctors)
 *(EXCLUDE_FILE(*crtend.o) .ctors)
 *(SORT(.ctors.*))
 *crtend.o(.ctors)
                0x00006e9c                . = ALIGN (0x4)
 *crtbegin.o(.dtors)
 *(EXCLUDE_FILE(*crtend.o) .dtors)
 *(SORT(.dtors.*))
 *crtend.o(.dtors)
                0x00006e9c                . = ALIGN (0x4)
                0x00006e9c                __cy_regions = .
                0x00006e9c        0x4 LONG 0x6eb0 __cy_region_init_ram
                0x00006ea0        0x4 LONG 0x200000c8 __cy_region_start_data
                0x00006ea4        0x4 LONG 0xb8 __cy_region_init_size_ram
                0x00006ea8        0x4 LONG 0x190 __cy_region_zero_size_ram
                0x00006eac                __cy_regions_end = .
                0x00006eb0                . = ALIGN (0x8)
 *fill*         0x00006eac        0x4 00
                0x00006eb0                _etext = .

.ramvectors     0x20000000       0xc0
                0x20000000                __cy_region_start_ram = .
 *(.ramvectors)
 .ramvectors    0x20000000       0xc0 .\CortexM0\ARM_GCC_473\Debug\Cm0Start.o
                0x20000000                CyRamVectors

.noinit         0x200000c0        0x4
 *(.noinit)
 .noinit        0x200000c0        0x4 .\CortexM0\ARM_GCC_473\Debug\Cm0Start.o

.data           0x200000c8       0xb8 load address 0x00006eb0
                0x200000c8                __cy_region_start_data = .
 *(.jcr)
 .jcr           0x200000c8        0x0 c:/program files (x86)/cypress/psoc creator/3.0/psoc creator/import/gnu_cs/arm/4.7.3/bin/../lib/gcc/arm-none-eabi/4.7.3/armv6-m/crtbegin.o
 .jcr           0x200000c8        0x4 c:/program files (x86)/cypress/psoc creator/3.0/psoc creator/import/gnu_cs/arm/4.7.3/bin/../lib/gcc/arm-none-eabi/4.7.3/armv6-m/crtend.o
 *(.got.plt)
 *(.got)
 *(.shdata)
 *(.data .data.* .gnu.linkonce.d.*)
 .data          0x200000cc        0x4 .\CortexM0\ARM_GCC_473\Debug\MPU-6050-PSoC-GetGs.a(cyfitter_cfg.o)
 .data          0x200000d0       0x10 .\CortexM0\ARM_GCC_473\Debug\MPU-6050-PSoC-GetGs.a(CyLib.o)
                0x200000d0                cydelayFreqHz
                0x200000d4                cydelayFreqKhz
                0x200000d8                cydelayFreqMhz
                0x200000dc                cydelay32kMs
 .data.impure_data
                0x200000e0       0x64 c:/program files (x86)/cypress/psoc creator/3.0/psoc creator/import/gnu_cs/arm/4.7.3/bin/../lib/gcc/arm-none-eabi/4.7.3/../../../../arm-none-eabi/lib/armv6-m\libc_s.a(lib_a-impure.o)
 .data._impure_ptr
                0x20000144        0x4 c:/program files (x86)/cypress/psoc creator/3.0/psoc creator/import/gnu_cs/arm/4.7.3/bin/../lib/gcc/arm-none-eabi/4.7.3/../../../../arm-none-eabi/lib/armv6-m\libc_s.a(lib_a-impure.o)
                0x20000144                _impure_ptr
 .data.lconv    0x20000148       0x38 c:/program files (x86)/cypress/psoc creator/3.0/psoc creator/import/gnu_cs/arm/4.7.3/bin/../lib/gcc/arm-none-eabi/4.7.3/../../../../arm-none-eabi/lib/armv6-m\libc_s.a(lib_a-locale.o)
                0x20000180                . = ALIGN (0x8)
 *(.ram)
                0x20000180                _edata = .

.igot.plt       0x20000180        0x0 load address 0x00006f68
 .igot.plt      0x00000000        0x0 c:/program files (x86)/cypress/psoc creator/3.0/psoc creator/import/gnu_cs/arm/4.7.3/bin/../lib/gcc/arm-none-eabi/4.7.3/armv6-m/crtbegin.o

.bss            0x20000180      0x190 load address 0x00006f68
                0x20000180                PROVIDE (__bss_start__, .)
 *(.shbss)
 *(.bss .bss.* .gnu.linkonce.b.*)
 .bss           0x20000180       0x1c c:/program files (x86)/cypress/psoc creator/3.0/psoc creator/import/gnu_cs/arm/4.7.3/bin/../lib/gcc/arm-none-eabi/4.7.3/armv6-m/crtbegin.o
 .bss           0x2000019c        0x4 .\CortexM0\ARM_GCC_473\Debug\main.o
                0x2000019c                i
 .bss           0x200001a0        0x8 .\CortexM0\ARM_GCC_473\Debug\MPU-6050-PSoC-GetGs.a(I2C_MPU6050.o)
                0x200001a0                I2C_MPU6050_initVar
                0x200001a4                I2C_MPU6050_customIntrHandler
 .bss           0x200001a8        0x8 .\CortexM0\ARM_GCC_473\Debug\MPU-6050-PSoC-GetGs.a(SERIAL.o)
                0x200001a8                SERIAL_initVar
                0x200001ac                SERIAL_customIntrHandler
 .bss.__malloc_free_list
                0x200001b0        0x4 c:/program files (x86)/cypress/psoc creator/3.0/psoc creator/import/gnu_cs/arm/4.7.3/bin/../lib/gcc/arm-none-eabi/4.7.3/../../../../arm-none-eabi/lib/armv6-m\libc_s.a(lib_a-mallocr.o)
                0x200001b0                __malloc_free_list
 .bss.heap_end.4231
                0x200001b4        0x4 c:/program files (x86)/cypress/psoc creator/3.0/psoc creator/import/gnu_cs/arm/4.7.3/bin/../lib/gcc/arm-none-eabi/4.7.3/../../../../arm-none-eabi/lib/armv6-m\libnosys.a(sbrk.o)
 *(COMMON)
 COMMON         0x200001b8      0x12e .\CortexM0\ARM_GCC_473\Debug\main.o
                0x200001b8                CAY
                0x200001bc                AZoff
                0x200001c0                CGZ
                0x200001c4                GY
                0x200001c8                AY
                0x200001cc                CAX
                0x200001d0                GXoff
                0x200001d4                GZ
                0x200001d8                CGX
                0x200001dc                buffer
                0x200001f4                AYoff
                0x200001f8                CT
                0x200001fc                AZ
                0x20000200                GYoff
                0x20000204                CGY
                0x20000208                buf
                0x200002d0                AXoff
                0x200002d4                devAddr
                0x200002d8                GX
                0x200002dc                AX
                0x200002e0                GZoff
                0x200002e4                CAZ
 COMMON         0x200002e6        0x1 .\CortexM0\ARM_GCC_473\Debug\MPU-6050-PSoC-GetGs.a(I2C_MPU6050_I2C.o)
                0x200002e6                I2C_MPU6050_state
 *fill*         0x200002e7        0x1 00
 COMMON         0x200002e8       0x24 .\CortexM0\ARM_GCC_473\Debug\MPU-6050-PSoC-GetGs.a(I2C_MPU6050_I2C_MASTER.o)
                0x200002e8                I2C_MPU6050_mstrWrBufIndexTmp
                0x200002ec                I2C_MPU6050_mstrRdBufIndex
                0x200002f0                I2C_MPU6050_mstrWrBufSize
                0x200002f4                I2C_MPU6050_mstrControl
                0x200002f8                I2C_MPU6050_mstrWrBufIndex
                0x200002fc                I2C_MPU6050_mstrWrBufPtr
                0x20000300                I2C_MPU6050_mstrRdBufSize
                0x20000304                I2C_MPU6050_mstrStatus
                0x20000308                I2C_MPU6050_mstrRdBufPtr
 COMMON         0x2000030c        0x4 c:/program files (x86)/cypress/psoc creator/3.0/psoc creator/import/gnu_cs/arm/4.7.3/bin/../lib/gcc/arm-none-eabi/4.7.3/../../../../arm-none-eabi/lib/armv6-m\libc_s.a(lib_a-reent.o)
                0x2000030c                errno
                0x20000310                . = ALIGN (0x8)
 *(.ram.b)
                0x20000310                _end = .
                0x20000310                __end = .
                0x20000310                PROVIDE (end, .)
                0x20000310                PROVIDE (__bss_end__, .)
                0x00006eb0                __cy_region_init_ram = LOADADDR (.data)
                0x000000b8                __cy_region_init_size_ram = (_edata - ADDR (.data))
                0x00000190                __cy_region_zero_size_ram = (_end - _edata)

.heap           0x20000310      0x100 load address 0x00006f68
                0x20000310                . = _end
                0x20000410                . = (. + 0x100)
 *fill*         0x20000310      0x100 00
                0x20000410                __cy_heap_limit = .

.stack          0x20000c00      0x400
                0x20000c00                __cy_stack_limit = .
                0x20001000                . = (. + 0x400)
 *fill*         0x20000c00      0x400 00
                0x00000001                ASSERT ((__cy_stack_limit >= __cy_heap_limit), region RAM overflowed with stack)

.cyloadermeta
 *(.cyloadermeta)

.cyloadablemeta
 *(.cyloadablemeta)

.cyflashprotect
                0x90400000       0x20
 *(.cyflashprotect)
 .cyflashprotect
                0x90400000       0x20 .\CortexM0\ARM_GCC_473\Debug\cymetadata.o
                0x90400000                cy_meta_flashprotect

.cymeta         0x90500000        0xc
 *(.cymeta)
 .cymeta        0x90500000        0xc .\CortexM0\ARM_GCC_473\Debug\cymetadata.o
                0x90500000                cy_metadata

.cychipprotect  0x90600000        0x4
 *(.cychipprotect)
 .cychipprotect
                0x90600000        0x4 .\CortexM0\ARM_GCC_473\Debug\cymetadata.o
                0x90600000                cy_meta_chipprotect

.rel.dyn        0x00006f68        0x0 load address 0x90600004
 .rel.iplt      0x00000000        0x0 c:/program files (x86)/cypress/psoc creator/3.0/psoc creator/import/gnu_cs/arm/4.7.3/bin/../lib/gcc/arm-none-eabi/4.7.3/armv6-m/crtbegin.o

.stab
 *(.stab)

.stabstr
 *(.stabstr)

.debug
 *(.debug)

.line
 *(.line)

.debug_srcinfo
 *(.debug_srcinfo)

.debug_sfnames
 *(.debug_sfnames)

.debug_aranges  0x00000000      0xdc8
 *(.debug_aranges)
 .debug_aranges
                0x00000000       0x20 .\CortexM0\ARM_GCC_473\Debug\main.o
 .debug_aranges
                0x00000020       0x68 .\CortexM0\ARM_GCC_473\Debug\i2cFunctions.o
 .debug_aranges
                0x00000088      0x838 .\CortexM0\ARM_GCC_473\Debug\mpu6050.o
 .debug_aranges
                0x000008c0       0x18 .\CortexM0\ARM_GCC_473\Debug\cymetadata.o
 .debug_aranges
                0x000008d8       0x40 .\CortexM0\ARM_GCC_473\Debug\Cm0Start.o
 .debug_aranges
                0x00000918       0x50 .\CortexM0\ARM_GCC_473\Debug\MPU-6050-PSoC-GetGs.a(cyfitter_cfg.o)
 .debug_aranges
                0x00000968       0x50 .\CortexM0\ARM_GCC_473\Debug\MPU-6050-PSoC-GetGs.a(I2C_MPU6050.o)
 .debug_aranges
                0x000009b8       0x28 .\CortexM0\ARM_GCC_473\Debug\MPU-6050-PSoC-GetGs.a(I2C_MPU6050_I2C.o)
 .debug_aranges
                0x000009e0       0x88 .\CortexM0\ARM_GCC_473\Debug\MPU-6050-PSoC-GetGs.a(I2C_MPU6050_I2C_MASTER.o)
 .debug_aranges
                0x00000a68       0x50 .\CortexM0\ARM_GCC_473\Debug\MPU-6050-PSoC-GetGs.a(SERIAL.o)
 .debug_aranges
                0x00000ab8       0x50 .\CortexM0\ARM_GCC_473\Debug\MPU-6050-PSoC-GetGs.a(SERIAL_UART.o)
 .debug_aranges
                0x00000b08       0x40 .\CortexM0\ARM_GCC_473\Debug\MPU-6050-PSoC-GetGs.a(I2C_MPU6050_sda.o)
 .debug_aranges
                0x00000b48       0x40 .\CortexM0\ARM_GCC_473\Debug\MPU-6050-PSoC-GetGs.a(I2C_MPU6050_scl.o)
 .debug_aranges
                0x00000b88       0x20 .\CortexM0\ARM_GCC_473\Debug\MPU-6050-PSoC-GetGs.a(CyBootAsmGnu.o)
 .debug_aranges
                0x00000ba8      0x1a0 .\CortexM0\ARM_GCC_473\Debug\MPU-6050-PSoC-GetGs.a(CyLib.o)
 .debug_aranges
                0x00000d48       0x20 .\CortexM0\ARM_GCC_473\Debug\MPU-6050-PSoC-GetGs.a(I2C_MPU6050_I2C_INT.o)
 .debug_aranges
                0x00000d68       0x60 .\CortexM0\ARM_GCC_473\Debug\MPU-6050-PSoC-GetGs.a(SERIAL_SPI_UART.o)

.debug_pubnames
 *(.debug_pubnames)

.debug_info     0x00000000     0x5138
 *(.debug_info .gnu.linkonce.wi.*)
 .debug_info    0x00000000      0x272 .\CortexM0\ARM_GCC_473\Debug\main.o
 .debug_info    0x00000272      0x432 .\CortexM0\ARM_GCC_473\Debug\i2cFunctions.o
 .debug_info    0x000006a4     0x2602 .\CortexM0\ARM_GCC_473\Debug\mpu6050.o
 .debug_info    0x00002ca6      0x100 .\CortexM0\ARM_GCC_473\Debug\cymetadata.o
 .debug_info    0x00002da6      0x2c0 .\CortexM0\ARM_GCC_473\Debug\Cm0Start.o
 .debug_info    0x00003066      0x36d .\CortexM0\ARM_GCC_473\Debug\MPU-6050-PSoC-GetGs.a(cyfitter_cfg.o)
 .debug_info    0x000033d3      0x197 .\CortexM0\ARM_GCC_473\Debug\MPU-6050-PSoC-GetGs.a(I2C_MPU6050.o)
 .debug_info    0x0000356a      0x12c .\CortexM0\ARM_GCC_473\Debug\MPU-6050-PSoC-GetGs.a(I2C_MPU6050_I2C.o)
 .debug_info    0x00003696      0x4ba .\CortexM0\ARM_GCC_473\Debug\MPU-6050-PSoC-GetGs.a(I2C_MPU6050_I2C_MASTER.o)
 .debug_info    0x00003b50      0x197 .\CortexM0\ARM_GCC_473\Debug\MPU-6050-PSoC-GetGs.a(SERIAL.o)
 .debug_info    0x00003ce7      0x224 .\CortexM0\ARM_GCC_473\Debug\MPU-6050-PSoC-GetGs.a(SERIAL_UART.o)
 .debug_info    0x00003f0b      0x168 .\CortexM0\ARM_GCC_473\Debug\MPU-6050-PSoC-GetGs.a(I2C_MPU6050_sda.o)
 .debug_info    0x00004073      0x168 .\CortexM0\ARM_GCC_473\Debug\MPU-6050-PSoC-GetGs.a(I2C_MPU6050_scl.o)
 .debug_info    0x000041db       0xb4 .\CortexM0\ARM_GCC_473\Debug\MPU-6050-PSoC-GetGs.a(CyBootAsmGnu.o)
 .debug_info    0x0000428f      0xac5 .\CortexM0\ARM_GCC_473\Debug\MPU-6050-PSoC-GetGs.a(CyLib.o)
 .debug_info    0x00004d54      0x1a7 .\CortexM0\ARM_GCC_473\Debug\MPU-6050-PSoC-GetGs.a(I2C_MPU6050_I2C_INT.o)
 .debug_info    0x00004efb      0x23d .\CortexM0\ARM_GCC_473\Debug\MPU-6050-PSoC-GetGs.a(SERIAL_SPI_UART.o)

.debug_abbrev   0x00000000      0xf3d
 *(.debug_abbrev)
 .debug_abbrev  0x00000000       0x96 .\CortexM0\ARM_GCC_473\Debug\main.o
 .debug_abbrev  0x00000096       0xa1 .\CortexM0\ARM_GCC_473\Debug\i2cFunctions.o
 .debug_abbrev  0x00000137      0x18c .\CortexM0\ARM_GCC_473\Debug\mpu6050.o
 .debug_abbrev  0x000002c3       0x5d .\CortexM0\ARM_GCC_473\Debug\cymetadata.o
 .debug_abbrev  0x00000320      0x164 .\CortexM0\ARM_GCC_473\Debug\Cm0Start.o
 .debug_abbrev  0x00000484      0x17b .\CortexM0\ARM_GCC_473\Debug\MPU-6050-PSoC-GetGs.a(cyfitter_cfg.o)
 .debug_abbrev  0x000005ff       0xc5 .\CortexM0\ARM_GCC_473\Debug\MPU-6050-PSoC-GetGs.a(I2C_MPU6050.o)
 .debug_abbrev  0x000006c4       0x7a .\CortexM0\ARM_GCC_473\Debug\MPU-6050-PSoC-GetGs.a(I2C_MPU6050_I2C.o)
 .debug_abbrev  0x0000073e      0x156 .\CortexM0\ARM_GCC_473\Debug\MPU-6050-PSoC-GetGs.a(I2C_MPU6050_I2C_MASTER.o)
 .debug_abbrev  0x00000894       0xc5 .\CortexM0\ARM_GCC_473\Debug\MPU-6050-PSoC-GetGs.a(SERIAL.o)
 .debug_abbrev  0x00000959       0xee .\CortexM0\ARM_GCC_473\Debug\MPU-6050-PSoC-GetGs.a(SERIAL_UART.o)
 .debug_abbrev  0x00000a47       0xac .\CortexM0\ARM_GCC_473\Debug\MPU-6050-PSoC-GetGs.a(I2C_MPU6050_sda.o)
 .debug_abbrev  0x00000af3       0xac .\CortexM0\ARM_GCC_473\Debug\MPU-6050-PSoC-GetGs.a(I2C_MPU6050_scl.o)
 .debug_abbrev  0x00000b9f       0x14 .\CortexM0\ARM_GCC_473\Debug\MPU-6050-PSoC-GetGs.a(CyBootAsmGnu.o)
 .debug_abbrev  0x00000bb3      0x1a2 .\CortexM0\ARM_GCC_473\Debug\MPU-6050-PSoC-GetGs.a(CyLib.o)
 .debug_abbrev  0x00000d55       0x97 .\CortexM0\ARM_GCC_473\Debug\MPU-6050-PSoC-GetGs.a(I2C_MPU6050_I2C_INT.o)
 .debug_abbrev  0x00000dec      0x151 .\CortexM0\ARM_GCC_473\Debug\MPU-6050-PSoC-GetGs.a(SERIAL_SPI_UART.o)

.debug_line     0x00000000     0x2b75
 *(.debug_line)
 .debug_line    0x00000000      0x1b8 .\CortexM0\ARM_GCC_473\Debug\main.o
 .debug_line    0x000001b8      0x1cf .\CortexM0\ARM_GCC_473\Debug\i2cFunctions.o
 .debug_line    0x00000387     0x1478 .\CortexM0\ARM_GCC_473\Debug\mpu6050.o
 .debug_line    0x000017ff       0x53 .\CortexM0\ARM_GCC_473\Debug\cymetadata.o
 .debug_line    0x00001852      0x19b .\CortexM0\ARM_GCC_473\Debug\Cm0Start.o
 .debug_line    0x000019ed      0x188 .\CortexM0\ARM_GCC_473\Debug\MPU-6050-PSoC-GetGs.a(cyfitter_cfg.o)
 .debug_line    0x00001b75       0xe3 .\CortexM0\ARM_GCC_473\Debug\MPU-6050-PSoC-GetGs.a(I2C_MPU6050.o)
 .debug_line    0x00001c58       0xad .\CortexM0\ARM_GCC_473\Debug\MPU-6050-PSoC-GetGs.a(I2C_MPU6050_I2C.o)
 .debug_line    0x00001d05      0x2a8 .\CortexM0\ARM_GCC_473\Debug\MPU-6050-PSoC-GetGs.a(I2C_MPU6050_I2C_MASTER.o)
 .debug_line    0x00001fad       0xd8 .\CortexM0\ARM_GCC_473\Debug\MPU-6050-PSoC-GetGs.a(SERIAL.o)
 .debug_line    0x00002085      0x103 .\CortexM0\ARM_GCC_473\Debug\MPU-6050-PSoC-GetGs.a(SERIAL_UART.o)
 .debug_line    0x00002188       0xb5 .\CortexM0\ARM_GCC_473\Debug\MPU-6050-PSoC-GetGs.a(I2C_MPU6050_sda.o)
 .debug_line    0x0000223d       0xb5 .\CortexM0\ARM_GCC_473\Debug\MPU-6050-PSoC-GetGs.a(I2C_MPU6050_scl.o)
 .debug_line    0x000022f2       0x68 .\CortexM0\ARM_GCC_473\Debug\MPU-6050-PSoC-GetGs.a(CyBootAsmGnu.o)
 .debug_line    0x0000235a      0x541 .\CortexM0\ARM_GCC_473\Debug\MPU-6050-PSoC-GetGs.a(CyLib.o)
 .debug_line    0x0000289b      0x1b3 .\CortexM0\ARM_GCC_473\Debug\MPU-6050-PSoC-GetGs.a(I2C_MPU6050_I2C_INT.o)
 .debug_line    0x00002a4e      0x127 .\CortexM0\ARM_GCC_473\Debug\MPU-6050-PSoC-GetGs.a(SERIAL_SPI_UART.o)

.debug_frame    0x00000000     0x3b3c
 *(.debug_frame)
 .debug_frame   0x00000000       0x44 .\CortexM0\ARM_GCC_473\Debug\main.o
 .debug_frame   0x00000044      0x15c .\CortexM0\ARM_GCC_473\Debug\i2cFunctions.o
 .debug_frame   0x000001a0     0x1ea4 .\CortexM0\ARM_GCC_473\Debug\mpu6050.o
 .debug_frame   0x00002044       0xa8 .\CortexM0\ARM_GCC_473\Debug\Cm0Start.o
 .debug_frame   0x000020ec       0xe8 .\CortexM0\ARM_GCC_473\Debug\MPU-6050-PSoC-GetGs.a(cyfitter_cfg.o)
 .debug_frame   0x000021d4       0xd8 .\CortexM0\ARM_GCC_473\Debug\MPU-6050-PSoC-GetGs.a(I2C_MPU6050.o)
 .debug_frame   0x000022ac       0x48 .\CortexM0\ARM_GCC_473\Debug\MPU-6050-PSoC-GetGs.a(I2C_MPU6050_I2C.o)
 .debug_frame   0x000022f4      0x1c0 .\CortexM0\ARM_GCC_473\Debug\MPU-6050-PSoC-GetGs.a(I2C_MPU6050_I2C_MASTER.o)
 .debug_frame   0x000024b4       0xd8 .\CortexM0\ARM_GCC_473\Debug\MPU-6050-PSoC-GetGs.a(SERIAL.o)
 .debug_frame   0x0000258c       0xec .\CortexM0\ARM_GCC_473\Debug\MPU-6050-PSoC-GetGs.a(SERIAL_UART.o)
 .debug_frame   0x00002678       0xa8 .\CortexM0\ARM_GCC_473\Debug\MPU-6050-PSoC-GetGs.a(I2C_MPU6050_sda.o)
 .debug_frame   0x00002720       0xa8 .\CortexM0\ARM_GCC_473\Debug\MPU-6050-PSoC-GetGs.a(I2C_MPU6050_scl.o)
 .debug_frame   0x000027c8      0x628 .\CortexM0\ARM_GCC_473\Debug\MPU-6050-PSoC-GetGs.a(CyLib.o)
 .debug_frame   0x00002df0       0x30 .\CortexM0\ARM_GCC_473\Debug\MPU-6050-PSoC-GetGs.a(I2C_MPU6050_I2C_INT.o)
 .debug_frame   0x00002e20      0x128 .\CortexM0\ARM_GCC_473\Debug\MPU-6050-PSoC-GetGs.a(SERIAL_SPI_UART.o)
 .debug_frame   0x00002f48       0x20 c:/program files (x86)/cypress/psoc creator/3.0/psoc creator/import/gnu_cs/arm/4.7.3/bin/../lib/gcc/arm-none-eabi/4.7.3/armv6-m\libgcc.a(_udivsi3.o)
 .debug_frame   0x00002f68       0x20 c:/program files (x86)/cypress/psoc creator/3.0/psoc creator/import/gnu_cs/arm/4.7.3/bin/../lib/gcc/arm-none-eabi/4.7.3/armv6-m\libgcc.a(_divsi3.o)
 .debug_frame   0x00002f88       0x30 c:/program files (x86)/cypress/psoc creator/3.0/psoc creator/import/gnu_cs/arm/4.7.3/bin/../lib/gcc/arm-none-eabi/4.7.3/armv6-m\libgcc.a(addsf3.o)
 .debug_frame   0x00002fb8       0x3c c:/program files (x86)/cypress/psoc creator/3.0/psoc creator/import/gnu_cs/arm/4.7.3/bin/../lib/gcc/arm-none-eabi/4.7.3/armv6-m\libgcc.a(divsf3.o)
 .debug_frame   0x00002ff4       0x30 c:/program files (x86)/cypress/psoc creator/3.0/psoc creator/import/gnu_cs/arm/4.7.3/bin/../lib/gcc/arm-none-eabi/4.7.3/armv6-m\libgcc.a(subsf3.o)
 .debug_frame   0x00003024       0x28 c:/program files (x86)/cypress/psoc creator/3.0/psoc creator/import/gnu_cs/arm/4.7.3/bin/../lib/gcc/arm-none-eabi/4.7.3/armv6-m\libgcc.a(fixsfsi.o)
 .debug_frame   0x0000304c       0x2c c:/program files (x86)/cypress/psoc creator/3.0/psoc creator/import/gnu_cs/arm/4.7.3/bin/../lib/gcc/arm-none-eabi/4.7.3/armv6-m\libgcc.a(floatsisf.o)
 .debug_frame   0x00003078       0x3c c:/program files (x86)/cypress/psoc creator/3.0/psoc creator/import/gnu_cs/arm/4.7.3/bin/../lib/gcc/arm-none-eabi/4.7.3/armv6-m\libgcc.a(divdf3.o)
 .debug_frame   0x000030b4       0x2c c:/program files (x86)/cypress/psoc creator/3.0/psoc creator/import/gnu_cs/arm/4.7.3/bin/../lib/gcc/arm-none-eabi/4.7.3/armv6-m\libgcc.a(extendsfdf2.o)
 .debug_frame   0x000030e0       0x30 c:/program files (x86)/cypress/psoc creator/3.0/psoc creator/import/gnu_cs/arm/4.7.3/bin/../lib/gcc/arm-none-eabi/4.7.3/armv6-m\libgcc.a(truncdfsf2.o)
 .debug_frame   0x00003110       0x28 c:/program files (x86)/cypress/psoc creator/3.0/psoc creator/import/gnu_cs/arm/4.7.3/bin/../lib/gcc/arm-none-eabi/4.7.3/../../../../arm-none-eabi/lib/armv6-m\libc_s.a(lib_a-__atexit2.o)
 .debug_frame   0x00003138       0x28 c:/program files (x86)/cypress/psoc creator/3.0/psoc creator/import/gnu_cs/arm/4.7.3/bin/../lib/gcc/arm-none-eabi/4.7.3/../../../../arm-none-eabi/lib/armv6-m\libc_s.a(lib_a-exit.o)
 .debug_frame   0x00003160       0x2c c:/program files (x86)/cypress/psoc creator/3.0/psoc creator/import/gnu_cs/arm/4.7.3/bin/../lib/gcc/arm-none-eabi/4.7.3/../../../../arm-none-eabi/lib/armv6-m\libc_s.a(lib_a-fini.o)
 .debug_frame   0x0000318c       0x2c c:/program files (x86)/cypress/psoc creator/3.0/psoc creator/import/gnu_cs/arm/4.7.3/bin/../lib/gcc/arm-none-eabi/4.7.3/../../../../arm-none-eabi/lib/armv6-m\libc_s.a(lib_a-init.o)
 .debug_frame   0x000031b8       0x28 c:/program files (x86)/cypress/psoc creator/3.0/psoc creator/import/gnu_cs/arm/4.7.3/bin/../lib/gcc/arm-none-eabi/4.7.3/../../../../arm-none-eabi/lib/armv6-m\libc_s.a(lib_a-memcpy.o)
 .debug_frame   0x000031e0       0x28 c:/program files (x86)/cypress/psoc creator/3.0/psoc creator/import/gnu_cs/arm/4.7.3/bin/../lib/gcc/arm-none-eabi/4.7.3/../../../../arm-none-eabi/lib/armv6-m\libc_s.a(lib_a-memset.o)
 .debug_frame   0x00003208       0x4c c:/program files (x86)/cypress/psoc creator/3.0/psoc creator/import/gnu_cs/arm/4.7.3/bin/../lib/gcc/arm-none-eabi/4.7.3/../../../../arm-none-eabi/lib/armv6-m\libc_s.a(lib_a-sprintf.o)
 .debug_frame   0x00003254       0x78 c:/program files (x86)/cypress/psoc creator/3.0/psoc creator/import/gnu_cs/arm/4.7.3/bin/../lib/gcc/arm-none-eabi/4.7.3/../../../../arm-none-eabi/lib/armv6-m\libc_s.a(lib_a-svfprintf.o)
 .debug_frame   0x000032cc       0x70 c:/program files (x86)/cypress/psoc creator/3.0/psoc creator/import/gnu_cs/arm/4.7.3/bin/../lib/gcc/arm-none-eabi/4.7.3/../../../../arm-none-eabi/lib/armv6-m\libc_s.a(lib_a-vfprintf_float.o)
 .debug_frame   0x0000333c       0x54 c:/program files (x86)/cypress/psoc creator/3.0/psoc creator/import/gnu_cs/arm/4.7.3/bin/../lib/gcc/arm-none-eabi/4.7.3/../../../../arm-none-eabi/lib/armv6-m\libc_s.a(lib_a-vfprintf_i.o)
 .debug_frame   0x00003390       0x54 c:/program files (x86)/cypress/psoc creator/3.0/psoc creator/import/gnu_cs/arm/4.7.3/bin/../lib/gcc/arm-none-eabi/4.7.3/../../../../arm-none-eabi/lib/armv6-m\libc_s.a(lib_a-dtoa.o)
 .debug_frame   0x000033e4       0x2c c:/program files (x86)/cypress/psoc creator/3.0/psoc creator/import/gnu_cs/arm/4.7.3/bin/../lib/gcc/arm-none-eabi/4.7.3/../../../../arm-none-eabi/lib/armv6-m\libc_s.a(lib_a-freer.o)
 .debug_frame   0x00003410       0xa4 c:/program files (x86)/cypress/psoc creator/3.0/psoc creator/import/gnu_cs/arm/4.7.3/bin/../lib/gcc/arm-none-eabi/4.7.3/../../../../arm-none-eabi/lib/armv6-m\libc_s.a(lib_a-locale.o)
 .debug_frame   0x000034b4       0x40 c:/program files (x86)/cypress/psoc creator/3.0/psoc creator/import/gnu_cs/arm/4.7.3/bin/../lib/gcc/arm-none-eabi/4.7.3/../../../../arm-none-eabi/lib/armv6-m\libc_s.a(lib_a-malloc.o)
 .debug_frame   0x000034f4       0x2c c:/program files (x86)/cypress/psoc creator/3.0/psoc creator/import/gnu_cs/arm/4.7.3/bin/../lib/gcc/arm-none-eabi/4.7.3/../../../../arm-none-eabi/lib/armv6-m\libc_s.a(lib_a-mallocr.o)
 .debug_frame   0x00003520       0x28 c:/program files (x86)/cypress/psoc creator/3.0/psoc creator/import/gnu_cs/arm/4.7.3/bin/../lib/gcc/arm-none-eabi/4.7.3/../../../../arm-none-eabi/lib/armv6-m\libc_s.a(lib_a-memchr.o)
 .debug_frame   0x00003548       0x2c c:/program files (x86)/cypress/psoc creator/3.0/psoc creator/import/gnu_cs/arm/4.7.3/bin/../lib/gcc/arm-none-eabi/4.7.3/../../../../arm-none-eabi/lib/armv6-m\libc_s.a(lib_a-memmove.o)
 .debug_frame   0x00003574      0x244 c:/program files (x86)/cypress/psoc creator/3.0/psoc creator/import/gnu_cs/arm/4.7.3/bin/../lib/gcc/arm-none-eabi/4.7.3/../../../../arm-none-eabi/lib/armv6-m\libc_s.a(lib_a-mprec.o)
 .debug_frame   0x000037b8       0x30 c:/program files (x86)/cypress/psoc creator/3.0/psoc creator/import/gnu_cs/arm/4.7.3/bin/../lib/gcc/arm-none-eabi/4.7.3/../../../../arm-none-eabi/lib/armv6-m\libc_s.a(lib_a-reallocr.o)
 .debug_frame   0x000037e8       0x2c c:/program files (x86)/cypress/psoc creator/3.0/psoc creator/import/gnu_cs/arm/4.7.3/bin/../lib/gcc/arm-none-eabi/4.7.3/../../../../arm-none-eabi/lib/armv6-m\libc_s.a(lib_a-s_fpclassify.o)
 .debug_frame   0x00003814       0x2c c:/program files (x86)/cypress/psoc creator/3.0/psoc creator/import/gnu_cs/arm/4.7.3/bin/../lib/gcc/arm-none-eabi/4.7.3/../../../../arm-none-eabi/lib/armv6-m\libc_s.a(lib_a-sbrkr.o)
 .debug_frame   0x00003840       0x20 c:/program files (x86)/cypress/psoc creator/3.0/psoc creator/import/gnu_cs/arm/4.7.3/bin/../lib/gcc/arm-none-eabi/4.7.3/../../../../arm-none-eabi/lib/armv6-m\libc_s.a(lib_a-strcmp.o)
 .debug_frame   0x00003860       0x20 c:/program files (x86)/cypress/psoc creator/3.0/psoc creator/import/gnu_cs/arm/4.7.3/bin/../lib/gcc/arm-none-eabi/4.7.3/../../../../arm-none-eabi/lib/armv6-m\libc_s.a(lib_a-strlen.o)
 .debug_frame   0x00003880       0x2c c:/program files (x86)/cypress/psoc creator/3.0/psoc creator/import/gnu_cs/arm/4.7.3/bin/../lib/gcc/arm-none-eabi/4.7.3/../../../../arm-none-eabi/lib/armv6-m\libc_s.a(lib_a-callocr.o)
 .debug_frame   0x000038ac       0x28 c:/program files (x86)/cypress/psoc creator/3.0/psoc creator/import/gnu_cs/arm/4.7.3/bin/../lib/gcc/arm-none-eabi/4.7.3/../../../../arm-none-eabi/lib/armv6-m\libc_s.a(lib_a-msizer.o)
 .debug_frame   0x000038d4       0x64 c:/program files (x86)/cypress/psoc creator/3.0/psoc creator/import/gnu_cs/arm/4.7.3/bin/../lib/gcc/arm-none-eabi/4.7.3/../../../../arm-none-eabi/lib/armv6-m\libc_s.a(lib_a-reent.o)
 .debug_frame   0x00003938       0x3c c:/program files (x86)/cypress/psoc creator/3.0/psoc creator/import/gnu_cs/arm/4.7.3/bin/../lib/gcc/arm-none-eabi/4.7.3/armv6-m\libgcc.a(adddf3.o)
 .debug_frame   0x00003974       0x34 c:/program files (x86)/cypress/psoc creator/3.0/psoc creator/import/gnu_cs/arm/4.7.3/bin/../lib/gcc/arm-none-eabi/4.7.3/armv6-m\libgcc.a(eqdf2.o)
 .debug_frame   0x000039a8       0x38 c:/program files (x86)/cypress/psoc creator/3.0/psoc creator/import/gnu_cs/arm/4.7.3/bin/../lib/gcc/arm-none-eabi/4.7.3/armv6-m\libgcc.a(gedf2.o)
 .debug_frame   0x000039e0       0x38 c:/program files (x86)/cypress/psoc creator/3.0/psoc creator/import/gnu_cs/arm/4.7.3/bin/../lib/gcc/arm-none-eabi/4.7.3/armv6-m\libgcc.a(ledf2.o)
 .debug_frame   0x00003a18       0x3c c:/program files (x86)/cypress/psoc creator/3.0/psoc creator/import/gnu_cs/arm/4.7.3/bin/../lib/gcc/arm-none-eabi/4.7.3/armv6-m\libgcc.a(muldf3.o)
 .debug_frame   0x00003a54       0x38 c:/program files (x86)/cypress/psoc creator/3.0/psoc creator/import/gnu_cs/arm/4.7.3/bin/../lib/gcc/arm-none-eabi/4.7.3/armv6-m\libgcc.a(subdf3.o)
 .debug_frame   0x00003a8c       0x2c c:/program files (x86)/cypress/psoc creator/3.0/psoc creator/import/gnu_cs/arm/4.7.3/bin/../lib/gcc/arm-none-eabi/4.7.3/armv6-m\libgcc.a(fixdfsi.o)
 .debug_frame   0x00003ab8       0x30 c:/program files (x86)/cypress/psoc creator/3.0/psoc creator/import/gnu_cs/arm/4.7.3/bin/../lib/gcc/arm-none-eabi/4.7.3/armv6-m\libgcc.a(floatsidf.o)
 .debug_frame   0x00003ae8       0x2c c:/program files (x86)/cypress/psoc creator/3.0/psoc creator/import/gnu_cs/arm/4.7.3/bin/../lib/gcc/arm-none-eabi/4.7.3/armv6-m\libgcc.a(floatunsidf.o)
 .debug_frame   0x00003b14       0x28 c:/program files (x86)/cypress/psoc creator/3.0/psoc creator/import/gnu_cs/arm/4.7.3/bin/../lib/gcc/arm-none-eabi/4.7.3/../../../../arm-none-eabi/lib/armv6-m\libnosys.a(sbrk.o)

.debug_str      0x00000000     0x2fd0
 *(.debug_str)
 .debug_str     0x00000000      0x15c .\CortexM0\ARM_GCC_473\Debug\main.o
                                0x19d (size before relaxing)
 .debug_str     0x0000015c       0xc3 .\CortexM0\ARM_GCC_473\Debug\i2cFunctions.o
                                0x21f (size before relaxing)
 .debug_str     0x0000021f     0x1cc5 .\CortexM0\ARM_GCC_473\Debug\mpu6050.o
                               0x1e42 (size before relaxing)
 .debug_str     0x00001ee4       0x61 .\CortexM0\ARM_GCC_473\Debug\cymetadata.o
                                0x1ad (size before relaxing)
 .debug_str     0x00001f45      0x112 .\CortexM0\ARM_GCC_473\Debug\Cm0Start.o
                                0x276 (size before relaxing)
 .debug_str     0x00002057      0x141 .\CortexM0\ARM_GCC_473\Debug\MPU-6050-PSoC-GetGs.a(cyfitter_cfg.o)
                                0x2ba (size before relaxing)
 .debug_str     0x00002198       0xfd .\CortexM0\ARM_GCC_473\Debug\MPU-6050-PSoC-GetGs.a(I2C_MPU6050.o)
                                0x269 (size before relaxing)
 .debug_str     0x00002295       0xb2 .\CortexM0\ARM_GCC_473\Debug\MPU-6050-PSoC-GetGs.a(I2C_MPU6050_I2C.o)
                                0x218 (size before relaxing)
 .debug_str     0x00002347      0x2d4 .\CortexM0\ARM_GCC_473\Debug\MPU-6050-PSoC-GetGs.a(I2C_MPU6050_I2C_MASTER.o)
                                0x4a5 (size before relaxing)
 .debug_str     0x0000261b       0xc6 .\CortexM0\ARM_GCC_473\Debug\MPU-6050-PSoC-GetGs.a(SERIAL.o)
                                0x237 (size before relaxing)
 .debug_str     0x000026e1      0x10e .\CortexM0\ARM_GCC_473\Debug\MPU-6050-PSoC-GetGs.a(SERIAL_UART.o)
                                0x26f (size before relaxing)
 .debug_str     0x000027ef       0xc1 .\CortexM0\ARM_GCC_473\Debug\MPU-6050-PSoC-GetGs.a(I2C_MPU6050_sda.o)
                                0x222 (size before relaxing)
 .debug_str     0x000028b0       0xae .\CortexM0\ARM_GCC_473\Debug\MPU-6050-PSoC-GetGs.a(I2C_MPU6050_scl.o)
                                0x222 (size before relaxing)
 .debug_str     0x0000295e      0x4e3 .\CortexM0\ARM_GCC_473\Debug\MPU-6050-PSoC-GetGs.a(CyLib.o)
                                0x689 (size before relaxing)
 .debug_str     0x00002e41       0x59 .\CortexM0\ARM_GCC_473\Debug\MPU-6050-PSoC-GetGs.a(I2C_MPU6050_I2C_INT.o)
                                0x2e5 (size before relaxing)
 .debug_str     0x00002e9a      0x136 .\CortexM0\ARM_GCC_473\Debug\MPU-6050-PSoC-GetGs.a(SERIAL_SPI_UART.o)
                                0x2b5 (size before relaxing)

.debug_loc      0x00000000     0x4d82
 *(.debug_loc)
 .debug_loc     0x00000000       0x46 .\CortexM0\ARM_GCC_473\Debug\main.o
 .debug_loc     0x00000046      0x230 .\CortexM0\ARM_GCC_473\Debug\i2cFunctions.o
 .debug_loc     0x00000276     0x331c .\CortexM0\ARM_GCC_473\Debug\mpu6050.o
 .debug_loc     0x00003592      0x100 .\CortexM0\ARM_GCC_473\Debug\Cm0Start.o
 .debug_loc     0x00003692      0x170 .\CortexM0\ARM_GCC_473\Debug\MPU-6050-PSoC-GetGs.a(cyfitter_cfg.o)
 .debug_loc     0x00003802      0x140 .\CortexM0\ARM_GCC_473\Debug\MPU-6050-PSoC-GetGs.a(I2C_MPU6050.o)
 .debug_loc     0x00003942       0x58 .\CortexM0\ARM_GCC_473\Debug\MPU-6050-PSoC-GetGs.a(I2C_MPU6050_I2C.o)
 .debug_loc     0x0000399a      0x2e0 .\CortexM0\ARM_GCC_473\Debug\MPU-6050-PSoC-GetGs.a(I2C_MPU6050_I2C_MASTER.o)
 .debug_loc     0x00003c7a      0x140 .\CortexM0\ARM_GCC_473\Debug\MPU-6050-PSoC-GetGs.a(SERIAL.o)
 .debug_loc     0x00003dba      0x17c .\CortexM0\ARM_GCC_473\Debug\MPU-6050-PSoC-GetGs.a(SERIAL_UART.o)
 .debug_loc     0x00003f36      0x100 .\CortexM0\ARM_GCC_473\Debug\MPU-6050-PSoC-GetGs.a(I2C_MPU6050_sda.o)
 .debug_loc     0x00004036      0x100 .\CortexM0\ARM_GCC_473\Debug\MPU-6050-PSoC-GetGs.a(I2C_MPU6050_scl.o)
 .debug_loc     0x00004136      0xa34 .\CortexM0\ARM_GCC_473\Debug\MPU-6050-PSoC-GetGs.a(CyLib.o)
 .debug_loc     0x00004b6a       0x38 .\CortexM0\ARM_GCC_473\Debug\MPU-6050-PSoC-GetGs.a(I2C_MPU6050_I2C_INT.o)
 .debug_loc     0x00004ba2      0x1e0 .\CortexM0\ARM_GCC_473\Debug\MPU-6050-PSoC-GetGs.a(SERIAL_SPI_UART.o)

.debug_macinfo
 *(.debug_macinfo)

.debug_ranges   0x00000000      0xca0
 *(.debug_ranges)
 .debug_ranges  0x00000000       0x10 .\CortexM0\ARM_GCC_473\Debug\main.o
 .debug_ranges  0x00000010       0x58 .\CortexM0\ARM_GCC_473\Debug\i2cFunctions.o
 .debug_ranges  0x00000068      0x828 .\CortexM0\ARM_GCC_473\Debug\mpu6050.o
 .debug_ranges  0x00000890       0x30 .\CortexM0\ARM_GCC_473\Debug\Cm0Start.o
 .debug_ranges  0x000008c0       0x40 .\CortexM0\ARM_GCC_473\Debug\MPU-6050-PSoC-GetGs.a(cyfitter_cfg.o)
 .debug_ranges  0x00000900       0x40 .\CortexM0\ARM_GCC_473\Debug\MPU-6050-PSoC-GetGs.a(I2C_MPU6050.o)
 .debug_ranges  0x00000940       0x18 .\CortexM0\ARM_GCC_473\Debug\MPU-6050-PSoC-GetGs.a(I2C_MPU6050_I2C.o)
 .debug_ranges  0x00000958       0x78 .\CortexM0\ARM_GCC_473\Debug\MPU-6050-PSoC-GetGs.a(I2C_MPU6050_I2C_MASTER.o)
 .debug_ranges  0x000009d0       0x40 .\CortexM0\ARM_GCC_473\Debug\MPU-6050-PSoC-GetGs.a(SERIAL.o)
 .debug_ranges  0x00000a10       0x40 .\CortexM0\ARM_GCC_473\Debug\MPU-6050-PSoC-GetGs.a(SERIAL_UART.o)
 .debug_ranges  0x00000a50       0x30 .\CortexM0\ARM_GCC_473\Debug\MPU-6050-PSoC-GetGs.a(I2C_MPU6050_sda.o)
 .debug_ranges  0x00000a80       0x30 .\CortexM0\ARM_GCC_473\Debug\MPU-6050-PSoC-GetGs.a(I2C_MPU6050_scl.o)
 .debug_ranges  0x00000ab0      0x190 .\CortexM0\ARM_GCC_473\Debug\MPU-6050-PSoC-GetGs.a(CyLib.o)
 .debug_ranges  0x00000c40       0x10 .\CortexM0\ARM_GCC_473\Debug\MPU-6050-PSoC-GetGs.a(I2C_MPU6050_I2C_INT.o)
 .debug_ranges  0x00000c50       0x50 .\CortexM0\ARM_GCC_473\Debug\MPU-6050-PSoC-GetGs.a(SERIAL_SPI_UART.o)

.comment        0x00000000       0x70
 .comment       0x00000000       0x70 .\CortexM0\ARM_GCC_473\Debug\main.o
                                 0x71 (size before relaxing)
 .comment       0x00000000       0x71 .\CortexM0\ARM_GCC_473\Debug\i2cFunctions.o
 .comment       0x00000000       0x71 .\CortexM0\ARM_GCC_473\Debug\mpu6050.o
 .comment       0x00000000       0x71 .\CortexM0\ARM_GCC_473\Debug\cymetadata.o
 .comment       0x00000000       0x71 .\CortexM0\ARM_GCC_473\Debug\Cm0Start.o
 .comment       0x00000000       0x71 .\CortexM0\ARM_GCC_473\Debug\MPU-6050-PSoC-GetGs.a(cyfitter_cfg.o)
 .comment       0x00000000       0x71 .\CortexM0\ARM_GCC_473\Debug\MPU-6050-PSoC-GetGs.a(I2C_MPU6050.o)
 .comment       0x00000000       0x71 .\CortexM0\ARM_GCC_473\Debug\MPU-6050-PSoC-GetGs.a(I2C_MPU6050_I2C.o)
 .comment       0x00000000       0x71 .\CortexM0\ARM_GCC_473\Debug\MPU-6050-PSoC-GetGs.a(I2C_MPU6050_I2C_MASTER.o)
 .comment       0x00000000       0x71 .\CortexM0\ARM_GCC_473\Debug\MPU-6050-PSoC-GetGs.a(SERIAL.o)
 .comment       0x00000000       0x71 .\CortexM0\ARM_GCC_473\Debug\MPU-6050-PSoC-GetGs.a(SERIAL_UART.o)
 .comment       0x00000000       0x71 .\CortexM0\ARM_GCC_473\Debug\MPU-6050-PSoC-GetGs.a(I2C_MPU6050_sda.o)
 .comment       0x00000000       0x71 .\CortexM0\ARM_GCC_473\Debug\MPU-6050-PSoC-GetGs.a(I2C_MPU6050_scl.o)
 .comment       0x00000000       0x71 .\CortexM0\ARM_GCC_473\Debug\MPU-6050-PSoC-GetGs.a(CyLib.o)
 .comment       0x00000000       0x71 .\CortexM0\ARM_GCC_473\Debug\MPU-6050-PSoC-GetGs.a(I2C_MPU6050_I2C_INT.o)
 .comment       0x00000000       0x71 .\CortexM0\ARM_GCC_473\Debug\MPU-6050-PSoC-GetGs.a(SERIAL_SPI_UART.o)

.debug_weaknames
 *(.debug_weaknames)

.debug_funcnames
 *(.debug_funcnames)

.debug_typenames
 *(.debug_typenames)

.debug_varnames
 *(.debug_varnames)

.note.gnu.arm.ident
 *(.note.gnu.arm.ident)

.ARM.attributes
                0x00000000       0x28
 *(.ARM.attributes)
 .ARM.attributes
                0x00000000       0x1e c:/program files (x86)/cypress/psoc creator/3.0/psoc creator/import/gnu_cs/arm/4.7.3/bin/../lib/gcc/arm-none-eabi/4.7.3/armv6-m/crti.o
 .ARM.attributes
                0x0000001e       0x2c c:/program files (x86)/cypress/psoc creator/3.0/psoc creator/import/gnu_cs/arm/4.7.3/bin/../lib/gcc/arm-none-eabi/4.7.3/armv6-m/crtbegin.o
 .ARM.attributes
                0x0000004a       0x1c c:/program files (x86)/cypress/psoc creator/3.0/psoc creator/import/gnu_cs/arm/4.7.3/bin/../lib/gcc/arm-none-eabi/4.7.3/../../../../arm-none-eabi/lib/armv6-m/crt0.o
 .ARM.attributes
                0x00000066       0x31 .\CortexM0\ARM_GCC_473\Debug\main.o
 .ARM.attributes
                0x00000097       0x31 .\CortexM0\ARM_GCC_473\Debug\i2cFunctions.o
 .ARM.attributes
                0x000000c8       0x31 .\CortexM0\ARM_GCC_473\Debug\mpu6050.o
 .ARM.attributes
                0x000000f9       0x31 .\CortexM0\ARM_GCC_473\Debug\cymetadata.o
 .ARM.attributes
                0x0000012a       0x31 .\CortexM0\ARM_GCC_473\Debug\Cm0Start.o
 .ARM.attributes
                0x0000015b       0x31 .\CortexM0\ARM_GCC_473\Debug\MPU-6050-PSoC-GetGs.a(cyfitter_cfg.o)
 .ARM.attributes
                0x0000018c       0x31 .\CortexM0\ARM_GCC_473\Debug\MPU-6050-PSoC-GetGs.a(I2C_MPU6050.o)
 .ARM.attributes
                0x000001bd       0x31 .\CortexM0\ARM_GCC_473\Debug\MPU-6050-PSoC-GetGs.a(I2C_MPU6050_I2C.o)
 .ARM.attributes
                0x000001ee       0x31 .\CortexM0\ARM_GCC_473\Debug\MPU-6050-PSoC-GetGs.a(I2C_MPU6050_I2C_MASTER.o)
 .ARM.attributes
                0x0000021f       0x31 .\CortexM0\ARM_GCC_473\Debug\MPU-6050-PSoC-GetGs.a(SERIAL.o)
 .ARM.attributes
                0x00000250       0x31 .\CortexM0\ARM_GCC_473\Debug\MPU-6050-PSoC-GetGs.a(SERIAL_UART.o)
 .ARM.attributes
                0x00000281       0x31 .\CortexM0\ARM_GCC_473\Debug\MPU-6050-PSoC-GetGs.a(I2C_MPU6050_sda.o)
 .ARM.attributes
                0x000002b2       0x31 .\CortexM0\ARM_GCC_473\Debug\MPU-6050-PSoC-GetGs.a(I2C_MPU6050_scl.o)
 .ARM.attributes
                0x000002e3       0x21 .\CortexM0\ARM_GCC_473\Debug\MPU-6050-PSoC-GetGs.a(CyBootAsmGnu.o)
 .ARM.attributes
                0x00000304       0x31 .\CortexM0\ARM_GCC_473\Debug\MPU-6050-PSoC-GetGs.a(CyLib.o)
 .ARM.attributes
                0x00000335       0x31 .\CortexM0\ARM_GCC_473\Debug\MPU-6050-PSoC-GetGs.a(I2C_MPU6050_I2C_INT.o)
 .ARM.attributes
                0x00000366       0x31 .\CortexM0\ARM_GCC_473\Debug\MPU-6050-PSoC-GetGs.a(SERIAL_SPI_UART.o)
 .ARM.attributes
                0x00000397       0x1e c:/program files (x86)/cypress/psoc creator/3.0/psoc creator/import/gnu_cs/arm/4.7.3/bin/../lib/gcc/arm-none-eabi/4.7.3/armv6-m\libgcc.a(_udivsi3.o)
 .ARM.attributes
                0x000003b5       0x1e c:/program files (x86)/cypress/psoc creator/3.0/psoc creator/import/gnu_cs/arm/4.7.3/bin/../lib/gcc/arm-none-eabi/4.7.3/armv6-m\libgcc.a(_divsi3.o)
 .ARM.attributes
                0x000003d3       0x1e c:/program files (x86)/cypress/psoc creator/3.0/psoc creator/import/gnu_cs/arm/4.7.3/bin/../lib/gcc/arm-none-eabi/4.7.3/armv6-m\libgcc.a(_dvmd_tls.o)
 .ARM.attributes
                0x000003f1       0x2c c:/program files (x86)/cypress/psoc creator/3.0/psoc creator/import/gnu_cs/arm/4.7.3/bin/../lib/gcc/arm-none-eabi/4.7.3/armv6-m\libgcc.a(addsf3.o)
 .ARM.attributes
                0x0000041d       0x2c c:/program files (x86)/cypress/psoc creator/3.0/psoc creator/import/gnu_cs/arm/4.7.3/bin/../lib/gcc/arm-none-eabi/4.7.3/armv6-m\libgcc.a(divsf3.o)
 .ARM.attributes
                0x00000449       0x2c c:/program files (x86)/cypress/psoc creator/3.0/psoc creator/import/gnu_cs/arm/4.7.3/bin/../lib/gcc/arm-none-eabi/4.7.3/armv6-m\libgcc.a(subsf3.o)
 .ARM.attributes
                0x00000475       0x2c c:/program files (x86)/cypress/psoc creator/3.0/psoc creator/import/gnu_cs/arm/4.7.3/bin/../lib/gcc/arm-none-eabi/4.7.3/armv6-m\libgcc.a(fixsfsi.o)
 .ARM.attributes
                0x000004a1       0x2c c:/program files (x86)/cypress/psoc creator/3.0/psoc creator/import/gnu_cs/arm/4.7.3/bin/../lib/gcc/arm-none-eabi/4.7.3/armv6-m\libgcc.a(floatsisf.o)
 .ARM.attributes
                0x000004cd       0x2c c:/program files (x86)/cypress/psoc creator/3.0/psoc creator/import/gnu_cs/arm/4.7.3/bin/../lib/gcc/arm-none-eabi/4.7.3/armv6-m\libgcc.a(divdf3.o)
 .ARM.attributes
                0x000004f9       0x2c c:/program files (x86)/cypress/psoc creator/3.0/psoc creator/import/gnu_cs/arm/4.7.3/bin/../lib/gcc/arm-none-eabi/4.7.3/armv6-m\libgcc.a(extendsfdf2.o)
 .ARM.attributes
                0x00000525       0x2c c:/program files (x86)/cypress/psoc creator/3.0/psoc creator/import/gnu_cs/arm/4.7.3/bin/../lib/gcc/arm-none-eabi/4.7.3/armv6-m\libgcc.a(truncdfsf2.o)
 .ARM.attributes
                0x00000551       0x1e c:/program files (x86)/cypress/psoc creator/3.0/psoc creator/import/gnu_cs/arm/4.7.3/bin/../lib/gcc/arm-none-eabi/4.7.3/armv6-m\libgcc.a(_clzsi2.o)
 .ARM.attributes
                0x0000056f       0x2c c:/program files (x86)/cypress/psoc creator/3.0/psoc creator/import/gnu_cs/arm/4.7.3/bin/../lib/gcc/arm-none-eabi/4.7.3/../../../../arm-none-eabi/lib/armv6-m\libc_s.a(lib_a-__atexit2.o)
 .ARM.attributes
                0x0000059b       0x2c c:/program files (x86)/cypress/psoc creator/3.0/psoc creator/import/gnu_cs/arm/4.7.3/bin/../lib/gcc/arm-none-eabi/4.7.3/../../../../arm-none-eabi/lib/armv6-m\libc_s.a(lib_a-exit.o)
 .ARM.attributes
                0x000005c7       0x2c c:/program files (x86)/cypress/psoc creator/3.0/psoc creator/import/gnu_cs/arm/4.7.3/bin/../lib/gcc/arm-none-eabi/4.7.3/../../../../arm-none-eabi/lib/armv6-m\libc_s.a(lib_a-fini.o)
 .ARM.attributes
                0x000005f3       0x2c c:/program files (x86)/cypress/psoc creator/3.0/psoc creator/import/gnu_cs/arm/4.7.3/bin/../lib/gcc/arm-none-eabi/4.7.3/../../../../arm-none-eabi/lib/armv6-m\libc_s.a(lib_a-impure.o)
 .ARM.attributes
                0x0000061f       0x2c c:/program files (x86)/cypress/psoc creator/3.0/psoc creator/import/gnu_cs/arm/4.7.3/bin/../lib/gcc/arm-none-eabi/4.7.3/../../../../arm-none-eabi/lib/armv6-m\libc_s.a(lib_a-init.o)
 .ARM.attributes
                0x0000064b       0x2c c:/program files (x86)/cypress/psoc creator/3.0/psoc creator/import/gnu_cs/arm/4.7.3/bin/../lib/gcc/arm-none-eabi/4.7.3/../../../../arm-none-eabi/lib/armv6-m\libc_s.a(lib_a-memcpy.o)
 .ARM.attributes
                0x00000677       0x2c c:/program files (x86)/cypress/psoc creator/3.0/psoc creator/import/gnu_cs/arm/4.7.3/bin/../lib/gcc/arm-none-eabi/4.7.3/../../../../arm-none-eabi/lib/armv6-m\libc_s.a(lib_a-memset.o)
 .ARM.attributes
                0x000006a3       0x2c c:/program files (x86)/cypress/psoc creator/3.0/psoc creator/import/gnu_cs/arm/4.7.3/bin/../lib/gcc/arm-none-eabi/4.7.3/../../../../arm-none-eabi/lib/armv6-m\libc_s.a(lib_a-sprintf.o)
 .ARM.attributes
                0x000006cf       0x2c c:/program files (x86)/cypress/psoc creator/3.0/psoc creator/import/gnu_cs/arm/4.7.3/bin/../lib/gcc/arm-none-eabi/4.7.3/../../../../arm-none-eabi/lib/armv6-m\libc_s.a(lib_a-svfprintf.o)
 .ARM.attributes
                0x000006fb       0x2c c:/program files (x86)/cypress/psoc creator/3.0/psoc creator/import/gnu_cs/arm/4.7.3/bin/../lib/gcc/arm-none-eabi/4.7.3/../../../../arm-none-eabi/lib/armv6-m\libc_s.a(lib_a-vfprintf_float.o)
 .ARM.attributes
                0x00000727       0x2c c:/program files (x86)/cypress/psoc creator/3.0/psoc creator/import/gnu_cs/arm/4.7.3/bin/../lib/gcc/arm-none-eabi/4.7.3/../../../../arm-none-eabi/lib/armv6-m\libc_s.a(lib_a-vfprintf_i.o)
 .ARM.attributes
                0x00000753       0x2c c:/program files (x86)/cypress/psoc creator/3.0/psoc creator/import/gnu_cs/arm/4.7.3/bin/../lib/gcc/arm-none-eabi/4.7.3/../../../../arm-none-eabi/lib/armv6-m\libc_s.a(lib_a-dtoa.o)
 .ARM.attributes
                0x0000077f       0x2c c:/program files (x86)/cypress/psoc creator/3.0/psoc creator/import/gnu_cs/arm/4.7.3/bin/../lib/gcc/arm-none-eabi/4.7.3/../../../../arm-none-eabi/lib/armv6-m\libc_s.a(lib_a-freer.o)
 .ARM.attributes
                0x000007ab       0x2c c:/program files (x86)/cypress/psoc creator/3.0/psoc creator/import/gnu_cs/arm/4.7.3/bin/../lib/gcc/arm-none-eabi/4.7.3/../../../../arm-none-eabi/lib/armv6-m\libc_s.a(lib_a-locale.o)
 .ARM.attributes
                0x000007d7       0x2c c:/program files (x86)/cypress/psoc creator/3.0/psoc creator/import/gnu_cs/arm/4.7.3/bin/../lib/gcc/arm-none-eabi/4.7.3/../../../../arm-none-eabi/lib/armv6-m\libc_s.a(lib_a-malloc.o)
 .ARM.attributes
                0x00000803       0x2c c:/program files (x86)/cypress/psoc creator/3.0/psoc creator/import/gnu_cs/arm/4.7.3/bin/../lib/gcc/arm-none-eabi/4.7.3/../../../../arm-none-eabi/lib/armv6-m\libc_s.a(lib_a-mallocr.o)
 .ARM.attributes
                0x0000082f       0x2c c:/program files (x86)/cypress/psoc creator/3.0/psoc creator/import/gnu_cs/arm/4.7.3/bin/../lib/gcc/arm-none-eabi/4.7.3/../../../../arm-none-eabi/lib/armv6-m\libc_s.a(lib_a-memchr.o)
 .ARM.attributes
                0x0000085b       0x2c c:/program files (x86)/cypress/psoc creator/3.0/psoc creator/import/gnu_cs/arm/4.7.3/bin/../lib/gcc/arm-none-eabi/4.7.3/../../../../arm-none-eabi/lib/armv6-m\libc_s.a(lib_a-memmove.o)
 .ARM.attributes
                0x00000887       0x2c c:/program files (x86)/cypress/psoc creator/3.0/psoc creator/import/gnu_cs/arm/4.7.3/bin/../lib/gcc/arm-none-eabi/4.7.3/../../../../arm-none-eabi/lib/armv6-m\libc_s.a(lib_a-mprec.o)
 .ARM.attributes
                0x000008b3       0x2c c:/program files (x86)/cypress/psoc creator/3.0/psoc creator/import/gnu_cs/arm/4.7.3/bin/../lib/gcc/arm-none-eabi/4.7.3/../../../../arm-none-eabi/lib/armv6-m\libc_s.a(lib_a-reallocr.o)
 .ARM.attributes
                0x000008df       0x2c c:/program files (x86)/cypress/psoc creator/3.0/psoc creator/import/gnu_cs/arm/4.7.3/bin/../lib/gcc/arm-none-eabi/4.7.3/../../../../arm-none-eabi/lib/armv6-m\libc_s.a(lib_a-s_fpclassify.o)
 .ARM.attributes
                0x0000090b       0x2c c:/program files (x86)/cypress/psoc creator/3.0/psoc creator/import/gnu_cs/arm/4.7.3/bin/../lib/gcc/arm-none-eabi/4.7.3/../../../../arm-none-eabi/lib/armv6-m\libc_s.a(lib_a-sbrkr.o)
 .ARM.attributes
                0x00000937       0x2c c:/program files (x86)/cypress/psoc creator/3.0/psoc creator/import/gnu_cs/arm/4.7.3/bin/../lib/gcc/arm-none-eabi/4.7.3/../../../../arm-none-eabi/lib/armv6-m\libc_s.a(lib_a-strcmp.o)
 .ARM.attributes
                0x00000963       0x2c c:/program files (x86)/cypress/psoc creator/3.0/psoc creator/import/gnu_cs/arm/4.7.3/bin/../lib/gcc/arm-none-eabi/4.7.3/../../../../arm-none-eabi/lib/armv6-m\libc_s.a(lib_a-strlen.o)
 .ARM.attributes
                0x0000098f       0x2c c:/program files (x86)/cypress/psoc creator/3.0/psoc creator/import/gnu_cs/arm/4.7.3/bin/../lib/gcc/arm-none-eabi/4.7.3/../../../../arm-none-eabi/lib/armv6-m\libc_s.a(lib_a-callocr.o)
 .ARM.attributes
                0x000009bb       0x2c c:/program files (x86)/cypress/psoc creator/3.0/psoc creator/import/gnu_cs/arm/4.7.3/bin/../lib/gcc/arm-none-eabi/4.7.3/../../../../arm-none-eabi/lib/armv6-m\libc_s.a(lib_a-msizer.o)
 .ARM.attributes
                0x000009e7       0x2c c:/program files (x86)/cypress/psoc creator/3.0/psoc creator/import/gnu_cs/arm/4.7.3/bin/../lib/gcc/arm-none-eabi/4.7.3/../../../../arm-none-eabi/lib/armv6-m\libc_s.a(lib_a-reent.o)
 .ARM.attributes
                0x00000a13       0x1e c:/program files (x86)/cypress/psoc creator/3.0/psoc creator/import/gnu_cs/arm/4.7.3/bin/../lib/gcc/arm-none-eabi/4.7.3/armv6-m\libgcc.a(_thumb1_case_uqi.o)
 .ARM.attributes
                0x00000a31       0x1e c:/program files (x86)/cypress/psoc creator/3.0/psoc creator/import/gnu_cs/arm/4.7.3/bin/../lib/gcc/arm-none-eabi/4.7.3/armv6-m\libgcc.a(_arm_cmpdf2.o)
 .ARM.attributes
                0x00000a4f       0x2c c:/program files (x86)/cypress/psoc creator/3.0/psoc creator/import/gnu_cs/arm/4.7.3/bin/../lib/gcc/arm-none-eabi/4.7.3/armv6-m\libgcc.a(adddf3.o)
 .ARM.attributes
                0x00000a7b       0x2c c:/program files (x86)/cypress/psoc creator/3.0/psoc creator/import/gnu_cs/arm/4.7.3/bin/../lib/gcc/arm-none-eabi/4.7.3/armv6-m\libgcc.a(eqdf2.o)
 .ARM.attributes
                0x00000aa7       0x2c c:/program files (x86)/cypress/psoc creator/3.0/psoc creator/import/gnu_cs/arm/4.7.3/bin/../lib/gcc/arm-none-eabi/4.7.3/armv6-m\libgcc.a(gedf2.o)
 .ARM.attributes
                0x00000ad3       0x2c c:/program files (x86)/cypress/psoc creator/3.0/psoc creator/import/gnu_cs/arm/4.7.3/bin/../lib/gcc/arm-none-eabi/4.7.3/armv6-m\libgcc.a(ledf2.o)
 .ARM.attributes
                0x00000aff       0x2c c:/program files (x86)/cypress/psoc creator/3.0/psoc creator/import/gnu_cs/arm/4.7.3/bin/../lib/gcc/arm-none-eabi/4.7.3/armv6-m\libgcc.a(muldf3.o)
 .ARM.attributes
                0x00000b2b       0x2c c:/program files (x86)/cypress/psoc creator/3.0/psoc creator/import/gnu_cs/arm/4.7.3/bin/../lib/gcc/arm-none-eabi/4.7.3/armv6-m\libgcc.a(subdf3.o)
 .ARM.attributes
                0x00000b57       0x2c c:/program files (x86)/cypress/psoc creator/3.0/psoc creator/import/gnu_cs/arm/4.7.3/bin/../lib/gcc/arm-none-eabi/4.7.3/armv6-m\libgcc.a(fixdfsi.o)
 .ARM.attributes
                0x00000b83       0x2c c:/program files (x86)/cypress/psoc creator/3.0/psoc creator/import/gnu_cs/arm/4.7.3/bin/../lib/gcc/arm-none-eabi/4.7.3/armv6-m\libgcc.a(floatsidf.o)
 .ARM.attributes
                0x00000baf       0x2c c:/program files (x86)/cypress/psoc creator/3.0/psoc creator/import/gnu_cs/arm/4.7.3/bin/../lib/gcc/arm-none-eabi/4.7.3/armv6-m\libgcc.a(floatunsidf.o)
 .ARM.attributes
                0x00000bdb       0x2c c:/program files (x86)/cypress/psoc creator/3.0/psoc creator/import/gnu_cs/arm/4.7.3/bin/../lib/gcc/arm-none-eabi/4.7.3/armv6-m/crtend.o
 .ARM.attributes
                0x00000c07       0x1e c:/program files (x86)/cypress/psoc creator/3.0/psoc creator/import/gnu_cs/arm/4.7.3/bin/../lib/gcc/arm-none-eabi/4.7.3/armv6-m/crtn.o
 .ARM.attributes
                0x00000c25       0x2c c:/program files (x86)/cypress/psoc creator/3.0/psoc creator/import/gnu_cs/arm/4.7.3/bin/../lib/gcc/arm-none-eabi/4.7.3/../../../../arm-none-eabi/lib/armv6-m\libnosys.a(sbrk.o)

/DISCARD/
 *(.note.GNU-stack)
OUTPUT(.\CortexM0\ARM_GCC_473\Debug\MPU-6050-PSoC-GetGs.elf elf32-littlearm)
