ARM GAS  C:\Users\Sam\AppData\Local\Temp\cccRh3Ca.s 			page 1


   1              		.cpu cortex-m0
   2              		.fpu softvfp
   3              		.eabi_attribute 20, 1
   4              		.eabi_attribute 21, 1
   5              		.eabi_attribute 23, 3
   6              		.eabi_attribute 24, 1
   7              		.eabi_attribute 25, 1
   8              		.eabi_attribute 26, 1
   9              		.eabi_attribute 30, 6
  10              		.eabi_attribute 34, 0
  11              		.eabi_attribute 18, 4
  12              		.code	16
  13              		.file	"Cm0Start.c"
  14              		.text
  15              	.Ltext0:
  16              		.cfi_sections	.debug_frame
  17              		.section	.noinit,"aw",%progbits
  18              		.align	2
  19              		.type	cySysNoInitDataValid, %object
  20              		.size	cySysNoInitDataValid, 4
  21              	cySysNoInitDataValid:
  22 0000 00000000 		.space	4
  23              		.section	.text.IntDefaultHandler,"ax",%progbits
  24              		.align	2
  25              		.global	IntDefaultHandler
  26              		.code	16
  27              		.thumb_func
  28              		.type	IntDefaultHandler, %function
  29              	IntDefaultHandler:
  30              	.LFB0:
  31              		.file 1 ".\\Generated_Source\\PSoC4\\Cm0Start.c"
   1:.\Generated_Source\PSoC4/Cm0Start.c **** /*******************************************************************************
   2:.\Generated_Source\PSoC4/Cm0Start.c **** * File Name: Cm0Start.c
   3:.\Generated_Source\PSoC4/Cm0Start.c **** * Version 4.0
   4:.\Generated_Source\PSoC4/Cm0Start.c **** *
   5:.\Generated_Source\PSoC4/Cm0Start.c **** *  Description:
   6:.\Generated_Source\PSoC4/Cm0Start.c **** *  Startup code for the ARM CM0.
   7:.\Generated_Source\PSoC4/Cm0Start.c **** *
   8:.\Generated_Source\PSoC4/Cm0Start.c **** ********************************************************************************
   9:.\Generated_Source\PSoC4/Cm0Start.c **** * Copyright 2010-2013, Cypress Semiconductor Corporation.  All rights reserved.
  10:.\Generated_Source\PSoC4/Cm0Start.c **** * You may use this file only in accordance with the license, terms, conditions,
  11:.\Generated_Source\PSoC4/Cm0Start.c **** * disclaimers, and limitations in the end user license agreement accompanying
  12:.\Generated_Source\PSoC4/Cm0Start.c **** * the software package with which this file was provided.
  13:.\Generated_Source\PSoC4/Cm0Start.c **** *******************************************************************************/
  14:.\Generated_Source\PSoC4/Cm0Start.c **** 
  15:.\Generated_Source\PSoC4/Cm0Start.c **** #include <limits.h>
  16:.\Generated_Source\PSoC4/Cm0Start.c **** #include "cydevice_trm.h"
  17:.\Generated_Source\PSoC4/Cm0Start.c **** #include "cytypes.h"
  18:.\Generated_Source\PSoC4/Cm0Start.c **** #include "cyfitter_cfg.h"
  19:.\Generated_Source\PSoC4/Cm0Start.c **** #include "CyLib.h"
  20:.\Generated_Source\PSoC4/Cm0Start.c **** #include "cyfitter.h"
  21:.\Generated_Source\PSoC4/Cm0Start.c **** 
  22:.\Generated_Source\PSoC4/Cm0Start.c **** #define CY_NUM_VECTORS              (CY_INT_IRQ_BASE + CY_NUM_INTERRUPTS)
  23:.\Generated_Source\PSoC4/Cm0Start.c **** #define CY_CPUSS_CONFIG             ((reg32 *) CYREG_CPUSS_CONFIG)
  24:.\Generated_Source\PSoC4/Cm0Start.c **** 
  25:.\Generated_Source\PSoC4/Cm0Start.c **** #if defined (__ICCARM__)
  26:.\Generated_Source\PSoC4/Cm0Start.c ****     #define CY_NUM_ROM_VECTORS      (CY_NUM_VECTORS)
ARM GAS  C:\Users\Sam\AppData\Local\Temp\cccRh3Ca.s 			page 2


  27:.\Generated_Source\PSoC4/Cm0Start.c **** #else
  28:.\Generated_Source\PSoC4/Cm0Start.c ****     #define CY_NUM_ROM_VECTORS      (4u)
  29:.\Generated_Source\PSoC4/Cm0Start.c **** #endif  /* defined (__ICCARM__) */
  30:.\Generated_Source\PSoC4/Cm0Start.c **** 
  31:.\Generated_Source\PSoC4/Cm0Start.c **** #if defined(__ARMCC_VERSION)
  32:.\Generated_Source\PSoC4/Cm0Start.c ****     #define INITIAL_STACK_POINTER ((cyisraddress)(uint32)&Image$$ARM_LIB_STACK$$ZI$$Limit)
  33:.\Generated_Source\PSoC4/Cm0Start.c **** #elif defined (__GNUC__)
  34:.\Generated_Source\PSoC4/Cm0Start.c ****     #define INITIAL_STACK_POINTER (&__cy_stack)
  35:.\Generated_Source\PSoC4/Cm0Start.c **** #elif defined (__ICCARM__)
  36:.\Generated_Source\PSoC4/Cm0Start.c ****     #pragma language=extended
  37:.\Generated_Source\PSoC4/Cm0Start.c ****     #pragma segment="CSTACK"
  38:.\Generated_Source\PSoC4/Cm0Start.c ****     #define INITIAL_STACK_POINTER  { .__ptr = __sfe( "CSTACK" ) }
  39:.\Generated_Source\PSoC4/Cm0Start.c **** 
  40:.\Generated_Source\PSoC4/Cm0Start.c ****     extern void __iar_program_start( void );
  41:.\Generated_Source\PSoC4/Cm0Start.c ****     extern void __iar_data_init3 (void);
  42:.\Generated_Source\PSoC4/Cm0Start.c **** #endif  /* (__ARMCC_VERSION) */
  43:.\Generated_Source\PSoC4/Cm0Start.c **** 
  44:.\Generated_Source\PSoC4/Cm0Start.c **** /* Extern functions */
  45:.\Generated_Source\PSoC4/Cm0Start.c **** extern void CyBtldr_CheckLaunch(void);
  46:.\Generated_Source\PSoC4/Cm0Start.c **** 
  47:.\Generated_Source\PSoC4/Cm0Start.c **** /* Function prototypes */
  48:.\Generated_Source\PSoC4/Cm0Start.c **** void initialize_psoc(void);
  49:.\Generated_Source\PSoC4/Cm0Start.c **** 
  50:.\Generated_Source\PSoC4/Cm0Start.c **** /* Global variables */
  51:.\Generated_Source\PSoC4/Cm0Start.c **** #if !defined (__ICCARM__)
  52:.\Generated_Source\PSoC4/Cm0Start.c ****     CY_NOINIT static uint32 cySysNoInitDataValid;
  53:.\Generated_Source\PSoC4/Cm0Start.c **** #endif  /* !defined (__ICCARM__) */
  54:.\Generated_Source\PSoC4/Cm0Start.c **** 
  55:.\Generated_Source\PSoC4/Cm0Start.c **** 
  56:.\Generated_Source\PSoC4/Cm0Start.c **** #if (CYDEV_PROJ_TYPE != CYDEV_PROJ_TYPE_STANDARD)
  57:.\Generated_Source\PSoC4/Cm0Start.c **** 
  58:.\Generated_Source\PSoC4/Cm0Start.c ****     /*******************************************************************************
  59:.\Generated_Source\PSoC4/Cm0Start.c ****     This variable is used by Bootloader/Bootloadable components to schedule
  60:.\Generated_Source\PSoC4/Cm0Start.c ****     what application will be started after software reset.
  61:.\Generated_Source\PSoC4/Cm0Start.c ****     *******************************************************************************/
  62:.\Generated_Source\PSoC4/Cm0Start.c ****     #if (__ARMCC_VERSION)
  63:.\Generated_Source\PSoC4/Cm0Start.c ****         __attribute__ ((section(".bootloaderruntype"), zero_init))
  64:.\Generated_Source\PSoC4/Cm0Start.c ****     #elif defined (__GNUC__)
  65:.\Generated_Source\PSoC4/Cm0Start.c ****         __attribute__ ((section(".bootloaderruntype")))
  66:.\Generated_Source\PSoC4/Cm0Start.c ****     #elif defined (__ICCARM__)
  67:.\Generated_Source\PSoC4/Cm0Start.c ****         #pragma location=".bootloaderruntype"
  68:.\Generated_Source\PSoC4/Cm0Start.c ****     #endif
  69:.\Generated_Source\PSoC4/Cm0Start.c ****     volatile uint32 cyBtldrRunType;
  70:.\Generated_Source\PSoC4/Cm0Start.c **** 
  71:.\Generated_Source\PSoC4/Cm0Start.c **** #endif  /* (CYDEV_PROJ_TYPE != CYDEV_PROJ_TYPE_STANDARD) */
  72:.\Generated_Source\PSoC4/Cm0Start.c **** 
  73:.\Generated_Source\PSoC4/Cm0Start.c **** 
  74:.\Generated_Source\PSoC4/Cm0Start.c **** /*******************************************************************************
  75:.\Generated_Source\PSoC4/Cm0Start.c **** * Function Name: IntDefaultHandler
  76:.\Generated_Source\PSoC4/Cm0Start.c **** ********************************************************************************
  77:.\Generated_Source\PSoC4/Cm0Start.c **** *
  78:.\Generated_Source\PSoC4/Cm0Start.c **** * Summary:
  79:.\Generated_Source\PSoC4/Cm0Start.c **** *  This function is called for all interrupts, other than reset, that get called
  80:.\Generated_Source\PSoC4/Cm0Start.c **** *  before the system is setup.
  81:.\Generated_Source\PSoC4/Cm0Start.c **** *
  82:.\Generated_Source\PSoC4/Cm0Start.c **** * Parameters:
  83:.\Generated_Source\PSoC4/Cm0Start.c **** *  None
ARM GAS  C:\Users\Sam\AppData\Local\Temp\cccRh3Ca.s 			page 3


  84:.\Generated_Source\PSoC4/Cm0Start.c **** *
  85:.\Generated_Source\PSoC4/Cm0Start.c **** * Return:
  86:.\Generated_Source\PSoC4/Cm0Start.c **** *  None
  87:.\Generated_Source\PSoC4/Cm0Start.c **** *
  88:.\Generated_Source\PSoC4/Cm0Start.c **** * Theory:
  89:.\Generated_Source\PSoC4/Cm0Start.c **** *   Any value other than zero is acceptable.
  90:.\Generated_Source\PSoC4/Cm0Start.c **** *
  91:.\Generated_Source\PSoC4/Cm0Start.c **** *******************************************************************************/
  92:.\Generated_Source\PSoC4/Cm0Start.c **** CY_NORETURN
  93:.\Generated_Source\PSoC4/Cm0Start.c **** CY_ISR(IntDefaultHandler)
  94:.\Generated_Source\PSoC4/Cm0Start.c **** {
  32              		.loc 1 94 0
  33              		.cfi_startproc
  34 0000 80B5     		push	{r7, lr}
  35              	.LCFI0:
  36              		.cfi_def_cfa_offset 8
  37              		.cfi_offset 7, -8
  38              		.cfi_offset 14, -4
  39 0002 00AF     		add	r7, sp, #0
  40              	.LCFI1:
  41              		.cfi_def_cfa_register 7
  42              	.L2:
  95:.\Generated_Source\PSoC4/Cm0Start.c ****     /***************************************************************************
  96:.\Generated_Source\PSoC4/Cm0Start.c ****     * We should never get here. If we do, a serious problem occured, so go into
  97:.\Generated_Source\PSoC4/Cm0Start.c ****     * an infinite loop.
  98:.\Generated_Source\PSoC4/Cm0Start.c ****     ***************************************************************************/
  99:.\Generated_Source\PSoC4/Cm0Start.c ****     while(1)
 100:.\Generated_Source\PSoC4/Cm0Start.c ****     {
 101:.\Generated_Source\PSoC4/Cm0Start.c **** 
 102:.\Generated_Source\PSoC4/Cm0Start.c ****     }
  43              		.loc 1 102 0 discriminator 1
  44 0004 FEE7     		b	.L2
  45              		.cfi_endproc
  46              	.LFE0:
  47              		.size	IntDefaultHandler, .-IntDefaultHandler
  48              		.global	__aeabi_idiv
  49              		.section	.text._exit,"ax",%progbits
  50              		.align	2
  51              		.weak	_exit
  52              		.code	16
  53              		.thumb_func
  54              		.type	_exit, %function
  55              	_exit:
  56              	.LFB1:
 103:.\Generated_Source\PSoC4/Cm0Start.c **** }
 104:.\Generated_Source\PSoC4/Cm0Start.c **** 
 105:.\Generated_Source\PSoC4/Cm0Start.c **** #if defined(__ARMCC_VERSION)
 106:.\Generated_Source\PSoC4/Cm0Start.c **** 
 107:.\Generated_Source\PSoC4/Cm0Start.c **** /* Local function for the device reset. */
 108:.\Generated_Source\PSoC4/Cm0Start.c **** extern void Reset(void);
 109:.\Generated_Source\PSoC4/Cm0Start.c **** 
 110:.\Generated_Source\PSoC4/Cm0Start.c **** /* Application entry point. */
 111:.\Generated_Source\PSoC4/Cm0Start.c **** extern void $Super$$main(void);
 112:.\Generated_Source\PSoC4/Cm0Start.c **** 
 113:.\Generated_Source\PSoC4/Cm0Start.c **** /* Linker-generated Stack Base addresses, Two Region and One Region */
 114:.\Generated_Source\PSoC4/Cm0Start.c **** extern unsigned long Image$$ARM_LIB_STACK$$ZI$$Limit;
 115:.\Generated_Source\PSoC4/Cm0Start.c **** 
ARM GAS  C:\Users\Sam\AppData\Local\Temp\cccRh3Ca.s 			page 4


 116:.\Generated_Source\PSoC4/Cm0Start.c **** /* RealView C Library initialization. */
 117:.\Generated_Source\PSoC4/Cm0Start.c **** extern int __main(void);
 118:.\Generated_Source\PSoC4/Cm0Start.c **** 
 119:.\Generated_Source\PSoC4/Cm0Start.c **** 
 120:.\Generated_Source\PSoC4/Cm0Start.c **** /*******************************************************************************
 121:.\Generated_Source\PSoC4/Cm0Start.c **** * Function Name: Reset
 122:.\Generated_Source\PSoC4/Cm0Start.c **** ********************************************************************************
 123:.\Generated_Source\PSoC4/Cm0Start.c **** *
 124:.\Generated_Source\PSoC4/Cm0Start.c **** * Summary:
 125:.\Generated_Source\PSoC4/Cm0Start.c **** *  This function handles the reset interrupt for the RVDS/MDK toolchains.
 126:.\Generated_Source\PSoC4/Cm0Start.c **** *  This is the first bit of code that is executed at startup.
 127:.\Generated_Source\PSoC4/Cm0Start.c **** *
 128:.\Generated_Source\PSoC4/Cm0Start.c **** * Parameters:
 129:.\Generated_Source\PSoC4/Cm0Start.c **** *  None
 130:.\Generated_Source\PSoC4/Cm0Start.c **** *
 131:.\Generated_Source\PSoC4/Cm0Start.c **** * Return:
 132:.\Generated_Source\PSoC4/Cm0Start.c **** *  None
 133:.\Generated_Source\PSoC4/Cm0Start.c **** *
 134:.\Generated_Source\PSoC4/Cm0Start.c **** *******************************************************************************/
 135:.\Generated_Source\PSoC4/Cm0Start.c **** void Reset(void)
 136:.\Generated_Source\PSoC4/Cm0Start.c **** {
 137:.\Generated_Source\PSoC4/Cm0Start.c ****     #if (CYDEV_PROJ_TYPE == CYDEV_PROJ_TYPE_LOADABLE)
 138:.\Generated_Source\PSoC4/Cm0Start.c ****         /* The bootloadable application image is started at Reset() handler
 139:.\Generated_Source\PSoC4/Cm0Start.c ****         * as a result of branch instruction execution from the bootloader.
 140:.\Generated_Source\PSoC4/Cm0Start.c ****         * So, the stack pointer needs to be reseted to be sure that
 141:.\Generated_Source\PSoC4/Cm0Start.c ****         * there is no garbage in the stack.
 142:.\Generated_Source\PSoC4/Cm0Start.c ****         */
 143:.\Generated_Source\PSoC4/Cm0Start.c ****         register uint32_t msp __asm("msp");
 144:.\Generated_Source\PSoC4/Cm0Start.c ****         msp = (uint32_t)&Image$$ARM_LIB_STACK$$ZI$$Limit;
 145:.\Generated_Source\PSoC4/Cm0Start.c ****     #endif /* CYDEV_PROJ_TYPE_LOADABLE */
 146:.\Generated_Source\PSoC4/Cm0Start.c **** 
 147:.\Generated_Source\PSoC4/Cm0Start.c ****     #if (CYDEV_BOOTLOADER_ENABLE)
 148:.\Generated_Source\PSoC4/Cm0Start.c ****         CyBtldr_CheckLaunch();
 149:.\Generated_Source\PSoC4/Cm0Start.c ****     #endif /* CYDEV_BOOTLOADER_ENABLE */
 150:.\Generated_Source\PSoC4/Cm0Start.c ****     __main();
 151:.\Generated_Source\PSoC4/Cm0Start.c **** }
 152:.\Generated_Source\PSoC4/Cm0Start.c **** 
 153:.\Generated_Source\PSoC4/Cm0Start.c **** /*******************************************************************************
 154:.\Generated_Source\PSoC4/Cm0Start.c **** * Function Name: $Sub$$main
 155:.\Generated_Source\PSoC4/Cm0Start.c **** ********************************************************************************
 156:.\Generated_Source\PSoC4/Cm0Start.c **** *
 157:.\Generated_Source\PSoC4/Cm0Start.c **** * Summary:
 158:.\Generated_Source\PSoC4/Cm0Start.c **** *  This function is called imediatly before the users main
 159:.\Generated_Source\PSoC4/Cm0Start.c **** *
 160:.\Generated_Source\PSoC4/Cm0Start.c **** * Parameters:
 161:.\Generated_Source\PSoC4/Cm0Start.c **** *  None
 162:.\Generated_Source\PSoC4/Cm0Start.c **** *
 163:.\Generated_Source\PSoC4/Cm0Start.c **** * Return:
 164:.\Generated_Source\PSoC4/Cm0Start.c **** *  None
 165:.\Generated_Source\PSoC4/Cm0Start.c **** *
 166:.\Generated_Source\PSoC4/Cm0Start.c **** *******************************************************************************/
 167:.\Generated_Source\PSoC4/Cm0Start.c **** __attribute__ ((noreturn))
 168:.\Generated_Source\PSoC4/Cm0Start.c **** void $Sub$$main(void)
 169:.\Generated_Source\PSoC4/Cm0Start.c **** {
 170:.\Generated_Source\PSoC4/Cm0Start.c ****     initialize_psoc();
 171:.\Generated_Source\PSoC4/Cm0Start.c **** 
 172:.\Generated_Source\PSoC4/Cm0Start.c ****     /* Call original main */
ARM GAS  C:\Users\Sam\AppData\Local\Temp\cccRh3Ca.s 			page 5


 173:.\Generated_Source\PSoC4/Cm0Start.c ****     $Super$$main();
 174:.\Generated_Source\PSoC4/Cm0Start.c **** 
 175:.\Generated_Source\PSoC4/Cm0Start.c ****     while (1)
 176:.\Generated_Source\PSoC4/Cm0Start.c ****     {
 177:.\Generated_Source\PSoC4/Cm0Start.c ****         /* If main returns it is undefined what we should do. */
 178:.\Generated_Source\PSoC4/Cm0Start.c ****     }
 179:.\Generated_Source\PSoC4/Cm0Start.c **** }
 180:.\Generated_Source\PSoC4/Cm0Start.c **** 
 181:.\Generated_Source\PSoC4/Cm0Start.c **** #elif defined(__GNUC__)
 182:.\Generated_Source\PSoC4/Cm0Start.c **** 
 183:.\Generated_Source\PSoC4/Cm0Start.c **** /* Stack Base address */
 184:.\Generated_Source\PSoC4/Cm0Start.c **** extern void __cy_stack(void);
 185:.\Generated_Source\PSoC4/Cm0Start.c **** 
 186:.\Generated_Source\PSoC4/Cm0Start.c **** /* Application entry point. */
 187:.\Generated_Source\PSoC4/Cm0Start.c **** extern int main(void);
 188:.\Generated_Source\PSoC4/Cm0Start.c **** 
 189:.\Generated_Source\PSoC4/Cm0Start.c **** /* The static objects constructors initializer */
 190:.\Generated_Source\PSoC4/Cm0Start.c **** extern void __libc_init_array(void);
 191:.\Generated_Source\PSoC4/Cm0Start.c **** 
 192:.\Generated_Source\PSoC4/Cm0Start.c **** typedef unsigned char __cy_byte_align8 __attribute ((aligned (8)));
 193:.\Generated_Source\PSoC4/Cm0Start.c **** 
 194:.\Generated_Source\PSoC4/Cm0Start.c **** struct __cy_region
 195:.\Generated_Source\PSoC4/Cm0Start.c **** {
 196:.\Generated_Source\PSoC4/Cm0Start.c ****     __cy_byte_align8 *init; /* Initial contents of this region.  */
 197:.\Generated_Source\PSoC4/Cm0Start.c ****     __cy_byte_align8 *data; /* Start address of region.  */
 198:.\Generated_Source\PSoC4/Cm0Start.c ****     size_t init_size;       /* Size of initial data.  */
 199:.\Generated_Source\PSoC4/Cm0Start.c ****     size_t zero_size;       /* Additional size to be zeroed.  */
 200:.\Generated_Source\PSoC4/Cm0Start.c **** };
 201:.\Generated_Source\PSoC4/Cm0Start.c **** 
 202:.\Generated_Source\PSoC4/Cm0Start.c **** extern const struct __cy_region __cy_regions[];
 203:.\Generated_Source\PSoC4/Cm0Start.c **** extern const char __cy_region_num __attribute__((weak));
 204:.\Generated_Source\PSoC4/Cm0Start.c **** #define __cy_region_num ((size_t)&__cy_region_num)
 205:.\Generated_Source\PSoC4/Cm0Start.c **** 
 206:.\Generated_Source\PSoC4/Cm0Start.c **** __attribute__((weak))
 207:.\Generated_Source\PSoC4/Cm0Start.c **** void _exit(int status)
 208:.\Generated_Source\PSoC4/Cm0Start.c **** {
  57              		.loc 1 208 0
  58              		.cfi_startproc
  59 0000 80B5     		push	{r7, lr}
  60              	.LCFI2:
  61              		.cfi_def_cfa_offset 8
  62              		.cfi_offset 7, -8
  63              		.cfi_offset 14, -4
  64 0002 84B0     		sub	sp, sp, #16
  65              	.LCFI3:
  66              		.cfi_def_cfa_offset 24
  67 0004 00AF     		add	r7, sp, #0
  68              	.LCFI4:
  69              		.cfi_def_cfa_register 7
  70 0006 7860     		str	r0, [r7, #4]
 209:.\Generated_Source\PSoC4/Cm0Start.c ****     /* Cause a divide by 0 exception */
 210:.\Generated_Source\PSoC4/Cm0Start.c ****     int x = status / INT_MAX;
  71              		.loc 1 210 0
  72 0008 7B68     		ldr	r3, [r7, #4]
  73 000a 181C     		mov	r0, r3
  74 000c 0549     		ldr	r1, .L5
  75 000e FFF7FEFF 		bl	__aeabi_idiv
ARM GAS  C:\Users\Sam\AppData\Local\Temp\cccRh3Ca.s 			page 6


  76 0012 031C     		mov	r3, r0
  77 0014 FB60     		str	r3, [r7, #12]
 211:.\Generated_Source\PSoC4/Cm0Start.c ****     x = 4 / x;
  78              		.loc 1 211 0
  79 0016 0420     		mov	r0, #4
  80 0018 F968     		ldr	r1, [r7, #12]
  81 001a FFF7FEFF 		bl	__aeabi_idiv
  82 001e 031C     		mov	r3, r0
  83 0020 FB60     		str	r3, [r7, #12]
  84              	.L4:
 212:.\Generated_Source\PSoC4/Cm0Start.c **** 
 213:.\Generated_Source\PSoC4/Cm0Start.c ****     while(1)
 214:.\Generated_Source\PSoC4/Cm0Start.c ****     {
 215:.\Generated_Source\PSoC4/Cm0Start.c **** 
 216:.\Generated_Source\PSoC4/Cm0Start.c ****     }
  85              		.loc 1 216 0 discriminator 1
  86 0022 FEE7     		b	.L4
  87              	.L6:
  88              		.align	2
  89              	.L5:
  90 0024 FFFFFF7F 		.word	2147483647
  91              		.cfi_endproc
  92              	.LFE1:
  93              		.size	_exit, .-_exit
  94              		.section	.text.Start_c,"ax",%progbits
  95              		.align	2
  96              		.global	Start_c
  97              		.code	16
  98              		.thumb_func
  99              		.type	Start_c, %function
 100              	Start_c:
 101              	.LFB2:
 217:.\Generated_Source\PSoC4/Cm0Start.c **** }
 218:.\Generated_Source\PSoC4/Cm0Start.c **** 
 219:.\Generated_Source\PSoC4/Cm0Start.c **** /*******************************************************************************
 220:.\Generated_Source\PSoC4/Cm0Start.c **** * Function Name: Start_c
 221:.\Generated_Source\PSoC4/Cm0Start.c **** ********************************************************************************
 222:.\Generated_Source\PSoC4/Cm0Start.c **** *
 223:.\Generated_Source\PSoC4/Cm0Start.c **** * Summary:
 224:.\Generated_Source\PSoC4/Cm0Start.c **** *  This function handles initializing the .data and .bss sections in
 225:.\Generated_Source\PSoC4/Cm0Start.c **** *  preperation for running standard c code.  Once initialization is complete
 226:.\Generated_Source\PSoC4/Cm0Start.c **** *  it will call main().  This function will never return.
 227:.\Generated_Source\PSoC4/Cm0Start.c **** *
 228:.\Generated_Source\PSoC4/Cm0Start.c **** * Parameters:
 229:.\Generated_Source\PSoC4/Cm0Start.c **** *  None
 230:.\Generated_Source\PSoC4/Cm0Start.c **** *
 231:.\Generated_Source\PSoC4/Cm0Start.c **** * Return:
 232:.\Generated_Source\PSoC4/Cm0Start.c **** *  None
 233:.\Generated_Source\PSoC4/Cm0Start.c **** *
 234:.\Generated_Source\PSoC4/Cm0Start.c **** *******************************************************************************/
 235:.\Generated_Source\PSoC4/Cm0Start.c **** void Start_c(void)  __attribute__ ((noreturn));
 236:.\Generated_Source\PSoC4/Cm0Start.c **** void Start_c(void)
 237:.\Generated_Source\PSoC4/Cm0Start.c **** {
 102              		.loc 1 237 0
 103              		.cfi_startproc
 104 0000 80B5     		push	{r7, lr}
 105              	.LCFI5:
ARM GAS  C:\Users\Sam\AppData\Local\Temp\cccRh3Ca.s 			page 7


 106              		.cfi_def_cfa_offset 8
 107              		.cfi_offset 7, -8
 108              		.cfi_offset 14, -4
 109 0002 86B0     		sub	sp, sp, #24
 110              	.LCFI6:
 111              		.cfi_def_cfa_offset 32
 112 0004 00AF     		add	r7, sp, #0
 113              	.LCFI7:
 114              		.cfi_def_cfa_register 7
 238:.\Generated_Source\PSoC4/Cm0Start.c ****     unsigned regions = __cy_region_num;
 115              		.loc 1 238 0
 116 0006 254B     		ldr	r3, .L15
 117 0008 7B61     		str	r3, [r7, #20]
 239:.\Generated_Source\PSoC4/Cm0Start.c ****     const struct __cy_region *rptr = __cy_regions;
 118              		.loc 1 239 0
 119 000a 254B     		ldr	r3, .L15+4
 120 000c 3B61     		str	r3, [r7, #16]
 240:.\Generated_Source\PSoC4/Cm0Start.c **** 
 241:.\Generated_Source\PSoC4/Cm0Start.c ****     /* Initialize memory */
 242:.\Generated_Source\PSoC4/Cm0Start.c ****     for (regions = __cy_region_num, rptr = __cy_regions; regions--; rptr++)
 121              		.loc 1 242 0
 122 000e 234B     		ldr	r3, .L15
 123 0010 7B61     		str	r3, [r7, #20]
 124 0012 234B     		ldr	r3, .L15+4
 125 0014 3B61     		str	r3, [r7, #16]
 126 0016 32E0     		b	.L8
 127              	.L13:
 128              	.LBB2:
 243:.\Generated_Source\PSoC4/Cm0Start.c ****     {
 244:.\Generated_Source\PSoC4/Cm0Start.c ****         uint32 *src = (uint32 *)rptr->init;
 129              		.loc 1 244 0
 130 0018 3B69     		ldr	r3, [r7, #16]
 131 001a 1B68     		ldr	r3, [r3]
 132 001c FB60     		str	r3, [r7, #12]
 245:.\Generated_Source\PSoC4/Cm0Start.c ****         uint32 *dst = (uint32 *)rptr->data;
 133              		.loc 1 245 0
 134 001e 3B69     		ldr	r3, [r7, #16]
 135 0020 5B68     		ldr	r3, [r3, #4]
 136 0022 BB60     		str	r3, [r7, #8]
 246:.\Generated_Source\PSoC4/Cm0Start.c ****         unsigned limit = rptr->init_size;
 137              		.loc 1 246 0
 138 0024 3B69     		ldr	r3, [r7, #16]
 139 0026 9B68     		ldr	r3, [r3, #8]
 140 0028 3B60     		str	r3, [r7]
 247:.\Generated_Source\PSoC4/Cm0Start.c ****         unsigned count;
 248:.\Generated_Source\PSoC4/Cm0Start.c **** 
 249:.\Generated_Source\PSoC4/Cm0Start.c ****         for (count = 0u; count != limit; count += sizeof (uint32))
 141              		.loc 1 249 0
 142 002a 0023     		mov	r3, #0
 143 002c 7B60     		str	r3, [r7, #4]
 144 002e 0CE0     		b	.L9
 145              	.L10:
 250:.\Generated_Source\PSoC4/Cm0Start.c ****         {
 251:.\Generated_Source\PSoC4/Cm0Start.c ****             *dst++ = *src++;
 146              		.loc 1 251 0 discriminator 2
 147 0030 FB68     		ldr	r3, [r7, #12]
 148 0032 1A68     		ldr	r2, [r3]
ARM GAS  C:\Users\Sam\AppData\Local\Temp\cccRh3Ca.s 			page 8


 149 0034 BB68     		ldr	r3, [r7, #8]
 150 0036 1A60     		str	r2, [r3]
 151 0038 BB68     		ldr	r3, [r7, #8]
 152 003a 0433     		add	r3, r3, #4
 153 003c BB60     		str	r3, [r7, #8]
 154 003e FB68     		ldr	r3, [r7, #12]
 155 0040 0433     		add	r3, r3, #4
 156 0042 FB60     		str	r3, [r7, #12]
 249:.\Generated_Source\PSoC4/Cm0Start.c ****         for (count = 0u; count != limit; count += sizeof (uint32))
 157              		.loc 1 249 0 discriminator 2
 158 0044 7B68     		ldr	r3, [r7, #4]
 159 0046 0433     		add	r3, r3, #4
 160 0048 7B60     		str	r3, [r7, #4]
 161              	.L9:
 249:.\Generated_Source\PSoC4/Cm0Start.c ****         for (count = 0u; count != limit; count += sizeof (uint32))
 162              		.loc 1 249 0 is_stmt 0 discriminator 1
 163 004a 7A68     		ldr	r2, [r7, #4]
 164 004c 3B68     		ldr	r3, [r7]
 165 004e 9A42     		cmp	r2, r3
 166 0050 EED1     		bne	.L10
 252:.\Generated_Source\PSoC4/Cm0Start.c ****         }
 253:.\Generated_Source\PSoC4/Cm0Start.c ****         limit = rptr->zero_size;
 167              		.loc 1 253 0 is_stmt 1
 168 0052 3B69     		ldr	r3, [r7, #16]
 169 0054 DB68     		ldr	r3, [r3, #12]
 170 0056 3B60     		str	r3, [r7]
 254:.\Generated_Source\PSoC4/Cm0Start.c ****         for (count = 0u; count != limit; count += sizeof (uint32))
 171              		.loc 1 254 0
 172 0058 0023     		mov	r3, #0
 173 005a 7B60     		str	r3, [r7, #4]
 174 005c 08E0     		b	.L11
 175              	.L12:
 255:.\Generated_Source\PSoC4/Cm0Start.c ****         {
 256:.\Generated_Source\PSoC4/Cm0Start.c ****             *dst++ = 0u;
 176              		.loc 1 256 0 discriminator 2
 177 005e BB68     		ldr	r3, [r7, #8]
 178 0060 0022     		mov	r2, #0
 179 0062 1A60     		str	r2, [r3]
 180 0064 BB68     		ldr	r3, [r7, #8]
 181 0066 0433     		add	r3, r3, #4
 182 0068 BB60     		str	r3, [r7, #8]
 254:.\Generated_Source\PSoC4/Cm0Start.c ****         for (count = 0u; count != limit; count += sizeof (uint32))
 183              		.loc 1 254 0 discriminator 2
 184 006a 7B68     		ldr	r3, [r7, #4]
 185 006c 0433     		add	r3, r3, #4
 186 006e 7B60     		str	r3, [r7, #4]
 187              	.L11:
 254:.\Generated_Source\PSoC4/Cm0Start.c ****         for (count = 0u; count != limit; count += sizeof (uint32))
 188              		.loc 1 254 0 is_stmt 0 discriminator 1
 189 0070 7A68     		ldr	r2, [r7, #4]
 190 0072 3B68     		ldr	r3, [r7]
 191 0074 9A42     		cmp	r2, r3
 192 0076 F2D1     		bne	.L12
 193              	.LBE2:
 242:.\Generated_Source\PSoC4/Cm0Start.c ****     for (regions = __cy_region_num, rptr = __cy_regions; regions--; rptr++)
 194              		.loc 1 242 0 is_stmt 1
 195 0078 3B69     		ldr	r3, [r7, #16]
ARM GAS  C:\Users\Sam\AppData\Local\Temp\cccRh3Ca.s 			page 9


 196 007a 1033     		add	r3, r3, #16
 197 007c 3B61     		str	r3, [r7, #16]
 198              	.L8:
 242:.\Generated_Source\PSoC4/Cm0Start.c ****     for (regions = __cy_region_num, rptr = __cy_regions; regions--; rptr++)
 199              		.loc 1 242 0 is_stmt 0 discriminator 1
 200 007e 7B69     		ldr	r3, [r7, #20]
 201 0080 5A1E     		sub	r2, r3, #1
 202 0082 9341     		sbc	r3, r3, r2
 203 0084 DBB2     		uxtb	r3, r3
 204 0086 7A69     		ldr	r2, [r7, #20]
 205 0088 013A     		sub	r2, r2, #1
 206 008a 7A61     		str	r2, [r7, #20]
 207 008c 002B     		cmp	r3, #0
 208 008e C3D1     		bne	.L13
 257:.\Generated_Source\PSoC4/Cm0Start.c ****         }
 258:.\Generated_Source\PSoC4/Cm0Start.c ****     }
 259:.\Generated_Source\PSoC4/Cm0Start.c **** 
 260:.\Generated_Source\PSoC4/Cm0Start.c ****     /* Invoke static objects constructors */
 261:.\Generated_Source\PSoC4/Cm0Start.c ****     __libc_init_array();
 209              		.loc 1 261 0 is_stmt 1
 210 0090 FFF7FEFF 		bl	__libc_init_array
 262:.\Generated_Source\PSoC4/Cm0Start.c ****     (void) main();
 211              		.loc 1 262 0
 212 0094 FFF7FEFF 		bl	main
 213              	.L14:
 263:.\Generated_Source\PSoC4/Cm0Start.c **** 
 264:.\Generated_Source\PSoC4/Cm0Start.c ****     while (1)
 265:.\Generated_Source\PSoC4/Cm0Start.c ****     {
 266:.\Generated_Source\PSoC4/Cm0Start.c ****         /* If main returns, make sure we don't return. */
 267:.\Generated_Source\PSoC4/Cm0Start.c ****     }
 214              		.loc 1 267 0 discriminator 1
 215 0098 FEE7     		b	.L14
 216              	.L16:
 217 009a C046     		.align	2
 218              	.L15:
 219 009c 00000000 		.word	__cy_region_num
 220 00a0 00000000 		.word	__cy_regions
 221              		.cfi_endproc
 222              	.LFE2:
 223              		.size	Start_c, .-Start_c
 224              		.section	.text.Reset,"ax",%progbits
 225              		.align	2
 226              		.global	Reset
 227              		.code	16
 228              		.thumb_func
 229              		.type	Reset, %function
 230              	Reset:
 231              	.LFB3:
 268:.\Generated_Source\PSoC4/Cm0Start.c **** }
 269:.\Generated_Source\PSoC4/Cm0Start.c **** 
 270:.\Generated_Source\PSoC4/Cm0Start.c **** 
 271:.\Generated_Source\PSoC4/Cm0Start.c **** /*******************************************************************************
 272:.\Generated_Source\PSoC4/Cm0Start.c **** * Function Name: Reset
 273:.\Generated_Source\PSoC4/Cm0Start.c **** ********************************************************************************
 274:.\Generated_Source\PSoC4/Cm0Start.c **** *
 275:.\Generated_Source\PSoC4/Cm0Start.c **** * Summary:
 276:.\Generated_Source\PSoC4/Cm0Start.c **** *  This function handles the reset interrupt for the GCC toolchain.  This is
ARM GAS  C:\Users\Sam\AppData\Local\Temp\cccRh3Ca.s 			page 10


 277:.\Generated_Source\PSoC4/Cm0Start.c **** *  the first bit of code that is executed at startup.
 278:.\Generated_Source\PSoC4/Cm0Start.c **** *
 279:.\Generated_Source\PSoC4/Cm0Start.c **** * Parameters:
 280:.\Generated_Source\PSoC4/Cm0Start.c **** *  None
 281:.\Generated_Source\PSoC4/Cm0Start.c **** *
 282:.\Generated_Source\PSoC4/Cm0Start.c **** * Return:
 283:.\Generated_Source\PSoC4/Cm0Start.c **** *  None
 284:.\Generated_Source\PSoC4/Cm0Start.c **** *
 285:.\Generated_Source\PSoC4/Cm0Start.c **** *******************************************************************************/
 286:.\Generated_Source\PSoC4/Cm0Start.c **** void Reset(void)
 287:.\Generated_Source\PSoC4/Cm0Start.c **** {
 232              		.loc 1 287 0
 233              		.cfi_startproc
 234 0000 80B5     		push	{r7, lr}
 235              	.LCFI8:
 236              		.cfi_def_cfa_offset 8
 237              		.cfi_offset 7, -8
 238              		.cfi_offset 14, -4
 239 0002 00AF     		add	r7, sp, #0
 240              	.LCFI9:
 241              		.cfi_def_cfa_register 7
 288:.\Generated_Source\PSoC4/Cm0Start.c ****     #if (CYDEV_PROJ_TYPE == CYDEV_PROJ_TYPE_LOADABLE)
 289:.\Generated_Source\PSoC4/Cm0Start.c ****         /* The bootloadable application image is started at Reset() handler
 290:.\Generated_Source\PSoC4/Cm0Start.c ****         * as a result of branch instruction execution from the bootloader.
 291:.\Generated_Source\PSoC4/Cm0Start.c ****         * So, the stack pointer needs to be reseted to be sure that
 292:.\Generated_Source\PSoC4/Cm0Start.c ****         * there is no garbage in the stack.
 293:.\Generated_Source\PSoC4/Cm0Start.c ****         */
 294:.\Generated_Source\PSoC4/Cm0Start.c ****         __asm volatile ("MSR msp, %0\n" : : "r" ((uint32)&__cy_stack) : "sp");
 295:.\Generated_Source\PSoC4/Cm0Start.c ****     #endif /* CYDEV_PROJ_TYPE_LOADABLE */
 296:.\Generated_Source\PSoC4/Cm0Start.c **** 
 297:.\Generated_Source\PSoC4/Cm0Start.c ****     #if (CYDEV_BOOTLOADER_ENABLE)
 298:.\Generated_Source\PSoC4/Cm0Start.c ****         CyBtldr_CheckLaunch();
 299:.\Generated_Source\PSoC4/Cm0Start.c ****     #endif /* CYDEV_BOOTLOADER_ENABLE */
 300:.\Generated_Source\PSoC4/Cm0Start.c ****     Start_c();
 242              		.loc 1 300 0
 243 0004 FFF7FEFF 		bl	Start_c
 244              		.cfi_endproc
 245              	.LFE3:
 246              		.size	Reset, .-Reset
 247              		.global	CyRamVectors
 248              		.section	.ramvectors,"aw",%progbits
 249              		.align	2
 250              		.type	CyRamVectors, %object
 251              		.size	CyRamVectors, 192
 252              	CyRamVectors:
 253 0000 00000000 		.space	192
 253      00000000 
 253      00000000 
 253      00000000 
 253      00000000 
 254              		.global	RomVectors
 255              		.section	.romvectors,"a",%progbits
 256              		.align	2
 257              		.type	RomVectors, %object
 258              		.size	RomVectors, 16
 259              	RomVectors:
 260 0000 00000000 		.word	__cy_stack
ARM GAS  C:\Users\Sam\AppData\Local\Temp\cccRh3Ca.s 			page 11


 261 0004 00000000 		.word	Reset
 262 0008 00000000 		.word	IntDefaultHandler
 263 000c 00000000 		.word	IntDefaultHandler
 264              		.section	.text.initialize_psoc,"ax",%progbits
 265              		.align	2
 266              		.global	initialize_psoc
 267              		.code	16
 268              		.thumb_func
 269              		.type	initialize_psoc, %function
 270              	initialize_psoc:
 271              	.LFB4:
 301:.\Generated_Source\PSoC4/Cm0Start.c **** }
 302:.\Generated_Source\PSoC4/Cm0Start.c **** 
 303:.\Generated_Source\PSoC4/Cm0Start.c **** #elif defined (__ICCARM__)
 304:.\Generated_Source\PSoC4/Cm0Start.c **** 
 305:.\Generated_Source\PSoC4/Cm0Start.c **** 
 306:.\Generated_Source\PSoC4/Cm0Start.c **** /*******************************************************************************
 307:.\Generated_Source\PSoC4/Cm0Start.c **** * Function Name: __low_level_init
 308:.\Generated_Source\PSoC4/Cm0Start.c **** ********************************************************************************
 309:.\Generated_Source\PSoC4/Cm0Start.c **** *
 310:.\Generated_Source\PSoC4/Cm0Start.c **** * Summary:
 311:.\Generated_Source\PSoC4/Cm0Start.c **** *  This function perform early initializations for the IAR Embedded
 312:.\Generated_Source\PSoC4/Cm0Start.c **** *  Workbench IDE. It is executed in the context of reset interrupt handler
 313:.\Generated_Source\PSoC4/Cm0Start.c **** *  before the data sections are initialized.
 314:.\Generated_Source\PSoC4/Cm0Start.c **** *
 315:.\Generated_Source\PSoC4/Cm0Start.c **** * Parameters:
 316:.\Generated_Source\PSoC4/Cm0Start.c **** *  None
 317:.\Generated_Source\PSoC4/Cm0Start.c **** *
 318:.\Generated_Source\PSoC4/Cm0Start.c **** * Return:
 319:.\Generated_Source\PSoC4/Cm0Start.c **** *  The value that determines whether or not data sections should be initialized
 320:.\Generated_Source\PSoC4/Cm0Start.c **** *  by the system startup code:
 321:.\Generated_Source\PSoC4/Cm0Start.c **** *    0 - skip data sections initialization;
 322:.\Generated_Source\PSoC4/Cm0Start.c **** *    1 - initialize data sections;
 323:.\Generated_Source\PSoC4/Cm0Start.c **** *
 324:.\Generated_Source\PSoC4/Cm0Start.c **** *******************************************************************************/
 325:.\Generated_Source\PSoC4/Cm0Start.c **** int __low_level_init(void)
 326:.\Generated_Source\PSoC4/Cm0Start.c **** {
 327:.\Generated_Source\PSoC4/Cm0Start.c **** #if (CYDEV_BOOTLOADER_ENABLE)
 328:.\Generated_Source\PSoC4/Cm0Start.c ****     CyBtldr_CheckLaunch();
 329:.\Generated_Source\PSoC4/Cm0Start.c **** #endif /* CYDEV_BOOTLOADER_ENABLE */
 330:.\Generated_Source\PSoC4/Cm0Start.c **** 
 331:.\Generated_Source\PSoC4/Cm0Start.c ****     /* Initialize data sections */
 332:.\Generated_Source\PSoC4/Cm0Start.c ****     __iar_data_init3();
 333:.\Generated_Source\PSoC4/Cm0Start.c **** 
 334:.\Generated_Source\PSoC4/Cm0Start.c ****     initialize_psoc();
 335:.\Generated_Source\PSoC4/Cm0Start.c **** 
 336:.\Generated_Source\PSoC4/Cm0Start.c ****     return 0;
 337:.\Generated_Source\PSoC4/Cm0Start.c **** }
 338:.\Generated_Source\PSoC4/Cm0Start.c **** 
 339:.\Generated_Source\PSoC4/Cm0Start.c **** #endif /* __GNUC__ */
 340:.\Generated_Source\PSoC4/Cm0Start.c **** 
 341:.\Generated_Source\PSoC4/Cm0Start.c **** 
 342:.\Generated_Source\PSoC4/Cm0Start.c **** /*******************************************************************************
 343:.\Generated_Source\PSoC4/Cm0Start.c **** * Ram Interrupt Vector table storage area. Must be placed at 0x20000000.
 344:.\Generated_Source\PSoC4/Cm0Start.c **** *******************************************************************************/
 345:.\Generated_Source\PSoC4/Cm0Start.c **** 
 346:.\Generated_Source\PSoC4/Cm0Start.c **** #if defined (__ICCARM__)
ARM GAS  C:\Users\Sam\AppData\Local\Temp\cccRh3Ca.s 			page 12


 347:.\Generated_Source\PSoC4/Cm0Start.c ****     #pragma location=".ramvectors"
 348:.\Generated_Source\PSoC4/Cm0Start.c **** #else
 349:.\Generated_Source\PSoC4/Cm0Start.c ****     CY_SECTION(".ramvectors")
 350:.\Generated_Source\PSoC4/Cm0Start.c **** #endif  /* defined (__ICCARM__) */
 351:.\Generated_Source\PSoC4/Cm0Start.c **** cyisraddress CyRamVectors[CY_NUM_VECTORS];
 352:.\Generated_Source\PSoC4/Cm0Start.c **** 
 353:.\Generated_Source\PSoC4/Cm0Start.c **** 
 354:.\Generated_Source\PSoC4/Cm0Start.c **** /*******************************************************************************
 355:.\Generated_Source\PSoC4/Cm0Start.c **** * Rom Interrupt Vector table storage area. Must be 256-byte aligned.
 356:.\Generated_Source\PSoC4/Cm0Start.c **** *******************************************************************************/
 357:.\Generated_Source\PSoC4/Cm0Start.c **** 
 358:.\Generated_Source\PSoC4/Cm0Start.c **** #if defined(__ARMCC_VERSION)
 359:.\Generated_Source\PSoC4/Cm0Start.c ****     /* Suppress diagnostic message 1296-D: extended constant initialiser used */
 360:.\Generated_Source\PSoC4/Cm0Start.c ****     #pragma diag_suppress 1296
 361:.\Generated_Source\PSoC4/Cm0Start.c **** #endif  /* defined(__ARMCC_VERSION) */
 362:.\Generated_Source\PSoC4/Cm0Start.c **** 
 363:.\Generated_Source\PSoC4/Cm0Start.c **** #if defined (__ICCARM__)
 364:.\Generated_Source\PSoC4/Cm0Start.c ****     #pragma location=".romvectors"
 365:.\Generated_Source\PSoC4/Cm0Start.c ****     const intvec_elem __vector_table[CY_NUM_ROM_VECTORS] =
 366:.\Generated_Source\PSoC4/Cm0Start.c **** #else
 367:.\Generated_Source\PSoC4/Cm0Start.c ****     CY_SECTION(".romvectors")
 368:.\Generated_Source\PSoC4/Cm0Start.c ****     const cyisraddress RomVectors[CY_NUM_ROM_VECTORS] =
 369:.\Generated_Source\PSoC4/Cm0Start.c **** #endif  /* defined (__ICCARM__) */
 370:.\Generated_Source\PSoC4/Cm0Start.c **** {
 371:.\Generated_Source\PSoC4/Cm0Start.c ****     INITIAL_STACK_POINTER,   /* The initial stack pointer  0 */
 372:.\Generated_Source\PSoC4/Cm0Start.c ****     #if defined (__ICCARM__) /* The reset handler          1 */
 373:.\Generated_Source\PSoC4/Cm0Start.c ****         __iar_program_start,
 374:.\Generated_Source\PSoC4/Cm0Start.c ****     #else
 375:.\Generated_Source\PSoC4/Cm0Start.c ****         (cyisraddress)&Reset,
 376:.\Generated_Source\PSoC4/Cm0Start.c ****     #endif  /* defined (__ICCARM__) */
 377:.\Generated_Source\PSoC4/Cm0Start.c ****     &IntDefaultHandler,      /* The NMI handler            2 */
 378:.\Generated_Source\PSoC4/Cm0Start.c ****     &IntDefaultHandler,      /* The hard fault handler     3 */
 379:.\Generated_Source\PSoC4/Cm0Start.c **** };
 380:.\Generated_Source\PSoC4/Cm0Start.c **** 
 381:.\Generated_Source\PSoC4/Cm0Start.c **** #if defined(__ARMCC_VERSION)
 382:.\Generated_Source\PSoC4/Cm0Start.c ****     #pragma diag_default 1296
 383:.\Generated_Source\PSoC4/Cm0Start.c **** #endif  /* defined(__ARMCC_VERSION) */
 384:.\Generated_Source\PSoC4/Cm0Start.c **** 
 385:.\Generated_Source\PSoC4/Cm0Start.c **** 
 386:.\Generated_Source\PSoC4/Cm0Start.c **** /*******************************************************************************
 387:.\Generated_Source\PSoC4/Cm0Start.c **** * Function Name: initialize_psoc
 388:.\Generated_Source\PSoC4/Cm0Start.c **** ********************************************************************************
 389:.\Generated_Source\PSoC4/Cm0Start.c **** *
 390:.\Generated_Source\PSoC4/Cm0Start.c **** * Summary:
 391:.\Generated_Source\PSoC4/Cm0Start.c **** *  This function used to initialize the PSoC chip before calling main.
 392:.\Generated_Source\PSoC4/Cm0Start.c **** *
 393:.\Generated_Source\PSoC4/Cm0Start.c **** * Parameters:
 394:.\Generated_Source\PSoC4/Cm0Start.c **** *  None
 395:.\Generated_Source\PSoC4/Cm0Start.c **** *
 396:.\Generated_Source\PSoC4/Cm0Start.c **** * Return:
 397:.\Generated_Source\PSoC4/Cm0Start.c **** *  None
 398:.\Generated_Source\PSoC4/Cm0Start.c **** *
 399:.\Generated_Source\PSoC4/Cm0Start.c **** *******************************************************************************/
 400:.\Generated_Source\PSoC4/Cm0Start.c **** #if(defined(__GNUC__) && !defined(__ARMCC_VERSION))
 401:.\Generated_Source\PSoC4/Cm0Start.c **** __attribute__ ((constructor(101)))
 402:.\Generated_Source\PSoC4/Cm0Start.c **** #endif  /* (defined(__GNUC__) && !defined(__ARMCC_VERSION)) */
 403:.\Generated_Source\PSoC4/Cm0Start.c **** void initialize_psoc(void)
ARM GAS  C:\Users\Sam\AppData\Local\Temp\cccRh3Ca.s 			page 13


 404:.\Generated_Source\PSoC4/Cm0Start.c **** {
 272              		.loc 1 404 0
 273              		.cfi_startproc
 274 0000 80B5     		push	{r7, lr}
 275              	.LCFI10:
 276              		.cfi_def_cfa_offset 8
 277              		.cfi_offset 7, -8
 278              		.cfi_offset 14, -4
 279 0002 82B0     		sub	sp, sp, #8
 280              	.LCFI11:
 281              		.cfi_def_cfa_offset 16
 282 0004 00AF     		add	r7, sp, #0
 283              	.LCFI12:
 284              		.cfi_def_cfa_register 7
 405:.\Generated_Source\PSoC4/Cm0Start.c ****     uint32 indexInit;
 406:.\Generated_Source\PSoC4/Cm0Start.c **** 
 407:.\Generated_Source\PSoC4/Cm0Start.c ****     /* Set Ram interrupt vectors to default functions. */
 408:.\Generated_Source\PSoC4/Cm0Start.c ****     for (indexInit = 0u; indexInit < CY_NUM_VECTORS; indexInit++)
 285              		.loc 1 408 0
 286 0006 0023     		mov	r3, #0
 287 0008 7B60     		str	r3, [r7, #4]
 288 000a 0FE0     		b	.L19
 289              	.L22:
 409:.\Generated_Source\PSoC4/Cm0Start.c ****     {
 410:.\Generated_Source\PSoC4/Cm0Start.c ****         CyRamVectors[indexInit] = (indexInit < CY_NUM_ROM_VECTORS) ?
 411:.\Generated_Source\PSoC4/Cm0Start.c ****             #if defined (__ICCARM__)
 412:.\Generated_Source\PSoC4/Cm0Start.c ****                 __vector_table[indexInit].__fun : &IntDefaultHandler;
 413:.\Generated_Source\PSoC4/Cm0Start.c ****             #else
 414:.\Generated_Source\PSoC4/Cm0Start.c ****                 RomVectors[indexInit] : &IntDefaultHandler;
 290              		.loc 1 414 0
 291 000c 7B68     		ldr	r3, [r7, #4]
 292 000e 032B     		cmp	r3, #3
 293 0010 04D8     		bhi	.L20
 294              		.loc 1 414 0 is_stmt 0 discriminator 1
 295 0012 0E4B     		ldr	r3, .L23
 296 0014 7A68     		ldr	r2, [r7, #4]
 297 0016 9200     		lsl	r2, r2, #2
 298 0018 D358     		ldr	r3, [r2, r3]
 299 001a 00E0     		b	.L21
 300              	.L20:
 301              		.loc 1 414 0 discriminator 2
 302 001c 0C4B     		ldr	r3, .L23+4
 303              	.L21:
 410:.\Generated_Source\PSoC4/Cm0Start.c ****         CyRamVectors[indexInit] = (indexInit < CY_NUM_ROM_VECTORS) ?
 304              		.loc 1 410 0 is_stmt 1
 305 001e 0D4A     		ldr	r2, .L23+8
 306 0020 7968     		ldr	r1, [r7, #4]
 307 0022 8900     		lsl	r1, r1, #2
 308 0024 8B50     		str	r3, [r1, r2]
 408:.\Generated_Source\PSoC4/Cm0Start.c ****     for (indexInit = 0u; indexInit < CY_NUM_VECTORS; indexInit++)
 309              		.loc 1 408 0
 310 0026 7B68     		ldr	r3, [r7, #4]
 311 0028 0133     		add	r3, r3, #1
 312 002a 7B60     		str	r3, [r7, #4]
 313              	.L19:
 408:.\Generated_Source\PSoC4/Cm0Start.c ****     for (indexInit = 0u; indexInit < CY_NUM_VECTORS; indexInit++)
 314              		.loc 1 408 0 is_stmt 0 discriminator 1
ARM GAS  C:\Users\Sam\AppData\Local\Temp\cccRh3Ca.s 			page 14


 315 002c 7B68     		ldr	r3, [r7, #4]
 316 002e 2F2B     		cmp	r3, #47
 317 0030 ECD9     		bls	.L22
 415:.\Generated_Source\PSoC4/Cm0Start.c ****             #endif  /* defined (__ICCARM__) */
 416:.\Generated_Source\PSoC4/Cm0Start.c ****     }
 417:.\Generated_Source\PSoC4/Cm0Start.c **** 
 418:.\Generated_Source\PSoC4/Cm0Start.c ****     /* Initialize the configuration registers. */
 419:.\Generated_Source\PSoC4/Cm0Start.c ****     cyfitter_cfg();
 318              		.loc 1 419 0 is_stmt 1
 319 0032 FFF7FEFF 		bl	cyfitter_cfg
 420:.\Generated_Source\PSoC4/Cm0Start.c **** 
 421:.\Generated_Source\PSoC4/Cm0Start.c ****     #if !defined (__ICCARM__)
 422:.\Generated_Source\PSoC4/Cm0Start.c ****         /* Actually, no need to clean this variable, just to make compiler happy. */
 423:.\Generated_Source\PSoC4/Cm0Start.c ****         cySysNoInitDataValid = 0u;
 320              		.loc 1 423 0
 321 0036 084B     		ldr	r3, .L23+12
 322 0038 0022     		mov	r2, #0
 323 003a 1A60     		str	r2, [r3]
 424:.\Generated_Source\PSoC4/Cm0Start.c ****     #endif  /* !defined (__ICCARM__) */
 425:.\Generated_Source\PSoC4/Cm0Start.c **** 
 426:.\Generated_Source\PSoC4/Cm0Start.c ****     #if (CYDEV_PROJ_TYPE != CYDEV_PROJ_TYPE_STANDARD)
 427:.\Generated_Source\PSoC4/Cm0Start.c **** 
 428:.\Generated_Source\PSoC4/Cm0Start.c ****         /* Need to make sure that this variable will not be optimized out */
 429:.\Generated_Source\PSoC4/Cm0Start.c ****         if (0u == cyBtldrRunType)
 430:.\Generated_Source\PSoC4/Cm0Start.c ****         {
 431:.\Generated_Source\PSoC4/Cm0Start.c ****             cyBtldrRunType = 0u;
 432:.\Generated_Source\PSoC4/Cm0Start.c ****         }
 433:.\Generated_Source\PSoC4/Cm0Start.c **** 
 434:.\Generated_Source\PSoC4/Cm0Start.c ****     #endif  /* (CYDEV_PROJ_TYPE != CYDEV_PROJ_TYPE_STANDARD) */
 435:.\Generated_Source\PSoC4/Cm0Start.c **** 
 436:.\Generated_Source\PSoC4/Cm0Start.c ****     /* Point Vector Table at the RAM vector table. */
 437:.\Generated_Source\PSoC4/Cm0Start.c ****     #if(CYDEV_CONFIG_READ_ACCELERATOR)
 438:.\Generated_Source\PSoC4/Cm0Start.c ****         *CY_CPUSS_CONFIG = 1u;
 324              		.loc 1 438 0
 325 003c 8023     		mov	r3, #128
 326 003e DB05     		lsl	r3, r3, #23
 327 0040 0122     		mov	r2, #1
 328 0042 1A60     		str	r2, [r3]
 439:.\Generated_Source\PSoC4/Cm0Start.c ****     #else
 440:.\Generated_Source\PSoC4/Cm0Start.c ****         *CY_CPUSS_CONFIG = 3u;
 441:.\Generated_Source\PSoC4/Cm0Start.c ****     #endif  /* (CYDEV_CONFIG_READ_ACCELERATOR) */
 442:.\Generated_Source\PSoC4/Cm0Start.c **** }
 329              		.loc 1 442 0
 330 0044 BD46     		mov	sp, r7
 331 0046 02B0     		add	sp, sp, #8
 332              		@ sp needed for prologue
 333 0048 80BD     		pop	{r7, pc}
 334              	.L24:
 335 004a C046     		.align	2
 336              	.L23:
 337 004c 00000000 		.word	RomVectors
 338 0050 00000000 		.word	IntDefaultHandler
 339 0054 00000000 		.word	CyRamVectors
 340 0058 00000000 		.word	cySysNoInitDataValid
 341              		.cfi_endproc
 342              	.LFE4:
 343              		.size	initialize_psoc, .-initialize_psoc
ARM GAS  C:\Users\Sam\AppData\Local\Temp\cccRh3Ca.s 			page 15


 344              		.section	.init_array,"aw",%init_array
 345              		.align	2
 346 0000 00000000 		.word	initialize_psoc(target1)
 347              		.weak	__cy_region_num
 348              		.text
 349              	.Letext0:
 350              		.file 2 ".\\Generated_Source\\PSoC4\\cytypes.h"
 351              		.file 3 "c:\\program files (x86)\\cypress\\psoc creator\\3.0\\psoc creator\\import\\gnu_cs\\arm\\4
 352              		.section	.debug_info,"",%progbits
 353              	.Ldebug_info0:
 354 0000 BA020000 		.4byte	0x2ba
 355 0004 0200     		.2byte	0x2
 356 0006 00000000 		.4byte	.Ldebug_abbrev0
 357 000a 04       		.byte	0x4
 358 000b 01       		.uleb128 0x1
 359 000c 04020000 		.4byte	.LASF37
 360 0010 01       		.byte	0x1
 361 0011 D6010000 		.4byte	.LASF38
 362 0015 D6000000 		.4byte	.LASF39
 363 0019 00000000 		.4byte	.Ldebug_ranges0+0
 364 001d 00000000 		.4byte	0
 365 0021 00000000 		.4byte	0
 366 0025 00000000 		.4byte	.Ldebug_line0
 367 0029 02       		.uleb128 0x2
 368 002a 01       		.byte	0x1
 369 002b 06       		.byte	0x6
 370 002c 56020000 		.4byte	.LASF0
 371 0030 02       		.uleb128 0x2
 372 0031 01       		.byte	0x1
 373 0032 08       		.byte	0x8
 374 0033 5E000000 		.4byte	.LASF1
 375 0037 02       		.uleb128 0x2
 376 0038 02       		.byte	0x2
 377 0039 05       		.byte	0x5
 378 003a FA010000 		.4byte	.LASF2
 379 003e 02       		.uleb128 0x2
 380 003f 02       		.byte	0x2
 381 0040 07       		.byte	0x7
 382 0041 9E000000 		.4byte	.LASF3
 383 0045 02       		.uleb128 0x2
 384 0046 04       		.byte	0x4
 385 0047 05       		.byte	0x5
 386 0048 4D020000 		.4byte	.LASF4
 387 004c 02       		.uleb128 0x2
 388 004d 04       		.byte	0x4
 389 004e 07       		.byte	0x7
 390 004f 77000000 		.4byte	.LASF5
 391 0053 02       		.uleb128 0x2
 392 0054 08       		.byte	0x8
 393 0055 05       		.byte	0x5
 394 0056 C3010000 		.4byte	.LASF6
 395 005a 02       		.uleb128 0x2
 396 005b 08       		.byte	0x8
 397 005c 07       		.byte	0x7
 398 005d 75010000 		.4byte	.LASF7
 399 0061 03       		.uleb128 0x3
 400 0062 04       		.byte	0x4
ARM GAS  C:\Users\Sam\AppData\Local\Temp\cccRh3Ca.s 			page 16


 401 0063 05       		.byte	0x5
 402 0064 696E7400 		.ascii	"int\000"
 403 0068 02       		.uleb128 0x2
 404 0069 04       		.byte	0x4
 405 006a 07       		.byte	0x7
 406 006b 68010000 		.4byte	.LASF8
 407 006f 04       		.uleb128 0x4
 408 0070 57010000 		.4byte	.LASF12
 409 0074 02       		.byte	0x2
 410 0075 5D       		.byte	0x5d
 411 0076 4C000000 		.4byte	0x4c
 412 007a 02       		.uleb128 0x2
 413 007b 04       		.byte	0x4
 414 007c 04       		.byte	0x4
 415 007d 53000000 		.4byte	.LASF9
 416 0081 02       		.uleb128 0x2
 417 0082 08       		.byte	0x8
 418 0083 04       		.byte	0x4
 419 0084 CF000000 		.4byte	.LASF10
 420 0088 02       		.uleb128 0x2
 421 0089 01       		.byte	0x1
 422 008a 08       		.byte	0x8
 423 008b D1010000 		.4byte	.LASF11
 424 008f 04       		.uleb128 0x4
 425 0090 00000000 		.4byte	.LASF13
 426 0094 02       		.byte	0x2
 427 0095 F2       		.byte	0xf2
 428 0096 9A000000 		.4byte	0x9a
 429 009a 05       		.uleb128 0x5
 430 009b 6F000000 		.4byte	0x6f
 431 009f 06       		.uleb128 0x6
 432 00a0 92010000 		.4byte	.LASF14
 433 00a4 02       		.byte	0x2
 434 00a5 0201     		.2byte	0x102
 435 00a7 AB000000 		.4byte	0xab
 436 00ab 07       		.uleb128 0x7
 437 00ac 04       		.byte	0x4
 438 00ad B1000000 		.4byte	0xb1
 439 00b1 08       		.uleb128 0x8
 440 00b2 01       		.byte	0x1
 441 00b3 02       		.uleb128 0x2
 442 00b4 04       		.byte	0x4
 443 00b5 07       		.byte	0x7
 444 00b6 BA010000 		.4byte	.LASF15
 445 00ba 09       		.uleb128 0x9
 446 00bb 88000000 		.4byte	0x88
 447 00bf 04       		.uleb128 0x4
 448 00c0 06000000 		.4byte	.LASF16
 449 00c4 03       		.byte	0x3
 450 00c5 D5       		.byte	0xd5
 451 00c6 68000000 		.4byte	0x68
 452 00ca 04       		.uleb128 0x4
 453 00cb A9010000 		.4byte	.LASF17
 454 00cf 01       		.byte	0x1
 455 00d0 C0       		.byte	0xc0
 456 00d1 30000000 		.4byte	0x30
 457 00d5 0A       		.uleb128 0xa
ARM GAS  C:\Users\Sam\AppData\Local\Temp\cccRh3Ca.s 			page 17


 458 00d6 77020000 		.4byte	.LASF40
 459 00da 10       		.byte	0x10
 460 00db 01       		.byte	0x1
 461 00dc C2       		.byte	0xc2
 462 00dd 1A010000 		.4byte	0x11a
 463 00e1 0B       		.uleb128 0xb
 464 00e2 38000000 		.4byte	.LASF18
 465 00e6 01       		.byte	0x1
 466 00e7 C4       		.byte	0xc4
 467 00e8 1A010000 		.4byte	0x11a
 468 00ec 02       		.byte	0x2
 469 00ed 23       		.byte	0x23
 470 00ee 00       		.uleb128 0
 471 00ef 0B       		.uleb128 0xb
 472 00f0 59000000 		.4byte	.LASF19
 473 00f4 01       		.byte	0x1
 474 00f5 C5       		.byte	0xc5
 475 00f6 1A010000 		.4byte	0x11a
 476 00fa 02       		.byte	0x2
 477 00fb 23       		.byte	0x23
 478 00fc 04       		.uleb128 0x4
 479 00fd 0B       		.uleb128 0xb
 480 00fe 9F010000 		.4byte	.LASF20
 481 0102 01       		.byte	0x1
 482 0103 C6       		.byte	0xc6
 483 0104 BF000000 		.4byte	0xbf
 484 0108 02       		.byte	0x2
 485 0109 23       		.byte	0x23
 486 010a 08       		.uleb128 0x8
 487 010b 0B       		.uleb128 0xb
 488 010c 44000000 		.4byte	.LASF21
 489 0110 01       		.byte	0x1
 490 0111 C7       		.byte	0xc7
 491 0112 BF000000 		.4byte	0xbf
 492 0116 02       		.byte	0x2
 493 0117 23       		.byte	0x23
 494 0118 0C       		.uleb128 0xc
 495 0119 00       		.byte	0
 496 011a 07       		.uleb128 0x7
 497 011b 04       		.byte	0x4
 498 011c CA000000 		.4byte	0xca
 499 0120 0C       		.uleb128 0xc
 500 0121 01       		.byte	0x1
 501 0122 BD000000 		.4byte	.LASF28
 502 0126 01       		.byte	0x1
 503 0127 5D       		.byte	0x5d
 504 0128 01       		.byte	0x1
 505 0129 00000000 		.4byte	.LFB0
 506 012d 06000000 		.4byte	.LFE0
 507 0131 00000000 		.4byte	.LLST0
 508 0135 01       		.byte	0x1
 509 0136 0D       		.uleb128 0xd
 510 0137 01       		.byte	0x1
 511 0138 B7000000 		.4byte	.LASF22
 512 013c 01       		.byte	0x1
 513 013d CF       		.byte	0xcf
 514 013e 01       		.byte	0x1
ARM GAS  C:\Users\Sam\AppData\Local\Temp\cccRh3Ca.s 			page 18


 515 013f 00000000 		.4byte	.LFB1
 516 0143 28000000 		.4byte	.LFE1
 517 0147 2C000000 		.4byte	.LLST1
 518 014b 01       		.byte	0x1
 519 014c 6B010000 		.4byte	0x16b
 520 0150 0E       		.uleb128 0xe
 521 0151 3D000000 		.4byte	.LASF41
 522 0155 01       		.byte	0x1
 523 0156 CF       		.byte	0xcf
 524 0157 61000000 		.4byte	0x61
 525 015b 02       		.byte	0x2
 526 015c 91       		.byte	0x91
 527 015d 6C       		.sleb128 -20
 528 015e 0F       		.uleb128 0xf
 529 015f 7800     		.ascii	"x\000"
 530 0161 01       		.byte	0x1
 531 0162 D2       		.byte	0xd2
 532 0163 61000000 		.4byte	0x61
 533 0167 02       		.byte	0x2
 534 0168 91       		.byte	0x91
 535 0169 74       		.sleb128 -12
 536 016a 00       		.byte	0
 537 016b 0D       		.uleb128 0xd
 538 016c 01       		.byte	0x1
 539 016d 1A000000 		.4byte	.LASF23
 540 0171 01       		.byte	0x1
 541 0172 EC       		.byte	0xec
 542 0173 01       		.byte	0x1
 543 0174 00000000 		.4byte	.LFB2
 544 0178 A4000000 		.4byte	.LFE2
 545 017c 64000000 		.4byte	.LLST2
 546 0180 01       		.byte	0x1
 547 0181 E4010000 		.4byte	0x1e4
 548 0185 10       		.uleb128 0x10
 549 0186 6F020000 		.4byte	.LASF24
 550 018a 01       		.byte	0x1
 551 018b EE       		.byte	0xee
 552 018c 68000000 		.4byte	0x68
 553 0190 02       		.byte	0x2
 554 0191 91       		.byte	0x91
 555 0192 74       		.sleb128 -12
 556 0193 10       		.uleb128 0x10
 557 0194 4E000000 		.4byte	.LASF25
 558 0198 01       		.byte	0x1
 559 0199 EF       		.byte	0xef
 560 019a E4010000 		.4byte	0x1e4
 561 019e 02       		.byte	0x2
 562 019f 91       		.byte	0x91
 563 01a0 70       		.sleb128 -16
 564 01a1 11       		.uleb128 0x11
 565 01a2 18000000 		.4byte	.LBB2
 566 01a6 78000000 		.4byte	.LBE2
 567 01aa 0F       		.uleb128 0xf
 568 01ab 73726300 		.ascii	"src\000"
 569 01af 01       		.byte	0x1
 570 01b0 F4       		.byte	0xf4
 571 01b1 EF010000 		.4byte	0x1ef
ARM GAS  C:\Users\Sam\AppData\Local\Temp\cccRh3Ca.s 			page 19


 572 01b5 02       		.byte	0x2
 573 01b6 91       		.byte	0x91
 574 01b7 6C       		.sleb128 -20
 575 01b8 0F       		.uleb128 0xf
 576 01b9 64737400 		.ascii	"dst\000"
 577 01bd 01       		.byte	0x1
 578 01be F5       		.byte	0xf5
 579 01bf EF010000 		.4byte	0x1ef
 580 01c3 02       		.byte	0x2
 581 01c4 91       		.byte	0x91
 582 01c5 68       		.sleb128 -24
 583 01c6 10       		.uleb128 0x10
 584 01c7 8C010000 		.4byte	.LASF26
 585 01cb 01       		.byte	0x1
 586 01cc F6       		.byte	0xf6
 587 01cd 68000000 		.4byte	0x68
 588 01d1 02       		.byte	0x2
 589 01d2 91       		.byte	0x91
 590 01d3 60       		.sleb128 -32
 591 01d4 10       		.uleb128 0x10
 592 01d5 22000000 		.4byte	.LASF27
 593 01d9 01       		.byte	0x1
 594 01da F7       		.byte	0xf7
 595 01db 68000000 		.4byte	0x68
 596 01df 02       		.byte	0x2
 597 01e0 91       		.byte	0x91
 598 01e1 64       		.sleb128 -28
 599 01e2 00       		.byte	0
 600 01e3 00       		.byte	0
 601 01e4 07       		.uleb128 0x7
 602 01e5 04       		.byte	0x4
 603 01e6 EA010000 		.4byte	0x1ea
 604 01ea 09       		.uleb128 0x9
 605 01eb D5000000 		.4byte	0xd5
 606 01ef 07       		.uleb128 0x7
 607 01f0 04       		.byte	0x4
 608 01f1 6F000000 		.4byte	0x6f
 609 01f5 12       		.uleb128 0x12
 610 01f6 01       		.byte	0x1
 611 01f7 B1000000 		.4byte	.LASF29
 612 01fb 01       		.byte	0x1
 613 01fc 1E01     		.2byte	0x11e
 614 01fe 01       		.byte	0x1
 615 01ff 00000000 		.4byte	.LFB3
 616 0203 08000000 		.4byte	.LFE3
 617 0207 9C000000 		.4byte	.LLST3
 618 020b 01       		.byte	0x1
 619 020c 13       		.uleb128 0x13
 620 020d 01       		.byte	0x1
 621 020e 47010000 		.4byte	.LASF30
 622 0212 01       		.byte	0x1
 623 0213 9301     		.2byte	0x193
 624 0215 01       		.byte	0x1
 625 0216 00000000 		.4byte	.LFB4
 626 021a 5C000000 		.4byte	.LFE4
 627 021e C8000000 		.4byte	.LLST4
 628 0222 01       		.byte	0x1
ARM GAS  C:\Users\Sam\AppData\Local\Temp\cccRh3Ca.s 			page 20


 629 0223 37020000 		.4byte	0x237
 630 0227 14       		.uleb128 0x14
 631 0228 5E010000 		.4byte	.LASF31
 632 022c 01       		.byte	0x1
 633 022d 9501     		.2byte	0x195
 634 022f 6F000000 		.4byte	0x6f
 635 0233 02       		.byte	0x2
 636 0234 91       		.byte	0x91
 637 0235 74       		.sleb128 -12
 638 0236 00       		.byte	0
 639 0237 10       		.uleb128 0x10
 640 0238 89000000 		.4byte	.LASF32
 641 023c 01       		.byte	0x1
 642 023d 34       		.byte	0x34
 643 023e 6F000000 		.4byte	0x6f
 644 0242 05       		.byte	0x5
 645 0243 03       		.byte	0x3
 646 0244 00000000 		.4byte	cySysNoInitDataValid
 647 0248 15       		.uleb128 0x15
 648 0249 D5000000 		.4byte	0xd5
 649 024d 53020000 		.4byte	0x253
 650 0251 16       		.uleb128 0x16
 651 0252 00       		.byte	0
 652 0253 17       		.uleb128 0x17
 653 0254 62020000 		.4byte	.LASF33
 654 0258 01       		.byte	0x1
 655 0259 CA       		.byte	0xca
 656 025a 60020000 		.4byte	0x260
 657 025e 01       		.byte	0x1
 658 025f 01       		.byte	0x1
 659 0260 09       		.uleb128 0x9
 660 0261 48020000 		.4byte	0x248
 661 0265 17       		.uleb128 0x17
 662 0266 28000000 		.4byte	.LASF34
 663 026a 01       		.byte	0x1
 664 026b CB       		.byte	0xcb
 665 026c BA000000 		.4byte	0xba
 666 0270 01       		.byte	0x1
 667 0271 01       		.byte	0x1
 668 0272 15       		.uleb128 0x15
 669 0273 9F000000 		.4byte	0x9f
 670 0277 82020000 		.4byte	0x282
 671 027b 18       		.uleb128 0x18
 672 027c B3000000 		.4byte	0xb3
 673 0280 2F       		.byte	0x2f
 674 0281 00       		.byte	0
 675 0282 19       		.uleb128 0x19
 676 0283 0D000000 		.4byte	.LASF35
 677 0287 01       		.byte	0x1
 678 0288 5F01     		.2byte	0x15f
 679 028a 72020000 		.4byte	0x272
 680 028e 01       		.byte	0x1
 681 028f 05       		.byte	0x5
 682 0290 03       		.byte	0x3
 683 0291 00000000 		.4byte	CyRamVectors
 684 0295 15       		.uleb128 0x15
 685 0296 9F000000 		.4byte	0x9f
ARM GAS  C:\Users\Sam\AppData\Local\Temp\cccRh3Ca.s 			page 21


 686 029a A5020000 		.4byte	0x2a5
 687 029e 18       		.uleb128 0x18
 688 029f B3000000 		.4byte	0xb3
 689 02a3 03       		.byte	0x3
 690 02a4 00       		.byte	0
 691 02a5 19       		.uleb128 0x19
 692 02a6 6C000000 		.4byte	.LASF36
 693 02aa 01       		.byte	0x1
 694 02ab 7001     		.2byte	0x170
 695 02ad B8020000 		.4byte	0x2b8
 696 02b1 01       		.byte	0x1
 697 02b2 05       		.byte	0x5
 698 02b3 03       		.byte	0x3
 699 02b4 00000000 		.4byte	RomVectors
 700 02b8 09       		.uleb128 0x9
 701 02b9 95020000 		.4byte	0x295
 702 02bd 00       		.byte	0
 703              		.section	.debug_abbrev,"",%progbits
 704              	.Ldebug_abbrev0:
 705 0000 01       		.uleb128 0x1
 706 0001 11       		.uleb128 0x11
 707 0002 01       		.byte	0x1
 708 0003 25       		.uleb128 0x25
 709 0004 0E       		.uleb128 0xe
 710 0005 13       		.uleb128 0x13
 711 0006 0B       		.uleb128 0xb
 712 0007 03       		.uleb128 0x3
 713 0008 0E       		.uleb128 0xe
 714 0009 1B       		.uleb128 0x1b
 715 000a 0E       		.uleb128 0xe
 716 000b 55       		.uleb128 0x55
 717 000c 06       		.uleb128 0x6
 718 000d 11       		.uleb128 0x11
 719 000e 01       		.uleb128 0x1
 720 000f 52       		.uleb128 0x52
 721 0010 01       		.uleb128 0x1
 722 0011 10       		.uleb128 0x10
 723 0012 06       		.uleb128 0x6
 724 0013 00       		.byte	0
 725 0014 00       		.byte	0
 726 0015 02       		.uleb128 0x2
 727 0016 24       		.uleb128 0x24
 728 0017 00       		.byte	0
 729 0018 0B       		.uleb128 0xb
 730 0019 0B       		.uleb128 0xb
 731 001a 3E       		.uleb128 0x3e
 732 001b 0B       		.uleb128 0xb
 733 001c 03       		.uleb128 0x3
 734 001d 0E       		.uleb128 0xe
 735 001e 00       		.byte	0
 736 001f 00       		.byte	0
 737 0020 03       		.uleb128 0x3
 738 0021 24       		.uleb128 0x24
 739 0022 00       		.byte	0
 740 0023 0B       		.uleb128 0xb
 741 0024 0B       		.uleb128 0xb
 742 0025 3E       		.uleb128 0x3e
ARM GAS  C:\Users\Sam\AppData\Local\Temp\cccRh3Ca.s 			page 22


 743 0026 0B       		.uleb128 0xb
 744 0027 03       		.uleb128 0x3
 745 0028 08       		.uleb128 0x8
 746 0029 00       		.byte	0
 747 002a 00       		.byte	0
 748 002b 04       		.uleb128 0x4
 749 002c 16       		.uleb128 0x16
 750 002d 00       		.byte	0
 751 002e 03       		.uleb128 0x3
 752 002f 0E       		.uleb128 0xe
 753 0030 3A       		.uleb128 0x3a
 754 0031 0B       		.uleb128 0xb
 755 0032 3B       		.uleb128 0x3b
 756 0033 0B       		.uleb128 0xb
 757 0034 49       		.uleb128 0x49
 758 0035 13       		.uleb128 0x13
 759 0036 00       		.byte	0
 760 0037 00       		.byte	0
 761 0038 05       		.uleb128 0x5
 762 0039 35       		.uleb128 0x35
 763 003a 00       		.byte	0
 764 003b 49       		.uleb128 0x49
 765 003c 13       		.uleb128 0x13
 766 003d 00       		.byte	0
 767 003e 00       		.byte	0
 768 003f 06       		.uleb128 0x6
 769 0040 16       		.uleb128 0x16
 770 0041 00       		.byte	0
 771 0042 03       		.uleb128 0x3
 772 0043 0E       		.uleb128 0xe
 773 0044 3A       		.uleb128 0x3a
 774 0045 0B       		.uleb128 0xb
 775 0046 3B       		.uleb128 0x3b
 776 0047 05       		.uleb128 0x5
 777 0048 49       		.uleb128 0x49
 778 0049 13       		.uleb128 0x13
 779 004a 00       		.byte	0
 780 004b 00       		.byte	0
 781 004c 07       		.uleb128 0x7
 782 004d 0F       		.uleb128 0xf
 783 004e 00       		.byte	0
 784 004f 0B       		.uleb128 0xb
 785 0050 0B       		.uleb128 0xb
 786 0051 49       		.uleb128 0x49
 787 0052 13       		.uleb128 0x13
 788 0053 00       		.byte	0
 789 0054 00       		.byte	0
 790 0055 08       		.uleb128 0x8
 791 0056 15       		.uleb128 0x15
 792 0057 00       		.byte	0
 793 0058 27       		.uleb128 0x27
 794 0059 0C       		.uleb128 0xc
 795 005a 00       		.byte	0
 796 005b 00       		.byte	0
 797 005c 09       		.uleb128 0x9
 798 005d 26       		.uleb128 0x26
 799 005e 00       		.byte	0
ARM GAS  C:\Users\Sam\AppData\Local\Temp\cccRh3Ca.s 			page 23


 800 005f 49       		.uleb128 0x49
 801 0060 13       		.uleb128 0x13
 802 0061 00       		.byte	0
 803 0062 00       		.byte	0
 804 0063 0A       		.uleb128 0xa
 805 0064 13       		.uleb128 0x13
 806 0065 01       		.byte	0x1
 807 0066 03       		.uleb128 0x3
 808 0067 0E       		.uleb128 0xe
 809 0068 0B       		.uleb128 0xb
 810 0069 0B       		.uleb128 0xb
 811 006a 3A       		.uleb128 0x3a
 812 006b 0B       		.uleb128 0xb
 813 006c 3B       		.uleb128 0x3b
 814 006d 0B       		.uleb128 0xb
 815 006e 01       		.uleb128 0x1
 816 006f 13       		.uleb128 0x13
 817 0070 00       		.byte	0
 818 0071 00       		.byte	0
 819 0072 0B       		.uleb128 0xb
 820 0073 0D       		.uleb128 0xd
 821 0074 00       		.byte	0
 822 0075 03       		.uleb128 0x3
 823 0076 0E       		.uleb128 0xe
 824 0077 3A       		.uleb128 0x3a
 825 0078 0B       		.uleb128 0xb
 826 0079 3B       		.uleb128 0x3b
 827 007a 0B       		.uleb128 0xb
 828 007b 49       		.uleb128 0x49
 829 007c 13       		.uleb128 0x13
 830 007d 38       		.uleb128 0x38
 831 007e 0A       		.uleb128 0xa
 832 007f 00       		.byte	0
 833 0080 00       		.byte	0
 834 0081 0C       		.uleb128 0xc
 835 0082 2E       		.uleb128 0x2e
 836 0083 00       		.byte	0
 837 0084 3F       		.uleb128 0x3f
 838 0085 0C       		.uleb128 0xc
 839 0086 03       		.uleb128 0x3
 840 0087 0E       		.uleb128 0xe
 841 0088 3A       		.uleb128 0x3a
 842 0089 0B       		.uleb128 0xb
 843 008a 3B       		.uleb128 0x3b
 844 008b 0B       		.uleb128 0xb
 845 008c 27       		.uleb128 0x27
 846 008d 0C       		.uleb128 0xc
 847 008e 11       		.uleb128 0x11
 848 008f 01       		.uleb128 0x1
 849 0090 12       		.uleb128 0x12
 850 0091 01       		.uleb128 0x1
 851 0092 40       		.uleb128 0x40
 852 0093 06       		.uleb128 0x6
 853 0094 9742     		.uleb128 0x2117
 854 0096 0C       		.uleb128 0xc
 855 0097 00       		.byte	0
 856 0098 00       		.byte	0
ARM GAS  C:\Users\Sam\AppData\Local\Temp\cccRh3Ca.s 			page 24


 857 0099 0D       		.uleb128 0xd
 858 009a 2E       		.uleb128 0x2e
 859 009b 01       		.byte	0x1
 860 009c 3F       		.uleb128 0x3f
 861 009d 0C       		.uleb128 0xc
 862 009e 03       		.uleb128 0x3
 863 009f 0E       		.uleb128 0xe
 864 00a0 3A       		.uleb128 0x3a
 865 00a1 0B       		.uleb128 0xb
 866 00a2 3B       		.uleb128 0x3b
 867 00a3 0B       		.uleb128 0xb
 868 00a4 27       		.uleb128 0x27
 869 00a5 0C       		.uleb128 0xc
 870 00a6 11       		.uleb128 0x11
 871 00a7 01       		.uleb128 0x1
 872 00a8 12       		.uleb128 0x12
 873 00a9 01       		.uleb128 0x1
 874 00aa 40       		.uleb128 0x40
 875 00ab 06       		.uleb128 0x6
 876 00ac 9642     		.uleb128 0x2116
 877 00ae 0C       		.uleb128 0xc
 878 00af 01       		.uleb128 0x1
 879 00b0 13       		.uleb128 0x13
 880 00b1 00       		.byte	0
 881 00b2 00       		.byte	0
 882 00b3 0E       		.uleb128 0xe
 883 00b4 05       		.uleb128 0x5
 884 00b5 00       		.byte	0
 885 00b6 03       		.uleb128 0x3
 886 00b7 0E       		.uleb128 0xe
 887 00b8 3A       		.uleb128 0x3a
 888 00b9 0B       		.uleb128 0xb
 889 00ba 3B       		.uleb128 0x3b
 890 00bb 0B       		.uleb128 0xb
 891 00bc 49       		.uleb128 0x49
 892 00bd 13       		.uleb128 0x13
 893 00be 02       		.uleb128 0x2
 894 00bf 0A       		.uleb128 0xa
 895 00c0 00       		.byte	0
 896 00c1 00       		.byte	0
 897 00c2 0F       		.uleb128 0xf
 898 00c3 34       		.uleb128 0x34
 899 00c4 00       		.byte	0
 900 00c5 03       		.uleb128 0x3
 901 00c6 08       		.uleb128 0x8
 902 00c7 3A       		.uleb128 0x3a
 903 00c8 0B       		.uleb128 0xb
 904 00c9 3B       		.uleb128 0x3b
 905 00ca 0B       		.uleb128 0xb
 906 00cb 49       		.uleb128 0x49
 907 00cc 13       		.uleb128 0x13
 908 00cd 02       		.uleb128 0x2
 909 00ce 0A       		.uleb128 0xa
 910 00cf 00       		.byte	0
 911 00d0 00       		.byte	0
 912 00d1 10       		.uleb128 0x10
 913 00d2 34       		.uleb128 0x34
ARM GAS  C:\Users\Sam\AppData\Local\Temp\cccRh3Ca.s 			page 25


 914 00d3 00       		.byte	0
 915 00d4 03       		.uleb128 0x3
 916 00d5 0E       		.uleb128 0xe
 917 00d6 3A       		.uleb128 0x3a
 918 00d7 0B       		.uleb128 0xb
 919 00d8 3B       		.uleb128 0x3b
 920 00d9 0B       		.uleb128 0xb
 921 00da 49       		.uleb128 0x49
 922 00db 13       		.uleb128 0x13
 923 00dc 02       		.uleb128 0x2
 924 00dd 0A       		.uleb128 0xa
 925 00de 00       		.byte	0
 926 00df 00       		.byte	0
 927 00e0 11       		.uleb128 0x11
 928 00e1 0B       		.uleb128 0xb
 929 00e2 01       		.byte	0x1
 930 00e3 11       		.uleb128 0x11
 931 00e4 01       		.uleb128 0x1
 932 00e5 12       		.uleb128 0x12
 933 00e6 01       		.uleb128 0x1
 934 00e7 00       		.byte	0
 935 00e8 00       		.byte	0
 936 00e9 12       		.uleb128 0x12
 937 00ea 2E       		.uleb128 0x2e
 938 00eb 00       		.byte	0
 939 00ec 3F       		.uleb128 0x3f
 940 00ed 0C       		.uleb128 0xc
 941 00ee 03       		.uleb128 0x3
 942 00ef 0E       		.uleb128 0xe
 943 00f0 3A       		.uleb128 0x3a
 944 00f1 0B       		.uleb128 0xb
 945 00f2 3B       		.uleb128 0x3b
 946 00f3 05       		.uleb128 0x5
 947 00f4 27       		.uleb128 0x27
 948 00f5 0C       		.uleb128 0xc
 949 00f6 11       		.uleb128 0x11
 950 00f7 01       		.uleb128 0x1
 951 00f8 12       		.uleb128 0x12
 952 00f9 01       		.uleb128 0x1
 953 00fa 40       		.uleb128 0x40
 954 00fb 06       		.uleb128 0x6
 955 00fc 9642     		.uleb128 0x2116
 956 00fe 0C       		.uleb128 0xc
 957 00ff 00       		.byte	0
 958 0100 00       		.byte	0
 959 0101 13       		.uleb128 0x13
 960 0102 2E       		.uleb128 0x2e
 961 0103 01       		.byte	0x1
 962 0104 3F       		.uleb128 0x3f
 963 0105 0C       		.uleb128 0xc
 964 0106 03       		.uleb128 0x3
 965 0107 0E       		.uleb128 0xe
 966 0108 3A       		.uleb128 0x3a
 967 0109 0B       		.uleb128 0xb
 968 010a 3B       		.uleb128 0x3b
 969 010b 05       		.uleb128 0x5
 970 010c 27       		.uleb128 0x27
ARM GAS  C:\Users\Sam\AppData\Local\Temp\cccRh3Ca.s 			page 26


 971 010d 0C       		.uleb128 0xc
 972 010e 11       		.uleb128 0x11
 973 010f 01       		.uleb128 0x1
 974 0110 12       		.uleb128 0x12
 975 0111 01       		.uleb128 0x1
 976 0112 40       		.uleb128 0x40
 977 0113 06       		.uleb128 0x6
 978 0114 9642     		.uleb128 0x2116
 979 0116 0C       		.uleb128 0xc
 980 0117 01       		.uleb128 0x1
 981 0118 13       		.uleb128 0x13
 982 0119 00       		.byte	0
 983 011a 00       		.byte	0
 984 011b 14       		.uleb128 0x14
 985 011c 34       		.uleb128 0x34
 986 011d 00       		.byte	0
 987 011e 03       		.uleb128 0x3
 988 011f 0E       		.uleb128 0xe
 989 0120 3A       		.uleb128 0x3a
 990 0121 0B       		.uleb128 0xb
 991 0122 3B       		.uleb128 0x3b
 992 0123 05       		.uleb128 0x5
 993 0124 49       		.uleb128 0x49
 994 0125 13       		.uleb128 0x13
 995 0126 02       		.uleb128 0x2
 996 0127 0A       		.uleb128 0xa
 997 0128 00       		.byte	0
 998 0129 00       		.byte	0
 999 012a 15       		.uleb128 0x15
 1000 012b 01       		.uleb128 0x1
 1001 012c 01       		.byte	0x1
 1002 012d 49       		.uleb128 0x49
 1003 012e 13       		.uleb128 0x13
 1004 012f 01       		.uleb128 0x1
 1005 0130 13       		.uleb128 0x13
 1006 0131 00       		.byte	0
 1007 0132 00       		.byte	0
 1008 0133 16       		.uleb128 0x16
 1009 0134 21       		.uleb128 0x21
 1010 0135 00       		.byte	0
 1011 0136 00       		.byte	0
 1012 0137 00       		.byte	0
 1013 0138 17       		.uleb128 0x17
 1014 0139 34       		.uleb128 0x34
 1015 013a 00       		.byte	0
 1016 013b 03       		.uleb128 0x3
 1017 013c 0E       		.uleb128 0xe
 1018 013d 3A       		.uleb128 0x3a
 1019 013e 0B       		.uleb128 0xb
 1020 013f 3B       		.uleb128 0x3b
 1021 0140 0B       		.uleb128 0xb
 1022 0141 49       		.uleb128 0x49
 1023 0142 13       		.uleb128 0x13
 1024 0143 3F       		.uleb128 0x3f
 1025 0144 0C       		.uleb128 0xc
 1026 0145 3C       		.uleb128 0x3c
 1027 0146 0C       		.uleb128 0xc
ARM GAS  C:\Users\Sam\AppData\Local\Temp\cccRh3Ca.s 			page 27


 1028 0147 00       		.byte	0
 1029 0148 00       		.byte	0
 1030 0149 18       		.uleb128 0x18
 1031 014a 21       		.uleb128 0x21
 1032 014b 00       		.byte	0
 1033 014c 49       		.uleb128 0x49
 1034 014d 13       		.uleb128 0x13
 1035 014e 2F       		.uleb128 0x2f
 1036 014f 0B       		.uleb128 0xb
 1037 0150 00       		.byte	0
 1038 0151 00       		.byte	0
 1039 0152 19       		.uleb128 0x19
 1040 0153 34       		.uleb128 0x34
 1041 0154 00       		.byte	0
 1042 0155 03       		.uleb128 0x3
 1043 0156 0E       		.uleb128 0xe
 1044 0157 3A       		.uleb128 0x3a
 1045 0158 0B       		.uleb128 0xb
 1046 0159 3B       		.uleb128 0x3b
 1047 015a 05       		.uleb128 0x5
 1048 015b 49       		.uleb128 0x49
 1049 015c 13       		.uleb128 0x13
 1050 015d 3F       		.uleb128 0x3f
 1051 015e 0C       		.uleb128 0xc
 1052 015f 02       		.uleb128 0x2
 1053 0160 0A       		.uleb128 0xa
 1054 0161 00       		.byte	0
 1055 0162 00       		.byte	0
 1056 0163 00       		.byte	0
 1057              		.section	.debug_loc,"",%progbits
 1058              	.Ldebug_loc0:
 1059              	.LLST0:
 1060 0000 00000000 		.4byte	.LFB0
 1061 0004 02000000 		.4byte	.LCFI0
 1062 0008 0200     		.2byte	0x2
 1063 000a 7D       		.byte	0x7d
 1064 000b 00       		.sleb128 0
 1065 000c 02000000 		.4byte	.LCFI0
 1066 0010 04000000 		.4byte	.LCFI1
 1067 0014 0200     		.2byte	0x2
 1068 0016 7D       		.byte	0x7d
 1069 0017 08       		.sleb128 8
 1070 0018 04000000 		.4byte	.LCFI1
 1071 001c 06000000 		.4byte	.LFE0
 1072 0020 0200     		.2byte	0x2
 1073 0022 77       		.byte	0x77
 1074 0023 08       		.sleb128 8
 1075 0024 00000000 		.4byte	0
 1076 0028 00000000 		.4byte	0
 1077              	.LLST1:
 1078 002c 00000000 		.4byte	.LFB1
 1079 0030 02000000 		.4byte	.LCFI2
 1080 0034 0200     		.2byte	0x2
 1081 0036 7D       		.byte	0x7d
 1082 0037 00       		.sleb128 0
 1083 0038 02000000 		.4byte	.LCFI2
 1084 003c 04000000 		.4byte	.LCFI3
ARM GAS  C:\Users\Sam\AppData\Local\Temp\cccRh3Ca.s 			page 28


 1085 0040 0200     		.2byte	0x2
 1086 0042 7D       		.byte	0x7d
 1087 0043 08       		.sleb128 8
 1088 0044 04000000 		.4byte	.LCFI3
 1089 0048 06000000 		.4byte	.LCFI4
 1090 004c 0200     		.2byte	0x2
 1091 004e 7D       		.byte	0x7d
 1092 004f 18       		.sleb128 24
 1093 0050 06000000 		.4byte	.LCFI4
 1094 0054 28000000 		.4byte	.LFE1
 1095 0058 0200     		.2byte	0x2
 1096 005a 77       		.byte	0x77
 1097 005b 18       		.sleb128 24
 1098 005c 00000000 		.4byte	0
 1099 0060 00000000 		.4byte	0
 1100              	.LLST2:
 1101 0064 00000000 		.4byte	.LFB2
 1102 0068 02000000 		.4byte	.LCFI5
 1103 006c 0200     		.2byte	0x2
 1104 006e 7D       		.byte	0x7d
 1105 006f 00       		.sleb128 0
 1106 0070 02000000 		.4byte	.LCFI5
 1107 0074 04000000 		.4byte	.LCFI6
 1108 0078 0200     		.2byte	0x2
 1109 007a 7D       		.byte	0x7d
 1110 007b 08       		.sleb128 8
 1111 007c 04000000 		.4byte	.LCFI6
 1112 0080 06000000 		.4byte	.LCFI7
 1113 0084 0200     		.2byte	0x2
 1114 0086 7D       		.byte	0x7d
 1115 0087 20       		.sleb128 32
 1116 0088 06000000 		.4byte	.LCFI7
 1117 008c A4000000 		.4byte	.LFE2
 1118 0090 0200     		.2byte	0x2
 1119 0092 77       		.byte	0x77
 1120 0093 20       		.sleb128 32
 1121 0094 00000000 		.4byte	0
 1122 0098 00000000 		.4byte	0
 1123              	.LLST3:
 1124 009c 00000000 		.4byte	.LFB3
 1125 00a0 02000000 		.4byte	.LCFI8
 1126 00a4 0200     		.2byte	0x2
 1127 00a6 7D       		.byte	0x7d
 1128 00a7 00       		.sleb128 0
 1129 00a8 02000000 		.4byte	.LCFI8
 1130 00ac 04000000 		.4byte	.LCFI9
 1131 00b0 0200     		.2byte	0x2
 1132 00b2 7D       		.byte	0x7d
 1133 00b3 08       		.sleb128 8
 1134 00b4 04000000 		.4byte	.LCFI9
 1135 00b8 08000000 		.4byte	.LFE3
 1136 00bc 0200     		.2byte	0x2
 1137 00be 77       		.byte	0x77
 1138 00bf 08       		.sleb128 8
 1139 00c0 00000000 		.4byte	0
 1140 00c4 00000000 		.4byte	0
 1141              	.LLST4:
ARM GAS  C:\Users\Sam\AppData\Local\Temp\cccRh3Ca.s 			page 29


 1142 00c8 00000000 		.4byte	.LFB4
 1143 00cc 02000000 		.4byte	.LCFI10
 1144 00d0 0200     		.2byte	0x2
 1145 00d2 7D       		.byte	0x7d
 1146 00d3 00       		.sleb128 0
 1147 00d4 02000000 		.4byte	.LCFI10
 1148 00d8 04000000 		.4byte	.LCFI11
 1149 00dc 0200     		.2byte	0x2
 1150 00de 7D       		.byte	0x7d
 1151 00df 08       		.sleb128 8
 1152 00e0 04000000 		.4byte	.LCFI11
 1153 00e4 06000000 		.4byte	.LCFI12
 1154 00e8 0200     		.2byte	0x2
 1155 00ea 7D       		.byte	0x7d
 1156 00eb 10       		.sleb128 16
 1157 00ec 06000000 		.4byte	.LCFI12
 1158 00f0 5C000000 		.4byte	.LFE4
 1159 00f4 0200     		.2byte	0x2
 1160 00f6 77       		.byte	0x77
 1161 00f7 10       		.sleb128 16
 1162 00f8 00000000 		.4byte	0
 1163 00fc 00000000 		.4byte	0
 1164              		.section	.debug_aranges,"",%progbits
 1165 0000 3C000000 		.4byte	0x3c
 1166 0004 0200     		.2byte	0x2
 1167 0006 00000000 		.4byte	.Ldebug_info0
 1168 000a 04       		.byte	0x4
 1169 000b 00       		.byte	0
 1170 000c 0000     		.2byte	0
 1171 000e 0000     		.2byte	0
 1172 0010 00000000 		.4byte	.LFB0
 1173 0014 06000000 		.4byte	.LFE0-.LFB0
 1174 0018 00000000 		.4byte	.LFB1
 1175 001c 28000000 		.4byte	.LFE1-.LFB1
 1176 0020 00000000 		.4byte	.LFB2
 1177 0024 A4000000 		.4byte	.LFE2-.LFB2
 1178 0028 00000000 		.4byte	.LFB3
 1179 002c 08000000 		.4byte	.LFE3-.LFB3
 1180 0030 00000000 		.4byte	.LFB4
 1181 0034 5C000000 		.4byte	.LFE4-.LFB4
 1182 0038 00000000 		.4byte	0
 1183 003c 00000000 		.4byte	0
 1184              		.section	.debug_ranges,"",%progbits
 1185              	.Ldebug_ranges0:
 1186 0000 00000000 		.4byte	.LFB0
 1187 0004 06000000 		.4byte	.LFE0
 1188 0008 00000000 		.4byte	.LFB1
 1189 000c 28000000 		.4byte	.LFE1
 1190 0010 00000000 		.4byte	.LFB2
 1191 0014 A4000000 		.4byte	.LFE2
 1192 0018 00000000 		.4byte	.LFB3
 1193 001c 08000000 		.4byte	.LFE3
 1194 0020 00000000 		.4byte	.LFB4
 1195 0024 5C000000 		.4byte	.LFE4
 1196 0028 00000000 		.4byte	0
 1197 002c 00000000 		.4byte	0
 1198              		.section	.debug_line,"",%progbits
ARM GAS  C:\Users\Sam\AppData\Local\Temp\cccRh3Ca.s 			page 30


 1199              	.Ldebug_line0:
 1200 0000 95010000 		.section	.debug_str,"MS",%progbits,1
 1200      0200D300 
 1200      00000201 
 1200      FB0E0D00 
 1200      01010101 
 1201              	.LASF13:
 1202 0000 72656733 		.ascii	"reg32\000"
 1202      3200
 1203              	.LASF16:
 1204 0006 73697A65 		.ascii	"size_t\000"
 1204      5F7400
 1205              	.LASF35:
 1206 000d 43795261 		.ascii	"CyRamVectors\000"
 1206      6D566563 
 1206      746F7273 
 1206      00
 1207              	.LASF23:
 1208 001a 53746172 		.ascii	"Start_c\000"
 1208      745F6300 
 1209              	.LASF27:
 1210 0022 636F756E 		.ascii	"count\000"
 1210      7400
 1211              	.LASF34:
 1212 0028 5F5F6379 		.ascii	"__cy_region_num\000"
 1212      5F726567 
 1212      696F6E5F 
 1212      6E756D00 
 1213              	.LASF18:
 1214 0038 696E6974 		.ascii	"init\000"
 1214      00
 1215              	.LASF41:
 1216 003d 73746174 		.ascii	"status\000"
 1216      757300
 1217              	.LASF21:
 1218 0044 7A65726F 		.ascii	"zero_size\000"
 1218      5F73697A 
 1218      6500
 1219              	.LASF25:
 1220 004e 72707472 		.ascii	"rptr\000"
 1220      00
 1221              	.LASF9:
 1222 0053 666C6F61 		.ascii	"float\000"
 1222      7400
 1223              	.LASF19:
 1224 0059 64617461 		.ascii	"data\000"
 1224      00
 1225              	.LASF1:
 1226 005e 756E7369 		.ascii	"unsigned char\000"
 1226      676E6564 
 1226      20636861 
 1226      7200
 1227              	.LASF36:
 1228 006c 526F6D56 		.ascii	"RomVectors\000"
 1228      6563746F 
 1228      727300
 1229              	.LASF5:
ARM GAS  C:\Users\Sam\AppData\Local\Temp\cccRh3Ca.s 			page 31


 1230 0077 6C6F6E67 		.ascii	"long unsigned int\000"
 1230      20756E73 
 1230      69676E65 
 1230      6420696E 
 1230      7400
 1231              	.LASF32:
 1232 0089 63795379 		.ascii	"cySysNoInitDataValid\000"
 1232      734E6F49 
 1232      6E697444 
 1232      61746156 
 1232      616C6964 
 1233              	.LASF3:
 1234 009e 73686F72 		.ascii	"short unsigned int\000"
 1234      7420756E 
 1234      7369676E 
 1234      65642069 
 1234      6E7400
 1235              	.LASF29:
 1236 00b1 52657365 		.ascii	"Reset\000"
 1236      7400
 1237              	.LASF22:
 1238 00b7 5F657869 		.ascii	"_exit\000"
 1238      7400
 1239              	.LASF28:
 1240 00bd 496E7444 		.ascii	"IntDefaultHandler\000"
 1240      65666175 
 1240      6C744861 
 1240      6E646C65 
 1240      7200
 1241              	.LASF10:
 1242 00cf 646F7562 		.ascii	"double\000"
 1242      6C6500
 1243              	.LASF39:
 1244 00d6 433A5C55 		.ascii	"C:\\Users\\Sam\\Dropbox\\Work\\2014\\PSoC 4 Modbus "
 1244      73657273 
 1244      5C53616D 
 1244      5C44726F 
 1244      70626F78 
 1245 0103 536C6176 		.ascii	"Slave\\PSoC 4 Pioneer Modbus Slave\\PSoC 4 Pioneer "
 1245      655C5053 
 1245      6F432034 
 1245      2050696F 
 1245      6E656572 
 1246 0134 4D6F6462 		.ascii	"Modbus Slave.cydsn\000"
 1246      75732053 
 1246      6C617665 
 1246      2E637964 
 1246      736E00
 1247              	.LASF30:
 1248 0147 696E6974 		.ascii	"initialize_psoc\000"
 1248      69616C69 
 1248      7A655F70 
 1248      736F6300 
 1249              	.LASF12:
 1250 0157 75696E74 		.ascii	"uint32\000"
 1250      333200
 1251              	.LASF31:
ARM GAS  C:\Users\Sam\AppData\Local\Temp\cccRh3Ca.s 			page 32


 1252 015e 696E6465 		.ascii	"indexInit\000"
 1252      78496E69 
 1252      7400
 1253              	.LASF8:
 1254 0168 756E7369 		.ascii	"unsigned int\000"
 1254      676E6564 
 1254      20696E74 
 1254      00
 1255              	.LASF7:
 1256 0175 6C6F6E67 		.ascii	"long long unsigned int\000"
 1256      206C6F6E 
 1256      6720756E 
 1256      7369676E 
 1256      65642069 
 1257              	.LASF26:
 1258 018c 6C696D69 		.ascii	"limit\000"
 1258      7400
 1259              	.LASF14:
 1260 0192 63796973 		.ascii	"cyisraddress\000"
 1260      72616464 
 1260      72657373 
 1260      00
 1261              	.LASF20:
 1262 019f 696E6974 		.ascii	"init_size\000"
 1262      5F73697A 
 1262      6500
 1263              	.LASF17:
 1264 01a9 5F5F6379 		.ascii	"__cy_byte_align8\000"
 1264      5F627974 
 1264      655F616C 
 1264      69676E38 
 1264      00
 1265              	.LASF15:
 1266 01ba 73697A65 		.ascii	"sizetype\000"
 1266      74797065 
 1266      00
 1267              	.LASF6:
 1268 01c3 6C6F6E67 		.ascii	"long long int\000"
 1268      206C6F6E 
 1268      6720696E 
 1268      7400
 1269              	.LASF11:
 1270 01d1 63686172 		.ascii	"char\000"
 1270      00
 1271              	.LASF38:
 1272 01d6 2E5C4765 		.ascii	".\\Generated_Source\\PSoC4\\Cm0Start.c\000"
 1272      6E657261 
 1272      7465645F 
 1272      536F7572 
 1272      63655C50 
 1273              	.LASF2:
 1274 01fa 73686F72 		.ascii	"short int\000"
 1274      7420696E 
 1274      7400
 1275              	.LASF37:
 1276 0204 474E5520 		.ascii	"GNU C 4.7.3 20130312 (release) [ARM/embedded-4_7-br"
 1276      4320342E 
ARM GAS  C:\Users\Sam\AppData\Local\Temp\cccRh3Ca.s 			page 33


 1276      372E3320 
 1276      32303133 
 1276      30333132 
 1277 0237 616E6368 		.ascii	"anch revision 196615]\000"
 1277      20726576 
 1277      6973696F 
 1277      6E203139 
 1277      36363135 
 1278              	.LASF4:
 1279 024d 6C6F6E67 		.ascii	"long int\000"
 1279      20696E74 
 1279      00
 1280              	.LASF0:
 1281 0256 7369676E 		.ascii	"signed char\000"
 1281      65642063 
 1281      68617200 
 1282              	.LASF33:
 1283 0262 5F5F6379 		.ascii	"__cy_regions\000"
 1283      5F726567 
 1283      696F6E73 
 1283      00
 1284              	.LASF24:
 1285 026f 72656769 		.ascii	"regions\000"
 1285      6F6E7300 
 1286              	.LASF40:
 1287 0277 5F5F6379 		.ascii	"__cy_region\000"
 1287      5F726567 
 1287      696F6E00 
 1288              		.ident	"GCC: (GNU Tools for ARM Embedded Processors) 4.7.3 20130312 (release) [ARM/embedded-4_7-br
