ARM GAS  C:\Users\Sam\AppData\Local\Temp\ccraiRdy.s 			page 1


   1              		.cpu cortex-m0
   2              		.fpu softvfp
   3              		.eabi_attribute 20, 1
   4              		.eabi_attribute 21, 1
   5              		.eabi_attribute 23, 3
   6              		.eabi_attribute 24, 1
   7              		.eabi_attribute 25, 1
   8              		.eabi_attribute 26, 1
   9              		.eabi_attribute 30, 6
  10              		.eabi_attribute 34, 0
  11              		.eabi_attribute 18, 4
  12              		.code	16
  13              		.file	"UART_SCB_IRQ.c"
  14              		.text
  15              	.Ltext0:
  16              		.cfi_sections	.debug_frame
  17              		.section	.text.UART_SCB_IRQ_Start,"ax",%progbits
  18              		.align	2
  19              		.global	UART_SCB_IRQ_Start
  20              		.code	16
  21              		.thumb_func
  22              		.type	UART_SCB_IRQ_Start, %function
  23              	UART_SCB_IRQ_Start:
  24              	.LFB0:
  25              		.file 1 ".\\Generated_Source\\PSoC4\\UART_SCB_IRQ.c"
   1:.\Generated_Source\PSoC4/UART_SCB_IRQ.c **** /*******************************************************************************
   2:.\Generated_Source\PSoC4/UART_SCB_IRQ.c **** * File Name: UART_SCB_IRQ.c  
   3:.\Generated_Source\PSoC4/UART_SCB_IRQ.c **** * Version 1.70
   4:.\Generated_Source\PSoC4/UART_SCB_IRQ.c **** *
   5:.\Generated_Source\PSoC4/UART_SCB_IRQ.c **** *  Description:
   6:.\Generated_Source\PSoC4/UART_SCB_IRQ.c **** *   API for controlling the state of an interrupt.
   7:.\Generated_Source\PSoC4/UART_SCB_IRQ.c **** *
   8:.\Generated_Source\PSoC4/UART_SCB_IRQ.c **** *
   9:.\Generated_Source\PSoC4/UART_SCB_IRQ.c **** *  Note:
  10:.\Generated_Source\PSoC4/UART_SCB_IRQ.c **** *
  11:.\Generated_Source\PSoC4/UART_SCB_IRQ.c **** ********************************************************************************
  12:.\Generated_Source\PSoC4/UART_SCB_IRQ.c **** * Copyright 2008-2012, Cypress Semiconductor Corporation.  All rights reserved.
  13:.\Generated_Source\PSoC4/UART_SCB_IRQ.c **** * You may use this file only in accordance with the license, terms, conditions, 
  14:.\Generated_Source\PSoC4/UART_SCB_IRQ.c **** * disclaimers, and limitations in the end user license agreement accompanying 
  15:.\Generated_Source\PSoC4/UART_SCB_IRQ.c **** * the software package with which this file was provided.
  16:.\Generated_Source\PSoC4/UART_SCB_IRQ.c **** *******************************************************************************/
  17:.\Generated_Source\PSoC4/UART_SCB_IRQ.c **** 
  18:.\Generated_Source\PSoC4/UART_SCB_IRQ.c **** 
  19:.\Generated_Source\PSoC4/UART_SCB_IRQ.c **** #include <cydevice_trm.h>
  20:.\Generated_Source\PSoC4/UART_SCB_IRQ.c **** #include <CyLib.h>
  21:.\Generated_Source\PSoC4/UART_SCB_IRQ.c **** #include <UART_SCB_IRQ.h>
  22:.\Generated_Source\PSoC4/UART_SCB_IRQ.c **** 
  23:.\Generated_Source\PSoC4/UART_SCB_IRQ.c **** #if !defined(UART_SCB_IRQ__REMOVED) /* Check for removal by optimization */
  24:.\Generated_Source\PSoC4/UART_SCB_IRQ.c **** 
  25:.\Generated_Source\PSoC4/UART_SCB_IRQ.c **** /*******************************************************************************
  26:.\Generated_Source\PSoC4/UART_SCB_IRQ.c **** *  Place your includes, defines and code here 
  27:.\Generated_Source\PSoC4/UART_SCB_IRQ.c **** ********************************************************************************/
  28:.\Generated_Source\PSoC4/UART_SCB_IRQ.c **** /* `#START UART_SCB_IRQ_intc` */
  29:.\Generated_Source\PSoC4/UART_SCB_IRQ.c **** 
  30:.\Generated_Source\PSoC4/UART_SCB_IRQ.c **** /* `#END` */
  31:.\Generated_Source\PSoC4/UART_SCB_IRQ.c **** 
  32:.\Generated_Source\PSoC4/UART_SCB_IRQ.c **** extern cyisraddress CyRamVectors[CYINT_IRQ_BASE + CY_NUM_INTERRUPTS];
ARM GAS  C:\Users\Sam\AppData\Local\Temp\ccraiRdy.s 			page 2


  33:.\Generated_Source\PSoC4/UART_SCB_IRQ.c **** 
  34:.\Generated_Source\PSoC4/UART_SCB_IRQ.c **** /* Declared in startup, used to set unused interrupts to. */
  35:.\Generated_Source\PSoC4/UART_SCB_IRQ.c **** CY_ISR_PROTO(IntDefaultHandler);
  36:.\Generated_Source\PSoC4/UART_SCB_IRQ.c **** 
  37:.\Generated_Source\PSoC4/UART_SCB_IRQ.c **** 
  38:.\Generated_Source\PSoC4/UART_SCB_IRQ.c **** /*******************************************************************************
  39:.\Generated_Source\PSoC4/UART_SCB_IRQ.c **** * Function Name: UART_SCB_IRQ_Start
  40:.\Generated_Source\PSoC4/UART_SCB_IRQ.c **** ********************************************************************************
  41:.\Generated_Source\PSoC4/UART_SCB_IRQ.c **** *
  42:.\Generated_Source\PSoC4/UART_SCB_IRQ.c **** * Summary:
  43:.\Generated_Source\PSoC4/UART_SCB_IRQ.c **** *  Set up the interrupt and enable it.
  44:.\Generated_Source\PSoC4/UART_SCB_IRQ.c **** *
  45:.\Generated_Source\PSoC4/UART_SCB_IRQ.c **** * Parameters:  
  46:.\Generated_Source\PSoC4/UART_SCB_IRQ.c **** *   None
  47:.\Generated_Source\PSoC4/UART_SCB_IRQ.c **** *
  48:.\Generated_Source\PSoC4/UART_SCB_IRQ.c **** * Return:
  49:.\Generated_Source\PSoC4/UART_SCB_IRQ.c **** *   None
  50:.\Generated_Source\PSoC4/UART_SCB_IRQ.c **** *
  51:.\Generated_Source\PSoC4/UART_SCB_IRQ.c **** *******************************************************************************/
  52:.\Generated_Source\PSoC4/UART_SCB_IRQ.c **** void UART_SCB_IRQ_Start(void)
  53:.\Generated_Source\PSoC4/UART_SCB_IRQ.c **** {
  26              		.loc 1 53 0
  27              		.cfi_startproc
  28 0000 80B5     		push	{r7, lr}
  29              	.LCFI0:
  30              		.cfi_def_cfa_offset 8
  31              		.cfi_offset 7, -8
  32              		.cfi_offset 14, -4
  33 0002 00AF     		add	r7, sp, #0
  34              	.LCFI1:
  35              		.cfi_def_cfa_register 7
  54:.\Generated_Source\PSoC4/UART_SCB_IRQ.c ****     /* For all we know the interrupt is active. */
  55:.\Generated_Source\PSoC4/UART_SCB_IRQ.c ****     UART_SCB_IRQ_Disable();
  36              		.loc 1 55 0
  37 0004 FFF7FEFF 		bl	UART_SCB_IRQ_Disable
  56:.\Generated_Source\PSoC4/UART_SCB_IRQ.c **** 
  57:.\Generated_Source\PSoC4/UART_SCB_IRQ.c ****     /* Set the ISR to point to the UART_SCB_IRQ Interrupt. */
  58:.\Generated_Source\PSoC4/UART_SCB_IRQ.c ****     UART_SCB_IRQ_SetVector(&UART_SCB_IRQ_Interrupt);
  38              		.loc 1 58 0
  39 0008 054B     		ldr	r3, .L2
  40 000a 181C     		mov	r0, r3
  41 000c FFF7FEFF 		bl	UART_SCB_IRQ_SetVector
  59:.\Generated_Source\PSoC4/UART_SCB_IRQ.c **** 
  60:.\Generated_Source\PSoC4/UART_SCB_IRQ.c ****     /* Set the priority. */
  61:.\Generated_Source\PSoC4/UART_SCB_IRQ.c ****     UART_SCB_IRQ_SetPriority((uint8)UART_SCB_IRQ_INTC_PRIOR_NUMBER);
  42              		.loc 1 61 0
  43 0010 0320     		mov	r0, #3
  44 0012 FFF7FEFF 		bl	UART_SCB_IRQ_SetPriority
  62:.\Generated_Source\PSoC4/UART_SCB_IRQ.c **** 
  63:.\Generated_Source\PSoC4/UART_SCB_IRQ.c ****     /* Enable it. */
  64:.\Generated_Source\PSoC4/UART_SCB_IRQ.c ****     UART_SCB_IRQ_Enable();
  45              		.loc 1 64 0
  46 0016 FFF7FEFF 		bl	UART_SCB_IRQ_Enable
  65:.\Generated_Source\PSoC4/UART_SCB_IRQ.c **** }
  47              		.loc 1 65 0
  48 001a BD46     		mov	sp, r7
  49              		@ sp needed for prologue
ARM GAS  C:\Users\Sam\AppData\Local\Temp\ccraiRdy.s 			page 3


  50 001c 80BD     		pop	{r7, pc}
  51              	.L3:
  52 001e C046     		.align	2
  53              	.L2:
  54 0020 00000000 		.word	UART_SCB_IRQ_Interrupt
  55              		.cfi_endproc
  56              	.LFE0:
  57              		.size	UART_SCB_IRQ_Start, .-UART_SCB_IRQ_Start
  58              		.section	.text.UART_SCB_IRQ_StartEx,"ax",%progbits
  59              		.align	2
  60              		.global	UART_SCB_IRQ_StartEx
  61              		.code	16
  62              		.thumb_func
  63              		.type	UART_SCB_IRQ_StartEx, %function
  64              	UART_SCB_IRQ_StartEx:
  65              	.LFB1:
  66:.\Generated_Source\PSoC4/UART_SCB_IRQ.c **** 
  67:.\Generated_Source\PSoC4/UART_SCB_IRQ.c **** 
  68:.\Generated_Source\PSoC4/UART_SCB_IRQ.c **** /*******************************************************************************
  69:.\Generated_Source\PSoC4/UART_SCB_IRQ.c **** * Function Name: UART_SCB_IRQ_StartEx
  70:.\Generated_Source\PSoC4/UART_SCB_IRQ.c **** ********************************************************************************
  71:.\Generated_Source\PSoC4/UART_SCB_IRQ.c **** *
  72:.\Generated_Source\PSoC4/UART_SCB_IRQ.c **** * Summary:
  73:.\Generated_Source\PSoC4/UART_SCB_IRQ.c **** *  Set up the interrupt and enable it.
  74:.\Generated_Source\PSoC4/UART_SCB_IRQ.c **** *
  75:.\Generated_Source\PSoC4/UART_SCB_IRQ.c **** * Parameters:  
  76:.\Generated_Source\PSoC4/UART_SCB_IRQ.c **** *   address: Address of the ISR to set in the interrupt vector table.
  77:.\Generated_Source\PSoC4/UART_SCB_IRQ.c **** *
  78:.\Generated_Source\PSoC4/UART_SCB_IRQ.c **** * Return:
  79:.\Generated_Source\PSoC4/UART_SCB_IRQ.c **** *   None
  80:.\Generated_Source\PSoC4/UART_SCB_IRQ.c **** *
  81:.\Generated_Source\PSoC4/UART_SCB_IRQ.c **** *******************************************************************************/
  82:.\Generated_Source\PSoC4/UART_SCB_IRQ.c **** void UART_SCB_IRQ_StartEx(cyisraddress address)
  83:.\Generated_Source\PSoC4/UART_SCB_IRQ.c **** {
  66              		.loc 1 83 0
  67              		.cfi_startproc
  68 0000 80B5     		push	{r7, lr}
  69              	.LCFI2:
  70              		.cfi_def_cfa_offset 8
  71              		.cfi_offset 7, -8
  72              		.cfi_offset 14, -4
  73 0002 82B0     		sub	sp, sp, #8
  74              	.LCFI3:
  75              		.cfi_def_cfa_offset 16
  76 0004 00AF     		add	r7, sp, #0
  77              	.LCFI4:
  78              		.cfi_def_cfa_register 7
  79 0006 7860     		str	r0, [r7, #4]
  84:.\Generated_Source\PSoC4/UART_SCB_IRQ.c ****     /* For all we know the interrupt is active. */
  85:.\Generated_Source\PSoC4/UART_SCB_IRQ.c ****     UART_SCB_IRQ_Disable();
  80              		.loc 1 85 0
  81 0008 FFF7FEFF 		bl	UART_SCB_IRQ_Disable
  86:.\Generated_Source\PSoC4/UART_SCB_IRQ.c **** 
  87:.\Generated_Source\PSoC4/UART_SCB_IRQ.c ****     /* Set the ISR to point to the UART_SCB_IRQ Interrupt. */
  88:.\Generated_Source\PSoC4/UART_SCB_IRQ.c ****     UART_SCB_IRQ_SetVector(address);
  82              		.loc 1 88 0
  83 000c 7B68     		ldr	r3, [r7, #4]
ARM GAS  C:\Users\Sam\AppData\Local\Temp\ccraiRdy.s 			page 4


  84 000e 181C     		mov	r0, r3
  85 0010 FFF7FEFF 		bl	UART_SCB_IRQ_SetVector
  89:.\Generated_Source\PSoC4/UART_SCB_IRQ.c **** 
  90:.\Generated_Source\PSoC4/UART_SCB_IRQ.c ****     /* Set the priority. */
  91:.\Generated_Source\PSoC4/UART_SCB_IRQ.c ****     UART_SCB_IRQ_SetPriority((uint8)UART_SCB_IRQ_INTC_PRIOR_NUMBER);
  86              		.loc 1 91 0
  87 0014 0320     		mov	r0, #3
  88 0016 FFF7FEFF 		bl	UART_SCB_IRQ_SetPriority
  92:.\Generated_Source\PSoC4/UART_SCB_IRQ.c **** 
  93:.\Generated_Source\PSoC4/UART_SCB_IRQ.c ****     /* Enable it. */
  94:.\Generated_Source\PSoC4/UART_SCB_IRQ.c ****     UART_SCB_IRQ_Enable();
  89              		.loc 1 94 0
  90 001a FFF7FEFF 		bl	UART_SCB_IRQ_Enable
  95:.\Generated_Source\PSoC4/UART_SCB_IRQ.c **** }
  91              		.loc 1 95 0
  92 001e BD46     		mov	sp, r7
  93 0020 02B0     		add	sp, sp, #8
  94              		@ sp needed for prologue
  95 0022 80BD     		pop	{r7, pc}
  96              		.cfi_endproc
  97              	.LFE1:
  98              		.size	UART_SCB_IRQ_StartEx, .-UART_SCB_IRQ_StartEx
  99              		.section	.text.UART_SCB_IRQ_Stop,"ax",%progbits
 100              		.align	2
 101              		.global	UART_SCB_IRQ_Stop
 102              		.code	16
 103              		.thumb_func
 104              		.type	UART_SCB_IRQ_Stop, %function
 105              	UART_SCB_IRQ_Stop:
 106              	.LFB2:
  96:.\Generated_Source\PSoC4/UART_SCB_IRQ.c **** 
  97:.\Generated_Source\PSoC4/UART_SCB_IRQ.c **** 
  98:.\Generated_Source\PSoC4/UART_SCB_IRQ.c **** /*******************************************************************************
  99:.\Generated_Source\PSoC4/UART_SCB_IRQ.c **** * Function Name: UART_SCB_IRQ_Stop
 100:.\Generated_Source\PSoC4/UART_SCB_IRQ.c **** ********************************************************************************
 101:.\Generated_Source\PSoC4/UART_SCB_IRQ.c **** *
 102:.\Generated_Source\PSoC4/UART_SCB_IRQ.c **** * Summary:
 103:.\Generated_Source\PSoC4/UART_SCB_IRQ.c **** *   Disables and removes the interrupt.
 104:.\Generated_Source\PSoC4/UART_SCB_IRQ.c **** *
 105:.\Generated_Source\PSoC4/UART_SCB_IRQ.c **** * Parameters:  
 106:.\Generated_Source\PSoC4/UART_SCB_IRQ.c **** *
 107:.\Generated_Source\PSoC4/UART_SCB_IRQ.c **** * Return:
 108:.\Generated_Source\PSoC4/UART_SCB_IRQ.c **** *   None
 109:.\Generated_Source\PSoC4/UART_SCB_IRQ.c **** *
 110:.\Generated_Source\PSoC4/UART_SCB_IRQ.c **** *******************************************************************************/
 111:.\Generated_Source\PSoC4/UART_SCB_IRQ.c **** void UART_SCB_IRQ_Stop(void)
 112:.\Generated_Source\PSoC4/UART_SCB_IRQ.c **** {
 107              		.loc 1 112 0
 108              		.cfi_startproc
 109 0000 80B5     		push	{r7, lr}
 110              	.LCFI5:
 111              		.cfi_def_cfa_offset 8
 112              		.cfi_offset 7, -8
 113              		.cfi_offset 14, -4
 114 0002 00AF     		add	r7, sp, #0
 115              	.LCFI6:
 116              		.cfi_def_cfa_register 7
ARM GAS  C:\Users\Sam\AppData\Local\Temp\ccraiRdy.s 			page 5


 113:.\Generated_Source\PSoC4/UART_SCB_IRQ.c ****     /* Disable this interrupt. */
 114:.\Generated_Source\PSoC4/UART_SCB_IRQ.c ****     UART_SCB_IRQ_Disable();
 117              		.loc 1 114 0
 118 0004 FFF7FEFF 		bl	UART_SCB_IRQ_Disable
 115:.\Generated_Source\PSoC4/UART_SCB_IRQ.c **** 
 116:.\Generated_Source\PSoC4/UART_SCB_IRQ.c ****     /* Set the ISR to point to the passive one. */
 117:.\Generated_Source\PSoC4/UART_SCB_IRQ.c ****     UART_SCB_IRQ_SetVector(&IntDefaultHandler);
 119              		.loc 1 117 0
 120 0008 024B     		ldr	r3, .L6
 121 000a 181C     		mov	r0, r3
 122 000c FFF7FEFF 		bl	UART_SCB_IRQ_SetVector
 118:.\Generated_Source\PSoC4/UART_SCB_IRQ.c **** }
 123              		.loc 1 118 0
 124 0010 BD46     		mov	sp, r7
 125              		@ sp needed for prologue
 126 0012 80BD     		pop	{r7, pc}
 127              	.L7:
 128              		.align	2
 129              	.L6:
 130 0014 00000000 		.word	IntDefaultHandler
 131              		.cfi_endproc
 132              	.LFE2:
 133              		.size	UART_SCB_IRQ_Stop, .-UART_SCB_IRQ_Stop
 134              		.section	.text.UART_SCB_IRQ_Interrupt,"ax",%progbits
 135              		.align	2
 136              		.global	UART_SCB_IRQ_Interrupt
 137              		.code	16
 138              		.thumb_func
 139              		.type	UART_SCB_IRQ_Interrupt, %function
 140              	UART_SCB_IRQ_Interrupt:
 141              	.LFB3:
 119:.\Generated_Source\PSoC4/UART_SCB_IRQ.c **** 
 120:.\Generated_Source\PSoC4/UART_SCB_IRQ.c **** 
 121:.\Generated_Source\PSoC4/UART_SCB_IRQ.c **** /*******************************************************************************
 122:.\Generated_Source\PSoC4/UART_SCB_IRQ.c **** * Function Name: UART_SCB_IRQ_Interrupt
 123:.\Generated_Source\PSoC4/UART_SCB_IRQ.c **** ********************************************************************************
 124:.\Generated_Source\PSoC4/UART_SCB_IRQ.c **** *
 125:.\Generated_Source\PSoC4/UART_SCB_IRQ.c **** * Summary:
 126:.\Generated_Source\PSoC4/UART_SCB_IRQ.c **** *   The default Interrupt Service Routine for UART_SCB_IRQ.
 127:.\Generated_Source\PSoC4/UART_SCB_IRQ.c **** *
 128:.\Generated_Source\PSoC4/UART_SCB_IRQ.c **** *   Add custom code between the coments to keep the next version of this file
 129:.\Generated_Source\PSoC4/UART_SCB_IRQ.c **** *   from over writting your code.
 130:.\Generated_Source\PSoC4/UART_SCB_IRQ.c **** *
 131:.\Generated_Source\PSoC4/UART_SCB_IRQ.c **** * Parameters:  
 132:.\Generated_Source\PSoC4/UART_SCB_IRQ.c **** *   None
 133:.\Generated_Source\PSoC4/UART_SCB_IRQ.c **** *
 134:.\Generated_Source\PSoC4/UART_SCB_IRQ.c **** * Return:
 135:.\Generated_Source\PSoC4/UART_SCB_IRQ.c **** *   None
 136:.\Generated_Source\PSoC4/UART_SCB_IRQ.c **** *
 137:.\Generated_Source\PSoC4/UART_SCB_IRQ.c **** *******************************************************************************/
 138:.\Generated_Source\PSoC4/UART_SCB_IRQ.c **** CY_ISR(UART_SCB_IRQ_Interrupt)
 139:.\Generated_Source\PSoC4/UART_SCB_IRQ.c **** {
 142              		.loc 1 139 0
 143              		.cfi_startproc
 144 0000 80B5     		push	{r7, lr}
 145              	.LCFI7:
 146              		.cfi_def_cfa_offset 8
ARM GAS  C:\Users\Sam\AppData\Local\Temp\ccraiRdy.s 			page 6


 147              		.cfi_offset 7, -8
 148              		.cfi_offset 14, -4
 149 0002 00AF     		add	r7, sp, #0
 150              	.LCFI8:
 151              		.cfi_def_cfa_register 7
 140:.\Generated_Source\PSoC4/UART_SCB_IRQ.c ****     /*  Place your Interrupt code here. */
 141:.\Generated_Source\PSoC4/UART_SCB_IRQ.c ****     /* `#START UART_SCB_IRQ_Interrupt` */
 142:.\Generated_Source\PSoC4/UART_SCB_IRQ.c **** 
 143:.\Generated_Source\PSoC4/UART_SCB_IRQ.c ****     /* `#END` */
 144:.\Generated_Source\PSoC4/UART_SCB_IRQ.c **** }
 152              		.loc 1 144 0
 153 0004 BD46     		mov	sp, r7
 154              		@ sp needed for prologue
 155 0006 80BD     		pop	{r7, pc}
 156              		.cfi_endproc
 157              	.LFE3:
 158              		.size	UART_SCB_IRQ_Interrupt, .-UART_SCB_IRQ_Interrupt
 159              		.section	.text.UART_SCB_IRQ_SetVector,"ax",%progbits
 160              		.align	2
 161              		.global	UART_SCB_IRQ_SetVector
 162              		.code	16
 163              		.thumb_func
 164              		.type	UART_SCB_IRQ_SetVector, %function
 165              	UART_SCB_IRQ_SetVector:
 166              	.LFB4:
 145:.\Generated_Source\PSoC4/UART_SCB_IRQ.c **** 
 146:.\Generated_Source\PSoC4/UART_SCB_IRQ.c **** 
 147:.\Generated_Source\PSoC4/UART_SCB_IRQ.c **** /*******************************************************************************
 148:.\Generated_Source\PSoC4/UART_SCB_IRQ.c **** * Function Name: UART_SCB_IRQ_SetVector
 149:.\Generated_Source\PSoC4/UART_SCB_IRQ.c **** ********************************************************************************
 150:.\Generated_Source\PSoC4/UART_SCB_IRQ.c **** *
 151:.\Generated_Source\PSoC4/UART_SCB_IRQ.c **** * Summary:
 152:.\Generated_Source\PSoC4/UART_SCB_IRQ.c **** *   Change the ISR vector for the Interrupt. Note calling UART_SCB_IRQ_Start
 153:.\Generated_Source\PSoC4/UART_SCB_IRQ.c **** *   will override any effect this method would have had. To set the vector 
 154:.\Generated_Source\PSoC4/UART_SCB_IRQ.c **** *   before the component has been started use UART_SCB_IRQ_StartEx instead.
 155:.\Generated_Source\PSoC4/UART_SCB_IRQ.c **** *
 156:.\Generated_Source\PSoC4/UART_SCB_IRQ.c **** * Parameters:
 157:.\Generated_Source\PSoC4/UART_SCB_IRQ.c **** *   address: Address of the ISR to set in the interrupt vector table.
 158:.\Generated_Source\PSoC4/UART_SCB_IRQ.c **** *
 159:.\Generated_Source\PSoC4/UART_SCB_IRQ.c **** * Return:
 160:.\Generated_Source\PSoC4/UART_SCB_IRQ.c **** *   None
 161:.\Generated_Source\PSoC4/UART_SCB_IRQ.c **** *
 162:.\Generated_Source\PSoC4/UART_SCB_IRQ.c **** *******************************************************************************/
 163:.\Generated_Source\PSoC4/UART_SCB_IRQ.c **** void UART_SCB_IRQ_SetVector(cyisraddress address)
 164:.\Generated_Source\PSoC4/UART_SCB_IRQ.c **** {
 167              		.loc 1 164 0
 168              		.cfi_startproc
 169 0000 80B5     		push	{r7, lr}
 170              	.LCFI9:
 171              		.cfi_def_cfa_offset 8
 172              		.cfi_offset 7, -8
 173              		.cfi_offset 14, -4
 174 0002 82B0     		sub	sp, sp, #8
 175              	.LCFI10:
 176              		.cfi_def_cfa_offset 16
 177 0004 00AF     		add	r7, sp, #0
 178              	.LCFI11:
ARM GAS  C:\Users\Sam\AppData\Local\Temp\ccraiRdy.s 			page 7


 179              		.cfi_def_cfa_register 7
 180 0006 7860     		str	r0, [r7, #4]
 165:.\Generated_Source\PSoC4/UART_SCB_IRQ.c ****     CyRamVectors[CYINT_IRQ_BASE + UART_SCB_IRQ__INTC_NUMBER] = address;
 181              		.loc 1 165 0
 182 0008 024B     		ldr	r3, .L10
 183 000a 7A68     		ldr	r2, [r7, #4]
 184 000c DA66     		str	r2, [r3, #108]
 166:.\Generated_Source\PSoC4/UART_SCB_IRQ.c **** }
 185              		.loc 1 166 0
 186 000e BD46     		mov	sp, r7
 187 0010 02B0     		add	sp, sp, #8
 188              		@ sp needed for prologue
 189 0012 80BD     		pop	{r7, pc}
 190              	.L11:
 191              		.align	2
 192              	.L10:
 193 0014 00000000 		.word	CyRamVectors
 194              		.cfi_endproc
 195              	.LFE4:
 196              		.size	UART_SCB_IRQ_SetVector, .-UART_SCB_IRQ_SetVector
 197              		.section	.text.UART_SCB_IRQ_GetVector,"ax",%progbits
 198              		.align	2
 199              		.global	UART_SCB_IRQ_GetVector
 200              		.code	16
 201              		.thumb_func
 202              		.type	UART_SCB_IRQ_GetVector, %function
 203              	UART_SCB_IRQ_GetVector:
 204              	.LFB5:
 167:.\Generated_Source\PSoC4/UART_SCB_IRQ.c **** 
 168:.\Generated_Source\PSoC4/UART_SCB_IRQ.c **** 
 169:.\Generated_Source\PSoC4/UART_SCB_IRQ.c **** /*******************************************************************************
 170:.\Generated_Source\PSoC4/UART_SCB_IRQ.c **** * Function Name: UART_SCB_IRQ_GetVector
 171:.\Generated_Source\PSoC4/UART_SCB_IRQ.c **** ********************************************************************************
 172:.\Generated_Source\PSoC4/UART_SCB_IRQ.c **** *
 173:.\Generated_Source\PSoC4/UART_SCB_IRQ.c **** * Summary:
 174:.\Generated_Source\PSoC4/UART_SCB_IRQ.c **** *   Gets the "address" of the current ISR vector for the Interrupt.
 175:.\Generated_Source\PSoC4/UART_SCB_IRQ.c **** *
 176:.\Generated_Source\PSoC4/UART_SCB_IRQ.c **** * Parameters:
 177:.\Generated_Source\PSoC4/UART_SCB_IRQ.c **** *   None
 178:.\Generated_Source\PSoC4/UART_SCB_IRQ.c **** *
 179:.\Generated_Source\PSoC4/UART_SCB_IRQ.c **** * Return:
 180:.\Generated_Source\PSoC4/UART_SCB_IRQ.c **** *   Address of the ISR in the interrupt vector table.
 181:.\Generated_Source\PSoC4/UART_SCB_IRQ.c **** *
 182:.\Generated_Source\PSoC4/UART_SCB_IRQ.c **** *******************************************************************************/
 183:.\Generated_Source\PSoC4/UART_SCB_IRQ.c **** cyisraddress UART_SCB_IRQ_GetVector(void)
 184:.\Generated_Source\PSoC4/UART_SCB_IRQ.c **** {
 205              		.loc 1 184 0
 206              		.cfi_startproc
 207 0000 80B5     		push	{r7, lr}
 208              	.LCFI12:
 209              		.cfi_def_cfa_offset 8
 210              		.cfi_offset 7, -8
 211              		.cfi_offset 14, -4
 212 0002 00AF     		add	r7, sp, #0
 213              	.LCFI13:
 214              		.cfi_def_cfa_register 7
 185:.\Generated_Source\PSoC4/UART_SCB_IRQ.c ****     return CyRamVectors[CYINT_IRQ_BASE + UART_SCB_IRQ__INTC_NUMBER];
ARM GAS  C:\Users\Sam\AppData\Local\Temp\ccraiRdy.s 			page 8


 215              		.loc 1 185 0
 216 0004 024B     		ldr	r3, .L14
 217 0006 DB6E     		ldr	r3, [r3, #108]
 186:.\Generated_Source\PSoC4/UART_SCB_IRQ.c **** }
 218              		.loc 1 186 0
 219 0008 181C     		mov	r0, r3
 220 000a BD46     		mov	sp, r7
 221              		@ sp needed for prologue
 222 000c 80BD     		pop	{r7, pc}
 223              	.L15:
 224 000e C046     		.align	2
 225              	.L14:
 226 0010 00000000 		.word	CyRamVectors
 227              		.cfi_endproc
 228              	.LFE5:
 229              		.size	UART_SCB_IRQ_GetVector, .-UART_SCB_IRQ_GetVector
 230              		.section	.text.UART_SCB_IRQ_SetPriority,"ax",%progbits
 231              		.align	2
 232              		.global	UART_SCB_IRQ_SetPriority
 233              		.code	16
 234              		.thumb_func
 235              		.type	UART_SCB_IRQ_SetPriority, %function
 236              	UART_SCB_IRQ_SetPriority:
 237              	.LFB6:
 187:.\Generated_Source\PSoC4/UART_SCB_IRQ.c **** 
 188:.\Generated_Source\PSoC4/UART_SCB_IRQ.c **** 
 189:.\Generated_Source\PSoC4/UART_SCB_IRQ.c **** /*******************************************************************************
 190:.\Generated_Source\PSoC4/UART_SCB_IRQ.c **** * Function Name: UART_SCB_IRQ_SetPriority
 191:.\Generated_Source\PSoC4/UART_SCB_IRQ.c **** ********************************************************************************
 192:.\Generated_Source\PSoC4/UART_SCB_IRQ.c **** *
 193:.\Generated_Source\PSoC4/UART_SCB_IRQ.c **** * Summary:
 194:.\Generated_Source\PSoC4/UART_SCB_IRQ.c **** *   Sets the Priority of the Interrupt. Note calling UART_SCB_IRQ_Start
 195:.\Generated_Source\PSoC4/UART_SCB_IRQ.c **** *   or UART_SCB_IRQ_StartEx will override any effect this method would 
 196:.\Generated_Source\PSoC4/UART_SCB_IRQ.c **** *   have had. This method should only be called after UART_SCB_IRQ_Start or 
 197:.\Generated_Source\PSoC4/UART_SCB_IRQ.c **** *   UART_SCB_IRQ_StartEx has been called. To set the initial
 198:.\Generated_Source\PSoC4/UART_SCB_IRQ.c **** *   priority for the component use the cydwr file in the tool.
 199:.\Generated_Source\PSoC4/UART_SCB_IRQ.c **** *
 200:.\Generated_Source\PSoC4/UART_SCB_IRQ.c **** * Parameters:
 201:.\Generated_Source\PSoC4/UART_SCB_IRQ.c **** *   priority: Priority of the interrupt. 0 - 3, 0 being the highest.
 202:.\Generated_Source\PSoC4/UART_SCB_IRQ.c **** *
 203:.\Generated_Source\PSoC4/UART_SCB_IRQ.c **** * Return:
 204:.\Generated_Source\PSoC4/UART_SCB_IRQ.c **** *   None
 205:.\Generated_Source\PSoC4/UART_SCB_IRQ.c **** *
 206:.\Generated_Source\PSoC4/UART_SCB_IRQ.c **** *******************************************************************************/
 207:.\Generated_Source\PSoC4/UART_SCB_IRQ.c **** void UART_SCB_IRQ_SetPriority(uint8 priority)
 208:.\Generated_Source\PSoC4/UART_SCB_IRQ.c **** {
 238              		.loc 1 208 0
 239              		.cfi_startproc
 240 0000 90B5     		push	{r4, r7, lr}
 241              	.LCFI14:
 242              		.cfi_def_cfa_offset 12
 243              		.cfi_offset 4, -12
 244              		.cfi_offset 7, -8
 245              		.cfi_offset 14, -4
 246 0002 85B0     		sub	sp, sp, #20
 247              	.LCFI15:
 248              		.cfi_def_cfa_offset 32
ARM GAS  C:\Users\Sam\AppData\Local\Temp\ccraiRdy.s 			page 9


 249 0004 00AF     		add	r7, sp, #0
 250              	.LCFI16:
 251              		.cfi_def_cfa_register 7
 252 0006 021C     		mov	r2, r0
 253 0008 FB1D     		add	r3, r7, #7
 254 000a 1A70     		strb	r2, [r3]
 209:.\Generated_Source\PSoC4/UART_SCB_IRQ.c **** 	uint8 interruptState;
 210:.\Generated_Source\PSoC4/UART_SCB_IRQ.c ****     uint32 priorityOffset = ((UART_SCB_IRQ__INTC_NUMBER % 4u) * 8u) + 6u;
 255              		.loc 1 210 0
 256 000c 1E23     		mov	r3, #30
 257 000e FB60     		str	r3, [r7, #12]
 211:.\Generated_Source\PSoC4/UART_SCB_IRQ.c ****     
 212:.\Generated_Source\PSoC4/UART_SCB_IRQ.c **** 	interruptState = CyEnterCriticalSection();
 258              		.loc 1 212 0
 259 0010 3C1C     		mov	r4, r7
 260 0012 0B34     		add	r4, r4, #11
 261 0014 FFF7FEFF 		bl	CyEnterCriticalSection
 262 0018 031C     		mov	r3, r0
 263 001a 2370     		strb	r3, [r4]
 213:.\Generated_Source\PSoC4/UART_SCB_IRQ.c ****     *UART_SCB_IRQ_INTC_PRIOR = (*UART_SCB_IRQ_INTC_PRIOR & (uint32)(~UART_SCB_IRQ__INTC_PRIOR_MASK)
 264              		.loc 1 213 0
 265 001c 0A4B     		ldr	r3, .L17
 266 001e 0A4A     		ldr	r2, .L17
 267 0020 1268     		ldr	r2, [r2]
 268 0022 9200     		lsl	r2, r2, #2
 269 0024 9108     		lsr	r1, r2, #2
 214:.\Generated_Source\PSoC4/UART_SCB_IRQ.c ****                                     ((uint32)priority << priorityOffset);
 270              		.loc 1 214 0
 271 0026 FA1D     		add	r2, r7, #7
 272 0028 1078     		ldrb	r0, [r2]
 273 002a FA68     		ldr	r2, [r7, #12]
 274 002c 041C     		mov	r4, r0
 275 002e 9440     		lsl	r4, r4, r2
 276 0030 221C     		mov	r2, r4
 213:.\Generated_Source\PSoC4/UART_SCB_IRQ.c ****     *UART_SCB_IRQ_INTC_PRIOR = (*UART_SCB_IRQ_INTC_PRIOR & (uint32)(~UART_SCB_IRQ__INTC_PRIOR_MASK)
 277              		.loc 1 213 0
 278 0032 0A43     		orr	r2, r1
 279 0034 1A60     		str	r2, [r3]
 215:.\Generated_Source\PSoC4/UART_SCB_IRQ.c **** 	CyExitCriticalSection(interruptState);
 280              		.loc 1 215 0
 281 0036 3B1C     		mov	r3, r7
 282 0038 0B33     		add	r3, r3, #11
 283 003a 1B78     		ldrb	r3, [r3]
 284 003c 181C     		mov	r0, r3
 285 003e FFF7FEFF 		bl	CyExitCriticalSection
 216:.\Generated_Source\PSoC4/UART_SCB_IRQ.c **** }
 286              		.loc 1 216 0
 287 0042 BD46     		mov	sp, r7
 288 0044 05B0     		add	sp, sp, #20
 289              		@ sp needed for prologue
 290 0046 90BD     		pop	{r4, r7, pc}
 291              	.L18:
 292              		.align	2
 293              	.L17:
 294 0048 08E400E0 		.word	-536812536
 295              		.cfi_endproc
 296              	.LFE6:
ARM GAS  C:\Users\Sam\AppData\Local\Temp\ccraiRdy.s 			page 10


 297              		.size	UART_SCB_IRQ_SetPriority, .-UART_SCB_IRQ_SetPriority
 298              		.section	.text.UART_SCB_IRQ_GetPriority,"ax",%progbits
 299              		.align	2
 300              		.global	UART_SCB_IRQ_GetPriority
 301              		.code	16
 302              		.thumb_func
 303              		.type	UART_SCB_IRQ_GetPriority, %function
 304              	UART_SCB_IRQ_GetPriority:
 305              	.LFB7:
 217:.\Generated_Source\PSoC4/UART_SCB_IRQ.c **** 
 218:.\Generated_Source\PSoC4/UART_SCB_IRQ.c **** 
 219:.\Generated_Source\PSoC4/UART_SCB_IRQ.c **** /*******************************************************************************
 220:.\Generated_Source\PSoC4/UART_SCB_IRQ.c **** * Function Name: UART_SCB_IRQ_GetPriority
 221:.\Generated_Source\PSoC4/UART_SCB_IRQ.c **** ********************************************************************************
 222:.\Generated_Source\PSoC4/UART_SCB_IRQ.c **** *
 223:.\Generated_Source\PSoC4/UART_SCB_IRQ.c **** * Summary:
 224:.\Generated_Source\PSoC4/UART_SCB_IRQ.c **** *   Gets the Priority of the Interrupt.
 225:.\Generated_Source\PSoC4/UART_SCB_IRQ.c **** *
 226:.\Generated_Source\PSoC4/UART_SCB_IRQ.c **** * Parameters:
 227:.\Generated_Source\PSoC4/UART_SCB_IRQ.c **** *   None
 228:.\Generated_Source\PSoC4/UART_SCB_IRQ.c **** *
 229:.\Generated_Source\PSoC4/UART_SCB_IRQ.c **** * Return:
 230:.\Generated_Source\PSoC4/UART_SCB_IRQ.c **** *   Priority of the interrupt. 0 - 3, 0 being the highest.
 231:.\Generated_Source\PSoC4/UART_SCB_IRQ.c **** *
 232:.\Generated_Source\PSoC4/UART_SCB_IRQ.c **** *******************************************************************************/
 233:.\Generated_Source\PSoC4/UART_SCB_IRQ.c **** uint8 UART_SCB_IRQ_GetPriority(void)
 234:.\Generated_Source\PSoC4/UART_SCB_IRQ.c **** {
 306              		.loc 1 234 0
 307              		.cfi_startproc
 308 0000 80B5     		push	{r7, lr}
 309              	.LCFI17:
 310              		.cfi_def_cfa_offset 8
 311              		.cfi_offset 7, -8
 312              		.cfi_offset 14, -4
 313 0002 82B0     		sub	sp, sp, #8
 314              	.LCFI18:
 315              		.cfi_def_cfa_offset 16
 316 0004 00AF     		add	r7, sp, #0
 317              	.LCFI19:
 318              		.cfi_def_cfa_register 7
 235:.\Generated_Source\PSoC4/UART_SCB_IRQ.c ****     uint32 priority;
 236:.\Generated_Source\PSoC4/UART_SCB_IRQ.c **** 	uint32 priorityOffset = ((UART_SCB_IRQ__INTC_NUMBER % 4u) * 8u) + 6u;
 319              		.loc 1 236 0
 320 0006 1E23     		mov	r3, #30
 321 0008 7B60     		str	r3, [r7, #4]
 237:.\Generated_Source\PSoC4/UART_SCB_IRQ.c **** 
 238:.\Generated_Source\PSoC4/UART_SCB_IRQ.c ****     priority = (*UART_SCB_IRQ_INTC_PRIOR & UART_SCB_IRQ__INTC_PRIOR_MASK) >> priorityOffset;
 322              		.loc 1 238 0
 323 000a 074B     		ldr	r3, .L21
 324 000c 1B68     		ldr	r3, [r3]
 325 000e 9B0F     		lsr	r3, r3, #30
 326 0010 9A07     		lsl	r2, r3, #30
 327 0012 7B68     		ldr	r3, [r7, #4]
 328 0014 111C     		mov	r1, r2
 329 0016 D940     		lsr	r1, r1, r3
 330 0018 0B1C     		mov	r3, r1
 331 001a 3B60     		str	r3, [r7]
ARM GAS  C:\Users\Sam\AppData\Local\Temp\ccraiRdy.s 			page 11


 239:.\Generated_Source\PSoC4/UART_SCB_IRQ.c **** 
 240:.\Generated_Source\PSoC4/UART_SCB_IRQ.c ****     return (uint8)priority;
 332              		.loc 1 240 0
 333 001c 3B68     		ldr	r3, [r7]
 334 001e DBB2     		uxtb	r3, r3
 241:.\Generated_Source\PSoC4/UART_SCB_IRQ.c **** }
 335              		.loc 1 241 0
 336 0020 181C     		mov	r0, r3
 337 0022 BD46     		mov	sp, r7
 338 0024 02B0     		add	sp, sp, #8
 339              		@ sp needed for prologue
 340 0026 80BD     		pop	{r7, pc}
 341              	.L22:
 342              		.align	2
 343              	.L21:
 344 0028 08E400E0 		.word	-536812536
 345              		.cfi_endproc
 346              	.LFE7:
 347              		.size	UART_SCB_IRQ_GetPriority, .-UART_SCB_IRQ_GetPriority
 348              		.section	.text.UART_SCB_IRQ_Enable,"ax",%progbits
 349              		.align	2
 350              		.global	UART_SCB_IRQ_Enable
 351              		.code	16
 352              		.thumb_func
 353              		.type	UART_SCB_IRQ_Enable, %function
 354              	UART_SCB_IRQ_Enable:
 355              	.LFB8:
 242:.\Generated_Source\PSoC4/UART_SCB_IRQ.c **** 
 243:.\Generated_Source\PSoC4/UART_SCB_IRQ.c **** 
 244:.\Generated_Source\PSoC4/UART_SCB_IRQ.c **** /*******************************************************************************
 245:.\Generated_Source\PSoC4/UART_SCB_IRQ.c **** * Function Name: UART_SCB_IRQ_Enable
 246:.\Generated_Source\PSoC4/UART_SCB_IRQ.c **** ********************************************************************************
 247:.\Generated_Source\PSoC4/UART_SCB_IRQ.c **** *
 248:.\Generated_Source\PSoC4/UART_SCB_IRQ.c **** * Summary:
 249:.\Generated_Source\PSoC4/UART_SCB_IRQ.c **** *   Enables the interrupt.
 250:.\Generated_Source\PSoC4/UART_SCB_IRQ.c **** *
 251:.\Generated_Source\PSoC4/UART_SCB_IRQ.c **** * Parameters:
 252:.\Generated_Source\PSoC4/UART_SCB_IRQ.c **** *   None
 253:.\Generated_Source\PSoC4/UART_SCB_IRQ.c **** *
 254:.\Generated_Source\PSoC4/UART_SCB_IRQ.c **** * Return:
 255:.\Generated_Source\PSoC4/UART_SCB_IRQ.c **** *   None
 256:.\Generated_Source\PSoC4/UART_SCB_IRQ.c **** *
 257:.\Generated_Source\PSoC4/UART_SCB_IRQ.c **** *******************************************************************************/
 258:.\Generated_Source\PSoC4/UART_SCB_IRQ.c **** void UART_SCB_IRQ_Enable(void)
 259:.\Generated_Source\PSoC4/UART_SCB_IRQ.c **** {
 356              		.loc 1 259 0
 357              		.cfi_startproc
 358 0000 80B5     		push	{r7, lr}
 359              	.LCFI20:
 360              		.cfi_def_cfa_offset 8
 361              		.cfi_offset 7, -8
 362              		.cfi_offset 14, -4
 363 0002 00AF     		add	r7, sp, #0
 364              	.LCFI21:
 365              		.cfi_def_cfa_register 7
 260:.\Generated_Source\PSoC4/UART_SCB_IRQ.c ****     /* Enable the general interrupt. */
 261:.\Generated_Source\PSoC4/UART_SCB_IRQ.c ****     *UART_SCB_IRQ_INTC_SET_EN = UART_SCB_IRQ__INTC_MASK;
ARM GAS  C:\Users\Sam\AppData\Local\Temp\ccraiRdy.s 			page 12


 366              		.loc 1 261 0
 367 0004 024B     		ldr	r3, .L24
 368 0006 8022     		mov	r2, #128
 369 0008 1201     		lsl	r2, r2, #4
 370 000a 1A60     		str	r2, [r3]
 262:.\Generated_Source\PSoC4/UART_SCB_IRQ.c **** }
 371              		.loc 1 262 0
 372 000c BD46     		mov	sp, r7
 373              		@ sp needed for prologue
 374 000e 80BD     		pop	{r7, pc}
 375              	.L25:
 376              		.align	2
 377              	.L24:
 378 0010 00E100E0 		.word	-536813312
 379              		.cfi_endproc
 380              	.LFE8:
 381              		.size	UART_SCB_IRQ_Enable, .-UART_SCB_IRQ_Enable
 382              		.section	.text.UART_SCB_IRQ_GetState,"ax",%progbits
 383              		.align	2
 384              		.global	UART_SCB_IRQ_GetState
 385              		.code	16
 386              		.thumb_func
 387              		.type	UART_SCB_IRQ_GetState, %function
 388              	UART_SCB_IRQ_GetState:
 389              	.LFB9:
 263:.\Generated_Source\PSoC4/UART_SCB_IRQ.c **** 
 264:.\Generated_Source\PSoC4/UART_SCB_IRQ.c **** 
 265:.\Generated_Source\PSoC4/UART_SCB_IRQ.c **** /*******************************************************************************
 266:.\Generated_Source\PSoC4/UART_SCB_IRQ.c **** * Function Name: UART_SCB_IRQ_GetState
 267:.\Generated_Source\PSoC4/UART_SCB_IRQ.c **** ********************************************************************************
 268:.\Generated_Source\PSoC4/UART_SCB_IRQ.c **** *
 269:.\Generated_Source\PSoC4/UART_SCB_IRQ.c **** * Summary:
 270:.\Generated_Source\PSoC4/UART_SCB_IRQ.c **** *   Gets the state (enabled, disabled) of the Interrupt.
 271:.\Generated_Source\PSoC4/UART_SCB_IRQ.c **** *
 272:.\Generated_Source\PSoC4/UART_SCB_IRQ.c **** * Parameters:
 273:.\Generated_Source\PSoC4/UART_SCB_IRQ.c **** *   None
 274:.\Generated_Source\PSoC4/UART_SCB_IRQ.c **** *
 275:.\Generated_Source\PSoC4/UART_SCB_IRQ.c **** * Return:
 276:.\Generated_Source\PSoC4/UART_SCB_IRQ.c **** *   1 if enabled, 0 if disabled.
 277:.\Generated_Source\PSoC4/UART_SCB_IRQ.c **** *
 278:.\Generated_Source\PSoC4/UART_SCB_IRQ.c **** *******************************************************************************/
 279:.\Generated_Source\PSoC4/UART_SCB_IRQ.c **** uint8 UART_SCB_IRQ_GetState(void)
 280:.\Generated_Source\PSoC4/UART_SCB_IRQ.c **** {
 390              		.loc 1 280 0
 391              		.cfi_startproc
 392 0000 80B5     		push	{r7, lr}
 393              	.LCFI22:
 394              		.cfi_def_cfa_offset 8
 395              		.cfi_offset 7, -8
 396              		.cfi_offset 14, -4
 397 0002 00AF     		add	r7, sp, #0
 398              	.LCFI23:
 399              		.cfi_def_cfa_register 7
 281:.\Generated_Source\PSoC4/UART_SCB_IRQ.c ****     /* Get the state of the general interrupt. */
 282:.\Generated_Source\PSoC4/UART_SCB_IRQ.c ****     return ((*UART_SCB_IRQ_INTC_SET_EN & (uint32)UART_SCB_IRQ__INTC_MASK) != 0u) ? 1u:0u;
 400              		.loc 1 282 0
 401 0004 054B     		ldr	r3, .L30
ARM GAS  C:\Users\Sam\AppData\Local\Temp\ccraiRdy.s 			page 13


 402 0006 1A68     		ldr	r2, [r3]
 403 0008 8023     		mov	r3, #128
 404 000a 1B01     		lsl	r3, r3, #4
 405 000c 1340     		and	r3, r2
 406 000e 01D0     		beq	.L27
 407              		.loc 1 282 0 is_stmt 0 discriminator 1
 408 0010 0123     		mov	r3, #1
 409 0012 00E0     		b	.L28
 410              	.L27:
 411              		.loc 1 282 0 discriminator 2
 412 0014 0023     		mov	r3, #0
 413              	.L28:
 283:.\Generated_Source\PSoC4/UART_SCB_IRQ.c **** }
 414              		.loc 1 283 0 is_stmt 1 discriminator 3
 415 0016 181C     		mov	r0, r3
 416 0018 BD46     		mov	sp, r7
 417              		@ sp needed for prologue
 418 001a 80BD     		pop	{r7, pc}
 419              	.L31:
 420              		.align	2
 421              	.L30:
 422 001c 00E100E0 		.word	-536813312
 423              		.cfi_endproc
 424              	.LFE9:
 425              		.size	UART_SCB_IRQ_GetState, .-UART_SCB_IRQ_GetState
 426              		.section	.text.UART_SCB_IRQ_Disable,"ax",%progbits
 427              		.align	2
 428              		.global	UART_SCB_IRQ_Disable
 429              		.code	16
 430              		.thumb_func
 431              		.type	UART_SCB_IRQ_Disable, %function
 432              	UART_SCB_IRQ_Disable:
 433              	.LFB10:
 284:.\Generated_Source\PSoC4/UART_SCB_IRQ.c **** 
 285:.\Generated_Source\PSoC4/UART_SCB_IRQ.c **** 
 286:.\Generated_Source\PSoC4/UART_SCB_IRQ.c **** /*******************************************************************************
 287:.\Generated_Source\PSoC4/UART_SCB_IRQ.c **** * Function Name: UART_SCB_IRQ_Disable
 288:.\Generated_Source\PSoC4/UART_SCB_IRQ.c **** ********************************************************************************
 289:.\Generated_Source\PSoC4/UART_SCB_IRQ.c **** *
 290:.\Generated_Source\PSoC4/UART_SCB_IRQ.c **** * Summary:
 291:.\Generated_Source\PSoC4/UART_SCB_IRQ.c **** *   Disables the Interrupt.
 292:.\Generated_Source\PSoC4/UART_SCB_IRQ.c **** *
 293:.\Generated_Source\PSoC4/UART_SCB_IRQ.c **** * Parameters:
 294:.\Generated_Source\PSoC4/UART_SCB_IRQ.c **** *   None
 295:.\Generated_Source\PSoC4/UART_SCB_IRQ.c **** *
 296:.\Generated_Source\PSoC4/UART_SCB_IRQ.c **** * Return:
 297:.\Generated_Source\PSoC4/UART_SCB_IRQ.c **** *   None
 298:.\Generated_Source\PSoC4/UART_SCB_IRQ.c **** *
 299:.\Generated_Source\PSoC4/UART_SCB_IRQ.c **** *******************************************************************************/
 300:.\Generated_Source\PSoC4/UART_SCB_IRQ.c **** void UART_SCB_IRQ_Disable(void)
 301:.\Generated_Source\PSoC4/UART_SCB_IRQ.c **** {
 434              		.loc 1 301 0
 435              		.cfi_startproc
 436 0000 80B5     		push	{r7, lr}
 437              	.LCFI24:
 438              		.cfi_def_cfa_offset 8
 439              		.cfi_offset 7, -8
ARM GAS  C:\Users\Sam\AppData\Local\Temp\ccraiRdy.s 			page 14


 440              		.cfi_offset 14, -4
 441 0002 00AF     		add	r7, sp, #0
 442              	.LCFI25:
 443              		.cfi_def_cfa_register 7
 302:.\Generated_Source\PSoC4/UART_SCB_IRQ.c ****     /* Disable the general interrupt. */
 303:.\Generated_Source\PSoC4/UART_SCB_IRQ.c ****     *UART_SCB_IRQ_INTC_CLR_EN = UART_SCB_IRQ__INTC_MASK;
 444              		.loc 1 303 0
 445 0004 024B     		ldr	r3, .L33
 446 0006 8022     		mov	r2, #128
 447 0008 1201     		lsl	r2, r2, #4
 448 000a 1A60     		str	r2, [r3]
 304:.\Generated_Source\PSoC4/UART_SCB_IRQ.c **** }
 449              		.loc 1 304 0
 450 000c BD46     		mov	sp, r7
 451              		@ sp needed for prologue
 452 000e 80BD     		pop	{r7, pc}
 453              	.L34:
 454              		.align	2
 455              	.L33:
 456 0010 80E100E0 		.word	-536813184
 457              		.cfi_endproc
 458              	.LFE10:
 459              		.size	UART_SCB_IRQ_Disable, .-UART_SCB_IRQ_Disable
 460              		.section	.text.UART_SCB_IRQ_SetPending,"ax",%progbits
 461              		.align	2
 462              		.global	UART_SCB_IRQ_SetPending
 463              		.code	16
 464              		.thumb_func
 465              		.type	UART_SCB_IRQ_SetPending, %function
 466              	UART_SCB_IRQ_SetPending:
 467              	.LFB11:
 305:.\Generated_Source\PSoC4/UART_SCB_IRQ.c **** 
 306:.\Generated_Source\PSoC4/UART_SCB_IRQ.c **** 
 307:.\Generated_Source\PSoC4/UART_SCB_IRQ.c **** /*******************************************************************************
 308:.\Generated_Source\PSoC4/UART_SCB_IRQ.c **** * Function Name: UART_SCB_IRQ_SetPending
 309:.\Generated_Source\PSoC4/UART_SCB_IRQ.c **** ********************************************************************************
 310:.\Generated_Source\PSoC4/UART_SCB_IRQ.c **** *
 311:.\Generated_Source\PSoC4/UART_SCB_IRQ.c **** * Summary:
 312:.\Generated_Source\PSoC4/UART_SCB_IRQ.c **** *   Causes the Interrupt to enter the pending state, a software method of
 313:.\Generated_Source\PSoC4/UART_SCB_IRQ.c **** *   generating the interrupt.
 314:.\Generated_Source\PSoC4/UART_SCB_IRQ.c **** *
 315:.\Generated_Source\PSoC4/UART_SCB_IRQ.c **** * Parameters:
 316:.\Generated_Source\PSoC4/UART_SCB_IRQ.c **** *   None
 317:.\Generated_Source\PSoC4/UART_SCB_IRQ.c **** *
 318:.\Generated_Source\PSoC4/UART_SCB_IRQ.c **** * Return:
 319:.\Generated_Source\PSoC4/UART_SCB_IRQ.c **** *   None
 320:.\Generated_Source\PSoC4/UART_SCB_IRQ.c **** *
 321:.\Generated_Source\PSoC4/UART_SCB_IRQ.c **** *******************************************************************************/
 322:.\Generated_Source\PSoC4/UART_SCB_IRQ.c **** void UART_SCB_IRQ_SetPending(void)
 323:.\Generated_Source\PSoC4/UART_SCB_IRQ.c **** {
 468              		.loc 1 323 0
 469              		.cfi_startproc
 470 0000 80B5     		push	{r7, lr}
 471              	.LCFI26:
 472              		.cfi_def_cfa_offset 8
 473              		.cfi_offset 7, -8
 474              		.cfi_offset 14, -4
ARM GAS  C:\Users\Sam\AppData\Local\Temp\ccraiRdy.s 			page 15


 475 0002 00AF     		add	r7, sp, #0
 476              	.LCFI27:
 477              		.cfi_def_cfa_register 7
 324:.\Generated_Source\PSoC4/UART_SCB_IRQ.c ****     *UART_SCB_IRQ_INTC_SET_PD = UART_SCB_IRQ__INTC_MASK;
 478              		.loc 1 324 0
 479 0004 024B     		ldr	r3, .L36
 480 0006 8022     		mov	r2, #128
 481 0008 1201     		lsl	r2, r2, #4
 482 000a 1A60     		str	r2, [r3]
 325:.\Generated_Source\PSoC4/UART_SCB_IRQ.c **** }
 483              		.loc 1 325 0
 484 000c BD46     		mov	sp, r7
 485              		@ sp needed for prologue
 486 000e 80BD     		pop	{r7, pc}
 487              	.L37:
 488              		.align	2
 489              	.L36:
 490 0010 00E200E0 		.word	-536813056
 491              		.cfi_endproc
 492              	.LFE11:
 493              		.size	UART_SCB_IRQ_SetPending, .-UART_SCB_IRQ_SetPending
 494              		.section	.text.UART_SCB_IRQ_ClearPending,"ax",%progbits
 495              		.align	2
 496              		.global	UART_SCB_IRQ_ClearPending
 497              		.code	16
 498              		.thumb_func
 499              		.type	UART_SCB_IRQ_ClearPending, %function
 500              	UART_SCB_IRQ_ClearPending:
 501              	.LFB12:
 326:.\Generated_Source\PSoC4/UART_SCB_IRQ.c **** 
 327:.\Generated_Source\PSoC4/UART_SCB_IRQ.c **** 
 328:.\Generated_Source\PSoC4/UART_SCB_IRQ.c **** /*******************************************************************************
 329:.\Generated_Source\PSoC4/UART_SCB_IRQ.c **** * Function Name: UART_SCB_IRQ_ClearPending
 330:.\Generated_Source\PSoC4/UART_SCB_IRQ.c **** ********************************************************************************
 331:.\Generated_Source\PSoC4/UART_SCB_IRQ.c **** *
 332:.\Generated_Source\PSoC4/UART_SCB_IRQ.c **** * Summary:
 333:.\Generated_Source\PSoC4/UART_SCB_IRQ.c **** *   Clears a pending interrupt.
 334:.\Generated_Source\PSoC4/UART_SCB_IRQ.c **** *
 335:.\Generated_Source\PSoC4/UART_SCB_IRQ.c **** * Parameters:
 336:.\Generated_Source\PSoC4/UART_SCB_IRQ.c **** *   None
 337:.\Generated_Source\PSoC4/UART_SCB_IRQ.c **** *
 338:.\Generated_Source\PSoC4/UART_SCB_IRQ.c **** * Return:
 339:.\Generated_Source\PSoC4/UART_SCB_IRQ.c **** *   None
 340:.\Generated_Source\PSoC4/UART_SCB_IRQ.c **** *
 341:.\Generated_Source\PSoC4/UART_SCB_IRQ.c **** *******************************************************************************/
 342:.\Generated_Source\PSoC4/UART_SCB_IRQ.c **** void UART_SCB_IRQ_ClearPending(void)
 343:.\Generated_Source\PSoC4/UART_SCB_IRQ.c **** {
 502              		.loc 1 343 0
 503              		.cfi_startproc
 504 0000 80B5     		push	{r7, lr}
 505              	.LCFI28:
 506              		.cfi_def_cfa_offset 8
 507              		.cfi_offset 7, -8
 508              		.cfi_offset 14, -4
 509 0002 00AF     		add	r7, sp, #0
 510              	.LCFI29:
 511              		.cfi_def_cfa_register 7
ARM GAS  C:\Users\Sam\AppData\Local\Temp\ccraiRdy.s 			page 16


 344:.\Generated_Source\PSoC4/UART_SCB_IRQ.c ****     *UART_SCB_IRQ_INTC_CLR_PD = UART_SCB_IRQ__INTC_MASK;
 512              		.loc 1 344 0
 513 0004 024B     		ldr	r3, .L39
 514 0006 8022     		mov	r2, #128
 515 0008 1201     		lsl	r2, r2, #4
 516 000a 1A60     		str	r2, [r3]
 345:.\Generated_Source\PSoC4/UART_SCB_IRQ.c **** }
 517              		.loc 1 345 0
 518 000c BD46     		mov	sp, r7
 519              		@ sp needed for prologue
 520 000e 80BD     		pop	{r7, pc}
 521              	.L40:
 522              		.align	2
 523              	.L39:
 524 0010 80E200E0 		.word	-536812928
 525              		.cfi_endproc
 526              	.LFE12:
 527              		.size	UART_SCB_IRQ_ClearPending, .-UART_SCB_IRQ_ClearPending
 528              		.text
 529              	.Letext0:
 530              		.file 2 "./Generated_Source/PSoC4/cytypes.h"
 531              		.section	.debug_info,"",%progbits
 532              	.Ldebug_info0:
 533 0000 84020000 		.4byte	0x284
 534 0004 0200     		.2byte	0x2
 535 0006 00000000 		.4byte	.Ldebug_abbrev0
 536 000a 04       		.byte	0x4
 537 000b 01       		.uleb128 0x1
 538 000c 63020000 		.4byte	.LASF33
 539 0010 01       		.byte	0x1
 540 0011 31020000 		.4byte	.LASF34
 541 0015 F7000000 		.4byte	.LASF35
 542 0019 00000000 		.4byte	.Ldebug_ranges0+0
 543 001d 00000000 		.4byte	0
 544 0021 00000000 		.4byte	0
 545 0025 00000000 		.4byte	.Ldebug_line0
 546 0029 02       		.uleb128 0x2
 547 002a 01       		.byte	0x1
 548 002b 06       		.byte	0x6
 549 002c F3020000 		.4byte	.LASF0
 550 0030 02       		.uleb128 0x2
 551 0031 01       		.byte	0x1
 552 0032 08       		.byte	0x8
 553 0033 5B000000 		.4byte	.LASF1
 554 0037 02       		.uleb128 0x2
 555 0038 02       		.byte	0x2
 556 0039 05       		.byte	0x5
 557 003a 59020000 		.4byte	.LASF2
 558 003e 02       		.uleb128 0x2
 559 003f 02       		.byte	0x2
 560 0040 07       		.byte	0x7
 561 0041 42000000 		.4byte	.LASF3
 562 0045 02       		.uleb128 0x2
 563 0046 04       		.byte	0x4
 564 0047 05       		.byte	0x5
 565 0048 D4020000 		.4byte	.LASF4
 566 004c 02       		.uleb128 0x2
ARM GAS  C:\Users\Sam\AppData\Local\Temp\ccraiRdy.s 			page 17


 567 004d 04       		.byte	0x4
 568 004e 07       		.byte	0x7
 569 004f 78000000 		.4byte	.LASF5
 570 0053 02       		.uleb128 0x2
 571 0054 08       		.byte	0x8
 572 0055 05       		.byte	0x5
 573 0056 DD010000 		.4byte	.LASF6
 574 005a 02       		.uleb128 0x2
 575 005b 08       		.byte	0x8
 576 005c 07       		.byte	0x7
 577 005d 9D010000 		.4byte	.LASF7
 578 0061 03       		.uleb128 0x3
 579 0062 04       		.byte	0x4
 580 0063 05       		.byte	0x5
 581 0064 696E7400 		.ascii	"int\000"
 582 0068 02       		.uleb128 0x2
 583 0069 04       		.byte	0x4
 584 006a 07       		.byte	0x7
 585 006b 88010000 		.4byte	.LASF8
 586 006f 04       		.uleb128 0x4
 587 0070 8A000000 		.4byte	.LASF9
 588 0074 02       		.byte	0x2
 589 0075 5B       		.byte	0x5b
 590 0076 30000000 		.4byte	0x30
 591 007a 04       		.uleb128 0x4
 592 007b 68010000 		.4byte	.LASF10
 593 007f 02       		.byte	0x2
 594 0080 5D       		.byte	0x5d
 595 0081 4C000000 		.4byte	0x4c
 596 0085 02       		.uleb128 0x2
 597 0086 04       		.byte	0x4
 598 0087 04       		.byte	0x4
 599 0088 55000000 		.4byte	.LASF11
 600 008c 02       		.uleb128 0x2
 601 008d 08       		.byte	0x8
 602 008e 04       		.byte	0x4
 603 008f F0000000 		.4byte	.LASF12
 604 0093 02       		.uleb128 0x2
 605 0094 01       		.byte	0x1
 606 0095 08       		.byte	0x8
 607 0096 00020000 		.4byte	.LASF13
 608 009a 04       		.uleb128 0x4
 609 009b 18000000 		.4byte	.LASF14
 610 009f 02       		.byte	0x2
 611 00a0 F2       		.byte	0xf2
 612 00a1 A5000000 		.4byte	0xa5
 613 00a5 05       		.uleb128 0x5
 614 00a6 7A000000 		.4byte	0x7a
 615 00aa 06       		.uleb128 0x6
 616 00ab B4010000 		.4byte	.LASF15
 617 00af 02       		.byte	0x2
 618 00b0 0201     		.2byte	0x102
 619 00b2 B6000000 		.4byte	0xb6
 620 00b6 07       		.uleb128 0x7
 621 00b7 04       		.byte	0x4
 622 00b8 BC000000 		.4byte	0xbc
 623 00bc 08       		.uleb128 0x8
ARM GAS  C:\Users\Sam\AppData\Local\Temp\ccraiRdy.s 			page 18


 624 00bd 01       		.byte	0x1
 625 00be 02       		.uleb128 0x2
 626 00bf 04       		.byte	0x4
 627 00c0 07       		.byte	0x7
 628 00c1 D4010000 		.4byte	.LASF16
 629 00c5 09       		.uleb128 0x9
 630 00c6 01       		.byte	0x1
 631 00c7 C1010000 		.4byte	.LASF17
 632 00cb 01       		.byte	0x1
 633 00cc 34       		.byte	0x34
 634 00cd 01       		.byte	0x1
 635 00ce 00000000 		.4byte	.LFB0
 636 00d2 24000000 		.4byte	.LFE0
 637 00d6 00000000 		.4byte	.LLST0
 638 00da 01       		.byte	0x1
 639 00db 0A       		.uleb128 0xa
 640 00dc 01       		.byte	0x1
 641 00dd 90000000 		.4byte	.LASF20
 642 00e1 01       		.byte	0x1
 643 00e2 52       		.byte	0x52
 644 00e3 01       		.byte	0x1
 645 00e4 00000000 		.4byte	.LFB1
 646 00e8 24000000 		.4byte	.LFE1
 647 00ec 2C000000 		.4byte	.LLST1
 648 00f0 01       		.byte	0x1
 649 00f1 04010000 		.4byte	0x104
 650 00f5 0B       		.uleb128 0xb
 651 00f6 95010000 		.4byte	.LASF22
 652 00fa 01       		.byte	0x1
 653 00fb 52       		.byte	0x52
 654 00fc AA000000 		.4byte	0xaa
 655 0100 02       		.byte	0x2
 656 0101 91       		.byte	0x91
 657 0102 74       		.sleb128 -12
 658 0103 00       		.byte	0
 659 0104 09       		.uleb128 0x9
 660 0105 01       		.byte	0x1
 661 0106 05020000 		.4byte	.LASF18
 662 010a 01       		.byte	0x1
 663 010b 6F       		.byte	0x6f
 664 010c 01       		.byte	0x1
 665 010d 00000000 		.4byte	.LFB2
 666 0111 18000000 		.4byte	.LFE2
 667 0115 64000000 		.4byte	.LLST2
 668 0119 01       		.byte	0x1
 669 011a 0C       		.uleb128 0xc
 670 011b 01       		.byte	0x1
 671 011c C5000000 		.4byte	.LASF19
 672 0120 01       		.byte	0x1
 673 0121 8A       		.byte	0x8a
 674 0122 01       		.byte	0x1
 675 0123 00000000 		.4byte	.LFB3
 676 0127 08000000 		.4byte	.LFE3
 677 012b 90000000 		.4byte	.LLST3
 678 012f 01       		.byte	0x1
 679 0130 0D       		.uleb128 0xd
 680 0131 01       		.byte	0x1
ARM GAS  C:\Users\Sam\AppData\Local\Temp\ccraiRdy.s 			page 19


 681 0132 1E000000 		.4byte	.LASF21
 682 0136 01       		.byte	0x1
 683 0137 A3       		.byte	0xa3
 684 0138 01       		.byte	0x1
 685 0139 00000000 		.4byte	.LFB4
 686 013d 18000000 		.4byte	.LFE4
 687 0141 BC000000 		.4byte	.LLST4
 688 0145 01       		.byte	0x1
 689 0146 59010000 		.4byte	0x159
 690 014a 0B       		.uleb128 0xb
 691 014b 95010000 		.4byte	.LASF22
 692 014f 01       		.byte	0x1
 693 0150 A3       		.byte	0xa3
 694 0151 AA000000 		.4byte	0xaa
 695 0155 02       		.byte	0x2
 696 0156 91       		.byte	0x91
 697 0157 74       		.sleb128 -12
 698 0158 00       		.byte	0
 699 0159 0E       		.uleb128 0xe
 700 015a 01       		.byte	0x1
 701 015b A5000000 		.4byte	.LASF28
 702 015f 01       		.byte	0x1
 703 0160 B7       		.byte	0xb7
 704 0161 01       		.byte	0x1
 705 0162 AA000000 		.4byte	0xaa
 706 0166 00000000 		.4byte	.LFB5
 707 016a 14000000 		.4byte	.LFE5
 708 016e F4000000 		.4byte	.LLST5
 709 0172 01       		.byte	0x1
 710 0173 0A       		.uleb128 0xa
 711 0174 01       		.byte	0x1
 712 0175 AC020000 		.4byte	.LASF23
 713 0179 01       		.byte	0x1
 714 017a CF       		.byte	0xcf
 715 017b 01       		.byte	0x1
 716 017c 00000000 		.4byte	.LFB6
 717 0180 4C000000 		.4byte	.LFE6
 718 0184 20010000 		.4byte	.LLST6
 719 0188 01       		.byte	0x1
 720 0189 B8010000 		.4byte	0x1b8
 721 018d 0B       		.uleb128 0xb
 722 018e BC000000 		.4byte	.LASF24
 723 0192 01       		.byte	0x1
 724 0193 CF       		.byte	0xcf
 725 0194 6F000000 		.4byte	0x6f
 726 0198 02       		.byte	0x2
 727 0199 91       		.byte	0x91
 728 019a 67       		.sleb128 -25
 729 019b 0F       		.uleb128 0xf
 730 019c 69000000 		.4byte	.LASF25
 731 01a0 01       		.byte	0x1
 732 01a1 D1       		.byte	0xd1
 733 01a2 6F000000 		.4byte	0x6f
 734 01a6 02       		.byte	0x2
 735 01a7 91       		.byte	0x91
 736 01a8 6B       		.sleb128 -21
 737 01a9 0F       		.uleb128 0xf
ARM GAS  C:\Users\Sam\AppData\Local\Temp\ccraiRdy.s 			page 20


 738 01aa C5020000 		.4byte	.LASF26
 739 01ae 01       		.byte	0x1
 740 01af D2       		.byte	0xd2
 741 01b0 7A000000 		.4byte	0x7a
 742 01b4 02       		.byte	0x2
 743 01b5 91       		.byte	0x91
 744 01b6 6C       		.sleb128 -20
 745 01b7 00       		.byte	0
 746 01b8 10       		.uleb128 0x10
 747 01b9 01       		.byte	0x1
 748 01ba 6F010000 		.4byte	.LASF36
 749 01be 01       		.byte	0x1
 750 01bf E9       		.byte	0xe9
 751 01c0 01       		.byte	0x1
 752 01c1 6F000000 		.4byte	0x6f
 753 01c5 00000000 		.4byte	.LFB7
 754 01c9 2C000000 		.4byte	.LFE7
 755 01cd 58010000 		.4byte	.LLST7
 756 01d1 01       		.byte	0x1
 757 01d2 F3010000 		.4byte	0x1f3
 758 01d6 0F       		.uleb128 0xf
 759 01d7 BC000000 		.4byte	.LASF24
 760 01db 01       		.byte	0x1
 761 01dc EB       		.byte	0xeb
 762 01dd 7A000000 		.4byte	0x7a
 763 01e1 02       		.byte	0x2
 764 01e2 91       		.byte	0x91
 765 01e3 70       		.sleb128 -16
 766 01e4 0F       		.uleb128 0xf
 767 01e5 C5020000 		.4byte	.LASF26
 768 01e9 01       		.byte	0x1
 769 01ea EC       		.byte	0xec
 770 01eb 7A000000 		.4byte	0x7a
 771 01ef 02       		.byte	0x2
 772 01f0 91       		.byte	0x91
 773 01f1 74       		.sleb128 -12
 774 01f2 00       		.byte	0
 775 01f3 11       		.uleb128 0x11
 776 01f4 01       		.byte	0x1
 777 01f5 DC000000 		.4byte	.LASF27
 778 01f9 01       		.byte	0x1
 779 01fa 0201     		.2byte	0x102
 780 01fc 01       		.byte	0x1
 781 01fd 00000000 		.4byte	.LFB8
 782 0201 14000000 		.4byte	.LFE8
 783 0205 90010000 		.4byte	.LLST8
 784 0209 01       		.byte	0x1
 785 020a 12       		.uleb128 0x12
 786 020b 01       		.byte	0x1
 787 020c DD020000 		.4byte	.LASF29
 788 0210 01       		.byte	0x1
 789 0211 1701     		.2byte	0x117
 790 0213 01       		.byte	0x1
 791 0214 6F000000 		.4byte	0x6f
 792 0218 00000000 		.4byte	.LFB9
 793 021c 20000000 		.4byte	.LFE9
 794 0220 BC010000 		.4byte	.LLST9
ARM GAS  C:\Users\Sam\AppData\Local\Temp\ccraiRdy.s 			page 21


 795 0224 01       		.byte	0x1
 796 0225 11       		.uleb128 0x11
 797 0226 01       		.byte	0x1
 798 0227 EB010000 		.4byte	.LASF30
 799 022b 01       		.byte	0x1
 800 022c 2C01     		.2byte	0x12c
 801 022e 01       		.byte	0x1
 802 022f 00000000 		.4byte	.LFB10
 803 0233 14000000 		.4byte	.LFE10
 804 0237 E8010000 		.4byte	.LLST10
 805 023b 01       		.byte	0x1
 806 023c 11       		.uleb128 0x11
 807 023d 01       		.byte	0x1
 808 023e 00000000 		.4byte	.LASF31
 809 0242 01       		.byte	0x1
 810 0243 4201     		.2byte	0x142
 811 0245 01       		.byte	0x1
 812 0246 00000000 		.4byte	.LFB11
 813 024a 14000000 		.4byte	.LFE11
 814 024e 14020000 		.4byte	.LLST11
 815 0252 01       		.byte	0x1
 816 0253 11       		.uleb128 0x11
 817 0254 01       		.byte	0x1
 818 0255 17020000 		.4byte	.LASF32
 819 0259 01       		.byte	0x1
 820 025a 5601     		.2byte	0x156
 821 025c 01       		.byte	0x1
 822 025d 00000000 		.4byte	.LFB12
 823 0261 14000000 		.4byte	.LFE12
 824 0265 40020000 		.4byte	.LLST12
 825 0269 01       		.byte	0x1
 826 026a 13       		.uleb128 0x13
 827 026b AA000000 		.4byte	0xaa
 828 026f 7A020000 		.4byte	0x27a
 829 0273 14       		.uleb128 0x14
 830 0274 BE000000 		.4byte	0xbe
 831 0278 2F       		.byte	0x2f
 832 0279 00       		.byte	0
 833 027a 15       		.uleb128 0x15
 834 027b 35000000 		.4byte	.LASF37
 835 027f 01       		.byte	0x1
 836 0280 20       		.byte	0x20
 837 0281 6A020000 		.4byte	0x26a
 838 0285 01       		.byte	0x1
 839 0286 01       		.byte	0x1
 840 0287 00       		.byte	0
 841              		.section	.debug_abbrev,"",%progbits
 842              	.Ldebug_abbrev0:
 843 0000 01       		.uleb128 0x1
 844 0001 11       		.uleb128 0x11
 845 0002 01       		.byte	0x1
 846 0003 25       		.uleb128 0x25
 847 0004 0E       		.uleb128 0xe
 848 0005 13       		.uleb128 0x13
 849 0006 0B       		.uleb128 0xb
 850 0007 03       		.uleb128 0x3
 851 0008 0E       		.uleb128 0xe
ARM GAS  C:\Users\Sam\AppData\Local\Temp\ccraiRdy.s 			page 22


 852 0009 1B       		.uleb128 0x1b
 853 000a 0E       		.uleb128 0xe
 854 000b 55       		.uleb128 0x55
 855 000c 06       		.uleb128 0x6
 856 000d 11       		.uleb128 0x11
 857 000e 01       		.uleb128 0x1
 858 000f 52       		.uleb128 0x52
 859 0010 01       		.uleb128 0x1
 860 0011 10       		.uleb128 0x10
 861 0012 06       		.uleb128 0x6
 862 0013 00       		.byte	0
 863 0014 00       		.byte	0
 864 0015 02       		.uleb128 0x2
 865 0016 24       		.uleb128 0x24
 866 0017 00       		.byte	0
 867 0018 0B       		.uleb128 0xb
 868 0019 0B       		.uleb128 0xb
 869 001a 3E       		.uleb128 0x3e
 870 001b 0B       		.uleb128 0xb
 871 001c 03       		.uleb128 0x3
 872 001d 0E       		.uleb128 0xe
 873 001e 00       		.byte	0
 874 001f 00       		.byte	0
 875 0020 03       		.uleb128 0x3
 876 0021 24       		.uleb128 0x24
 877 0022 00       		.byte	0
 878 0023 0B       		.uleb128 0xb
 879 0024 0B       		.uleb128 0xb
 880 0025 3E       		.uleb128 0x3e
 881 0026 0B       		.uleb128 0xb
 882 0027 03       		.uleb128 0x3
 883 0028 08       		.uleb128 0x8
 884 0029 00       		.byte	0
 885 002a 00       		.byte	0
 886 002b 04       		.uleb128 0x4
 887 002c 16       		.uleb128 0x16
 888 002d 00       		.byte	0
 889 002e 03       		.uleb128 0x3
 890 002f 0E       		.uleb128 0xe
 891 0030 3A       		.uleb128 0x3a
 892 0031 0B       		.uleb128 0xb
 893 0032 3B       		.uleb128 0x3b
 894 0033 0B       		.uleb128 0xb
 895 0034 49       		.uleb128 0x49
 896 0035 13       		.uleb128 0x13
 897 0036 00       		.byte	0
 898 0037 00       		.byte	0
 899 0038 05       		.uleb128 0x5
 900 0039 35       		.uleb128 0x35
 901 003a 00       		.byte	0
 902 003b 49       		.uleb128 0x49
 903 003c 13       		.uleb128 0x13
 904 003d 00       		.byte	0
 905 003e 00       		.byte	0
 906 003f 06       		.uleb128 0x6
 907 0040 16       		.uleb128 0x16
 908 0041 00       		.byte	0
ARM GAS  C:\Users\Sam\AppData\Local\Temp\ccraiRdy.s 			page 23


 909 0042 03       		.uleb128 0x3
 910 0043 0E       		.uleb128 0xe
 911 0044 3A       		.uleb128 0x3a
 912 0045 0B       		.uleb128 0xb
 913 0046 3B       		.uleb128 0x3b
 914 0047 05       		.uleb128 0x5
 915 0048 49       		.uleb128 0x49
 916 0049 13       		.uleb128 0x13
 917 004a 00       		.byte	0
 918 004b 00       		.byte	0
 919 004c 07       		.uleb128 0x7
 920 004d 0F       		.uleb128 0xf
 921 004e 00       		.byte	0
 922 004f 0B       		.uleb128 0xb
 923 0050 0B       		.uleb128 0xb
 924 0051 49       		.uleb128 0x49
 925 0052 13       		.uleb128 0x13
 926 0053 00       		.byte	0
 927 0054 00       		.byte	0
 928 0055 08       		.uleb128 0x8
 929 0056 15       		.uleb128 0x15
 930 0057 00       		.byte	0
 931 0058 27       		.uleb128 0x27
 932 0059 0C       		.uleb128 0xc
 933 005a 00       		.byte	0
 934 005b 00       		.byte	0
 935 005c 09       		.uleb128 0x9
 936 005d 2E       		.uleb128 0x2e
 937 005e 00       		.byte	0
 938 005f 3F       		.uleb128 0x3f
 939 0060 0C       		.uleb128 0xc
 940 0061 03       		.uleb128 0x3
 941 0062 0E       		.uleb128 0xe
 942 0063 3A       		.uleb128 0x3a
 943 0064 0B       		.uleb128 0xb
 944 0065 3B       		.uleb128 0x3b
 945 0066 0B       		.uleb128 0xb
 946 0067 27       		.uleb128 0x27
 947 0068 0C       		.uleb128 0xc
 948 0069 11       		.uleb128 0x11
 949 006a 01       		.uleb128 0x1
 950 006b 12       		.uleb128 0x12
 951 006c 01       		.uleb128 0x1
 952 006d 40       		.uleb128 0x40
 953 006e 06       		.uleb128 0x6
 954 006f 9642     		.uleb128 0x2116
 955 0071 0C       		.uleb128 0xc
 956 0072 00       		.byte	0
 957 0073 00       		.byte	0
 958 0074 0A       		.uleb128 0xa
 959 0075 2E       		.uleb128 0x2e
 960 0076 01       		.byte	0x1
 961 0077 3F       		.uleb128 0x3f
 962 0078 0C       		.uleb128 0xc
 963 0079 03       		.uleb128 0x3
 964 007a 0E       		.uleb128 0xe
 965 007b 3A       		.uleb128 0x3a
ARM GAS  C:\Users\Sam\AppData\Local\Temp\ccraiRdy.s 			page 24


 966 007c 0B       		.uleb128 0xb
 967 007d 3B       		.uleb128 0x3b
 968 007e 0B       		.uleb128 0xb
 969 007f 27       		.uleb128 0x27
 970 0080 0C       		.uleb128 0xc
 971 0081 11       		.uleb128 0x11
 972 0082 01       		.uleb128 0x1
 973 0083 12       		.uleb128 0x12
 974 0084 01       		.uleb128 0x1
 975 0085 40       		.uleb128 0x40
 976 0086 06       		.uleb128 0x6
 977 0087 9642     		.uleb128 0x2116
 978 0089 0C       		.uleb128 0xc
 979 008a 01       		.uleb128 0x1
 980 008b 13       		.uleb128 0x13
 981 008c 00       		.byte	0
 982 008d 00       		.byte	0
 983 008e 0B       		.uleb128 0xb
 984 008f 05       		.uleb128 0x5
 985 0090 00       		.byte	0
 986 0091 03       		.uleb128 0x3
 987 0092 0E       		.uleb128 0xe
 988 0093 3A       		.uleb128 0x3a
 989 0094 0B       		.uleb128 0xb
 990 0095 3B       		.uleb128 0x3b
 991 0096 0B       		.uleb128 0xb
 992 0097 49       		.uleb128 0x49
 993 0098 13       		.uleb128 0x13
 994 0099 02       		.uleb128 0x2
 995 009a 0A       		.uleb128 0xa
 996 009b 00       		.byte	0
 997 009c 00       		.byte	0
 998 009d 0C       		.uleb128 0xc
 999 009e 2E       		.uleb128 0x2e
 1000 009f 00       		.byte	0
 1001 00a0 3F       		.uleb128 0x3f
 1002 00a1 0C       		.uleb128 0xc
 1003 00a2 03       		.uleb128 0x3
 1004 00a3 0E       		.uleb128 0xe
 1005 00a4 3A       		.uleb128 0x3a
 1006 00a5 0B       		.uleb128 0xb
 1007 00a6 3B       		.uleb128 0x3b
 1008 00a7 0B       		.uleb128 0xb
 1009 00a8 27       		.uleb128 0x27
 1010 00a9 0C       		.uleb128 0xc
 1011 00aa 11       		.uleb128 0x11
 1012 00ab 01       		.uleb128 0x1
 1013 00ac 12       		.uleb128 0x12
 1014 00ad 01       		.uleb128 0x1
 1015 00ae 40       		.uleb128 0x40
 1016 00af 06       		.uleb128 0x6
 1017 00b0 9742     		.uleb128 0x2117
 1018 00b2 0C       		.uleb128 0xc
 1019 00b3 00       		.byte	0
 1020 00b4 00       		.byte	0
 1021 00b5 0D       		.uleb128 0xd
 1022 00b6 2E       		.uleb128 0x2e
ARM GAS  C:\Users\Sam\AppData\Local\Temp\ccraiRdy.s 			page 25


 1023 00b7 01       		.byte	0x1
 1024 00b8 3F       		.uleb128 0x3f
 1025 00b9 0C       		.uleb128 0xc
 1026 00ba 03       		.uleb128 0x3
 1027 00bb 0E       		.uleb128 0xe
 1028 00bc 3A       		.uleb128 0x3a
 1029 00bd 0B       		.uleb128 0xb
 1030 00be 3B       		.uleb128 0x3b
 1031 00bf 0B       		.uleb128 0xb
 1032 00c0 27       		.uleb128 0x27
 1033 00c1 0C       		.uleb128 0xc
 1034 00c2 11       		.uleb128 0x11
 1035 00c3 01       		.uleb128 0x1
 1036 00c4 12       		.uleb128 0x12
 1037 00c5 01       		.uleb128 0x1
 1038 00c6 40       		.uleb128 0x40
 1039 00c7 06       		.uleb128 0x6
 1040 00c8 9742     		.uleb128 0x2117
 1041 00ca 0C       		.uleb128 0xc
 1042 00cb 01       		.uleb128 0x1
 1043 00cc 13       		.uleb128 0x13
 1044 00cd 00       		.byte	0
 1045 00ce 00       		.byte	0
 1046 00cf 0E       		.uleb128 0xe
 1047 00d0 2E       		.uleb128 0x2e
 1048 00d1 00       		.byte	0
 1049 00d2 3F       		.uleb128 0x3f
 1050 00d3 0C       		.uleb128 0xc
 1051 00d4 03       		.uleb128 0x3
 1052 00d5 0E       		.uleb128 0xe
 1053 00d6 3A       		.uleb128 0x3a
 1054 00d7 0B       		.uleb128 0xb
 1055 00d8 3B       		.uleb128 0x3b
 1056 00d9 0B       		.uleb128 0xb
 1057 00da 27       		.uleb128 0x27
 1058 00db 0C       		.uleb128 0xc
 1059 00dc 49       		.uleb128 0x49
 1060 00dd 13       		.uleb128 0x13
 1061 00de 11       		.uleb128 0x11
 1062 00df 01       		.uleb128 0x1
 1063 00e0 12       		.uleb128 0x12
 1064 00e1 01       		.uleb128 0x1
 1065 00e2 40       		.uleb128 0x40
 1066 00e3 06       		.uleb128 0x6
 1067 00e4 9742     		.uleb128 0x2117
 1068 00e6 0C       		.uleb128 0xc
 1069 00e7 00       		.byte	0
 1070 00e8 00       		.byte	0
 1071 00e9 0F       		.uleb128 0xf
 1072 00ea 34       		.uleb128 0x34
 1073 00eb 00       		.byte	0
 1074 00ec 03       		.uleb128 0x3
 1075 00ed 0E       		.uleb128 0xe
 1076 00ee 3A       		.uleb128 0x3a
 1077 00ef 0B       		.uleb128 0xb
 1078 00f0 3B       		.uleb128 0x3b
 1079 00f1 0B       		.uleb128 0xb
ARM GAS  C:\Users\Sam\AppData\Local\Temp\ccraiRdy.s 			page 26


 1080 00f2 49       		.uleb128 0x49
 1081 00f3 13       		.uleb128 0x13
 1082 00f4 02       		.uleb128 0x2
 1083 00f5 0A       		.uleb128 0xa
 1084 00f6 00       		.byte	0
 1085 00f7 00       		.byte	0
 1086 00f8 10       		.uleb128 0x10
 1087 00f9 2E       		.uleb128 0x2e
 1088 00fa 01       		.byte	0x1
 1089 00fb 3F       		.uleb128 0x3f
 1090 00fc 0C       		.uleb128 0xc
 1091 00fd 03       		.uleb128 0x3
 1092 00fe 0E       		.uleb128 0xe
 1093 00ff 3A       		.uleb128 0x3a
 1094 0100 0B       		.uleb128 0xb
 1095 0101 3B       		.uleb128 0x3b
 1096 0102 0B       		.uleb128 0xb
 1097 0103 27       		.uleb128 0x27
 1098 0104 0C       		.uleb128 0xc
 1099 0105 49       		.uleb128 0x49
 1100 0106 13       		.uleb128 0x13
 1101 0107 11       		.uleb128 0x11
 1102 0108 01       		.uleb128 0x1
 1103 0109 12       		.uleb128 0x12
 1104 010a 01       		.uleb128 0x1
 1105 010b 40       		.uleb128 0x40
 1106 010c 06       		.uleb128 0x6
 1107 010d 9742     		.uleb128 0x2117
 1108 010f 0C       		.uleb128 0xc
 1109 0110 01       		.uleb128 0x1
 1110 0111 13       		.uleb128 0x13
 1111 0112 00       		.byte	0
 1112 0113 00       		.byte	0
 1113 0114 11       		.uleb128 0x11
 1114 0115 2E       		.uleb128 0x2e
 1115 0116 00       		.byte	0
 1116 0117 3F       		.uleb128 0x3f
 1117 0118 0C       		.uleb128 0xc
 1118 0119 03       		.uleb128 0x3
 1119 011a 0E       		.uleb128 0xe
 1120 011b 3A       		.uleb128 0x3a
 1121 011c 0B       		.uleb128 0xb
 1122 011d 3B       		.uleb128 0x3b
 1123 011e 05       		.uleb128 0x5
 1124 011f 27       		.uleb128 0x27
 1125 0120 0C       		.uleb128 0xc
 1126 0121 11       		.uleb128 0x11
 1127 0122 01       		.uleb128 0x1
 1128 0123 12       		.uleb128 0x12
 1129 0124 01       		.uleb128 0x1
 1130 0125 40       		.uleb128 0x40
 1131 0126 06       		.uleb128 0x6
 1132 0127 9742     		.uleb128 0x2117
 1133 0129 0C       		.uleb128 0xc
 1134 012a 00       		.byte	0
 1135 012b 00       		.byte	0
 1136 012c 12       		.uleb128 0x12
ARM GAS  C:\Users\Sam\AppData\Local\Temp\ccraiRdy.s 			page 27


 1137 012d 2E       		.uleb128 0x2e
 1138 012e 00       		.byte	0
 1139 012f 3F       		.uleb128 0x3f
 1140 0130 0C       		.uleb128 0xc
 1141 0131 03       		.uleb128 0x3
 1142 0132 0E       		.uleb128 0xe
 1143 0133 3A       		.uleb128 0x3a
 1144 0134 0B       		.uleb128 0xb
 1145 0135 3B       		.uleb128 0x3b
 1146 0136 05       		.uleb128 0x5
 1147 0137 27       		.uleb128 0x27
 1148 0138 0C       		.uleb128 0xc
 1149 0139 49       		.uleb128 0x49
 1150 013a 13       		.uleb128 0x13
 1151 013b 11       		.uleb128 0x11
 1152 013c 01       		.uleb128 0x1
 1153 013d 12       		.uleb128 0x12
 1154 013e 01       		.uleb128 0x1
 1155 013f 40       		.uleb128 0x40
 1156 0140 06       		.uleb128 0x6
 1157 0141 9742     		.uleb128 0x2117
 1158 0143 0C       		.uleb128 0xc
 1159 0144 00       		.byte	0
 1160 0145 00       		.byte	0
 1161 0146 13       		.uleb128 0x13
 1162 0147 01       		.uleb128 0x1
 1163 0148 01       		.byte	0x1
 1164 0149 49       		.uleb128 0x49
 1165 014a 13       		.uleb128 0x13
 1166 014b 01       		.uleb128 0x1
 1167 014c 13       		.uleb128 0x13
 1168 014d 00       		.byte	0
 1169 014e 00       		.byte	0
 1170 014f 14       		.uleb128 0x14
 1171 0150 21       		.uleb128 0x21
 1172 0151 00       		.byte	0
 1173 0152 49       		.uleb128 0x49
 1174 0153 13       		.uleb128 0x13
 1175 0154 2F       		.uleb128 0x2f
 1176 0155 0B       		.uleb128 0xb
 1177 0156 00       		.byte	0
 1178 0157 00       		.byte	0
 1179 0158 15       		.uleb128 0x15
 1180 0159 34       		.uleb128 0x34
 1181 015a 00       		.byte	0
 1182 015b 03       		.uleb128 0x3
 1183 015c 0E       		.uleb128 0xe
 1184 015d 3A       		.uleb128 0x3a
 1185 015e 0B       		.uleb128 0xb
 1186 015f 3B       		.uleb128 0x3b
 1187 0160 0B       		.uleb128 0xb
 1188 0161 49       		.uleb128 0x49
 1189 0162 13       		.uleb128 0x13
 1190 0163 3F       		.uleb128 0x3f
 1191 0164 0C       		.uleb128 0xc
 1192 0165 3C       		.uleb128 0x3c
 1193 0166 0C       		.uleb128 0xc
ARM GAS  C:\Users\Sam\AppData\Local\Temp\ccraiRdy.s 			page 28


 1194 0167 00       		.byte	0
 1195 0168 00       		.byte	0
 1196 0169 00       		.byte	0
 1197              		.section	.debug_loc,"",%progbits
 1198              	.Ldebug_loc0:
 1199              	.LLST0:
 1200 0000 00000000 		.4byte	.LFB0
 1201 0004 02000000 		.4byte	.LCFI0
 1202 0008 0200     		.2byte	0x2
 1203 000a 7D       		.byte	0x7d
 1204 000b 00       		.sleb128 0
 1205 000c 02000000 		.4byte	.LCFI0
 1206 0010 04000000 		.4byte	.LCFI1
 1207 0014 0200     		.2byte	0x2
 1208 0016 7D       		.byte	0x7d
 1209 0017 08       		.sleb128 8
 1210 0018 04000000 		.4byte	.LCFI1
 1211 001c 24000000 		.4byte	.LFE0
 1212 0020 0200     		.2byte	0x2
 1213 0022 77       		.byte	0x77
 1214 0023 08       		.sleb128 8
 1215 0024 00000000 		.4byte	0
 1216 0028 00000000 		.4byte	0
 1217              	.LLST1:
 1218 002c 00000000 		.4byte	.LFB1
 1219 0030 02000000 		.4byte	.LCFI2
 1220 0034 0200     		.2byte	0x2
 1221 0036 7D       		.byte	0x7d
 1222 0037 00       		.sleb128 0
 1223 0038 02000000 		.4byte	.LCFI2
 1224 003c 04000000 		.4byte	.LCFI3
 1225 0040 0200     		.2byte	0x2
 1226 0042 7D       		.byte	0x7d
 1227 0043 08       		.sleb128 8
 1228 0044 04000000 		.4byte	.LCFI3
 1229 0048 06000000 		.4byte	.LCFI4
 1230 004c 0200     		.2byte	0x2
 1231 004e 7D       		.byte	0x7d
 1232 004f 10       		.sleb128 16
 1233 0050 06000000 		.4byte	.LCFI4
 1234 0054 24000000 		.4byte	.LFE1
 1235 0058 0200     		.2byte	0x2
 1236 005a 77       		.byte	0x77
 1237 005b 10       		.sleb128 16
 1238 005c 00000000 		.4byte	0
 1239 0060 00000000 		.4byte	0
 1240              	.LLST2:
 1241 0064 00000000 		.4byte	.LFB2
 1242 0068 02000000 		.4byte	.LCFI5
 1243 006c 0200     		.2byte	0x2
 1244 006e 7D       		.byte	0x7d
 1245 006f 00       		.sleb128 0
 1246 0070 02000000 		.4byte	.LCFI5
 1247 0074 04000000 		.4byte	.LCFI6
 1248 0078 0200     		.2byte	0x2
 1249 007a 7D       		.byte	0x7d
 1250 007b 08       		.sleb128 8
ARM GAS  C:\Users\Sam\AppData\Local\Temp\ccraiRdy.s 			page 29


 1251 007c 04000000 		.4byte	.LCFI6
 1252 0080 18000000 		.4byte	.LFE2
 1253 0084 0200     		.2byte	0x2
 1254 0086 77       		.byte	0x77
 1255 0087 08       		.sleb128 8
 1256 0088 00000000 		.4byte	0
 1257 008c 00000000 		.4byte	0
 1258              	.LLST3:
 1259 0090 00000000 		.4byte	.LFB3
 1260 0094 02000000 		.4byte	.LCFI7
 1261 0098 0200     		.2byte	0x2
 1262 009a 7D       		.byte	0x7d
 1263 009b 00       		.sleb128 0
 1264 009c 02000000 		.4byte	.LCFI7
 1265 00a0 04000000 		.4byte	.LCFI8
 1266 00a4 0200     		.2byte	0x2
 1267 00a6 7D       		.byte	0x7d
 1268 00a7 08       		.sleb128 8
 1269 00a8 04000000 		.4byte	.LCFI8
 1270 00ac 08000000 		.4byte	.LFE3
 1271 00b0 0200     		.2byte	0x2
 1272 00b2 77       		.byte	0x77
 1273 00b3 08       		.sleb128 8
 1274 00b4 00000000 		.4byte	0
 1275 00b8 00000000 		.4byte	0
 1276              	.LLST4:
 1277 00bc 00000000 		.4byte	.LFB4
 1278 00c0 02000000 		.4byte	.LCFI9
 1279 00c4 0200     		.2byte	0x2
 1280 00c6 7D       		.byte	0x7d
 1281 00c7 00       		.sleb128 0
 1282 00c8 02000000 		.4byte	.LCFI9
 1283 00cc 04000000 		.4byte	.LCFI10
 1284 00d0 0200     		.2byte	0x2
 1285 00d2 7D       		.byte	0x7d
 1286 00d3 08       		.sleb128 8
 1287 00d4 04000000 		.4byte	.LCFI10
 1288 00d8 06000000 		.4byte	.LCFI11
 1289 00dc 0200     		.2byte	0x2
 1290 00de 7D       		.byte	0x7d
 1291 00df 10       		.sleb128 16
 1292 00e0 06000000 		.4byte	.LCFI11
 1293 00e4 18000000 		.4byte	.LFE4
 1294 00e8 0200     		.2byte	0x2
 1295 00ea 77       		.byte	0x77
 1296 00eb 10       		.sleb128 16
 1297 00ec 00000000 		.4byte	0
 1298 00f0 00000000 		.4byte	0
 1299              	.LLST5:
 1300 00f4 00000000 		.4byte	.LFB5
 1301 00f8 02000000 		.4byte	.LCFI12
 1302 00fc 0200     		.2byte	0x2
 1303 00fe 7D       		.byte	0x7d
 1304 00ff 00       		.sleb128 0
 1305 0100 02000000 		.4byte	.LCFI12
 1306 0104 04000000 		.4byte	.LCFI13
 1307 0108 0200     		.2byte	0x2
ARM GAS  C:\Users\Sam\AppData\Local\Temp\ccraiRdy.s 			page 30


 1308 010a 7D       		.byte	0x7d
 1309 010b 08       		.sleb128 8
 1310 010c 04000000 		.4byte	.LCFI13
 1311 0110 14000000 		.4byte	.LFE5
 1312 0114 0200     		.2byte	0x2
 1313 0116 77       		.byte	0x77
 1314 0117 08       		.sleb128 8
 1315 0118 00000000 		.4byte	0
 1316 011c 00000000 		.4byte	0
 1317              	.LLST6:
 1318 0120 00000000 		.4byte	.LFB6
 1319 0124 02000000 		.4byte	.LCFI14
 1320 0128 0200     		.2byte	0x2
 1321 012a 7D       		.byte	0x7d
 1322 012b 00       		.sleb128 0
 1323 012c 02000000 		.4byte	.LCFI14
 1324 0130 04000000 		.4byte	.LCFI15
 1325 0134 0200     		.2byte	0x2
 1326 0136 7D       		.byte	0x7d
 1327 0137 0C       		.sleb128 12
 1328 0138 04000000 		.4byte	.LCFI15
 1329 013c 06000000 		.4byte	.LCFI16
 1330 0140 0200     		.2byte	0x2
 1331 0142 7D       		.byte	0x7d
 1332 0143 20       		.sleb128 32
 1333 0144 06000000 		.4byte	.LCFI16
 1334 0148 4C000000 		.4byte	.LFE6
 1335 014c 0200     		.2byte	0x2
 1336 014e 77       		.byte	0x77
 1337 014f 20       		.sleb128 32
 1338 0150 00000000 		.4byte	0
 1339 0154 00000000 		.4byte	0
 1340              	.LLST7:
 1341 0158 00000000 		.4byte	.LFB7
 1342 015c 02000000 		.4byte	.LCFI17
 1343 0160 0200     		.2byte	0x2
 1344 0162 7D       		.byte	0x7d
 1345 0163 00       		.sleb128 0
 1346 0164 02000000 		.4byte	.LCFI17
 1347 0168 04000000 		.4byte	.LCFI18
 1348 016c 0200     		.2byte	0x2
 1349 016e 7D       		.byte	0x7d
 1350 016f 08       		.sleb128 8
 1351 0170 04000000 		.4byte	.LCFI18
 1352 0174 06000000 		.4byte	.LCFI19
 1353 0178 0200     		.2byte	0x2
 1354 017a 7D       		.byte	0x7d
 1355 017b 10       		.sleb128 16
 1356 017c 06000000 		.4byte	.LCFI19
 1357 0180 2C000000 		.4byte	.LFE7
 1358 0184 0200     		.2byte	0x2
 1359 0186 77       		.byte	0x77
 1360 0187 10       		.sleb128 16
 1361 0188 00000000 		.4byte	0
 1362 018c 00000000 		.4byte	0
 1363              	.LLST8:
 1364 0190 00000000 		.4byte	.LFB8
ARM GAS  C:\Users\Sam\AppData\Local\Temp\ccraiRdy.s 			page 31


 1365 0194 02000000 		.4byte	.LCFI20
 1366 0198 0200     		.2byte	0x2
 1367 019a 7D       		.byte	0x7d
 1368 019b 00       		.sleb128 0
 1369 019c 02000000 		.4byte	.LCFI20
 1370 01a0 04000000 		.4byte	.LCFI21
 1371 01a4 0200     		.2byte	0x2
 1372 01a6 7D       		.byte	0x7d
 1373 01a7 08       		.sleb128 8
 1374 01a8 04000000 		.4byte	.LCFI21
 1375 01ac 14000000 		.4byte	.LFE8
 1376 01b0 0200     		.2byte	0x2
 1377 01b2 77       		.byte	0x77
 1378 01b3 08       		.sleb128 8
 1379 01b4 00000000 		.4byte	0
 1380 01b8 00000000 		.4byte	0
 1381              	.LLST9:
 1382 01bc 00000000 		.4byte	.LFB9
 1383 01c0 02000000 		.4byte	.LCFI22
 1384 01c4 0200     		.2byte	0x2
 1385 01c6 7D       		.byte	0x7d
 1386 01c7 00       		.sleb128 0
 1387 01c8 02000000 		.4byte	.LCFI22
 1388 01cc 04000000 		.4byte	.LCFI23
 1389 01d0 0200     		.2byte	0x2
 1390 01d2 7D       		.byte	0x7d
 1391 01d3 08       		.sleb128 8
 1392 01d4 04000000 		.4byte	.LCFI23
 1393 01d8 20000000 		.4byte	.LFE9
 1394 01dc 0200     		.2byte	0x2
 1395 01de 77       		.byte	0x77
 1396 01df 08       		.sleb128 8
 1397 01e0 00000000 		.4byte	0
 1398 01e4 00000000 		.4byte	0
 1399              	.LLST10:
 1400 01e8 00000000 		.4byte	.LFB10
 1401 01ec 02000000 		.4byte	.LCFI24
 1402 01f0 0200     		.2byte	0x2
 1403 01f2 7D       		.byte	0x7d
 1404 01f3 00       		.sleb128 0
 1405 01f4 02000000 		.4byte	.LCFI24
 1406 01f8 04000000 		.4byte	.LCFI25
 1407 01fc 0200     		.2byte	0x2
 1408 01fe 7D       		.byte	0x7d
 1409 01ff 08       		.sleb128 8
 1410 0200 04000000 		.4byte	.LCFI25
 1411 0204 14000000 		.4byte	.LFE10
 1412 0208 0200     		.2byte	0x2
 1413 020a 77       		.byte	0x77
 1414 020b 08       		.sleb128 8
 1415 020c 00000000 		.4byte	0
 1416 0210 00000000 		.4byte	0
 1417              	.LLST11:
 1418 0214 00000000 		.4byte	.LFB11
 1419 0218 02000000 		.4byte	.LCFI26
 1420 021c 0200     		.2byte	0x2
 1421 021e 7D       		.byte	0x7d
ARM GAS  C:\Users\Sam\AppData\Local\Temp\ccraiRdy.s 			page 32


 1422 021f 00       		.sleb128 0
 1423 0220 02000000 		.4byte	.LCFI26
 1424 0224 04000000 		.4byte	.LCFI27
 1425 0228 0200     		.2byte	0x2
 1426 022a 7D       		.byte	0x7d
 1427 022b 08       		.sleb128 8
 1428 022c 04000000 		.4byte	.LCFI27
 1429 0230 14000000 		.4byte	.LFE11
 1430 0234 0200     		.2byte	0x2
 1431 0236 77       		.byte	0x77
 1432 0237 08       		.sleb128 8
 1433 0238 00000000 		.4byte	0
 1434 023c 00000000 		.4byte	0
 1435              	.LLST12:
 1436 0240 00000000 		.4byte	.LFB12
 1437 0244 02000000 		.4byte	.LCFI28
 1438 0248 0200     		.2byte	0x2
 1439 024a 7D       		.byte	0x7d
 1440 024b 00       		.sleb128 0
 1441 024c 02000000 		.4byte	.LCFI28
 1442 0250 04000000 		.4byte	.LCFI29
 1443 0254 0200     		.2byte	0x2
 1444 0256 7D       		.byte	0x7d
 1445 0257 08       		.sleb128 8
 1446 0258 04000000 		.4byte	.LCFI29
 1447 025c 14000000 		.4byte	.LFE12
 1448 0260 0200     		.2byte	0x2
 1449 0262 77       		.byte	0x77
 1450 0263 08       		.sleb128 8
 1451 0264 00000000 		.4byte	0
 1452 0268 00000000 		.4byte	0
 1453              		.section	.debug_aranges,"",%progbits
 1454 0000 7C000000 		.4byte	0x7c
 1455 0004 0200     		.2byte	0x2
 1456 0006 00000000 		.4byte	.Ldebug_info0
 1457 000a 04       		.byte	0x4
 1458 000b 00       		.byte	0
 1459 000c 0000     		.2byte	0
 1460 000e 0000     		.2byte	0
 1461 0010 00000000 		.4byte	.LFB0
 1462 0014 24000000 		.4byte	.LFE0-.LFB0
 1463 0018 00000000 		.4byte	.LFB1
 1464 001c 24000000 		.4byte	.LFE1-.LFB1
 1465 0020 00000000 		.4byte	.LFB2
 1466 0024 18000000 		.4byte	.LFE2-.LFB2
 1467 0028 00000000 		.4byte	.LFB3
 1468 002c 08000000 		.4byte	.LFE3-.LFB3
 1469 0030 00000000 		.4byte	.LFB4
 1470 0034 18000000 		.4byte	.LFE4-.LFB4
 1471 0038 00000000 		.4byte	.LFB5
 1472 003c 14000000 		.4byte	.LFE5-.LFB5
 1473 0040 00000000 		.4byte	.LFB6
 1474 0044 4C000000 		.4byte	.LFE6-.LFB6
 1475 0048 00000000 		.4byte	.LFB7
 1476 004c 2C000000 		.4byte	.LFE7-.LFB7
 1477 0050 00000000 		.4byte	.LFB8
 1478 0054 14000000 		.4byte	.LFE8-.LFB8
ARM GAS  C:\Users\Sam\AppData\Local\Temp\ccraiRdy.s 			page 33


 1479 0058 00000000 		.4byte	.LFB9
 1480 005c 20000000 		.4byte	.LFE9-.LFB9
 1481 0060 00000000 		.4byte	.LFB10
 1482 0064 14000000 		.4byte	.LFE10-.LFB10
 1483 0068 00000000 		.4byte	.LFB11
 1484 006c 14000000 		.4byte	.LFE11-.LFB11
 1485 0070 00000000 		.4byte	.LFB12
 1486 0074 14000000 		.4byte	.LFE12-.LFB12
 1487 0078 00000000 		.4byte	0
 1488 007c 00000000 		.4byte	0
 1489              		.section	.debug_ranges,"",%progbits
 1490              	.Ldebug_ranges0:
 1491 0000 00000000 		.4byte	.LFB0
 1492 0004 24000000 		.4byte	.LFE0
 1493 0008 00000000 		.4byte	.LFB1
 1494 000c 24000000 		.4byte	.LFE1
 1495 0010 00000000 		.4byte	.LFB2
 1496 0014 18000000 		.4byte	.LFE2
 1497 0018 00000000 		.4byte	.LFB3
 1498 001c 08000000 		.4byte	.LFE3
 1499 0020 00000000 		.4byte	.LFB4
 1500 0024 18000000 		.4byte	.LFE4
 1501 0028 00000000 		.4byte	.LFB5
 1502 002c 14000000 		.4byte	.LFE5
 1503 0030 00000000 		.4byte	.LFB6
 1504 0034 4C000000 		.4byte	.LFE6
 1505 0038 00000000 		.4byte	.LFB7
 1506 003c 2C000000 		.4byte	.LFE7
 1507 0040 00000000 		.4byte	.LFB8
 1508 0044 14000000 		.4byte	.LFE8
 1509 0048 00000000 		.4byte	.LFB9
 1510 004c 20000000 		.4byte	.LFE9
 1511 0050 00000000 		.4byte	.LFB10
 1512 0054 14000000 		.4byte	.LFE10
 1513 0058 00000000 		.4byte	.LFB11
 1514 005c 14000000 		.4byte	.LFE11
 1515 0060 00000000 		.4byte	.LFB12
 1516 0064 14000000 		.4byte	.LFE12
 1517 0068 00000000 		.4byte	0
 1518 006c 00000000 		.4byte	0
 1519              		.section	.debug_line,"",%progbits
 1520              	.Ldebug_line0:
 1521 0000 57010000 		.section	.debug_str,"MS",%progbits,1
 1521      02004B00 
 1521      00000201 
 1521      FB0E0D00 
 1521      01010101 
 1522              	.LASF31:
 1523 0000 55415254 		.ascii	"UART_SCB_IRQ_SetPending\000"
 1523      5F534342 
 1523      5F495251 
 1523      5F536574 
 1523      50656E64 
 1524              	.LASF14:
 1525 0018 72656733 		.ascii	"reg32\000"
 1525      3200
 1526              	.LASF21:
ARM GAS  C:\Users\Sam\AppData\Local\Temp\ccraiRdy.s 			page 34


 1527 001e 55415254 		.ascii	"UART_SCB_IRQ_SetVector\000"
 1527      5F534342 
 1527      5F495251 
 1527      5F536574 
 1527      56656374 
 1528              	.LASF37:
 1529 0035 43795261 		.ascii	"CyRamVectors\000"
 1529      6D566563 
 1529      746F7273 
 1529      00
 1530              	.LASF3:
 1531 0042 73686F72 		.ascii	"short unsigned int\000"
 1531      7420756E 
 1531      7369676E 
 1531      65642069 
 1531      6E7400
 1532              	.LASF11:
 1533 0055 666C6F61 		.ascii	"float\000"
 1533      7400
 1534              	.LASF1:
 1535 005b 756E7369 		.ascii	"unsigned char\000"
 1535      676E6564 
 1535      20636861 
 1535      7200
 1536              	.LASF25:
 1537 0069 696E7465 		.ascii	"interruptState\000"
 1537      72727570 
 1537      74537461 
 1537      746500
 1538              	.LASF5:
 1539 0078 6C6F6E67 		.ascii	"long unsigned int\000"
 1539      20756E73 
 1539      69676E65 
 1539      6420696E 
 1539      7400
 1540              	.LASF9:
 1541 008a 75696E74 		.ascii	"uint8\000"
 1541      3800
 1542              	.LASF20:
 1543 0090 55415254 		.ascii	"UART_SCB_IRQ_StartEx\000"
 1543      5F534342 
 1543      5F495251 
 1543      5F537461 
 1543      72744578 
 1544              	.LASF28:
 1545 00a5 55415254 		.ascii	"UART_SCB_IRQ_GetVector\000"
 1545      5F534342 
 1545      5F495251 
 1545      5F476574 
 1545      56656374 
 1546              	.LASF24:
 1547 00bc 7072696F 		.ascii	"priority\000"
 1547      72697479 
 1547      00
 1548              	.LASF19:
 1549 00c5 55415254 		.ascii	"UART_SCB_IRQ_Interrupt\000"
 1549      5F534342 
ARM GAS  C:\Users\Sam\AppData\Local\Temp\ccraiRdy.s 			page 35


 1549      5F495251 
 1549      5F496E74 
 1549      65727275 
 1550              	.LASF27:
 1551 00dc 55415254 		.ascii	"UART_SCB_IRQ_Enable\000"
 1551      5F534342 
 1551      5F495251 
 1551      5F456E61 
 1551      626C6500 
 1552              	.LASF12:
 1553 00f0 646F7562 		.ascii	"double\000"
 1553      6C6500
 1554              	.LASF35:
 1555 00f7 433A5C55 		.ascii	"C:\\Users\\Sam\\Dropbox\\Work\\2014\\PSoC 4 Modbus "
 1555      73657273 
 1555      5C53616D 
 1555      5C44726F 
 1555      70626F78 
 1556 0124 536C6176 		.ascii	"Slave\\PSoC 4 Pioneer Modbus Slave\\PSoC 4 Pioneer "
 1556      655C5053 
 1556      6F432034 
 1556      2050696F 
 1556      6E656572 
 1557 0155 4D6F6462 		.ascii	"Modbus Slave.cydsn\000"
 1557      75732053 
 1557      6C617665 
 1557      2E637964 
 1557      736E00
 1558              	.LASF10:
 1559 0168 75696E74 		.ascii	"uint32\000"
 1559      333200
 1560              	.LASF36:
 1561 016f 55415254 		.ascii	"UART_SCB_IRQ_GetPriority\000"
 1561      5F534342 
 1561      5F495251 
 1561      5F476574 
 1561      5072696F 
 1562              	.LASF8:
 1563 0188 756E7369 		.ascii	"unsigned int\000"
 1563      676E6564 
 1563      20696E74 
 1563      00
 1564              	.LASF22:
 1565 0195 61646472 		.ascii	"address\000"
 1565      65737300 
 1566              	.LASF7:
 1567 019d 6C6F6E67 		.ascii	"long long unsigned int\000"
 1567      206C6F6E 
 1567      6720756E 
 1567      7369676E 
 1567      65642069 
 1568              	.LASF15:
 1569 01b4 63796973 		.ascii	"cyisraddress\000"
 1569      72616464 
 1569      72657373 
 1569      00
 1570              	.LASF17:
ARM GAS  C:\Users\Sam\AppData\Local\Temp\ccraiRdy.s 			page 36


 1571 01c1 55415254 		.ascii	"UART_SCB_IRQ_Start\000"
 1571      5F534342 
 1571      5F495251 
 1571      5F537461 
 1571      727400
 1572              	.LASF16:
 1573 01d4 73697A65 		.ascii	"sizetype\000"
 1573      74797065 
 1573      00
 1574              	.LASF6:
 1575 01dd 6C6F6E67 		.ascii	"long long int\000"
 1575      206C6F6E 
 1575      6720696E 
 1575      7400
 1576              	.LASF30:
 1577 01eb 55415254 		.ascii	"UART_SCB_IRQ_Disable\000"
 1577      5F534342 
 1577      5F495251 
 1577      5F446973 
 1577      61626C65 
 1578              	.LASF13:
 1579 0200 63686172 		.ascii	"char\000"
 1579      00
 1580              	.LASF18:
 1581 0205 55415254 		.ascii	"UART_SCB_IRQ_Stop\000"
 1581      5F534342 
 1581      5F495251 
 1581      5F53746F 
 1581      7000
 1582              	.LASF32:
 1583 0217 55415254 		.ascii	"UART_SCB_IRQ_ClearPending\000"
 1583      5F534342 
 1583      5F495251 
 1583      5F436C65 
 1583      61725065 
 1584              	.LASF34:
 1585 0231 2E5C4765 		.ascii	".\\Generated_Source\\PSoC4\\UART_SCB_IRQ.c\000"
 1585      6E657261 
 1585      7465645F 
 1585      536F7572 
 1585      63655C50 
 1586              	.LASF2:
 1587 0259 73686F72 		.ascii	"short int\000"
 1587      7420696E 
 1587      7400
 1588              	.LASF33:
 1589 0263 474E5520 		.ascii	"GNU C 4.7.3 20130312 (release) [ARM/embedded-4_7-br"
 1589      4320342E 
 1589      372E3320 
 1589      32303133 
 1589      30333132 
 1590 0296 616E6368 		.ascii	"anch revision 196615]\000"
 1590      20726576 
 1590      6973696F 
 1590      6E203139 
 1590      36363135 
 1591              	.LASF23:
ARM GAS  C:\Users\Sam\AppData\Local\Temp\ccraiRdy.s 			page 37


 1592 02ac 55415254 		.ascii	"UART_SCB_IRQ_SetPriority\000"
 1592      5F534342 
 1592      5F495251 
 1592      5F536574 
 1592      5072696F 
 1593              	.LASF26:
 1594 02c5 7072696F 		.ascii	"priorityOffset\000"
 1594      72697479 
 1594      4F666673 
 1594      657400
 1595              	.LASF4:
 1596 02d4 6C6F6E67 		.ascii	"long int\000"
 1596      20696E74 
 1596      00
 1597              	.LASF29:
 1598 02dd 55415254 		.ascii	"UART_SCB_IRQ_GetState\000"
 1598      5F534342 
 1598      5F495251 
 1598      5F476574 
 1598      53746174 
 1599              	.LASF0:
 1600 02f3 7369676E 		.ascii	"signed char\000"
 1600      65642063 
 1600      68617200 
 1601              		.ident	"GCC: (GNU Tools for ARM Embedded Processors) 4.7.3 20130312 (release) [ARM/embedded-4_7-br
